24
    16    20    16     3.06     0.63    -3.83
    42    20    16    -0.85    -0.32    -0.68
    68    20    16    -3.03    -1.30    -0.35
    94    20    16     4.98    -0.53     0.34
   120    20    16    -0.42    -1.58    -1.00
   146    20    16    -0.59    -0.36     0.72
    16    20    40     1.44     0.04    -0.30
    42    20    40     2.32    -0.76     0.82
    68    20    40    -0.27     2.90     0.81
    94    20    40    -0.40     1.50    -0.37
   120    20    40    -1.33     1.32    -0.44
   146    20    40     0.87     1.01     0.14
    16    20    64    -4.24    -1.44     1.53
    42    20    64    -2.50     1.05     0.41
    68    20    64    -0.67     0.04    -1.61
    94    20    64    -0.08     1.12     2.11
   120    20    64     0.29    -0.31     1.67
   146    20    64    -1.39     0.87     0.88
    16    20    88    -0.32     0.34    -1.17
    42    20    88    -3.74     0.74     1.04
    68    20    88    -2.46    -1.45     0.09
    94    20    88     1.14    -1.37    -3.05
   120    20    88     1.06    -3.24     1.73
   146    20    88    -0.75    -0.91     0.49
