30 1 2 3 4 5 6
    16    20    16     0.06    -0.28    -0.20      0.6601      0.0123      0.4342      0.5624      0.0000      0.2121
    42    20    16     0.80    -2.65    -0.69      0.8826      0.0000      0.8926      0.0000      0.7132      0.4512
    68    20    16    -0.12     2.62    -0.85      0.5774      0.5116      0.4344      0.1876      0.0000      0.0000
    94    20    16     3.42     1.12    -0.80      0.0000      0.0000      0.4851      0.2097      0.4640      0.8021
   120    20    16     1.48     1.81     1.13      0.0000      0.9266      0.0215      0.3268      0.0000      0.0000
   146    20    16     1.08    -0.32     2.85      0.5099      0.7467      0.0000      0.0000      0.4931      0.7775
    16    20    40     0.31    -0.85    -2.30      0.0000      0.0000      0.0105      0.8807      0.0000      0.0000
    42    20    40     0.28    -2.02    -1.73      0.9420      0.0000      0.0457      0.3330      0.0031      0.6778
    68    20    40    -0.04     0.40     1.32      0.6137      0.0000      0.4162      0.0000      0.0000      0.0478
    94    20    40    -1.44    -0.16     1.01      0.5924      0.7010      0.0000      0.1232      0.0000      0.7310
   120    20    40    -0.93    -0.97     2.23      0.0847      0.0000      0.4957      0.6336      0.0698      0.9581
   146    20    40     0.87    -0.50     3.50      0.2051      0.9043      0.8271      0.0000      0.1232      0.0000
    16    20    64     2.30    -1.05    -1.02      0.0000      0.0198      0.0000      0.7822      0.1924      0.7876
    42    20    64    -0.18    -0.37    -0.78      0.5223      0.0000      0.0000      0.7327      0.7428      0.0000
    68    20    64     1.18     0.83     0.24      0.1478      0.0000      0.3979      0.9745      0.2189      0.0000
    94    20    64    -1.09     2.14     2.14      0.6782      0.2422      0.0581      0.0000      0.0000      0.0000
   120    20    64     0.35    -3.06     3.04      0.2071      0.0000      0.0000      0.3386      0.2644      0.7024
   146    20    64     0.15     0.30     0.12      0.5936      0.9016      0.0514      0.0403      0.8031      0.5673
    16    20    88    -2.66    -2.37     0.82      0.7853      0.0000      0.0000      0.0459      0.0000      0.7101
    42    20    88    -1.07    -0.78    -0.71      0.3484      0.0000      0.0000      0.0000      0.0495      0.9097
    68    20    88    -1.05    -0.18    -0.12      0.0000      0.2632      0.8660      0.3756      0.9799      0.5252
    94    20    88     0.21     1.29    -1.87      0.0000      0.1136      0.7535      0.3899      0.3996      0.7877
   120    20    88     2.65     1.02     2.06      0.0000      0.9368      0.0682      0.8724      0.3495      0.8643
   146    20    88     0.27     0.46    -0.40      0.0000      0.2528      0.3654      0.0000      0.2620      0.0000
    16    20   112    -1.77    -0.06    -1.04      0.0040      0.0752      0.0000      0.5167      0.8971      0.0297
    42    20   112    -0.40    -0.05     0.44      0.3068      0.5298      0.6398      0.4748      0.8218      0.5063
    68    20   112    -0.58     1.35    -0.21      0.6471      0.2167      0.0000      0.8757      0.7065      0.0579
    94    20   112    -0.11     1.47     2.59      0.0000      0.1469      0.7106      0.6533      0.0000      0.0861
   120    20   112     0.32     0.70     1.19      0.0632      0.0000      0.9914      0.4277      0.0000      0.0000
   146    20   112     0.84     1.58     0.57      0.8519      0.8496      0.4670      0.0000      0.0424      0.1636
