24 positions 3 7 12
    16    20    16     2.39     0.53    -1.79      0.2139      0.8586      0.1268
    42    20    16    -0.56     2.52    -2.58      0.9652      0.7081      0.2137
    68    20    16     0.52    -1.20    -0.96      0.6799      0.3683      0.5897
    94    20    16    -0.89     0.34    -0.48      0.5547      0.1981      0.4952
   120    20    16    -0.01     1.14     1.82      0.7741      0.3937      0.0196
   146    20    16    -0.37    -1.19     1.23      0.3887      0.3805      0.9095
    16    20    40     0.34     2.25     3.83      0.4808      0.0933      0.5467
    42    20    40    -0.91    -3.42     0.80      0.9471      0.8421      0.7440
    68    20    40    -1.47     0.06    -1.20      0.4820      0.3427      0.2617
    94    20    40     1.15     2.64     0.23      0.5824      0.1044      0.4424
   120    20    40    -0.29     2.26    -1.22      0.1690      0.5126      0.4046
   146    20    40     0.73    -1.40    -1.05      0.9318      0.2439      0.1471
    16    20    64    -0.83    -2.00    -1.76      0.5363      0.9369      0.1260
    42    20    64     0.50     0.21     0.17      0.9998      0.1436      0.5373
    68    20    64     0.17    -0.71    -1.17      0.1739      0.7678      0.9376
    94    20    64    -0.61     1.22    -0.23      0.4157      0.8473      0.2368
   120    20    64     1.29     0.20    -0.72      0.7039      0.3083      0.3719
   146    20    64     0.23    -0.42     2.41      0.5163      0.1600      0.4437
    16    20    88     3.24     3.26     1.53      0.0011      0.3404      0.7691
    42    20    88     1.10     0.57    -0.88      0.8764      0.6836      0.5472
    68    20    88     1.57    -1.44    -0.97      0.6694      0.6150      0.7859
    94    20    88     1.55     0.94     0.25      0.8577      0.6400      0.6435
   120    20    88    -0.41     1.14    -2.41      0.0778      0.8664      0.8763
   146    20    88     1.69    -1.23    -0.10      0.8940      0.4011      0.2704
