
Input image file:: t1.mrc
 Dimensions:    127    121     21   Pixel size:         1          1          1
Mode:  1               Min, max, mean:          451         1043       997.14
raw2mrc: Converted to mrc format.                       25-Sep-26  12:36:12

Opened OLD file: t1.rawtlt

Opened OLD file: t1.prexf
To compensate for larger tilt increment, residual change criteria for deletion
  were scaled by 1.952: to  0.078   3.90
 First round of tracking will NOT be split in two; it is not sensible

 NEW image file on unit   2 : t1.bx.box

 NEW image file on unit   3 : t1.bx.ref

 NEW image file on unit   4 : t1.bx.cor

Opened NEW file: t1.bx.brpl

Opened NEW file: t1.bx.cpl
Starting object   1, round  1,   7 contours
view  10, pass 1,   7 points (-  0), mean, sd, max dev:    0.07    0.03    0.11
view   9, pass 1,   7 points (-  0), mean, sd, max dev:    0.13    0.07    0.21
view   8, pass 1,   7 points (-  0), mean, sd, max dev:    0.05    0.02    0.10
Metro error #3, Restarting with step factor of 0.22
Metro error #3, Restarting with step factor of 0.28
Metro error #3, Restarting with step factor of 0.19
Metro error #3, Restarting with step factor of 0.12
   4 views, 1000 cycles, F =     0.328696, mean residual =    0.25
tiltalign error going to view 8 even after varying step factor
view   7, pass 1,   7 points (-  0), mean, sd, max dev:    0.12    0.07    0.20
   5 views,    1 cycles, F =     0.455271, mean residual =    0.35
   5 views,    1 cycles, F =     0.452359, mean residual =    0.35
view  12, pass 1,   7 points (-  0), mean, sd, max dev:    0.33    0.15    0.55
Metro error #3, Restarting with step factor of 0.22
Metro error #3, Restarting with step factor of 0.28
Metro error #3, Restarting with step factor of 0.19
Metro error #3, Restarting with step factor of 0.12
   6 views,  879 cycles, F =     0.686594, mean residual =    0.43
view  13, pass 1,   7 points (-  0), mean, sd, max dev:    0.29    0.16    0.58
Metro error #4, Restarting with step factor of 0.22
   7 views,  664 cycles, F =     0.687760, mean residual =    0.43
view  14, pass 1,   7 points (-  2), mean, sd, max dev:    0.38    0.21    0.55
Metro error #3, Restarting with step factor of 0.22
   8 views,  985 cycles, F =     0.833040, mean residual =    0.44
view  15, pass 1,   7 points (-  0), mean, sd, max dev:    0.77    0.43    1.35
   9 views,  465 cycles, F =     0.999654, mean residual =    0.60
view  16, pass 1,   7 points (-  2), mean, sd, max dev:    1.41    1.25    2.77
  10 views,  534 cycles, F =     1.123112, mean residual =    0.78
   2 pts deleted for pass 2, conts:   7   2
  10 views,    8 cycles, F =     0.922130, mean residual =    0.63
   2 pts added on pass 2, conts:   7   2
view  16, pass 2,   7 points (-  0), mean, sd, max dev:    0.26    0.23    0.70
  10 views,    5 cycles, F =     0.909109, mean residual =    0.62
For object  1, round  1:  7 contours, points missing =    0
 Aligning Sobel-centered points for comparison
  10 views,    1 cycles, F =     0.909070, mean residual =    0.62
 Aligning saved centroid-centered points
  10 views,  433 cycles, F =     0.889838, mean residual =    0.62
For object  1, round  2:  7 contours, points missing =    0
 Aligning Sobel-centered points for comparison
  10 views,   88 cycles, F =     0.908778, mean residual =    0.61
 Aligning saved centroid-centered points
  10 views,   99 cycles, F =     0.890173, mean residual =    0.62

Obj cont:  Views on which points are missing
 Total points missing = 0

Mean residual 0.0000 nm from Sobel centering, 0.0000 nm from centroid centering
  centroid centering better in   1 of   2 fits
