
Input image file:: t1.mrc
 Dimensions:    127    121     21   Pixel size:         1          1          1
Mode:  1               Min, max, mean:          451         1043       997.14
raw2mrc: Converted to mrc format.                       25-Sep-26  12:36:12

Opened OLD file: t1.rawtlt

Opened OLD file: t1.prexf
To compensate for larger tilt increment, residual change criteria for deletion
  were scaled by 1.952: to  0.078   3.90
 First round of tracking will be split in two
 Local area number, size, overlap - X: 2 65 1,  Y: 2 65 7
Area   1, X:    -2 to    67, Y:    -2 to    67,    4 points,    4 new
Area   2, X:    64 to   129, Y:     0 to    65,    6 points,    3 new
Starting area     1, round  1,   4 contours
  4   7   2   5
view  10, pass 1,   4 points (-  0), mean, sd, max dev:    1.46    1.00    2.90
   0 pts added on pass 2, conts:
   0 pts added on pass 2, conts:
   0 pts added on pass 2, conts:
   0 pts added on pass 2, conts:
view  12, pass 1,   4 points (-  0), mean, sd, max dev:    1.82    1.21    3.62
view  13, pass 1,   4 points (-  0), mean, sd, max dev:    4.42    0.72    5.08
   4 views,  231 cycles, F =     0.573707, mean residual =    0.42
view  14, pass 1,   4 points (-  1), mean, sd, max dev:    0.91    0.70    1.36
   5 views,  240 cycles, F =     0.707539, mean residual =    0.56
view  15, pass 1,   4 points (-  0), mean, sd, max dev:    4.75    0.85    5.63
   6 views,  168 cycles, F =     0.887194, mean residual =    0.75
view  16, pass 1,   4 points (-  1), mean, sd, max dev:    1.89    1.05    2.83
Metro error #3, Restarting with step factor of 0.22
Metro error #3, Restarting with step factor of 0.28
   7 views,  791 cycles, F =     0.807133, mean residual =    0.67
Starting area     2, round  1,   6 contours
  7   2   5   3   1   6
view  10, pass 1,   6 points (-  0), mean, sd, max dev:    0.04    0.02    0.08
view   9, pass 1,   6 points (-  0), mean, sd, max dev:    0.18    0.14    0.42
view   8, pass 1,   6 points (-  0), mean, sd, max dev:    3.23    1.25    4.40
   4 views,  108 cycles, F =     0.643722, mean residual =    0.54
view   7, pass 1,   4 points (-  0), mean, sd, max dev:    0.90    0.47    1.46
   5 views,  323 cycles, F =     0.662864, mean residual =    0.54
   2 pts added on pass 2, conts:   7   5
view   7, pass 2,   6 points (-  0), mean, sd, max dev:    0.31    0.10    0.40
   5 views,   77 cycles, F =     0.835742, mean residual =    0.69
view   6, pass 1,   6 points (-  2), mean, sd, max dev:    0.99    0.53    1.57
   6 views,  150 cycles, F =     1.086762, mean residual =    0.90
   6 views,    1 cycles, F =     1.086763, mean residual =    0.90
view  12, pass 1,   6 points (-  0), mean, sd, max dev:    0.18    0.05    0.25
   7 views,  589 cycles, F =     1.079034, mean residual =    0.85
view  13, pass 1,   6 points (-  2), mean, sd, max dev:    0.46    0.47    0.93
   8 views,  294 cycles, F =     1.610180, mean residual =    1.27
view  14, pass 1,   3 points (-  0), mean, sd, max dev:   83.52   37.47  125.28
view  15, pass 1,   3 points (-  0), mean, sd, max dev:  162.51   72.98  243.77
view  16, pass 1,   3 points (-  0), mean, sd, max dev:  242.34  108.74  363.51
Starting area     1, round  1,   4 contours
  4   7   2   5
  11 views,    9 cycles, F =     2.488143, mean residual =    2.14
view   5, pass 1,   4 points (-  0), mean, sd, max dev:    1.31    0.27    1.57
Metro error #3, Restarting with step factor of 0.22
Metro error #3, Restarting with step factor of 0.28
Metro error #3, Restarting with step factor of 0.19
Metro error #3, Restarting with step factor of 0.12
  12 views, 1000 cycles, F =     1.132611, mean residual =    0.85
tiltalign error going to view 5 even after varying step factor
view   4, pass 1,   4 points (-  0), mean, sd, max dev:    2.82    0.84    3.74
  13 views,  515 cycles, F =     1.339252, mean residual =    1.07
view   3, pass 1,   4 points (-  1), mean, sd, max dev:    1.37    0.60    2.06
  14 views,  438 cycles, F =     1.289684, mean residual =    0.98
view   2, pass 1,   4 points (-  0), mean, sd, max dev:    3.95    0.24    4.21
  15 views,  485 cycles, F =     2.288344, mean residual =    1.53
view   1, pass 1,   4 points (-  0), mean, sd, max dev:    3.58    0.32    3.96
Metro error #3, Restarting with step factor of 0.22
Metro error #3, Restarting with step factor of 0.28
Metro error #1, Restarting with step factor of 0.19
Metro error #3, Restarting with step factor of 0.12
  16 views, 1000 cycles, F =     1.566819, mean residual =    1.31
tiltalign error going to view 1 even after varying step factor
   1 pts deleted for pass 2, conts:   4
  15 views,  133 cycles, F =     5.338402, mean residual =    3.86
   0 pts added on pass 2, conts:
view   1, pass 2,   3 points (-  0), mean, sd, max dev:  136.93   59.29  205.40
  15 views,    1 cycles, F =     5.338401, mean residual =    3.86
view  17, pass 1,   4 points (-  0), mean, sd, max dev:    4.27    1.55    5.81
Metro error #3, Restarting with step factor of 0.22
Metro error #3, Restarting with step factor of 0.28
Metro error #3, Restarting with step factor of 0.19
Metro error #3, Restarting with step factor of 0.12
  16 views, 1000 cycles, F =     6.278141, mean residual =    5.58
tiltalign error going to view 17 even after varying step factor
   3 pts deleted for pass 2, conts:   4   2   5
  15 views,  454 cycles, F =     5.228230, mean residual =    4.22
   3 pts added on pass 2, conts:   4   2   5
view  17, pass 2,   4 points (-  0), mean, sd, max dev:   11.70    9.29   23.27
  16 views,  519 cycles, F =     5.322745, mean residual =    4.37
view  18, pass 1,   4 points (-  1), mean, sd, max dev:    1.82    0.96    2.65
  17 views,  959 cycles, F =     5.381988, mean residual =    4.26
   3 pts deleted for pass 2, conts:   7   2   5
  16 views,    7 cycles, F =     5.470732, mean residual =    4.22
   2 pts added on pass 2, conts:   7   5
view  18, pass 2,   3 points (-  0), mean, sd, max dev:    5.86    2.87    8.79
  16 views,  979 cycles, F =     3.659984, mean residual =    2.82
view  19, pass 1,   4 points (-  0), mean, sd, max dev:    4.60    3.17    8.26
Metro error #3, Restarting with step factor of 0.22
  17 views,  127 cycles, F =     8.143805, mean residual =    5.96
   4 pts deleted for pass 2, conts:   4   7   2   5
  16 views,    7 cycles, F =     5.661513, mean residual =    4.47
   3 pts added on pass 2, conts:   7   2   5
view  19, pass 2,   3 points (-  0), mean, sd, max dev:    0.62    0.29    0.93
  16 views,  722 cycles, F =     3.660295, mean residual =    2.82
view  20, pass 1,   4 points (-  1), mean, sd, max dev:    1.24    0.60    1.85
Metro error #1, Restarting with step factor of 0.22
  17 views,  977 cycles, F =     4.239179, mean residual =    3.15
   4 pts deleted for pass 2, conts:   4   7   2   5
  16 views,    6 cycles, F =     4.310268, mean residual =    3.31
   4 pts added on pass 2, conts:   4   7   2   5
view  20, pass 2,   4 points (-  1), mean, sd, max dev:    0.64    0.27    0.94
  17 views,    6 cycles, F =     3.894939, mean residual =    2.94
view  21, pass 1,   4 points (-  0), mean, sd, max dev:    0.67    0.49    1.34
  18 views,    6 cycles, F =     6.614306, mean residual =    5.09
   4 pts deleted for pass 2, conts:   4   7   2   5
  17 views,    6 cycles, F =     6.192235, mean residual =    4.79
   3 pts added on pass 2, conts:   4   7   5
view  21, pass 2,   3 points (-  0), mean, sd, max dev:    0.92    0.44    1.36
  17 views,    1 cycles, F =     6.192220, mean residual =    4.79
For area    1, round  1:  4 contours, points missing =    4
 Aligning Sobel-centered points for comparison
  17 views,    1 cycles, F =     6.192205, mean residual =    4.79
 Aligning saved centroid-centered points
  17 views,  967 cycles, F =     3.646354, mean residual =    2.63
Starting area     2, round  1,   6 contours
  7   2   5   3   1   6
   8 views,   12 cycles, F =     4.227738, mean residual =    2.78
view   5, pass 1,   6 points (-  0), mean, sd, max dev:    0.85    0.53    1.63
Metro error #3, Restarting with step factor of 0.22
Metro error #3, Restarting with step factor of 0.28
Metro error #3, Restarting with step factor of 0.19
Metro error #3, Restarting with step factor of 0.12
   9 views, 1000 cycles, F =     3.615283, mean residual =    2.76
tiltalign error going to view 5 even after varying step factor
   1 pts deleted for pass 2, conts:   1
   9 views,  609 cycles, F =     1.009683, mean residual =    0.77
   1 pts added on pass 2, conts:   1
view   5, pass 2,   6 points (-  0), mean, sd, max dev:    0.72    0.82    1.86
   9 views,    5 cycles, F =     1.012915, mean residual =    0.78
view   4, pass 1,   6 points (-  2), mean, sd, max dev:    1.13    0.11    1.27
  10 views,  323 cycles, F =     1.186857, mean residual =    0.97
view   3, pass 1,   6 points (-  2), mean, sd, max dev:    0.25    0.18    0.41
Metro error #3, Restarting with step factor of 0.22
Metro error #3, Restarting with step factor of 0.28
Metro error #3, Restarting with step factor of 0.19
Metro error #3, Restarting with step factor of 0.12
  11 views, 1000 cycles, F =     1.315362, mean residual =    1.07
tiltalign error going to view 3 even after varying step factor
view   2, pass 1,   3 points (-  0), mean, sd, max dev:   50.40   21.93   75.59
view   1, pass 1,   3 points (-  0), mean, sd, max dev:  100.76   43.85  151.13
  11 views,    1 cycles, F =     1.315234, mean residual =    1.07
view  17, pass 1,   3 points (-  0), mean, sd, max dev:   32.51   14.45   48.76
For area    2, round  1:  6 contours, points missing =   32
 Aligning Sobel-centered points for comparison
  11 views,    1 cycles, F =     1.315225, mean residual =    1.07
 Aligning saved centroid-centered points
  11 views,    6 cycles, F =     1.569149, mean residual =    1.28
Starting area     1, round  2,   4 contours
  4   7   2   5
  17 views,   10 cycles, F =     4.537814, mean residual =    3.81
view   1, pass 1,   4 points (-  0), mean, sd, max dev:    6.65    1.11    8.00
  18 views,    6 cycles, F =     3.880787, mean residual =    3.08
   1 pts deleted for pass 2, conts:   4
  17 views,  541 cycles, F =     4.573382, mean residual =    3.49
   1 pts added on pass 2, conts:   4
view   1, pass 2,   4 points (-  0), mean, sd, max dev:    5.93    2.93    9.53
  18 views,  498 cycles, F =     1.845435, mean residual =    1.41
  18 views,    6 cycles, F =     1.845436, mean residual =    1.41
view  21, pass 1,   4 points (-  1), mean, sd, max dev:    1.24    0.53    1.85
  19 views,  424 cycles, F =     1.864510, mean residual =    1.39
   1 pts deleted for pass 2, conts:   2
  18 views,    6 cycles, F =     2.077103, mean residual =    1.45
   1 pts added on pass 2, conts:   2
view  21, pass 2,   4 points (-  0), mean, sd, max dev:    1.03    0.35    1.43
  19 views,    6 cycles, F =     1.946588, mean residual =    1.36
view  19, pass 1,   4 points (-  1), mean, sd, max dev:    0.19    0.10    0.29
  20 views,    6 cycles, F =     2.150356, mean residual =    1.55
view  18, pass 1,   4 points (-  1), mean, sd, max dev:    1.06    0.49    1.60
  21 views,    6 cycles, F =     2.429235, mean residual =    1.74
For area    1, round  2:  4 contours, points missing =    0
 Aligning Sobel-centered points for comparison
Metro error #3, Restarting with step factor of 0.22
Metro error #3, Restarting with step factor of 0.28
Metro error #3, Restarting with step factor of 0.19
Metro error #3, Restarting with step factor of 0.12
  21 views, 1000 cycles, F =     2.247506, mean residual =    1.69
tiltalign error going to view 11 even after varying step factor
 Aligning saved centroid-centered points
  21 views,    5 cycles, F =     2.736697, mean residual =    2.11
Starting area     2, round  2,   6 contours
  7   2   5   3   1   6
  11 views,   10 cycles, F =     3.423621, mean residual =    2.57
view   1, pass 1,   6 points (-  0), mean, sd, max dev:    0.52    0.43    1.12
  12 views,    6 cycles, F =     3.761832, mean residual =    3.05
view   2, pass 1,   6 points (-  0), mean, sd, max dev:    0.30    0.30    0.81
  13 views,    6 cycles, F =     2.913550, mean residual =    2.52
  13 views,   13 cycles, F =     2.295506, mean residual =    1.91
view  18, pass 1,   6 points (-  2), mean, sd, max dev:    0.25    0.09    0.34
  14 views,    5 cycles, F =     1.822474, mean residual =    1.54
   2 pts deleted for pass 2, conts:   3   1
  14 views,    4 cycles, F =     1.755475, mean residual =    1.49
   2 pts added on pass 2, conts:   3   1
view  18, pass 2,   6 points (-  0), mean, sd, max dev:    0.83    0.67    2.04
  14 views,    1 cycles, F =     1.735771, mean residual =    1.46
view  17, pass 1,   6 points (-  0), mean, sd, max dev:    0.97    0.47    1.64
  15 views,    6 cycles, F =     2.210580, mean residual =    1.76
view  16, pass 1,   6 points (-  2), mean, sd, max dev:    0.50    0.40    0.86
  16 views,    6 cycles, F =     3.000948, mean residual =    2.28
   3 pts deleted for pass 2, conts:   3   1   6
  15 views,    6 cycles, F =     2.210504, mean residual =    1.76
   3 pts added on pass 2, conts:   3   1   6
view  16, pass 2,   6 points (-  2), mean, sd, max dev:    0.36    0.23    0.58
  16 views,    6 cycles, F =     3.025389, mean residual =    2.29
view  15, pass 1,   6 points (-  0), mean, sd, max dev:    0.45    0.29    0.76
  17 views,    6 cycles, F =     5.578097, mean residual =    4.19
   3 pts deleted for pass 2, conts:   3   1   6
  16 views,    6 cycles, F =     3.009097, mean residual =    2.26
   2 pts added on pass 2, conts:   3   1
view  15, pass 2,   5 points (-  1), mean, sd, max dev:    2.16    1.58    4.31
  17 views,    6 cycles, F =     5.591844, mean residual =    4.21
view  14, pass 1,   6 points (-  2), mean, sd, max dev:    0.34    0.26    0.63
  18 views,    4 cycles, F =     5.250945, mean residual =    3.96
   3 pts deleted for pass 2, conts:   3   1   6
  17 views,    6 cycles, F =     6.205463, mean residual =    4.63
   3 pts added on pass 2, conts:   3   1   6
view  14, pass 2,   6 points (-  2), mean, sd, max dev:    0.41    0.33    0.71
  18 views,    5 cycles, F =     5.312819, mean residual =    4.01
For area    2, round  2:  6 contours, points missing =   10
 Aligning Sobel-centered points for comparison
  18 views,    1 cycles, F =     5.312799, mean residual =    4.01
 Aligning saved centroid-centered points
  18 views,    5 cycles, F =     5.636575, mean residual =    4.46

Obj cont:  Views on which points are missing
 1   1: 19-21
 1   3: 19-21
 1   6: 15,19-21
 Total points missing = 10

Mean residual 0.0000 nm from Sobel centering, 0.0000 nm from centroid centering
  centroid centering better in   1 of   4 fits
