
Input image file:: t1.mrc
 Dimensions:    127    121     21   Pixel size:         1          1          1
Mode:  1               Min, max, mean:          451         1043       997.14
raw2mrc: Converted to mrc format.                       25-Sep-26  12:36:12

Opened OLD file: t1.rawtlt

Opened OLD file: t1.prexf
To compensate for larger tilt increment, residual change criteria for deletion
  were scaled by 1.952: to  0.078   3.90
 First round of tracking will be split in two
Starting object   1, round  1,   4 contours
  4   3   2   1
view  10, pass 1,   4 points (-  0), mean, sd, max dev:    0.86    0.49    1.35
view  12, pass 1,   4 points (-  0), mean, sd, max dev:    0.53    0.17    0.72
view  13, pass 1,   4 points (-  0), mean, sd, max dev:    2.76    1.84    5.52
   4 views,  453 cycles, F =     0.300533, mean residual =    0.22
view  14, pass 1,   4 points (-  1), mean, sd, max dev:    0.28    0.21    0.43
Metro error #3, Restarting with step factor of 0.22
Metro error #3, Restarting with step factor of 0.28
Metro error #3, Restarting with step factor of 0.19
Metro error #3, Restarting with step factor of 0.12
   5 views, 1000 cycles, F =     0.549927, mean residual =    0.44
tiltalign error going to view 14 even after varying step factor
view  15, pass 1,   4 points (-  0), mean, sd, max dev:    1.20    0.86    2.37
Metro error #3, Restarting with step factor of 0.22
Metro error #3, Restarting with step factor of 0.28
Metro error #3, Restarting with step factor of 0.19
Metro error #3, Restarting with step factor of 0.12
   6 views, 1000 cycles, F =     1.054578, mean residual =    0.76
tiltalign error going to view 15 even after varying step factor
view  16, pass 1,   4 points (-  1), mean, sd, max dev:    0.47    0.27    0.71
   7 views,  891 cycles, F =     0.798378, mean residual =    0.58
Starting object   2, round  1,   3 contours
  6   5   7
view  10, pass 1,   3 points (-  0), mean, sd, max dev:    2.35    1.69    3.49
view   9, pass 1,   3 points (-  0), mean, sd, max dev:    1.35    0.93    2.01
view   8, pass 1,   3 points (-  0), mean, sd, max dev:    1.45    1.17    2.17
view   7, pass 1,   3 points (-  0), mean, sd, max dev:    1.32    0.98    1.97
view   6, pass 1,   3 points (-  0), mean, sd, max dev:    0.70    0.42    1.04
view  12, pass 1,   3 points (-  0), mean, sd, max dev:    1.23    1.02    1.82
view  13, pass 1,   3 points (-  0), mean, sd, max dev:    2.48    1.37    3.61
view  14, pass 1,   3 points (-  0), mean, sd, max dev:    2.61    1.12    3.90
view  15, pass 1,   3 points (-  0), mean, sd, max dev:    0.78    0.45    1.14
view  16, pass 1,   3 points (-  0), mean, sd, max dev:    1.44    0.92    2.16
Starting object   1, round  1,   4 contours
  4   3   2   1
   7 views,   12 cycles, F =     0.798377, mean residual =    0.58
view   5, pass 1,   4 points (-  1), mean, sd, max dev:    1.06    0.83    1.60
   8 views,  406 cycles, F =     0.556967, mean residual =    0.41
view   4, pass 1,   4 points (-  0), mean, sd, max dev:    0.83    0.34    1.18
   9 views,  505 cycles, F =     0.790158, mean residual =    0.55
view   3, pass 1,   4 points (-  1), mean, sd, max dev:    0.15    0.13    0.23
  10 views,   90 cycles, F =     0.776889, mean residual =    0.56
view   2, pass 1,   4 points (-  1), mean, sd, max dev:    0.19    0.11    0.29
  11 views,  251 cycles, F =     0.700569, mean residual =    0.50
view   1, pass 1,   4 points (-  1), mean, sd, max dev:    0.07    0.04    0.10
  12 views,  226 cycles, F =     0.688640, mean residual =    0.50
  12 views,    1 cycles, F =     0.688639, mean residual =    0.50
view  17, pass 1,   4 points (-  1), mean, sd, max dev:    0.09    0.03    0.13
  13 views,  274 cycles, F =     0.699960, mean residual =    0.46
view  18, pass 1,   4 points (-  1), mean, sd, max dev:    0.03    0.01    0.05
  14 views,  867 cycles, F =     0.631705, mean residual =    0.40
view  19, pass 1,   4 points (-  0), mean, sd, max dev:    0.16    0.10    0.31
  15 views,  936 cycles, F =     0.756588, mean residual =    0.54
view  20, pass 1,   4 points (-  1), mean, sd, max dev:    0.01    0.01    0.02
  16 views,  562 cycles, F =     0.749481, mean residual =    0.55
view  21, pass 1,   4 points (-  0), mean, sd, max dev:    0.71    0.48    1.43
  17 views,  294 cycles, F =     0.802166, mean residual =    0.60
For object  1, round  1:  4 contours, points missing =   16
 Aligning Sobel-centered points for comparison
  17 views,    1 cycles, F =     0.802166, mean residual =    0.60
 Aligning saved centroid-centered points
  17 views,  384 cycles, F =     1.048714, mean residual =    0.71
Starting object   2, round  1,   3 contours
  6   5   7
view   5, pass 1,   3 points (-  0), mean, sd, max dev:    0.19    0.11    0.26
view   4, pass 1,   3 points (-  0), mean, sd, max dev:    1.11    0.84    1.66
view   3, pass 1,   3 points (-  0), mean, sd, max dev:    0.36    0.17    0.54
view   2, pass 1,   3 points (-  0), mean, sd, max dev:    0.05    0.03    0.08
view   1, pass 1,   3 points (-  0), mean, sd, max dev:    0.23    0.15    0.35
view  17, pass 1,   3 points (-  0), mean, sd, max dev:    1.81    1.14    2.69
view  18, pass 1,   3 points (-  0), mean, sd, max dev:    1.80    0.90    2.69
view  19, pass 1,   3 points (-  0), mean, sd, max dev:    0.10    0.04    0.14
view  20, pass 1,   3 points (-  0), mean, sd, max dev:    0.40    0.17    0.60
view  21, pass 1,   3 points (-  0), mean, sd, max dev:    0.35    0.20    0.52
For object  2, round  1:  3 contours, points missing =    0
 Aligning Sobel-centered points for comparison
Starting object   1, round  2,   4 contours
  4   3   2   1
  17 views,  225 cycles, F =     0.768749, mean residual =    0.55
view   6, pass 1,   4 points (-  0), mean, sd, max dev:    0.08    0.03    0.11
  18 views,  287 cycles, F =     0.804209, mean residual =    0.59
view   7, pass 1,   4 points (-  1), mean, sd, max dev:    0.07    0.03    0.10
  19 views,  323 cycles, F =     0.813437, mean residual =    0.59
view   8, pass 1,   4 points (-  0), mean, sd, max dev:    0.58    0.43    1.16
  20 views,  454 cycles, F =     0.673489, mean residual =    0.45
view   9, pass 1,   4 points (-  0), mean, sd, max dev:    0.35    0.23    0.69
  21 views,  381 cycles, F =     0.849103, mean residual =    0.65
For object  1, round  2:  4 contours, points missing =    0
 Aligning Sobel-centered points for comparison
  21 views,    1 cycles, F =     0.849103, mean residual =    0.65
 Aligning saved centroid-centered points
  21 views,  209 cycles, F =     1.025777, mean residual =    0.72
Starting object   2, round  2,   3 contours
  6   5   7
For object  2, round  2:  3 contours, points missing =    0
 Aligning Sobel-centered points for comparison

Obj cont:  Views on which points are missing
 Total points missing = 0

Mean residual 0.0000 nm from Sobel centering, 0.0000 nm from centroid centering
  centroid centering better in   0 of   2 fits
