
Input image file:: t1.mrc
 Dimensions:    127    121     21   Pixel size:         1          1          1
Mode:  1               Min, max, mean:          451         1043       997.14
raw2mrc: Converted to mrc format.                       25-Sep-26  12:36:12

Opened OLD file: t1.rawtlt

Opened OLD file: t1.prexf
To compensate for larger tilt increment, residual change criteria for deletion
  were scaled by 1.952: to  0.078   3.90
Starting object   1, round  1,   7 contours
view  10, pass 1,   7 points (-  0), mean, sd, max dev:    0.07    0.03    0.11
view   9, pass 1,   7 points (-  0), mean, sd, max dev:    0.13    0.07    0.21
view   8, pass 1,   7 points (-  0), mean, sd, max dev:    0.05    0.02    0.10
Metro error #3, Restarting with step factor of 0.22
Metro error #3, Restarting with step factor of 0.28
Metro error #3, Restarting with step factor of 0.19
Metro error #3, Restarting with step factor of 0.12
   4 views, 1000 cycles, F =     0.328696, mean residual =    0.25
tiltalign error going to view 8 even after varying step factor
view   7, pass 1,   7 points (-  0), mean, sd, max dev:    0.12    0.07    0.22
   5 views,    1 cycles, F =     0.453550, mean residual =    0.34
view   6, pass 1,   7 points (-  0), mean, sd, max dev:    0.02    0.01    0.04
   6 views,    1 cycles, F =     0.624218, mean residual =    0.44
view   5, pass 1,   7 points (-  0), mean, sd, max dev:    0.05    0.03    0.09
   7 views,    4 cycles, F =     0.624732, mean residual =    0.45
view   4, pass 1,   7 points (-  0), mean, sd, max dev:    0.07    0.03    0.11
   8 views,    1 cycles, F =     0.419860, mean residual =    0.27
view   3, pass 1,   7 points (-  0), mean, sd, max dev:    0.05    0.01    0.06
   9 views,    1 cycles, F =     0.360186, mean residual =    0.22
view   2, pass 1,   7 points (-  0), mean, sd, max dev:    0.06    0.03    0.10
  10 views,    1 cycles, F =     0.336653, mean residual =    0.21
view   1, pass 1,   7 points (-  0), mean, sd, max dev:    0.09    0.10    0.30
  11 views,    1 cycles, F =     0.393856, mean residual =    0.24
  11 views,    1 cycles, F =     0.391372, mean residual =    0.24
view  12, pass 1,   7 points (-  0), mean, sd, max dev:    0.26    0.18    0.60
  12 views,    7 cycles, F =     0.615063, mean residual =    0.29
view  13, pass 1,   7 points (-  0), mean, sd, max dev:    0.09    0.05    0.18
  13 views,  632 cycles, F =     0.403009, mean residual =    0.22
view  14, pass 1,   7 points (-  0), mean, sd, max dev:    0.42    0.32    0.84
Metro error #3, Restarting with step factor of 0.22
Metro error #3, Restarting with step factor of 0.28
  14 views,  850 cycles, F =     0.462998, mean residual =    0.24
view  15, pass 1,   7 points (-  0), mean, sd, max dev:    0.45    0.49    1.50
  15 views,  821 cycles, F =     0.550775, mean residual =    0.27
view  16, pass 1,   7 points (-  0), mean, sd, max dev:    0.50    0.39    1.21
  16 views,  827 cycles, F =     0.648516, mean residual =    0.34
view  17, pass 1,   7 points (-  0), mean, sd, max dev:    0.48    0.30    0.83
Metro error #3, Restarting with step factor of 0.22
Metro error #3, Restarting with step factor of 0.28
Metro error #3, Restarting with step factor of 0.19
Metro error #3, Restarting with step factor of 0.12
  17 views, 1000 cycles, F =     0.753812, mean residual =    0.43
tiltalign error going to view 17 even after varying step factor
view  18, pass 1,   7 points (-  0), mean, sd, max dev:    0.31    0.19    0.54
Metro error #3, Restarting with step factor of 0.22
Metro error #3, Restarting with step factor of 0.28
Metro error #3, Restarting with step factor of 0.19
Metro error #3, Restarting with step factor of 0.12
  18 views, 1000 cycles, F =     0.513167, mean residual =    0.28
tiltalign error going to view 18 even after varying step factor
view  19, pass 1,   7 points (-  0), mean, sd, max dev:    0.71    0.41    1.23
  19 views,  697 cycles, F =     0.618428, mean residual =    0.33
view  20, pass 1,   7 points (-  0), mean, sd, max dev:    0.17    0.13    0.44
  20 views,  333 cycles, F =     0.931533, mean residual =    0.48
   1 pts deleted for pass 2, conts:   4
  20 views,    5 cycles, F =     0.766899, mean residual =    0.36
   1 pts added on pass 2, conts:   4
view  20, pass 2,   7 points (-  0), mean, sd, max dev:    0.08    0.06    0.16
Metro error #3, Restarting with step factor of 0.22
Metro error #3, Restarting with step factor of 0.28
Metro error #3, Restarting with step factor of 0.19
Metro error #3, Restarting with step factor of 0.12
  20 views, 1000 cycles, F =     0.615732, mean residual =    0.37
tiltalign error going to view 20 even after varying step factor
view  21, pass 1,   7 points (-  0), mean, sd, max dev:    0.10    0.05    0.14
Metro error #3, Restarting with step factor of 0.22
Metro error #3, Restarting with step factor of 0.28
  21 views,  705 cycles, F =     0.640821, mean residual =    0.39
For object  1, round  1:  7 contours, points missing =    0
 Aligning Sobel-centered points for comparison
  21 views,    1 cycles, F =     0.640821, mean residual =    0.39
 Aligning saved centroid-centered points
  21 views,    9 cycles, F =     0.705360, mean residual =    0.41
For object  1, round  2:  7 contours, points missing =    0
 Aligning Sobel-centered points for comparison
  21 views,   11 cycles, F =     0.642066, mean residual =    0.39
 Aligning saved centroid-centered points
  21 views,    9 cycles, F =     0.704737, mean residual =    0.41
For object  1, round  3:  7 contours, points missing =    0
 Aligning Sobel-centered points for comparison
  21 views,   11 cycles, F =     0.642667, mean residual =    0.39
 Aligning saved centroid-centered points
Metro error #3, Restarting with step factor of 0.22
  21 views,    9 cycles, F =     0.703823, mean residual =    0.41

Obj cont:  Views on which points are missing
 Total points missing = 0

Mean residual 0.0000 nm from Sobel centering, 0.0000 nm from centroid centering
  centroid centering better in   0 of   3 fits
