
Input image file:: t1.mrc
 Dimensions:    127    121     21   Pixel size:         1          1          1
Mode:  1               Min, max, mean:          451         1043       997.14
raw2mrc: Converted to mrc format.                       25-Sep-26  12:36:12

Opened OLD file: t1.rawtlt

Opened OLD file: t1.prexf
To compensate for larger tilt increment, residual change criteria for deletion
  were scaled by 1.952: to  0.078   3.90
 First round of tracking will be split in two
Starting object   1, round  1,   7 contours
view  10, pass 1,   7 points (-  0), mean, sd, max dev:    0.07    0.03    0.11
view   9, pass 1,   7 points (-  0), mean, sd, max dev:    0.13    0.07    0.21
view   8, pass 1,   7 points (-  0), mean, sd, max dev:    0.31    0.08    0.45
view   7, pass 1,   7 points (-  0), mean, sd, max dev:    0.01    0.00    0.01
   4 views,   11 cycles, F =     0.158686, mean residual =    0.15
view   6, pass 1,   7 points (-  0), mean, sd, max dev:    0.05    0.03    0.07
   5 views,  918 cycles, F =     0.119242, mean residual =    0.10
   5 views,    2 cycles, F =     0.119242, mean residual =    0.10
view  12, pass 1,   7 points (-  0), mean, sd, max dev:    0.57    0.47    1.60
Metro error #3, Restarting with step factor of 0.22
Metro error #3, Restarting with step factor of 0.28
Metro error #3, Restarting with step factor of 0.19
Metro error #3, Restarting with step factor of 0.12
   6 views, 1000 cycles, F =     0.117425, mean residual =    0.09
tiltalign error going to view 12 even after varying step factor
view  13, pass 1,   7 points (-  0), mean, sd, max dev:    0.19    0.14    0.38
Metro error #3, Restarting with step factor of 0.22
   7 views,  373 cycles, F =     0.130890, mean residual =    0.11
view  14, pass 1,   7 points (-  0), mean, sd, max dev:    0.32    0.29    0.76
   8 views,  541 cycles, F =     0.263438, mean residual =    0.19
view  15, pass 1,   7 points (-  0), mean, sd, max dev:    0.03    0.02    0.05
   9 views,  608 cycles, F =     0.246232, mean residual =    0.18
view  16, pass 1,   7 points (-  0), mean, sd, max dev:    0.12    0.06    0.22
  10 views,  951 cycles, F =     0.232474, mean residual =    0.18
  10 views,    1 cycles, F =     0.232474, mean residual =    0.18
view   5, pass 1,   7 points (-  0), mean, sd, max dev:    0.24    0.13    0.43
Metro error #3, Restarting with step factor of 0.22
Metro error #3, Restarting with step factor of 0.28
Metro error #3, Restarting with step factor of 0.19
Metro error #3, Restarting with step factor of 0.12
  11 views, 1000 cycles, F =     0.262518, mean residual =    0.21
tiltalign error going to view 5 even after varying step factor
view   4, pass 1,   7 points (-  0), mean, sd, max dev:    0.43    0.49    1.35
Metro error #3, Restarting with step factor of 0.22
  12 views,  910 cycles, F =     0.377250, mean residual =    0.28
view   3, pass 1,   7 points (-  2), mean, sd, max dev:    0.19    0.17    0.47
Metro error #3, Restarting with step factor of 0.22
Metro error #3, Restarting with step factor of 0.28
Metro error #3, Restarting with step factor of 0.19
Metro error #3, Restarting with step factor of 0.12
  13 views, 1000 cycles, F =     0.522299, mean residual =    0.43
tiltalign error going to view 3 even after varying step factor
   2 pts deleted for pass 2, conts:   5   3
Metro error #3, Restarting with step factor of 0.22
Metro error #3, Restarting with step factor of 0.28
Metro error #3, Restarting with step factor of 0.19
Metro error #3, Restarting with step factor of 0.12
  13 views,  312 cycles, F =     0.437970, mean residual =    0.37
   2 pts added on pass 2, conts:   5   3
view   3, pass 2,   7 points (-  0), mean, sd, max dev:    0.78    0.41    1.49
  13 views,    7 cycles, F =     0.466130, mean residual =    0.40
   1 pts deleted, big mean residual, conts:   5
  13 views,    8 cycles, F =     0.453424, mean residual =    0.38
view   1, pass 1,   7 points (-  0), mean, sd, max dev:    0.46    0.37    1.25
Metro error #3, Restarting with step factor of 0.22
Metro error #3, Restarting with step factor of 0.28
Metro error #3, Restarting with step factor of 0.19
Metro error #3, Restarting with step factor of 0.12
  14 views, 1000 cycles, F =     0.418632, mean residual =    0.30
tiltalign error going to view 1 even after varying step factor
  14 views,    1 cycles, F =     0.418631, mean residual =    0.30
  14 views,    1 cycles, F =     0.418630, mean residual =    0.30
   0 pts added on pass 2, conts:
  14 views,    1 cycles, F =     0.418630, mean residual =    0.30
   0 pts added on pass 2, conts:
  14 views,    1 cycles, F =     0.418629, mean residual =    0.30
   0 pts added on pass 2, conts:
For object  1, round  1:  7 contours, points missing =   19
 Aligning Sobel-centered points for comparison
  14 views,    1 cycles, F =     0.418629, mean residual =    0.30
 Aligning saved centroid-centered points
Metro error #3, Restarting with step factor of 0.22
  14 views,  335 cycles, F =     1.001575, mean residual =    0.68
  14 views,    7 cycles, F =     0.667349, mean residual =    0.50
view   3, pass 1,   7 points (-  0), mean, sd, max dev:    1.57    0.48    2.01
  14 views,    6 cycles, F =     0.690091, mean residual =    0.52
  14 views,   16 cycles, F =     0.653158, mean residual =    0.50
For object  1, round  2:  7 contours, points missing =   18
 Aligning Sobel-centered points for comparison
  14 views,    4 cycles, F =     0.652744, mean residual =    0.50
 Aligning saved centroid-centered points
  14 views,  207 cycles, F =     0.961557, mean residual =    0.67

Obj cont:  Views on which points are missing
 1   1: 19-21
 1   2: 19-21
 1   3: 19-21
 1   5: 19-21
 1   6: 19-21
 1   7: 19-21
 Total points missing = 18

Mean residual 0.0000 nm from Sobel centering, 0.0000 nm from centroid centering
  centroid centering better in   0 of   2 fits
