
Input image file:: t1.mrc
 Dimensions:    127    121     21   Pixel size:         1          1          1
Mode:  1               Min, max, mean:          451         1043       997.14
raw2mrc: Converted to mrc format.                       25-Sep-26  12:36:12

Opened OLD file: t1.rawtlt
Scaled kernel sigma for Sobel filter is    1.35 pixels

Opened OLD file: t1.prexf
To compensate for larger tilt increment, residual change criteria for deletion
  were scaled by 1.952: to  0.078   3.90
 First round of tracking will be split in two
Starting object   1, round  1,   7 contours
view  10, pass 1,   7 points (-  0), mean, sd, max dev:    0.08    0.03    0.13
view   9, pass 1,   7 points (-  0), mean, sd, max dev:    0.15    0.04    0.23
view   8, pass 1,   7 points (-  0), mean, sd, max dev:    0.07    0.04    0.15
Metro error #3, Restarting with step factor of 0.22
Metro error #3, Restarting with step factor of 0.28
Metro error #3, Restarting with step factor of 0.19
Metro error #3, Restarting with step factor of 0.12
   4 views, 1000 cycles, F =     0.302128, mean residual =    0.23
tiltalign error going to view 8 even after varying step factor
view   7, pass 1,   7 points (-  0), mean, sd, max dev:    0.13    0.08    0.23
   5 views,    1 cycles, F =     0.446220, mean residual =    0.34
view   6, pass 1,   7 points (-  0), mean, sd, max dev:    0.03    0.02    0.05
   6 views,    1 cycles, F =     0.651075, mean residual =    0.44
   6 views,    1 cycles, F =     0.641746, mean residual =    0.43
view  12, pass 1,   7 points (-  0), mean, sd, max dev:    0.33    0.15    0.58
   7 views,  612 cycles, F =     0.626709, mean residual =    0.36
view  13, pass 1,   7 points (-  0), mean, sd, max dev:    0.63    0.30    1.08
   8 views,  913 cycles, F =     0.672738, mean residual =    0.40
view  14, pass 1,   7 points (-  0), mean, sd, max dev:    0.23    0.26    0.71
Metro error #3, Restarting with step factor of 0.22
Metro error #3, Restarting with step factor of 0.28
Metro error #3, Restarting with step factor of 0.19
Metro error #3, Restarting with step factor of 0.12
   9 views,   75 cycles, F =     0.810502, mean residual =    0.44
view  15, pass 1,   7 points (-  0), mean, sd, max dev:    0.06    0.05    0.15
Metro error #3, Restarting with step factor of 0.22
  10 views,  587 cycles, F =     0.485875, mean residual =    0.33
view  16, pass 1,   7 points (-  0), mean, sd, max dev:    0.07    0.02    0.11
  11 views,  686 cycles, F =     0.461116, mean residual =    0.31
  11 views,    1 cycles, F =     0.461116, mean residual =    0.31
view   5, pass 1,   7 points (-  0), mean, sd, max dev:    0.27    0.16    0.53
  12 views,  913 cycles, F =     0.440987, mean residual =    0.28
view   4, pass 1,   7 points (-  0), mean, sd, max dev:    0.37    0.10    0.49
  13 views,  812 cycles, F =     0.339395, mean residual =    0.21
view   3, pass 1,   7 points (-  0), mean, sd, max dev:    0.07    0.02    0.10
  14 views,  406 cycles, F =     0.481161, mean residual =    0.31
view   2, pass 1,   7 points (-  0), mean, sd, max dev:    0.02    0.01    0.03
  15 views,  656 cycles, F =     0.460695, mean residual =    0.28
view   1, pass 1,   7 points (-  0), mean, sd, max dev:    0.08    0.04    0.15
  16 views,  402 cycles, F =     0.262731, mean residual =    0.19
  16 views,    1 cycles, F =     0.262731, mean residual =    0.19
view  17, pass 1,   7 points (-  0), mean, sd, max dev:    0.16    0.07    0.26
Metro error #3, Restarting with step factor of 0.22
  17 views,  222 cycles, F =     0.449752, mean residual =    0.30
view  18, pass 1,   7 points (-  0), mean, sd, max dev:    0.23    0.09    0.33
  18 views,    6 cycles, F =     0.600998, mean residual =    0.34
view  19, pass 1,   7 points (-  0), mean, sd, max dev:    0.08    0.06    0.19
  19 views,    3 cycles, F =     0.602212, mean residual =    0.33
view  20, pass 1,   7 points (-  0), mean, sd, max dev:    0.09    0.05    0.18
  20 views,  997 cycles, F =     0.311149, mean residual =    0.22
view  21, pass 1,   7 points (-  0), mean, sd, max dev:    0.74    0.40    1.34
  21 views,  610 cycles, F =     0.325924, mean residual =    0.23
For object  1, round  1:  7 contours, points missing =    0
For object  1, round  2:  7 contours, points missing =    0

Obj cont:  Views on which points are missing
 Total points missing = 0
   1     0.000     0.000     0.000     0.000     0.000     0.000     0.000

Opened NEW file: t1.xyz

Opened NEW file: t1.elong
