
Input image file:: t1.mrc
 Dimensions:    127    121     21   Pixel size:         1          1          1
Mode:  1               Min, max, mean:          451         1043       997.14
raw2mrc: Converted to mrc format.                       25-Sep-26  12:36:12

Opened OLD file: t1.rawtlt

Opened OLD file: t1.prexf
To compensate for larger tilt increment, residual change criteria for deletion
  were scaled by 1.952: to  0.078   3.90
 First round of tracking will be split in two
Starting object   1, round  1,   7 contours
add    0    9    4   62.8   58.5   62.0   61.6      177633       12231      0.0000
add    0    9    7   65.8   60.2   62.1   61.6      177625       17708      0.0000
add    0    9    2   66.2   60.2   62.1   61.6      177309       17708      0.0000
add    0    9    5   63.9   62.0   62.1   61.5      178425       17708      0.0000
add    0    9    3   63.3   59.7   62.0   61.6      178454       17708      0.0000
add    0    9    1   60.7   59.8   62.2   61.6      178482       17708      0.0000
add    0    9    6   62.1   61.6   62.2   61.5      177971       16759      0.0000
view  10, pass 1,   7 points (-  0), mean, sd, max dev:    0.07    0.03    0.11
 Rescue-density , sec   8,  obj   4, at    -3.1     1.5, dist=  3.5, dens=     7716, crit=    10042, min=    12231
BKGD-DENS:   4  9180.00   150.80  61.559   6.604
JUST GO WITH RESCUE 8303.7
add    0    8    4   62.4   60.0   67.0   61.9      233020        8304      0.0000
 Rescue-density , sec   8,  obj   7, at     3.5     0.9, dist=  3.7, dens=     8304, crit=    15576, min=    17708
BKGD-DENS:   7 10196.45   103.60  98.001   5.359
NEIGH-BK:  15   262.40     8.01 1004.421 crit -27.69
ACCEPT ANYWAY 8303.7
 Rescue-density , sec   8,  obj   7, at     3.7    -2.7, dist=  4.6, dens=     8192, crit=    15576, min=    17708
BKGD-DENS:   7  8192.45    89.03  81.540   5.277
NEIGH-BK:  15   262.40     8.01 990.529 crit -22.63
ACCEPT ANYWAY 8192.5
Trials: 1    7    64.0    60.9    67.5    61.9   8303.7  1.4012        54.7    64.3    58.7    61.3   8192.5  1.5624
add    0    8    7   64.0   60.9   67.5   61.9      214275        8304      0.0000
 Rescue-density , sec   8,  obj   2, at     3.5     0.9, dist=  3.7, dens=     8304, crit=    15659, min=    17708
BKGD-DENS:   2 10196.45   103.60  98.001   5.359
NEIGH-BK:  16   264.83    11.60 692.718 crit -27.69
ACCEPT ANYWAY 8303.7
 Rescue-density , sec   8,  obj   2, at     4.4    -2.6, dist=  5.1, dens=     8192, crit=    15659, min=    17708
BKGD-DENS:   2  8192.45   121.50  71.693   5.277
NEIGH-BK:  16   264.83    11.60 683.135 crit -19.60
ACCEPT ANYWAY 8192.5
Trials: 1    2    64.2    60.9    67.5    61.9   8303.7  1.3783        53.8    64.3    58.4    61.4   8192.5  1.6073
add    0    8    2   64.2   60.9   67.5   61.9      206744        8304      0.0000
 Rescue-density , sec   8,  obj   5, at    -0.7    -0.2, dist=  0.7, dens=     9180, crit=    15612, min=    17708
BKGD-DENS:   5 10196.45    86.46 111.906   5.359
NEIGH-BK:  17   267.25    15.20 586.223 crit -31.97
ACCEPT ANYWAY 9180.0
 Rescue-density , sec   8,  obj   5, at     4.2    -4.6, dist=  6.2, dens=     7716, crit=    15612, min=    17708
BKGD-DENS:   5  8192.45   106.73  77.619   5.620
NEIGH-BK:  17   267.25    15.20 489.912 crit -21.42
ACCEPT ANYWAY 7715.7
Trials: 1    5    68.3    62.1    67.3    61.8   9180.0  0.9499        56.5    65.6    60.2    61.4   7715.7  1.6241
add    0    8    5   68.3   62.1   67.3   61.8      221625        9180      0.0000
 Rescue-density , sec   8,  obj   3, at    -0.7    -0.2, dist=  0.7, dens=     9180, crit=    15635, min=    17708
BKGD-DENS:   3 10196.45    86.46 111.906   5.359
NEIGH-BK:  18   267.25    15.20 586.223 crit -31.97
ACCEPT ANYWAY 9180.0
 Rescue-distance, sec   8,  obj   3, at     7.7    -8.8, dist= 11.7, dens=     8304, crit=    15635, min=    17708
BKGD-DENS:   3 10196.45   101.46  93.791   5.359
NEIGH-BK:  18   267.25    15.20 528.584 crit -26.40
ACCEPT ANYWAY 8303.7
Trials: 1    3    68.4    61.5    67.3    61.8   9180.0  1.0270        57.8    71.3    65.7    62.2   8303.7  2.3384
add    0    8    3   68.4   61.5   67.3   61.8      209516        9180      0.0000
 Rescue-density , sec   8,  obj   1, at    -0.6     0.9, dist=  1.1, dens=     9180, crit=    15264, min=    17708
BKGD-DENS:   1 10196.45    86.46 111.906   5.359
NEIGH-BK:  19   267.25    15.20 586.223 crit -31.97
ACCEPT ANYWAY 9180.0
 Rescue-distance, sec   8,  obj   1, at     6.4   -11.9, dist= 13.5, dens=     8194, crit=    15264, min=    17708
BKGD-DENS:   1 10196.45   139.60  62.426   5.360
NEIGH-BK:  19   267.25    15.20 521.359 crit -16.75
ACCEPT ANYWAY 8193.8
Trials: 1    1    67.7    60.8    67.4    61.9   9180.0  1.0192        61.2    74.9    67.4    63.1   8193.8  2.4780
add    0    8    1   67.7   60.8   67.4   61.9      134004        9180      0.0000
 Rescue-density , sec   8,  obj   6, at    -0.7    -0.2, dist=  0.7, dens=     9578, crit=    14862, min=    16759
BKGD-DENS:   6 10196.45    86.46 111.906   5.359
NEIGH-BK:  20   269.14    21.35 436.023 crit -31.97
ACCEPT ANYWAY 9577.9
 Rescue-density , sec   8,  obj   6, at     1.4    -1.2, dist=  1.8, dens=     9578, crit=    14862, min=    16759
BKGD-DENS:   6 10196.45    86.46 111.906   5.359
NEIGH-BK:  20   269.14    21.35 436.023 crit -31.97
ACCEPT ANYWAY 9577.9
Trials: 1    6    67.6    61.9    67.3    61.8   9577.9  1.0337        65.6    63.0    67.4    61.8   9577.9  1.2397
add    0    8    6   67.6   61.9   67.3   61.8      227879        9578      0.0000
view   9, pass 1,   7 points (-  0), mean, sd, max dev:    0.13    0.07    0.21
add    0    7    4   69.7   64.2   72.0   62.8      232910        8354      0.0000
 Rescue-density , sec   7,  obj   7, at     4.0    -0.2, dist=  4.0, dens=    10025, crit=    11668, min=     8304
BKGD-DENS:   7  9651.33   138.03  82.977   9.555
JUST GO WITH RESCUE 9226.0
add    0    7    7   68.4   63.1   72.0   62.8      246064        9226      0.0000
 Rescue-density , sec   7,  obj   2, at     4.0    -0.2, dist=  4.0, dens=    10025, crit=    11719, min=     8304
BKGD-DENS:   2  9651.33   138.03  82.977   9.555
JUST GO WITH RESCUE 9226.0
add    0    7    2   68.1   63.1   72.0   62.8      246761        9226      0.0000
 Rescue-density , sec   7,  obj   5, at     0.9     0.8, dist=  1.3, dens=    10025, crit=    11904, min=     9180
BKGD-DENS:   5  9651.33   138.03  82.977   9.555
JUST GO WITH RESCUE 10025.3
add    0    7    5   70.6   62.3   71.9   62.8      245344       10025      0.0000
 Rescue-density , sec   7,  obj   3, at     0.9    -1.2, dist=  1.6, dens=     9651, crit=    11918, min=     9180
BKGD-DENS:   3  9651.33   138.03  82.977   9.555
JUST GO WITH RESCUE 10025.3
add    0    7    3   71.4   64.4   71.9   62.8      244086       10025      0.0000
 Rescue-density , sec   7,  obj   1, at    -0.1    -1.2, dist=  1.3, dens=     9651, crit=    11688, min=     9180
BKGD-DENS:   1  9651.33   138.03  82.977   9.555
JUST GO WITH RESCUE 9651.3
add    0    7    1   72.0   64.3   71.9   62.8      238529        9651      0.0000
 Rescue-density , sec   7,  obj   6, at    -0.1    -0.2, dist=  0.2, dens=     9651, crit=    11537, min=     9578
BKGD-DENS:   6  9651.33   138.03  82.977   9.555
JUST GO WITH RESCUE 9651.3
add    0    7    6   71.9   62.7   71.9   62.8      236688        9651      0.0000
view   8, pass 1,   7 points (-  0), mean, sd, max dev:    0.05    0.02    0.10
Metro error #3, Restarting with step factor of 0.22
Metro error #3, Restarting with step factor of 0.28
Metro error #3, Restarting with step factor of 0.19
Metro error #3, Restarting with step factor of 0.12
   4 views, 1000 cycles, F =     0.328696, mean residual =    0.25
tiltalign error going to view 8 even after varying step factor
add    0    6    4   71.8   62.9   76.4   63.1      251865        9108      0.0000
 Rescue-density , sec   6,  obj   7, at     4.4     0.1, dist=  4.4, dens=     9524, crit=    10389, min=     8304
BKGD-DENS:   7  9523.72   103.00  84.947   3.071
JUST GO WITH RESCUE 9108.3
add    0    6    7   71.8   62.9   76.4   63.1      272129        9108      0.0000
 Rescue-density , sec   6,  obj   2, at     4.4     0.1, dist=  4.4, dens=     9524, crit=    10428, min=     8304
BKGD-DENS:   2  9523.72   103.00  84.947   3.071
JUST GO WITH RESCUE 9108.3
add    0    6    2   71.8   62.9   76.4   63.1      273205        9108      0.0000
 Rescue-density , sec   6,  obj   5, at     0.7     0.1, dist=  0.7, dens=     9524, crit=    10711, min=     9180
BKGD-DENS:   5  9523.72   103.00  84.947   3.071
JUST GO WITH RESCUE 9523.7
add    0    6    5   76.4   63.1   76.7   63.1      278187        9524      0.0000
 Rescue-density , sec   6,  obj   3, at     0.7     0.1, dist=  0.7, dens=     9524, crit=    10722, min=     9180
BKGD-DENS:   3  9523.72   103.00  84.947   3.071
JUST GO WITH RESCUE 9523.7
add    0    6    3   76.4   63.1   76.7   63.1      279040        9524      0.0000
 Rescue-density , sec   6,  obj   1, at     0.7     0.1, dist=  0.7, dens=     9524, crit=    10482, min=     9180
BKGD-DENS:   1  9523.72   103.00  84.947   3.071
JUST GO WITH RESCUE 9523.7
add    0    6    1   76.5   63.1   76.7   63.1      270960        9524      0.0000
 Rescue-density , sec   6,  obj   6, at    -0.3     0.1, dist=  0.3, dens=     9524, crit=    10369, min=     9578
BKGD-DENS:   6  9523.72   103.00  84.947   3.071
JUST GO WITH RESCUE 9523.7
add    0    6    6   76.7   63.0   76.7   63.1      272451        9524      0.0000
view   7, pass 1,   7 points (-  0), mean, sd, max dev:    0.11    0.07    0.19
   5 views,    1 cycles, F =     0.454770, mean residual =    0.35
add    0    5    4   75.9   63.0   74.6   59.1      220209        9015      0.0000
 Rescue-distance, sec   5,  obj   7, at    -9.3    -4.8, dist= 10.5, dens=     9015, crit=     3294, min=     8304
BKGD-DENS:   7  9014.86    85.67  88.396   4.109
Trials: 1    7    75.9    63.0    74.6    59.1   9014.9  0.9627        85.4    64.5    75.7    59.2   4528.9  2.2347
add    0    5    7   75.9   63.0   74.6   59.1      171867        9015      0.0000
 Rescue-distance, sec   5,  obj   2, at   -10.3    -5.8, dist= 11.8, dens=     9015, crit=     3304, min=     8304
BKGD-DENS:   2  9014.86    85.67  88.396   4.109
Trials: 1    2    75.9    63.0    74.6    59.1   9014.9  0.9625        85.7    64.5    75.7    59.2   4528.9  2.2561
add    0    5    2   75.9   63.0   74.6   59.1      156764        9015      0.0000
 Rescue-distance, sec   5,  obj   5, at   -10.4    -2.0, dist= 10.6, dens=     9015, crit=     3617, min=     9180
BKGD-DENS:   5  9014.86    85.67  88.396   4.109
Trials: 1    5    74.6    59.1    74.7    59.1   9014.9  0.5114        85.5    60.8    75.6    59.0   4528.9  2.1164
add    0    5    5   74.6   59.1   74.7   59.1      157678        9015      0.0000
 Rescue-distance, sec   5,  obj   3, at    -9.6     4.9, dist= 10.8, dens=     9015, crit=     3620, min=     9180
BKGD-DENS:   3  9014.86    85.67  88.396   4.109
Trials: 1    3    74.6    59.1    74.7    59.1   9014.9  0.5268        85.1    54.3    75.4    58.9   4678.3  2.1916
add    0    5    3   74.6   59.1   74.7   59.1      172934        9015      0.0000
 Rescue-distance, sec   5,  obj   1, at    -9.4     4.1, dist= 10.2, dens=     9015, crit=     3499, min=     9180
BKGD-DENS:   1  9014.86    85.67  88.396   4.109
Trials: 1    1    74.6    59.1    74.7    59.1   9014.9  0.5637        85.1    54.9    75.6    59.1   5034.0  2.1555
add    0    5    1   74.6   59.1   74.7   59.1      173315        9015      0.0000
 Rescue-distance, sec   5,  obj   6, at     9.5    -6.8, dist= 11.7, dens=     8767, crit=     3460, min=     9524
BKGD-DENS:   6  8766.94   155.00  55.853   4.111
Trials: 1    6    74.7    59.1    74.7    59.1   9014.9  0.3971        64.3    65.6    73.5    59.2   3572.1  2.2457
add    0    5    6   74.7   59.1   74.7   59.1      172932        9015      0.0000
view   6, pass 1,   7 points (-  0), mean, sd, max dev:    0.02    0.01    0.04
   6 views,    1 cycles, F =     0.642009, mean residual =    0.44
   6 views,    1 cycles, F =     0.633152, mean residual =    0.43
add    0   11    4   59.9   57.0   66.3   58.6      421148       14318      0.0000
add    0   11    7   65.8   59.9   68.1   58.6      484162       14577      0.0000
add    0   11    2   66.4   60.1   68.1   58.6      486835       14577      0.0000
add    0   11    5   70.4   59.7   68.2   58.6      485600       14577      0.0000
add    0   11    3   69.9   58.4   68.3   58.7      486743       14577      0.0000
add    0   11    1   68.4   57.5   68.2   58.7      484138       14577      0.0000
Trials: 1    6    69.4    58.8    68.2    58.6  14576.6  1.1359        67.3    59.7    68.2    58.6  14576.6  1.1566
add    0   11    6   69.4   58.8   68.2   58.6      488436       14577      0.0000
view  12, pass 1,   7 points (-  0), mean, sd, max dev:    0.32    0.17    0.60
   7 views,  605 cycles, F =     0.628793, mean residual =    0.36
 Rescue-distance, sec  12,  obj   4, at   -10.1   -10.7, dist= 14.8, dens=        0, crit=     8521, min=     8304
 Rescue-density , sec  12,  obj   4, at     0.8    -1.1, dist=  1.4, dens=     8002, crit=     8521, min=     8304
BKGD-DENS:   4  8403.41   134.50  59.802   8.301
JUST GO WITH RESCUE 8403.4
Trials: 2    4    24.3    54.6     8.4    65.4      0.0  3.1410        64.4    59.5    64.8    57.9   8403.4  0.1865
add    0   12    4   64.4   59.5   64.8   57.9      371262        8403      0.0000
 Rescue-density , sec  12,  obj   7, at    -0.0    -1.0, dist=  1.0, dens=     7011, crit=    10253, min=     8304
BKGD-DENS:   7  8403.41   142.20  53.960   8.301
JUST GO WITH RESCUE 8002.3
add    0   12    7   66.8   58.8   67.0   58.0      375672        8002      0.0000
 Rescue-density , sec  12,  obj   2, at     0.4    -1.1, dist=  1.2, dens=     7011, crit=    10277, min=     8304
BKGD-DENS:   2  8403.41   134.50  59.802   8.301
JUST GO WITH RESCUE 8403.4
add    0   12    2   66.3   58.7   66.4   57.9      377387        8403      0.0000
 Rescue-density , sec  12,  obj   5, at    -7.0     0.2, dist=  7.0, dens=     7507, crit=    10502, min=     9015
BKGD-DENS:   5  7506.72    96.67  63.693   6.094
JUST GO WITH RESCUE 7506.7
 Rescue-density , sec  12,  obj   5, at    -1.1    -1.0, dist=  1.5, dens=     6315, crit=    10502, min=     9015
BKGD-DENS:   5  7506.72    96.67  63.693   6.094
JUST GO WITH RESCUE 7506.7
Trials: 2    5    78.4    58.5    71.0    58.2   7506.7  1.8172        68.8    59.1    67.9    58.0   7506.7  1.1579
add    0   12    5   68.8   59.1   67.9   58.0      368735        7507      0.0000
 Rescue-density , sec  12,  obj   3, at    -8.4     0.2, dist=  8.4, dens=     7507, crit=    10509, min=     9015
BKGD-DENS:   3  7506.72    96.67  63.693   6.094
JUST GO WITH RESCUE 7506.7
 Rescue-density , sec  12,  obj   3, at    -1.1    -1.0, dist=  1.5, dens=     6315, crit=    10509, min=     9015
BKGD-DENS:   3  7506.72    96.67  63.693   6.094
JUST GO WITH RESCUE 7506.7
Trials: 2    3    79.9    57.7    71.6    58.2   7506.7  1.9257        69.0    58.7    67.9    58.0   7506.7  1.1527
add    0   12    3   69.0   58.7   67.9   58.0      369364        7507      0.0000
 Rescue-density , sec  12,  obj   1, at    -3.6     2.2, dist=  4.3, dens=     6801, crit=    10359, min=     9015
BKGD-DENS:   1  7506.72    96.67  63.693   6.094
JUST GO WITH RESCUE 7506.7
add    0   12    1   73.3   56.3   69.4   58.2      328352        7507      0.0000
 Rescue-density , sec  12,  obj   6, at    -5.7    -0.9, dist=  5.8, dens=     7507, crit=    10288, min=     9015
BKGD-DENS:   6  7506.72    96.67  63.693   6.094
JUST GO WITH RESCUE 7506.7
 Rescue-density , sec  12,  obj   6, at    -0.5    -1.0, dist=  1.1, dens=     6315, crit=    10288, min=     9015
BKGD-DENS:   6  7506.72    96.67  63.693   6.094
JUST GO WITH RESCUE 7506.7
Trials: 2    6    75.8    59.4    70.3    58.1   7506.7  1.6250        67.8    58.7    67.5    58.0   7506.7  1.0897
add    0   12    6   67.8   58.7   67.5   58.0      372278        7507      0.0000
view  13, pass 1,   7 points (-  0), mean, sd, max dev:    0.54    0.16    0.82
Metro error #3, Restarting with step factor of 0.22
Metro error #3, Restarting with step factor of 0.28
Metro error #3, Restarting with step factor of 0.19
Metro error #3, Restarting with step factor of 0.12
   8 views, 1000 cycles, F =     0.723397, mean residual =    0.38
tiltalign error going to view 13 even after varying step factor
 Rescue-density , sec  13,  obj   4, at    -3.4     3.1, dist=  4.6, dens=     7283, crit=     7492, min=     8304
BKGD-DENS:   4  7316.72   134.13  42.226  17.109
JUST GO WITH RESCUE 6436.3
add    0   13    4   63.9   57.9   60.6   61.1      271731        6436      0.0000
 Rescue-density , sec  13,  obj   7, at    -5.3     3.2, dist=  6.2, dens=     7317, crit=     9772, min=     8002
BKGD-DENS:   7  7316.72   113.06  50.613  15.959
JUST GO WITH RESCUE 7314.6
add    0   13    7   66.6   58.0   61.7   61.2      268980        7315      0.0000
 Rescue-density , sec  13,  obj   2, at    -4.8     3.2, dist=  5.8, dens=     7317, crit=     9833, min=     8304
BKGD-DENS:   2  7316.72   113.06  50.613  15.959
JUST GO WITH RESCUE 7314.6
add    0   13    2   66.2   57.9   61.2   61.2      276155        7315      0.0000
 Rescue-density , sec  13,  obj   5, at    -2.9    -0.0, dist=  2.9, dens=     7317, crit=     9940, min=     7507
BKGD-DENS:   5  7316.72   113.06  50.613  15.959
JUST GO WITH RESCUE 7314.6
add    0   13    5   63.2   61.2   60.1   61.0      282441        7315      0.0000
 Rescue-density , sec  13,  obj   3, at    -2.0    -0.0, dist=  2.0, dens=     7317, crit=     9946, min=     7507
BKGD-DENS:   3  7316.72   113.06  50.613  15.959
JUST GO WITH RESCUE 7316.7
add    0   13    3   61.9   61.3   60.0   61.0      280683        7317      0.0000
 Rescue-density , sec  13,  obj   1, at    -2.0    -0.0, dist=  2.0, dens=     7317, crit=     9815, min=     7507
BKGD-DENS:   1  7316.72   113.06  50.613  15.959
JUST GO WITH RESCUE 7316.7
add    0   13    1   62.2   61.3   60.0   61.0      269805        7317      0.0000
 Rescue-density , sec  13,  obj   6, at    -0.2    -0.0, dist=  0.2, dens=     7317, crit=     9753, min=     7507
BKGD-DENS:   6  7316.72   113.06  50.613  15.959
JUST GO WITH RESCUE 7316.7
add    0   13    6   60.3   61.0   59.8   61.0      278194        7317      0.0000
view  14, pass 1,   7 points (-  0), mean, sd, max dev:    0.48    0.33    1.12
Metro error #3, Restarting with step factor of 0.22
Metro error #3, Restarting with step factor of 0.28
Metro error #3, Restarting with step factor of 0.19
Metro error #3, Restarting with step factor of 0.12
   9 views, 1000 cycles, F =     0.764201, mean residual =    0.48
tiltalign error going to view 14 even after varying step factor
add    0   14    4   60.6   61.0   58.9   60.1      206598        6066      0.0000
 Rescue-density , sec  14,  obj   7, at    -2.1    -0.9, dist=  2.3, dens=     6868, crit=     8367, min=     7315
BKGD-DENS:   7  6707.34   167.47  31.561   5.042
JUST GO WITH RESCUE 6707.3
add    0   14    7   60.7   61.0   58.9   60.1      215609        6707      0.0000
 Rescue-density , sec  14,  obj   2, at    -2.1    -0.9, dist=  2.3, dens=     6868, crit=     8416, min=     7315
BKGD-DENS:   2  6707.34   167.47  31.561   5.042
JUST GO WITH RESCUE 6707.3
add    0   14    2   60.7   61.0   58.9   60.1      216508        6707      0.0000
 Rescue-density , sec  14,  obj   5, at    -0.2     0.1, dist=  0.3, dens=     6868, crit=     8723, min=     7315
BKGD-DENS:   5  6707.34   167.47  31.561   5.042
JUST GO WITH RESCUE 6867.8
add    0   14    5   59.0   60.1   58.8   60.1      226207        6868      0.0000
 Rescue-density , sec  14,  obj   3, at    -0.2     0.1, dist=  0.3, dens=     6868, crit=     8728, min=     7317
BKGD-DENS:   3  6707.34   167.47  31.561   5.042
JUST GO WITH RESCUE 6867.8
add    0   14    3   58.9   60.1   58.8   60.1      225676        6868      0.0000
 Rescue-density , sec  14,  obj   1, at    -0.2     0.1, dist=  0.3, dens=     6868, crit=     8620, min=     7317
BKGD-DENS:   1  6707.34   167.47  31.561   5.042
JUST GO WITH RESCUE 6867.8
add    0   14    1   58.9   60.1   58.8   60.1      217562        6868      0.0000
 Rescue-density , sec  14,  obj   6, at    -0.3     0.1, dist=  0.3, dens=     6707, crit=     8554, min=     7317
BKGD-DENS:   6  6707.34   167.47  31.561   5.042
JUST GO WITH RESCUE 6867.8
add    0   14    6   58.8   60.1   58.7   60.1      219664        6868      0.0000
view  15, pass 1,   7 points (-  0), mean, sd, max dev:    0.05    0.03    0.09
  10 views,  660 cycles, F =     0.578289, mean residual =    0.38
add    0   15    4   59.5   60.2   61.4   64.3      169023        4775      0.0000
add    0   15    7   59.7   60.2   61.4   64.3      169519        5494      0.0000
add    0   15    2   59.7   60.3   61.4   64.3      169422        5494      0.0000
add    0   15    5   61.3   64.3   61.4   64.3      170390        5995      0.0000
add    0   15    3   61.3   64.3   61.4   64.3      170323        5995      0.0000
add    0   15    1   61.2   64.2   61.4   64.3      169447        5995      0.0000
add    0   15    6   61.4   64.3   61.3   64.3      170477        5494      0.0000
view  16, pass 1,   7 points (-  0), mean, sd, max dev:    0.02    0.01    0.05
  11 views,  738 cycles, F =     0.544857, mean residual =    0.35
  11 views,    1 cycles, F =     0.544857, mean residual =    0.35
 Rescue-distance, sec   4,  obj   4, at     6.9     8.1, dist= 10.6, dens=     8401, crit=     3575, min=     4775
BKGD-DENS:   4  8325.93   112.13  92.849   1.744
Trials: 2    4    72.3    54.9    78.9    63.1   4266.4  2.1664        82.0    62.7    80.2    63.4   8400.6  0.7255
add    0    4    4   82.0   62.7   80.2   63.4      170211        8401      0.0000
add    0    4    7   74.2   58.7   79.4   63.4      169220        8401      0.0000
add    0    4    2   74.3   58.8   79.4   63.4      169220        8401      0.0000
add    0    4    5   77.8   63.0   80.1   63.5      175853        8401      0.0000
add    0    4    3   80.9   63.7   80.2   63.4      174287        8401      0.0000
add    0    4    1   80.8   63.2   80.2   63.5      173055        8401      0.0000
add    0    4    6   79.9   63.5   80.1   63.4      175368        8401      0.0000
view   5, pass 1,   7 points (-  0), mean, sd, max dev:    0.29    0.08    0.41
  12 views,  994 cycles, F =     0.521771, mean residual =    0.33
add    0    3    4   78.9   63.7   84.5   60.4      145866        7480      0.0000
add    0    3    7   78.8   63.7   84.5   60.4      145676        7480      0.0000
add    0    3    2   78.7   63.7   84.5   60.4      145676        7480      0.0000
add    0    3    5   85.2   60.3   85.7   60.4      145711        7147      0.0000
add    0    3    3   85.3   60.5   85.7   60.4      145756        7147      0.0000
add    0    3    1   85.8   60.6   86.2   60.4      143709        7147      0.0000
add    0    3    6   85.1   60.3   85.7   60.4      145761        7147      0.0000
view   4, pass 1,   7 points (-  0), mean, sd, max dev:    0.20    0.17    0.52
  13 views,  762 cycles, F =     0.401637, mean residual =    0.22
add    0    2    4   81.2   62.4   86.4   62.8      132104        6889      0.0000
add    0    2    7   83.6   60.8   87.1   62.9      128857        6889      0.0000
add    0    2    2   83.8   60.8   87.1   62.9      128857        6889      0.0000
add    0    2    5   89.7   61.9   87.3   62.9      124210        6900      0.0000
add    0    2    3   89.1   62.6   87.2   62.8      125763        6900      0.0000
add    0    2    1   88.9   62.7   87.2   62.8      125724        6900      0.0000
add    0    2    6   87.5   62.8   87.2   62.8      125597        6900      0.0000
view   3, pass 1,   7 points (-  0), mean, sd, max dev:    0.14    0.07    0.22
Metro error #3, Restarting with step factor of 0.22
Metro error #3, Restarting with step factor of 0.28
Metro error #3, Restarting with step factor of 0.19
Metro error #3, Restarting with step factor of 0.12
  14 views, 1000 cycles, F =     0.513514, mean residual =    0.34
tiltalign error going to view 3 even after varying step factor
add    0    1    4   82.8   61.8   86.6   62.3      114936        6192      0.0000
add    0    1    7   83.1   61.9   86.6   62.3      114486        6192      0.0000
add    0    1    2   83.1   61.9   86.6   62.3      114486        6192      0.0000
add    0    1    5   87.1   62.3   86.9   62.3      110497        6464      0.0000
add    0    1    3   87.1   62.3   86.9   62.3      110592        6464      0.0000
add    0    1    1   87.2   62.2   86.9   62.3      110535        6464      0.0000
add    0    1    6   86.9   62.3   86.9   62.3      110581        6464      0.0000
view   2, pass 1,   7 points (-  0), mean, sd, max dev:    0.06    0.02    0.09
Metro error #3, Restarting with step factor of 0.22
Metro error #3, Restarting with step factor of 0.28
Metro error #3, Restarting with step factor of 0.19
Metro error #3, Restarting with step factor of 0.12
  15 views, 1000 cycles, F =     0.491166, mean residual =    0.32
tiltalign error going to view 2 even after varying step factor
add    0    0    4   85.6   62.1   89.1   60.7      103386        6400      0.0000
add    0    0    7   85.9   62.1   89.1   60.7      103160        6400      0.0000
add    0    0    2   85.8   62.1   89.1   60.7      103160        6400      0.0000
add    0    0    5   89.5   60.6   89.3   60.7      100439        6497      0.0000
add    0    0    3   89.4   60.8   89.3   60.7      100411        6497      0.0000
add    0    0    1   89.6   60.8   89.3   60.7      100280        6497      0.0000
add    0    0    6   89.2   60.7   89.3   60.7      100452        6497      0.0000
view   1, pass 1,   7 points (-  0), mean, sd, max dev:    0.04    0.01    0.05
Metro error #3, Restarting with step factor of 0.22
Metro error #3, Restarting with step factor of 0.28
Metro error #3, Restarting with step factor of 0.19
Metro error #3, Restarting with step factor of 0.12
  16 views, 1000 cycles, F =     0.327471, mean residual =    0.24
tiltalign error going to view 1 even after varying step factor
  16 views,    1 cycles, F =     0.327466, mean residual =    0.24
add    0   16    4   61.8   64.4   55.9   63.7       96086        5963      0.0000
add    0   16    7   61.3   64.3   55.7   63.7       98228        5963      0.0000
add    0   16    2   61.3   64.3   55.7   63.7       98483        5666      0.0000
add    0   16    5   55.4   63.6   55.1   63.7      120288        5666      0.0000
add    0   16    3   55.2   63.7   55.1   63.7      120298        5666      0.0000
add    0   16    1   55.1   63.6   55.1   63.7      120191        5666      0.0000
add    0   16    6   55.0   63.9   55.0   63.7      120301        5666      0.0000
view  17, pass 1,   7 points (-  0), mean, sd, max dev:    0.16    0.05    0.22
Metro error #3, Restarting with step factor of 0.22
Metro error #3, Restarting with step factor of 0.28
Metro error #3, Restarting with step factor of 0.19
Metro error #3, Restarting with step factor of 0.12
  17 views, 1000 cycles, F =     0.477357, mean residual =    0.30
tiltalign error going to view 17 even after varying step factor
Trials: 2    4    33.9    58.6    39.5    57.5   4130.1  1.6341        53.7    64.3    52.8    58.8   5674.5  1.3432
add    0   17    4   53.7   64.3   52.8   58.8       86371        5675      0.0000
Trials: 2    7    34.0    58.6    39.5    57.5   4130.1  1.6234        53.3    63.9    52.7    58.9   5674.5  1.2862
add    0   17    7   53.3   63.9   52.7   58.9       90442        5675      0.0000
Trials: 2    2    34.0    58.6    39.5    57.5   4130.1  1.6209        53.9    63.9    52.8    58.8   5674.5  1.3038
add    0   17    2   53.9   63.9   52.8   58.8       86388        5675      0.0000
Trials: 2    5    32.7    53.4    39.1    57.5   4608.0  1.8438        52.3    58.8    52.7    58.7   5674.5  0.8613
add    0   17    5   52.3   58.8   52.7   58.7       94516        5675      0.0000
 Rescue-distance, sec  17,  obj   3, at     6.8    13.6, dist= 15.2, dens=      908, crit=      720, min=     5666
BKGD-DENS:   3  4848.67   118.46  40.834   8.134
Trials: 2    3    38.2    44.1    44.8    57.6   2153.7  2.6703        52.8    58.8    52.8    58.7   5674.5  0.3918
add    0   17    3   52.8   58.8   52.8   58.7       91801        5675      0.0000
 Rescue-distance, sec  17,  obj   1, at     6.5    12.7, dist= 14.3, dens=      566, crit=      720, min=     5666
BKGD-DENS:   1  4851.86   146.78  35.119   7.610
Trials: 2    1    37.5    44.6    44.5    57.7   1102.8  2.6514        51.9    58.9    52.7    58.7   5674.5  0.2894
add    0   17    1   51.9   58.9   52.7   58.7       94506        5675      0.0000
Trials: 2    6    52.3    57.0    52.7    58.8   5674.5  1.2068        52.9    58.9    52.8    58.7   5674.5  1.0164
add    0   17    6   52.9   58.9   52.8   58.7       91850        5675      0.0000
view  18, pass 1,   7 points (-  0), mean, sd, max dev:    0.07    0.01    0.09
  18 views,    6 cycles, F =     0.635574, mean residual =    0.36
add    0   18    4   53.6   58.9   55.8   61.1       84243        5463      0.0000
add    0   18    7   53.7   58.9   55.8   61.1       84490        5463      0.0000
add    0   18    2   53.7   58.9   55.8   61.1       84419        5463      0.0000
add    0   18    5   56.0   61.1   55.9   61.0       79471        5463      0.0000
add    0   18    3   56.0   61.0   55.9   61.0       79398        5407      0.0000
add    0   18    1   56.0   60.9   55.9   61.0       79473        5463      0.0000
add    0   18    6   55.9   61.0   55.9   61.0       79475        5463      0.0000
view  19, pass 1,   7 points (-  0), mean, sd, max dev:    0.02    0.01    0.03
  19 views,    6 cycles, F =     0.638226, mean residual =    0.34
add    0   19    4   56.6   61.1   53.6   58.8       58449        4786      0.0000
add    0   19    7   56.7   61.1   53.6   58.8       58522        4786      0.0000
add    0   19    2   56.7   61.1   53.6   58.8       58513        4786      0.0000
add    0   19    5   53.8   58.7   53.4   58.9       64913        4786      0.0000
add    0   19    3   53.7   58.7   53.4   58.9       64867        4786      0.0000
add    0   19    1   53.7   58.7   53.5   58.9       64907        4786      0.0000
add    0   19    6   53.5   58.8   53.3   58.8       66127        4786      0.0000
view  20, pass 1,   7 points (-  0), mean, sd, max dev:    0.05    0.03    0.11
  20 views,    9 cycles, F =     0.614893, mean residual =    0.35
add    0   20    4   54.9   58.9   56.3   58.7       55794        4053      0.0000
add    0   20    7   55.0   59.0   56.3   58.7       55898        4053      0.0000
add    0   20    2   55.0   59.0   56.3   58.7       55871        4053      0.0000
add    0   20    5   56.4   58.6   56.5   58.7       54816        4053      0.0000
add    0   20    3   56.4   58.7   56.5   58.7       54780        4053      0.0000
add    0   20    1   56.5   58.6   56.5   58.7       54813        4053      0.0000
add    0   20    6   56.4   58.7   56.5   58.7       54824        4053      0.0000
view  21, pass 1,   7 points (-  0), mean, sd, max dev:    0.04    0.01    0.06
  21 views,    6 cycles, F =     0.598262, mean residual =    0.35
For object  1, round  1:  7 contours, points missing =    0
 Aligning Sobel-centered points for comparison
Metro error #4, Restarting with step factor of 0.22
Metro error #4, Restarting with step factor of 0.28
Metro error #4, Restarting with step factor of 0.19
Metro error #4, Restarting with step factor of 0.12
  21 views,   10 cycles, F =     0.583959, mean residual =    0.34
tiltalign error going to view 21 even after varying step factor
 Aligning saved centroid-centered points
Metro error #3, Restarting with step factor of 0.22
Metro error #3, Restarting with step factor of 0.28
Metro error #3, Restarting with step factor of 0.19
Metro error #3, Restarting with step factor of 0.12
  21 views, 1000 cycles, F =     0.803311, mean residual =    0.44
tiltalign error going to view 21 even after varying step factor
For object  1, round  2:  7 contours, points missing =    0
 Aligning Sobel-centered points for comparison
Metro error #3, Restarting with step factor of 0.22
Metro error #3, Restarting with step factor of 0.28
Metro error #3, Restarting with step factor of 0.19
Metro error #3, Restarting with step factor of 0.12
  21 views, 1000 cycles, F =     0.382456, mean residual =    0.27
tiltalign error going to view 11 even after varying step factor
 Aligning saved centroid-centered points
  21 views,  703 cycles, F =     0.807676, mean residual =    0.44

Obj cont:  Views on which points are missing
 Total points missing = 0

Mean residual 0.0000 nm from Sobel centering, 0.0000 nm from centroid centering
  centroid centering better in   0 of   2 fits
