3
1024 1024 10 1 1.000000 1
102.400002  204.800003  5  102.400002  204.800003  5
1.005880  -0.067790  0.065924  1.006028  12.057 4.883
  -1.665  -0.323  0.525  1.001  -0.889  -1.485  0.757  -0.174
  2.422  1.072
  -0.395  0.029  2.985  -0.009  -0.498  -1.559  0.079  -0.191
  0.166  -0.095
  -0.629  1.216  1.428  0.674  -2.848  0.863  -2.212  -0.323
  -1.994  -0.276
  -1.527  0.381  3.667  0.477  0.751  -1.499  -1.121  1.015
  -0.852  0.502
  -0.829  -0.835  0.160  -0.542  1.735  -0.021  0.180  0.412
  0.603  -0.311
102.400002  204.800003  5  102.400002  204.800003  5
1.007569  -0.104866  0.106107  1.007167  7.641 5.996
  -0.567  -1.623  -0.257  -0.227  1.169  -0.430  0.204  0.198
  -0.514  0.163
  -0.370  -1.061  -1.530  -1.226  -0.380  1.462  0.460  1.306
  0.230  0.741
  0.326  0.846  1.871  -0.696  -1.624  2.051  -0.345  1.061
  0.737  -1.456
  2.334  1.942  -0.251  0.305  -0.041  -1.905  -0.501  0.020
  1.177  0.193
  -0.340  1.045  -0.942  0.096  1.038  -1.213  -2.216  -1.848
  0.332  0.255
102.400002  204.800003  5  102.400002  204.800003  5
1.005865  -0.114994  0.115762  1.007787  1.769 -4.350
  0.004  -2.928  0.381  1.567  0.971  -0.793  -0.685  -0.675
  1.865  0.438
  -0.528  1.187  -0.543  1.903  -1.135  -0.717  0.103  1.341
  0.573  0.504
  -1.894  -0.987  -0.914  -1.013  0.576  -0.551  0.759  0.172
  -0.742  0.099
  0.685  1.120  -0.353  -0.149  -2.192  2.184  1.777  -0.006
  -1.012  -1.482
  1.022  0.657  2.841  0.330  -0.507  -2.923  1.428  0.682
  -2.478  0.041
102.400002  204.800003  5  102.400002  204.800003  5
1.011736  -0.059095  0.059202  1.008914  37.440 8.292
  -0.979  -0.763  -0.243  -0.916  0.634  -1.604  -1.007  1.745
  1.615  0.289
  -1.561  1.983  0.714  -0.158  -0.669  -0.368  -1.508  -0.353
  1.517  1.154
  2.791  0.829  -0.070  -0.791  0.097  -1.590  -2.307  0.782
  2.034  1.481
  1.374  0.945  -0.751  0.062  -0.181  -1.826  -1.917  -2.330
  0.846  0.111
  -0.494  1.611  0.795  0.211  1.776  -1.370  -2.208  0.046
  -0.298  0.817
102.400002  204.800003  5  102.400002  204.800003  5
0.995971  -0.092995  0.092830  0.995752  17.603 3.753
  0.470  -0.276  -0.897  -0.427  0.481  1.134  1.686  -1.363
  0.265  -3.265
  -0.223  1.062  -1.101  0.645  -0.011  1.606  -0.685  -0.738
  -0.906  1.377
  1.125  0.480  0.093  0.621  0.300  0.121  -0.220  -1.441
  -0.869  2.428
  0.026  0.399  -0.304  0.260  0.570  -0.360  0.324  0.650
  -0.749  -0.244
  -1.254  -1.281  1.198  -2.424  -0.411  -0.194  -0.432  0.692
  1.523  0.540
102.400002  204.800003  5  102.400002  204.800003  5
1.008629  -0.085598  0.085016  1.009879  5.344 -4.754
  0.901  -0.077  -0.941  -0.963  -2.039  1.413  -0.493  0.615
  0.980  -0.341
  1.758  1.639  -0.993  -1.527  -1.482  1.088  1.133  -0.912
  0.901  -0.545
  0.171  -0.320  0.194  -1.749  -1.116  -1.791  0.113  2.655
  2.731  -0.123
  -0.978  -0.170  -0.729  2.515  1.130  -0.965  0.880  0.868
  -2.082  -1.231
  0.876  0.010  0.931  -0.627  0.325  -0.733  -1.392  1.463
  -0.780  -0.193
102.400002  204.800003  5  102.400002  204.800003  5
1.001657  -0.059532  0.057879  1.002235  7.958 2.921
  1.406  -0.184  0.491  0.059  0.113  1.042  -0.811  1.629
  -1.235  -1.496
  0.603  -0.727  -0.783  1.025  1.419  -2.080  0.457  1.632
  1.035  -0.714
  -1.168  0.090  -1.696  -0.234  -0.542  -0.307  1.419  -0.416
  -1.670  0.332
  -1.164  0.281  -0.238  -0.338  -1.465  -0.462  2.970  -0.854
  -0.880  0.963
  0.966  1.465  1.009  -1.963  -1.242  0.451  0.645  1.335
  0.360  -0.529
102.400002  204.800003  5  102.400002  204.800003  5
1.009150  -0.089120  0.089155  1.010197  8.202 -1.918
  -0.459  -1.669  -1.094  0.365  1.062  1.015  1.330  0.909
  0.161  0.577
  -0.776  -1.111  -0.885  0.201  -0.826  -0.561  0.266  1.351
  -0.790  -1.036
  1.379  -0.504  0.848  -1.040  0.126  -2.824  0.980  -0.851
  -1.471  1.913
  0.645  3.848  0.448  -0.312  -0.055  2.243  -0.061  0.436
  0.338  -0.673
  0.010  -0.450  -1.550  1.038  0.688  -0.171  -0.917  -2.456
  0.602  -0.238
102.400002  204.800003  5  102.400002  204.800003  5
1.009136  -0.058788  0.058361  1.008874  10.548 -15.379
  0.367  -0.201  0.198  0.325  -1.034  -0.282  -0.748  -0.377
  0.472  0.725
  1.450  -2.647  0.491  -0.300  2.782  1.591  -1.501  0.787
  -0.651  1.432
  -1.744  0.393  -0.549  0.288  -0.675  -2.280  0.398  1.648
  0.185  -0.529
  -0.610  1.073  -0.256  0.481  1.964  -0.966  -0.490  -2.019
  -0.578  -0.743
  -1.373  -0.264  1.851  1.131  -0.618  3.235  0.083  -1.828
  0.585  -0.673
102.400002  204.800003  5  102.400002  204.800003  5
0.993611  -0.116675  0.115360  0.994297  0.377 -9.085
  1.177  0.105  0.598  -0.290  -0.486  1.131  0.876  0.739
  -0.818  -1.066
  0.684  2.661  0.016  -0.397  -0.747  -1.527  -1.398  -0.506
  0.796  -0.125
  -0.029  -1.826  0.453  0.288  -1.682  -1.734  -0.733  1.082
  0.327  0.233
  -0.089  0.323  -0.486  2.479  -1.763  -0.904  1.204  -0.396
  1.072  -0.216
  0.032  -0.981  -1.421  -1.587  2.425  0.863  0.100  0.873
  -0.108  0.779
