3
1024 1024 10 1 1.000000 1
102.400002  204.800003  5  102.400002  204.800003  5
0.997206  0.021308  -0.021308  0.997206  3.021 7.960
  -1.993  -0.098  0.717  1.647  -1.824  -1.939  1.059  0.711
  2.301  1.474
  -0.153  -0.411  3.856  -0.433  -1.177  -1.708  0.143  0.218
  -0.517  -0.093
  0.410  1.039  1.645  0.315  -2.685  1.053  -2.130  -0.257
  -2.211  0.003
  -1.168  0.321  4.950  -0.073  1.263  -1.985  -0.432  0.994
  -0.139  0.555
  0.155  -1.509  0.846  -1.218  2.808  -0.758  1.029  0.004
  1.429  -0.903
102.400002  204.800003  5  102.400002  204.800003  5
1.002969  -0.017487  0.017487  1.002969  -0.991 10.106
  0.212  -1.170  1.152  0.702  2.463  -0.566  0.832  0.762
  0.424  0.313
  0.273  -0.898  -1.522  -0.595  0.886  2.267  1.466  1.580
  1.166  1.048
  0.275  1.157  2.661  -0.491  -1.041  2.940  0.367  1.456
  1.311  -1.704
  3.650  2.664  0.265  1.129  0.190  -1.326  -0.168  0.561
  1.674  1.064
  0.089  2.032  -1.141  1.189  1.668  -0.438  -2.686  -1.359
  0.356  0.792
102.400002  204.800003  5  102.400002  204.800003  5
1.002878  -0.027106  0.027106  1.002878  -8.033 0.016
  -0.237  -3.555  1.210  3.468  1.506  -1.376  -0.619  0.333
  3.734  0.926
  0.170  2.336  -0.123  2.792  -1.028  -0.712  1.081  2.137
  0.981  0.452
  -2.732  -1.069  -0.916  -0.800  0.880  -0.503  1.182  0.123
  -0.499  0.177
  0.643  1.287  -0.716  -0.349  -2.045  2.406  2.178  -0.268
  -0.718  -1.854
  0.255  0.309  3.273  0.370  -1.167  -3.667  2.114  0.284
  -2.414  0.271
102.400002  204.800003  5  102.400002  204.800003  5
1.002467  0.028152  -0.028152  1.002467  27.843 8.952
  -0.263  -3.210  -0.190  -2.332  0.894  -3.208  -1.362  1.829
  2.466  -1.772
  -2.301  1.319  1.280  -1.480  -1.041  -1.041  -1.784  -1.020
  1.876  1.035
  3.085  -0.130  -0.203  -1.474  -0.186  -1.970  -2.666  1.045
  2.160  1.255
  1.999  0.379  -1.077  0.130  -0.561  -1.667  -2.539  -2.224
  -0.008  0.226
  -0.712  2.143  0.268  0.874  1.828  -1.230  -2.955  1.129
  -1.033  1.966
102.400002  204.800003  5  102.400002  204.800003  5
0.989580  -0.005830  0.005830  0.989580  8.054 6.109
  1.079  -1.010  -1.134  -0.653  1.152  1.327  1.517  -2.490
  -0.886  -3.563
  -0.153  0.900  -1.146  0.367  0.347  1.511  -1.232  -1.244
  -1.145  2.629
  1.636  -0.185  0.338  0.172  0.305  -0.313  -0.501  -1.885
  -0.963  2.476
  0.805  0.097  -0.322  0.094  0.530  -0.969  0.295  0.360
  -1.123  -1.183
  -1.498  -1.595  1.335  -3.540  -0.400  -0.917  -0.930  0.146
  1.692  0.115
102.400002  204.800003  5  102.400002  204.800003  5
1.008629  -0.085598  0.085016  1.009879  5.344 -4.754
  0.901  -0.077  -0.941  -0.963  -2.039  1.413  -0.493  0.615
  0.980  -0.341
  1.758  1.639  -0.993  -1.527  -1.482  1.088  1.133  -0.912
  0.901  -0.545
  0.171  -0.320  0.194  -1.749  -1.116  -1.791  0.113  2.655
  2.731  -0.123
  -0.978  -0.170  -0.729  2.515  1.130  -0.965  0.880  0.868
  -2.082  -1.231
  0.876  0.010  0.931  -0.627  0.325  -0.733  -1.392  1.463
  -0.780  -0.193
102.400002  204.800003  5  102.400002  204.800003  5
0.993159  0.027654  -0.027654  0.993159  -1.330 6.553
  1.647  -0.584  0.604  -0.200  0.328  1.805  -0.605  2.347
  -1.173  -1.398
  1.067  -1.599  -0.556  1.361  1.816  -2.662  0.759  2.826
  1.792  -0.360
  -0.901  -0.445  -1.729  -0.397  -0.281  -0.219  1.774  -0.345
  -2.187  1.576
  -1.609  -0.671  -0.201  -0.516  -1.505  -0.373  3.276  -0.910
  -0.205  1.686
  1.117  1.145  1.293  -2.952  -1.296  0.193  0.748  1.941
  0.704  -0.357
102.400002  204.800003  5  102.400002  204.800003  5
1.003371  -0.000688  0.000688  1.003371  -1.689 1.976
  -0.510  -1.220  -1.282  1.645  1.921  1.488  1.285  1.250
  -0.003  0.996
  -1.578  -0.305  -1.101  1.090  -0.870  -0.162  0.601  2.032
  -1.188  -1.408
  1.226  -1.660  0.679  -0.855  -0.159  -2.731  1.070  -0.750
  -1.348  3.116
  1.068  5.263  0.612  -0.522  0.162  2.410  -0.040  0.676
  0.775  -1.365
  0.193  -0.754  -1.868  1.308  0.998  0.112  -1.361  -3.009
  0.728  -0.147
102.400002  204.800003  5  102.400002  204.800003  5
0.999435  0.029380  -0.029380  0.999435  -0.481 -12.169
  0.215  0.532  0.326  0.256  -1.710  -0.575  -0.767  -0.354
  0.405  0.929
  2.453  -3.853  0.602  -0.298  3.414  1.400  -2.480  0.602
  -0.781  1.490
  -1.583  -0.153  -0.197  -0.145  -0.876  -2.757  0.691  1.499
  -0.102  -1.526
  0.305  0.848  -0.264  -0.021  2.113  -1.678  -0.837  -2.858
  -1.050  -1.109
  -1.440  -1.041  2.695  -0.294  -0.171  3.297  -0.091  -2.601
  0.605  -1.406
102.400002  204.800003  5  102.400002  204.800003  5
0.991565  -0.028369  0.028369  0.991565  -9.967 -4.644
  0.146  -1.523  -0.098  -0.565  -0.919  1.415  1.403  0.094
  -1.350  -1.606
  0.405  3.586  -0.685  -1.177  -1.046  -1.643  -1.458  -0.308
  2.151  -0.002
  -0.766  -2.422  0.320  -0.040  -1.840  -1.630  -0.063  1.519
  0.940  0.308
  -0.485  0.481  -0.018  3.259  -1.698  -0.553  1.902  -0.398
  2.137  -0.066
  0.218  -0.556  -2.071  -1.456  3.323  0.968  0.909  1.430
  0.854  1.533
