   1.0123097  -0.1089939   0.1054175   1.0139672      31.081       7.136
   0.9874583  -0.0217870   0.0195291   0.9847594      -0.912      -6.050
   1.0010037  -0.0815885   0.0805306   1.0019977      33.302       7.947
   1.0084999  -0.1013990   0.1105448   0.9954609      30.989     -19.902
   1.0169771  -0.1070347   0.0983669   1.0077380       5.939      11.644
   1.0270481  -0.0452762   0.0401087   1.0293686       7.687      -2.454
   0.9910266  -0.1126146   0.1113838   0.9907866      25.748      -1.720
   1.0327717  -0.0568846   0.0591746   1.0180066       4.815     -20.842
   1.0318233  -0.0501413   0.0572813   1.0335726      30.762     -20.978
   1.0151250  -0.0635791   0.0585799   1.0254501      22.202       7.052
   1.0103790  -0.1003757   0.0971081   1.0175526      18.705      -2.731
   1.0261612  -0.1090961   0.1241753   1.0123885      14.367       3.778
   0.9999530  -0.1123687   0.1063355   1.0049354      41.178     -39.781
   1.0144976  -0.0503407   0.0470821   1.0121214      13.893      -5.811
   0.9994073  -0.1536740   0.1539613   1.0012410       1.829      -5.733
   1.0022562  -0.0886358   0.0692826   0.9826679       3.055      -8.037
   1.0058094  -0.0598973   0.0643265   1.0067050     -15.149     -11.080
   1.0152833  -0.0727682   0.0811086   1.0226016     -31.269       2.577
   1.0019883  -0.0274080   0.0264171   1.0091451       7.556      -0.813
   1.0047339  -0.1161688   0.1160279   1.0038502      36.138     -35.033
   1.0266864  -0.1169716   0.1182719   1.0281203      11.128       7.315
   1.0089165  -0.1018215   0.0895882   0.9993584     -10.815     -27.268
   1.0039285  -0.0963377   0.0927220   1.0057561      33.532     -15.708
   1.0006677  -0.0905358   0.0842480   0.9963124      32.943      11.247
   1.0020537   0.0022322  -0.0001981   1.0078876       9.405     -12.725
   1.0125300  -0.1097102   0.0967670   1.0204859      -7.045      14.713
   0.9972252  -0.0016991  -0.0006507   1.0046563      11.637      -1.473
   0.9753228  -0.1327908   0.1391602   0.9975645       2.508      15.539
   1.0159256  -0.0443360   0.0372146   1.0136436       9.502      16.625
   1.0295106  -0.0930494   0.0817809   1.0192788      36.046     -20.659
   1.0134422  -0.1018832   0.0994405   1.0079385      -8.514      -5.319
   1.0064298  -0.0806972   0.0813248   1.0004902      13.342      -0.369
   0.9943028  -0.0659082   0.0669922   0.9918862       0.262      11.970
   1.0086734  -0.0351226   0.0250107   1.0084678      22.409      -6.823
   0.9861257  -0.1457598   0.1451529   0.9859968      24.735     -10.817
   0.9855422  -0.0535830   0.0572866   1.0004404       9.765     -20.490
   1.0207580  -0.0824684   0.0788061   1.0163810      21.364      -6.701
   1.0015320  -0.0104659   0.0084302   1.0036163       3.620      -9.580
   1.0086980  -0.0912779   0.0948760   1.0071175      19.623     -34.357
   1.0157719  -0.1217317   0.1199725   1.0132952       2.065       6.288
