3
1024 1024 10 1 1.000000 1
102.400002  204.800003  5  102.400002  204.800003  5
1.001975  0.036781  -0.038919  1.003244  -11.978 -4.528
  -1.885  1.167  -2.245  -0.584  0.413  -1.450  2.612  1.004
  2.789  0.579
  -0.855  0.301  2.892  -0.696  0.541  -3.810  -1.144  0.613
  -0.959  -0.731
  2.029  1.472  -0.000  1.776  -0.035  -0.660  -3.749  -0.096
  -3.628  3.266
  -1.988  0.086  4.006  -0.761  -0.777  -1.530  1.671  -1.824
  -0.405  2.896
  -0.977  1.807  -0.518  -0.150  0.723  -1.052  1.637  -0.882
  -0.148  -0.743
102.400002  204.800003  5  102.400002  204.800003  5
1.007940  0.000263  0.000728  1.008173  -15.848 -3.674
  -0.777  -0.156  -3.004  -1.842  3.339  -0.076  1.096  1.263
  -0.447  -0.295
  -1.081  -0.907  -3.135  -1.257  1.903  -0.147  -0.580  1.727
  -0.166  0.350
  1.963  0.715  0.827  0.105  1.541  0.601  -1.723  1.123
  -0.611  0.887
  3.077  1.071  -0.338  -0.730  -1.532  -1.946  2.052  -2.822
  1.173  3.026
  -0.255  3.949  -1.778  0.686  0.404  -2.111  -1.234  -3.430
  -0.715  0.215
102.400002  204.800003  5  102.400002  204.800003  5
1.007080  -0.009433  0.010184  1.009711  -22.379 -13.550
  -0.497  -2.722  -2.279  0.754  2.807  -1.056  -0.181  0.578
  2.826  -0.033
  -0.242  2.433  -1.070  2.318  0.382  -3.147  -0.908  2.294
  -0.356  -0.287
  -0.458  -1.071  -2.110  0.133  3.689  -2.363  -0.726  0.203
  -2.485  3.181
  0.815  0.623  -0.786  -1.489  -3.509  2.425  4.585  -2.820
  -1.236  0.672
  0.601  3.190  3.113  0.819  -1.935  -4.444  3.485  -0.685
  -3.526  0.494
102.400002  204.800003  5  102.400002  204.800003  5
1.006860  0.045946  -0.045949  1.004925  13.112 -3.241
  -0.482  -0.133  -3.508  -2.640  2.303  -1.251  -0.193  3.801
  2.488  -0.994
  -2.942  3.086  0.274  -0.619  0.363  -1.983  -2.768  0.008
  1.239  1.436
  5.144  0.635  -0.944  0.138  2.402  -3.099  -3.304  1.159
  1.116  4.333
  2.194  -0.210  -1.095  -0.858  -1.515  -1.836  -0.298  -5.000
  0.924  1.273
  -0.427  4.321  0.327  1.114  1.166  -2.482  -1.493  -0.903
  -0.973  0.702
102.400002  204.800003  5  102.400002  204.800003  5
0.995044  0.010761  -0.011272  0.995437  -6.148 -6.438
  0.819  0.692  -4.253  -2.355  2.895  2.213  2.956  -1.611
  -0.430  -3.868
  -0.988  1.800  -2.079  0.553  2.044  -0.139  -2.196  -0.574
  -1.384  2.451
  3.608  0.425  -0.931  1.786  3.277  -1.660  -1.658  -1.494
  -1.964  5.885
  0.320  -0.180  -0.627  -0.622  -0.978  -0.402  3.157  -2.209
  -0.767  1.470
  -1.911  1.894  0.791  -2.526  -1.541  -1.290  0.757  -0.669
  1.081  0.431
102.400002  204.800003  5  102.400002  204.800003  5
1.006466  0.019541  -0.020419  1.008636  -19.240 -13.772
  0.489  0.678  -4.424  -2.852  -0.068  3.153  1.202  0.925
  1.186  -1.012
  1.801  2.501  -2.364  -1.852  0.461  -0.263  0.096  -1.015
  -0.024  -0.781
  2.897  -0.111  -0.983  -1.126  1.757  -3.480  -1.062  3.306
  1.810  2.743
  -1.464  -1.156  -0.847  1.856  -0.511  -1.012  3.867  -2.458
  -3.288  1.211
  0.901  2.876  0.562  -0.305  -0.608  -2.154  -0.099  0.487
  -1.287  -0.158
102.400002  204.800003  5  102.400002  204.800003  5
0.997054  0.044613  -0.046236  0.998394  -16.203 -5.933
  1.414  1.026  -2.539  -2.014  2.039  2.370  0.284  2.478
  -1.451  -2.620
  0.479  -0.510  -1.529  1.291  3.210  -4.692  -0.850  2.944
  0.894  -1.390
  1.102  0.240  -3.073  1.116  2.583  -2.186  0.073  -0.442
  -3.661  4.286
  -1.669  -0.761  -0.546  -1.273  -3.163  -0.155  5.854  -4.385
  -0.361  3.348
  1.069  4.512  0.850  -2.108  -2.586  -0.508  1.987  0.442
  -0.410  -1.010
102.400002  204.800003  5  102.400002  204.800003  5
1.007819  0.016032  -0.016190  1.009556  -16.149 -11.316
  -0.345  -0.483  -4.397  -1.144  3.955  1.752  2.528  1.477
  0.033  0.104
  -1.992  -0.304  -1.740  0.492  0.961  -2.695  -0.820  2.207
  -1.818  -2.110
  3.571  -1.859  -0.511  0.074  2.990  -4.851  -0.459  -0.797
  -2.773  6.313
  0.946  4.259  0.453  -1.911  -1.504  2.484  2.751  -2.495
  0.682  1.046
  0.151  1.993  -2.278  1.670  -0.197  -0.806  0.170  -4.289
  -0.357  -0.127
102.400002  204.800003  5  102.400002  204.800003  5
1.004400  0.046031  -0.046662  1.005267  -15.340 -24.329
  -0.145  1.792  -2.660  -1.578  0.323  0.055  0.461  0.291
  0.806  0.513
  1.620  -3.114  -0.208  -0.211  5.117  -0.446  -3.686  1.335
  -1.099  1.781
  0.401  0.324  -1.654  1.525  1.983  -4.207  -0.264  1.739
  -0.911  2.137
  -0.365  0.636  -0.738  -0.641  0.363  -0.915  1.786  -5.291
  -0.751  1.380
  -1.959  2.634  1.962  1.010  -1.532  3.238  1.250  -3.151
  -0.102  -0.836
102.400002  204.800003  5  102.400002  204.800003  5
0.995121  -0.012815  0.011147  0.996303  -23.938 -17.928
  1.062  0.429  -2.492  -2.204  1.271  2.624  2.611  1.172
  -1.564  -1.810
  0.847  4.396  -0.969  -1.020  0.875  -3.494  -3.001  0.266
  1.114  -0.397
  1.843  -2.138  -0.541  1.004  1.049  -3.332  -1.932  1.649
  -1.156  3.259
  -0.307  -0.161  -0.228  2.002  -3.320  -0.910  3.981  -3.293
  1.174  1.893
  0.159  1.785  -2.726  -1.601  2.028  -0.551  1.402  -0.282
  -1.180  0.713
