3
256 256 5 1 1.000000 3
5
1.007623  -0.017102  0.013712  1.009557  15.142 9.055
146.330 95.259 -0.473 0.315
123.444 232.911 1.377 -0.332
150.149 104.716 0.673 0.439
203.904 210.289 -1.166 1.338
203.175 176.076 -0.846 -1.476
0
0.974360  0.080863  -0.083279  0.971849  -6.491 -2.745
6
0.994195  -0.013645  0.012709  0.995286  28.903 9.614
103.528 171.110 -1.779 0.435
180.992 195.147 -0.817 1.174
198.642 200.986 -1.115 1.557
224.219 173.523 2.460 -0.389
155.479 142.985 0.961 1.632
237.119 132.249 -0.580 -1.477
0
1.004272  -0.012786  0.020700  0.990632  16.764 -17.046
5
1.011727  0.004251  -0.013406  1.003154  -6.885 10.400
32.823 75.587 -1.376 0.513
68.856 179.347 -0.197 -0.217
120.605 89.414 0.508 0.184
90.189 80.345 0.090 0.255
118.803 119.694 -1.015 -0.875
