3
1024 1024 10 1 1.000000 1
102.400002  204.800003  5  102.400002  204.800003  5
0.994846  0.039734  -0.043497  0.995847  5.524 16.101
  -3.746  -0.296  1.737  2.815  -3.105  -4.334  2.843  0.687
  5.431  1.960
  -0.839  -0.562  7.163  -0.812  -2.473  -3.550  0.394  0.097
  -0.786  -0.705
  -0.162  2.581  2.615  0.983  -5.821  2.296  -4.712  -0.375
  -4.737  -0.082
  -3.734  1.740  8.251  0.601  1.206  -3.168  -1.868  2.331
  -1.167  1.375
  -1.928  -1.453  -0.078  -1.180  3.675  -0.607  0.491  0.802
  1.347  -1.143
102.400002  204.800003  5  102.400002  204.800003  5
1.005708  -0.033089  0.035649  1.004547  -3.306 19.141
  -1.553  -3.209  0.284  0.637  2.922  -1.687  -0.289  1.001
  -1.136  0.274
  -1.030  -2.886  -4.515  -2.148  0.191  3.587  1.286  2.429
  0.680  1.475
  -0.619  0.974  3.937  -2.056  -3.238  4.777  -0.401  1.984
  1.446  -3.943
  6.326  3.790  -0.195  0.754  -0.464  -3.641  -1.058  0.030
  2.532  0.900
  -0.239  2.289  -2.529  0.676  2.695  -2.435  -5.473  -3.940
  0.441  0.367
102.400002  204.800003  5  102.400002  204.800003  5
1.003215  -0.052537  0.054684  1.006964  -16.527 -0.468
  -0.773  -8.044  1.483  5.810  1.868  -3.754  -2.760  -0.413
  5.477  0.973
  0.049  3.704  -0.784  4.673  -2.841  -2.112  0.879  3.637
  0.489  0.372
  -4.913  -2.459  -1.821  -1.926  1.309  -1.236  1.432  0.098
  -2.167  0.166
  1.814  2.457  -1.165  -0.456  -4.011  4.704  3.617  -0.422
  -2.273  -3.398
  1.823  1.071  6.671  0.835  -1.758  -6.380  3.624  1.148
  -5.267  0.951
102.400002  204.800003  5  102.400002  204.800003  5
1.004997  0.057948  -0.057854  0.999019  56.337 17.759
  -1.345  -2.846  -0.989  -1.510  1.276  -3.502  -2.635  5.742
  4.654  -1.163
  -4.813  4.785  1.856  -0.632  -1.829  -0.375  -3.357  -0.455
  3.745  2.942
  5.498  1.299  0.100  -1.610  -0.210  -3.008  -4.497  2.130
  4.341  2.511
  4.301  1.098  -1.218  0.322  -0.676  -3.266  -4.061  -4.749
  0.474  -0.856
  -0.628  3.544  0.997  0.992  4.067  -3.401  -3.872  0.165
  -1.178  1.845
102.400002  204.800003  5  102.400002  204.800003  5
0.980801  -0.011583  0.011033  0.979964  16.029 12.953
  1.527  -1.343  -2.408  -0.773  2.210  3.005  3.379  -4.481
  -0.979  -6.827
  -0.915  2.560  -2.529  1.431  0.664  3.552  -1.896  -1.939
  -1.608  5.262
  2.588  0.625  0.389  1.191  0.626  0.202  -0.651  -3.032
  -1.257  5.364
  0.964  1.312  -0.900  1.196  1.041  -0.977  0.911  1.433
  -1.535  -1.515
  -3.615  -1.907  2.236  -5.748  -0.724  -0.851  -1.493  1.212
  3.975  1.049
102.400002  204.800003  5  102.400002  204.800003  5
1.003672  0.005475  -0.006436  1.006482  -9.491 -1.614
  1.037  -1.325  -2.633  -1.432  -4.035  4.757  0.071  0.434
  2.190  -1.098
  4.479  3.800  -3.339  -3.317  -2.540  3.572  2.913  -2.985
  1.116  -0.812
  1.323  -0.665  0.363  -4.693  -2.684  -3.180  0.739  6.242
  6.185  -1.224
  -2.507  -0.647  -1.236  6.027  2.099  -2.258  1.980  1.153
  -6.679  -2.304
  2.001  0.002  1.996  -1.340  1.045  -2.346  -3.258  3.586
  -0.627  0.049
102.400002  204.800003  5  102.400002  204.800003  5
0.985120  0.055252  -0.057785  0.986211  -2.837 13.042
  2.877  -0.419  0.762  -0.106  0.128  3.234  -1.797  3.479
  -3.071  -4.306
  1.846  -2.110  -1.297  2.892  2.988  -5.141  1.096  4.639
  2.859  -2.146
  -1.816  0.129  -3.651  -0.118  -0.861  -0.583  2.965  -1.343
  -4.815  1.976
  -3.273  -0.012  -0.741  -0.346  -3.241  -0.609  6.096  -2.417
  -0.789  2.184
  2.028  3.541  2.265  -4.765  -2.674  0.490  1.140  3.442
  0.976  -1.584
102.400002  204.800003  5  102.400002  204.800003  5
1.006358  -0.001638  0.001886  1.008169  -3.380 3.428
  -0.758  -3.731  -2.365  2.082  3.933  1.868  2.587  1.502
  -0.059  1.092
  -2.932  -1.637  -2.067  1.254  -1.660  -1.129  1.167  3.326
  -2.455  -3.391
  2.566  -4.027  1.410  -2.352  -0.317  -5.938  2.037  -1.857
  -2.838  5.883
  2.224  9.907  1.253  -1.355  0.272  4.567  -0.193  1.188
  1.301  -2.683
  0.429  -1.528  -3.728  2.540  1.852  0.261  -2.859  -5.775
  1.199  -0.068
102.400002  204.800003  5  102.400002  204.800003  5
0.999553  0.058161  -0.058930  0.999806  -1.409 -23.570
  0.006  1.116  0.407  0.513  -2.952  -0.939  -1.150  -0.500
  1.476  1.933
  4.105  -7.099  0.987  -0.119  6.359  2.839  -4.290  1.762
  -0.799  3.006
  -3.895  0.570  -0.814  0.530  -1.795  -4.652  1.469  3.329
  0.164  -2.252
  -0.230  2.882  -0.975  1.160  3.798  -1.977  -1.538  -4.493
  -1.566  -1.166
  -3.894  -0.461  4.521  0.855  -0.458  7.922  -0.313  -3.350
  1.377  -1.408
102.400002  204.800003  5  102.400002  204.800003  5
0.979229  -0.058119  0.055388  0.980315  -19.819 -9.541
  2.283  -1.585  1.113  -0.161  -1.193  3.565  2.796  0.897
  -3.233  -2.700
  2.109  7.283  -0.412  -1.766  -1.792  -2.875  -3.158  -0.394
  3.091  0.064
  -0.310  -4.299  0.980  0.127  -3.712  -3.193  -0.933  2.748
  0.445  0.270
  -0.239  0.826  -0.325  5.557  -3.590  -1.571  2.565  -1.349
  2.333  -0.865
  0.485  -1.806  -3.989  -3.496  5.239  1.130  0.086  1.791
  -0.638  1.805
