3
256 256 5 1 1.000000 3
5
1.007768  0.000727  -0.004151  1.009641  16.969 11.304
195.370 221.022 -2.333 1.073
236.622 167.598 0.197 0.405
144.536 86.432 -0.263 -1.274
54.608 79.042 -0.349 -0.420
203.461 70.190 2.202 0.198
6
0.975026  0.072388  -0.074825  0.972537  -12.635 -2.830
26.304 203.715 0.215 0.644
213.842 191.231 -0.452 2.450
126.670 159.845 0.796 2.179
159.218 212.962 0.613 -0.552
86.255 64.509 0.237 0.268
80.253 148.668 1.470 -0.068
5
0.994193  0.013834  -0.014800  0.995257  26.838 11.167
115.990 133.872 -1.035 -0.088
243.936 43.555 -0.327 0.000
58.330 194.076 -1.925 -0.859
55.708 49.526 0.981 1.036
93.069 187.589 2.261 2.131
7
1.004346  0.003782  0.004355  0.990839  17.080 -14.954
151.326 163.633 1.284 1.062
204.735 181.136 2.353 0.598
67.197 77.331 -1.703 -1.459
114.551 191.688 -0.831 -0.258
112.058 46.606 0.499 0.277
183.088 207.275 0.163 0.269
242.932 118.626 -0.619 0.393
5
1.011697  0.008834  -0.017951  1.003082  -6.899 11.217
35.634 224.297 0.270 1.148
193.687 71.268 0.246 -0.280
150.043 200.160 -2.474 0.817
54.439 210.440 0.676 -0.300
222.950 213.463 1.047 1.100
