   0.9682497  -0.2152503   0.2150406   0.9763798      31.081       0.802
   0.9707888  -0.2155976   0.2164511   0.9787874      20.299      14.238
   0.9760787  -0.2161914   0.2172608   0.9797147      79.862      16.811
   0.9771785  -0.2165522   0.2182743   0.9801607      81.407      12.961
   0.9786832  -0.2175746   0.2199794   0.9815804      76.289      14.472
   0.9796217  -0.2175247   0.2205294   0.9824387      78.650       8.583
   0.9786566  -0.2172081   0.2211505   0.9838616      83.341       9.536
   0.9804952  -0.2179225   0.2218205   0.9832758      80.417       3.739
   0.9821759  -0.2190055   0.2233497   0.9849079      84.197       3.620
   0.9822419  -0.2193265   0.2240696   0.9849219      23.382      14.068
   0.9821052  -0.2197143   0.2248233   0.9847373      28.036      15.693
   0.9835954  -0.2206954   0.2258672   0.9848781      30.355      18.112
   0.9847830  -0.2221689   0.2273145   0.9841874      -2.232     -11.264
   0.9852834  -0.2222458   0.2277555   0.9846299      -9.310     -12.805
   0.9860527  -0.2230940   0.2289529   0.9853462      -4.326     -18.648
   0.9870284  -0.2234919   0.2296836   0.9862692       2.956     -17.724
   0.9869967  -0.2234832   0.2299878   0.9861878       0.199     -15.671
   0.9884622  -0.2243758   0.2311703   0.9874682      -4.057     -14.855
   0.9881459  -0.2245887   0.2316741   0.9871064       6.561     -15.052
   0.9885514  -0.2248587   0.2321263   0.9870165       7.118      -9.490
   0.9892573  -0.2254395   0.2329923   0.9876788       4.368     -17.221
   0.9903234  -0.2257924   0.2332492   0.9887607       6.901     -14.850
   0.9896523  -0.2261946   0.2335501   0.9881088       7.920     -17.263
   0.9897317  -0.2265808   0.2338468   0.9882038       8.592     -16.787
   0.9893179  -0.2272717   0.2345499   0.9877853      11.782     -14.624
   0.9891552  -0.2266495   0.2341670   0.9889337      16.732     -15.575
   0.9890976  -0.2275480   0.2350233   0.9885948      14.637     -12.066
   0.9886374  -0.2282299   0.2357269   0.9881270      13.885     -13.715
   0.9888034  -0.2284785   0.2360031   0.9882832      12.967     -15.320
   0.9892028  -0.2290055   0.2365629   0.9886734       3.780      -2.916
   0.9893801  -0.2295218   0.2371129   0.9888424      19.236     -21.886
   0.9896252  -0.2294517   0.2371576   0.9890622       5.893     -18.050
   0.9892034  -0.2305812   0.2384029   0.9886184      31.801     -15.294
   0.9891353  -0.2304427   0.2383827   0.9885265      13.451     -21.750
   0.9888476  -0.2300264   0.2382215   0.9890040      11.021     -20.039
   0.9882264  -0.2304703   0.2393909   0.9911569      15.937     -13.539
   0.9875833  -0.2304976   0.2394748   0.9904994      16.386     -11.419
   0.9870753  -0.2305414   0.2395799   0.9899790      19.142     -12.265
   0.9871189  -0.2309975   0.2401094   0.9900121      12.476     -11.532
   0.9870623  -0.2314589   0.2406486   0.9899430      19.530     -18.636
   0.9879670  -0.2317322   0.2410124   0.9908375      18.269     -15.829
   0.9873899  -0.2316182   0.2410108   0.9902372     -22.546     -17.600
   0.9881142  -0.2318911   0.2414170   0.9909436     -14.259     -14.911
   0.9870143  -0.2330799   0.2430509   0.9916187     -10.788     -16.945
   0.9865726  -0.2330410   0.2435361   0.9927311     -10.481     -11.784
   0.9861476  -0.2331394   0.2437786   0.9922827      -6.958     -15.614
   0.9870469  -0.2327575   0.2435669   0.9931580       2.613     -15.094
   0.9878908  -0.2321067   0.2433915   0.9939082      13.504     -11.023
   0.9876946  -0.2324487   0.2442242   0.9936046      15.246     -13.251
   0.9876094  -0.2329701   0.2452579   0.9934079       7.820     -16.549
   0.9873140  -0.2339318   0.2465683   0.9919671       0.090     -15.518
   0.9875895  -0.2335366   0.2466959   0.9921314      -7.288     -16.560
   0.9878115  -0.2333822   0.2472152   0.9927306      32.436     -18.214
   0.9867652  -0.2341410   0.2485091   0.9915668       1.505      -6.998
   0.9866421  -0.2338284   0.2487854   0.9913140      -0.725      -9.181
   0.9880633  -0.2344165   0.2500224   0.9926178     -11.129      -9.432
   0.9903936  -0.2346130   0.2506813   0.9935149     -28.017     -13.239
   0.9910083  -0.2342237   0.2510033   0.9939916     -22.686     -12.338
   0.9903327  -0.2349478   0.2524149   0.9931668     -26.813     -11.253
   0.9916425  -0.2362408   0.2544852   0.9943239     -24.086      -9.870
   0.9924445  -0.2368404   0.2557339   0.9942658     -81.425      17.442
