   1.0120118  -0.1088228   0.1055885   1.0142651      31.858       5.311
   0.9756464   0.0634885  -0.0659484   0.9731792     -11.044      -1.568
   0.9942706   0.0059919  -0.0069496   0.9953424      23.910       9.285
   1.0042543  -0.0141119   0.0220075   0.9906044      19.226     -17.984
   1.0115649  -0.0186111   0.0092645   1.0032001      -2.760      15.293
   1.0164709   0.0441698  -0.0490664   1.0192057      -2.252       1.237
   0.9870924  -0.0255776   0.0243429   0.9869618      15.625       0.402
   1.0237616   0.0317396  -0.0307550   1.0090007      -6.672     -16.652
   1.0226628   0.0397339  -0.0325406   1.0237719      18.909     -19.025
   1.0063047   0.0257789  -0.0298188   1.0169201      12.885       9.360
   1.0049483  -0.0111962   0.0085923   1.0123059       8.591       0.013
   1.0228505  -0.0202430   0.0339276   1.0079648       4.874       6.807
   0.9954611  -0.0241141   0.0185933   1.0008960      27.560     -38.470
   1.0046939   0.0376862  -0.0411053   1.0026313       3.579      -2.610
   0.9990326  -0.0651736   0.0656152   1.0008165      -8.313      -1.492
   0.9945354  -0.0026271  -0.0181519   0.9768849      -7.303      -3.870
   0.9976124   0.0277928  -0.0233469   0.9981135     -25.521      -5.301
   1.0084050   0.0164696  -0.0076117   1.0149034     -40.242       9.561
   0.9905722   0.0600486  -0.0604084   0.9977167      -2.240       2.867
   1.0010130  -0.0279559   0.0277406   1.0001535      22.999     -33.352
   1.0228591  -0.0266534   0.0280596   1.0241612       1.985      10.575
   1.0028569  -0.0141923   0.0013014   0.9944851     -22.643     -21.642
   0.9982075  -0.0082314   0.0048228   1.0003221      22.096     -14.066
   0.9942600  -0.0033237  -0.0032540   0.9905069      23.841      12.571
   0.9883400   0.0891752  -0.0866654   0.9939187      -1.444      -9.042
   1.0070404  -0.0201500   0.0080703   1.0160044     -15.302      19.440
   0.9835384   0.0850187  -0.0866952   0.9910707       1.728       1.863
   0.9740001  -0.0448931   0.0530947   0.9953882      -5.808      19.431
   1.0052508   0.0437402  -0.0509612   1.0036144       1.184      19.898
   1.0224957  -0.0038211  -0.0081763   1.0133762      24.148     -19.167
   1.0081708  -0.0135127   0.0106285   1.0029532     -18.479      -0.191
   0.9996911   0.0067409  -0.0066345   0.9937785       3.505       2.805
   0.9864931   0.0205853  -0.0197247   0.9840160      -8.331      16.104
   0.9970446   0.0523810  -0.0623724   0.9977143      11.891      -4.343
   0.9851725  -0.0586830   0.0580733   0.9850977      13.841      -8.483
   0.9770147   0.0334802  -0.0285416   0.9913896      -1.759     -16.732
   1.0136061   0.0063652  -0.0103552   1.0096051      10.871      -4.133
   0.9885699   0.0762820  -0.0781101   0.9908015      -6.879      -5.441
   1.0030977  -0.0031232   0.0065358   1.0012283       6.768     -31.260
   1.0122405  -0.0326277   0.0306788   1.0099494      -7.043      10.344
