3
256 256 5 1 1.000000 1
1.001833  9.769090  27  1.001833  9.769090  27
0.966389  0.086663  -0.043446  0.974020  -7.813 4.772
  -0.740  -1.022  -0.928  -1.175  -1.152  -1.349  -1.402  -1.536
  -1.628  -1.691  -1.843  -1.815  -1.992  -1.880  -2.105  -1.903
  -2.178  -1.905  -2.201  -1.867  -2.180  -1.766  -2.090  -1.591
  -1.959  -1.379  -1.783  -1.133  -1.514  -0.781  -1.229  -0.421
  -0.889  -0.015  -0.412  0.539  0.014  1.014  0.364  1.372
  0.708  1.688  0.962  1.878  1.158  2.007  1.329  2.101
  1.507  2.163  1.528  2.109  1.319  1.960
  -0.352  -0.921  -0.555  -1.086  -0.800  -1.277  -1.074  -1.487
  -1.315  -1.658  -1.567  -1.821  -1.753  -1.921  -1.908  -1.981
  -2.002  -2.002  -2.049  -1.968  -2.053  -1.885  -1.992  -1.736
  -1.864  -1.512  -1.671  -1.226  -1.415  -0.870  -1.065  -0.417
  -0.638  0.113  -0.215  0.611  0.192  1.076  0.565  1.483
  0.860  1.771  1.130  1.999  1.364  2.160  1.540  2.239
  1.665  2.242  1.730  2.204  1.575  2.078
  0.123  -0.498  -0.117  -0.701  -0.382  -0.919  -0.648  -1.139
  -0.989  -1.410  -1.321  -1.654  -1.581  -1.827  -1.781  -1.946
  -1.921  -2.003  -2.012  -2.011  -2.046  -1.959  -2.001  -1.816
  -1.869  -1.581  -1.669  -1.283  -1.353  -0.857  -0.909  -0.288
  -0.495  0.219  -0.051  0.745  0.402  1.267  0.800  1.697
  1.112  1.997  1.334  2.187  1.506  2.284  1.670  2.330
  1.789  2.290  1.854  2.217  1.691  2.051
  0.522  -0.118  0.262  -0.340  -0.002  -0.567  -0.292  -0.813
  -0.618  -1.080  -0.988  -1.381  -1.356  -1.667  -1.599  -1.836
  -1.806  -1.961  -1.945  -2.022  -2.018  -2.008  -2.001  -1.891
  -1.884  -1.673  -1.642  -1.318  -1.255  -0.807  -0.833  -0.275
  -0.337  0.328  0.150  0.903  0.581  1.399  0.912  1.757
  1.229  2.066  1.514  2.300  1.697  2.405  1.776  2.377
  1.847  2.299  1.914  2.198  1.832  2.140
  0.833  0.195  0.569  -0.032  0.295  -0.266  0.014  -0.506
  -0.292  -0.767  -0.639  -1.058  -1.027  -1.390  -1.338  -1.639
  -1.621  -1.850  -1.829  -1.983  -1.964  -2.028  -1.991  -1.963
  -1.886  -1.752  -1.620  -1.367  -1.228  -0.851  -0.723  -0.223
  -0.164  0.448  0.351  1.047  0.770  1.524  1.109  1.886
  1.373  2.130  1.611  2.319  1.791  2.422  1.864  2.370
  1.932  2.290  2.003  2.186  1.919  2.128
  1.063  0.432  0.787  0.196  0.507  -0.043  0.224  -0.284
  -0.058  -0.526  -0.368  -0.795  -0.688  -1.069  -1.027  -1.361
  -1.352  -1.635  -1.641  -1.860  -1.873  -2.006  -1.958  -2.005
  -1.880  -1.823  -1.618  -1.446  -1.186  -0.888  -0.642  -0.218
  -0.133  0.392  0.315  0.922  0.689  1.344  1.028  1.698
  1.328  2.000  1.555  2.176  1.763  2.277  1.917  2.307
  1.959  2.168  1.972  1.993  1.832  1.908
  1.245  0.630  0.965  0.392  0.685  0.152  0.403  -0.085
  0.122  -0.325  -0.157  -0.574  -0.447  -0.827  -0.744  -1.088
  -1.052  -1.356  -1.385  -1.643  -1.694  -1.900  -1.889  -2.010
  -1.877  -1.899  -1.637  -1.551  -1.189  -0.982  -0.643  -0.312
  -0.185  0.248  0.191  0.691  0.547  1.093  0.882  1.440
  1.196  1.735  1.474  1.965  1.735  2.143  1.932  2.222
  2.008  2.099  2.032  1.930  1.893  1.848
  1.423  0.823  1.142  0.587  0.858  0.353  0.573  0.123
  0.293  -0.118  0.018  -0.369  -0.253  -0.629  -0.531  -0.880
  -0.818  -1.142  -1.131  -1.412  -1.466  -1.696  -1.745  -1.913
  -1.845  -1.941  -1.659  -1.664  -1.235  -1.137  -0.745  -0.496
  -0.335  0.114  0.012  0.517  0.366  0.858  0.723  1.119
  1.042  1.430  1.334  1.682  1.582  1.828  1.766  1.873
  1.938  1.873  2.065  1.832  1.933  1.756
  1.600  1.016  1.317  0.782  1.032  0.554  0.731  0.334
  0.395  0.113  0.116  -0.131  -0.163  -0.375  -0.443  -0.617
  -0.725  -0.859  -1.015  -1.105  -1.309  -1.354  -1.587  -1.587
  -1.759  -1.712  -1.594  -1.491  -1.226  -1.057  -0.862  -0.617
  -0.514  -0.212  -0.171  0.179  0.200  0.520  0.581  0.794
  0.878  1.101  1.167  1.357  1.429  1.522  1.657  1.617
  1.834  1.634  1.994  1.629  1.943  1.624
  1.777  1.208  1.495  0.974  1.210  0.744  0.915  0.518
  0.606  0.299  0.269  0.076  -0.012  -0.163  -0.292  -0.403
  -0.573  -0.642  -0.854  -0.882  -1.133  -1.120  -1.400  -1.350
  -1.569  -1.491  -1.542  -1.435  -1.332  -1.200  -1.002  -0.848
  -0.672  -0.495  -0.341  -0.140  -0.001  0.219  0.350  0.536
  0.707  0.755  0.996  1.005  1.258  1.188  1.496  1.297
  1.714  1.360  1.884  1.379  1.815  1.356
  1.953  1.394  1.674  1.162  1.392  0.928  1.108  0.695
  0.817  0.462  0.509  0.240  0.167  0.027  -0.114  -0.212
  -0.395  -0.451  -0.675  -0.690  -0.947  -0.925  -1.189  -1.139
  -1.352  -1.279  -1.402  -1.309  -1.328  -1.222  -1.117  -1.010
  -0.805  -0.704  -0.489  -0.395  -0.171  -0.076  0.178  0.208
  0.549  0.429  0.829  0.683  1.083  0.850  1.321  0.957
  1.548  1.032  1.740  1.076  1.690  1.062
  2.118  1.576  1.847  1.345  1.570  1.110  1.291  0.875
  1.009  0.638  0.721  0.402  0.427  0.170  0.131  -0.056
  -0.216  -0.261  -0.494  -0.498  -0.757  -0.728  -0.988  -0.934
  -1.154  -1.081  -1.244  -1.156  -1.249  -1.155  -1.145  -1.059
  -0.918  -0.857  -0.618  -0.594  -0.318  -0.327  -0.007  -0.047
  0.315  0.198  0.632  0.311  0.889  0.461  1.126  0.570
  1.359  0.662  1.566  0.732  1.549  0.763
  2.271  1.750  2.008  1.524  1.732  1.289  1.460  1.054
  1.184  0.820  0.903  0.581  0.618  0.343  0.326  0.117
  0.022  -0.097  -0.314  -0.306  -0.574  -0.534  -0.806  -0.742
  -0.985  -0.904  -1.103  -1.012  -1.154  -1.061  -1.121  -1.043
  -0.982  -0.938  -0.731  -0.745  -0.447  -0.527  -0.160  -0.301
  0.142  -0.110  0.455  -0.013  0.710  0.128  0.947  0.220
  1.183  0.326  1.396  0.417  1.390  0.454
  2.393  1.904  2.139  1.682  1.880  1.459  1.607  1.225
  1.332  0.990  1.052  0.755  0.770  0.521  0.492  0.290
  0.208  0.063  -0.083  -0.150  -0.402  -0.347  -0.640  -0.560
  -0.836  -0.739  -0.978  -0.875  -1.063  -0.962  -1.078  -0.995
  -1.005  -0.962  -0.824  -0.850  -0.560  -0.680  -0.292  -0.510
  -0.003  -0.373  0.322  -0.305  0.548  -0.184  0.770  -0.110
  1.013  0.007  1.233  0.124  1.237  0.168
  2.358  1.897  2.199  1.777  1.958  1.566  1.728  1.377
  1.457  1.145  1.174  0.910  0.912  0.687  0.633  0.455
  0.359  0.224  0.086  -0.001  -0.191  -0.205  -0.486  -0.385
  -0.699  -0.580  -0.866  -0.740  -0.979  -0.858  -1.030  -0.930
  -1.006  -0.949  -0.883  -0.902  -0.657  -0.788  -0.406  -0.665
  -0.154  -0.550  0.106  -0.461  0.374  -0.482  0.602  -0.405
  0.844  -0.291  1.071  -0.160  1.089  -0.091
  2.275  1.864  2.192  1.805  1.954  1.601  1.712  1.396
  1.446  1.176  1.255  1.028  1.014  0.831  0.756  0.610
  0.481  0.377  0.217  0.149  -0.043  -0.069  -0.301  -0.262
  -0.570  -0.422  -0.759  -0.603  -0.899  -0.748  -0.983  -0.853
  -0.997  -0.912  -0.922  -0.915  -0.741  -0.855  -0.503  -0.770
  -0.272  -0.705  -0.038  -0.680  0.214  -0.714  0.446  -0.640
  0.683  -0.536  0.873  -0.425  0.879  -0.364
  2.192  1.832  2.099  1.775  1.877  1.585  1.649  1.389
  1.410  1.190  1.262  1.082  1.082  0.941  0.840  0.742
  0.583  0.520  0.316  0.291  0.066  0.068  -0.177  -0.139
  -0.411  -0.318  -0.655  -0.460  -0.822  -0.629  -0.935  -0.763
  -0.984  -0.855  -0.949  -0.898  -0.807  -0.881  -0.583  -0.827
  -0.363  -0.796  -0.147  -0.810  0.090  -0.866  0.325  -0.791
  0.525  -0.719  0.645  -0.658  0.682  -0.588
  1.919  1.626  1.838  1.589  1.645  1.423  1.425  1.238
  1.276  1.142  1.182  1.071  1.052  0.975  0.883  0.840
  0.636  0.635  0.392  0.420  0.142  0.199  -0.093  -0.015
  -0.314  -0.210  -0.524  -0.375  -0.742  -0.501  -0.886  -0.660
  -0.967  -0.781  -0.967  -0.855  -0.859  -0.870  -0.646  -0.835
  -0.427  -0.808  -0.213  -0.811  -0.002  -0.912  0.222  -0.875
  0.393  -0.833  0.517  -0.784  0.555  -0.727
  1.553  1.322  1.549  1.370  1.275  1.097  1.247  1.145
  1.161  1.091  1.039  1.019  0.947  0.952  0.798  0.846
  0.659  0.737  0.403  0.511  0.190  0.313  -0.046  0.101
  -0.261  -0.100  -0.458  -0.281  -0.641  -0.433  -0.831  -0.543
  -0.947  -0.690  -0.982  -0.790  -0.900  -0.827  -0.692  -0.795
  -0.472  -0.774  -0.266  -0.875  -0.058  -0.883  0.130  -0.894
  0.204  -0.918  0.344  -0.884  0.388  -0.843
  1.424  1.253  1.321  1.175  1.092  0.960  0.940  0.848
  0.889  0.866  0.921  0.968  0.797  0.898  0.699  0.826
  0.545  0.718  0.347  0.569  0.146  0.377  -0.103  0.158
  -0.266  -0.012  -0.448  -0.194  -0.619  -0.361  -0.766  -0.495
  -0.920  -0.585  -0.994  -0.709  -0.938  -0.760  -0.730  -0.740
  -0.532  -0.840  -0.378  -0.870  -0.194  -0.876  -0.018  -0.915
  0.106  -0.938  0.226  -0.938  0.280  -0.916
  1.346  1.207  1.215  1.102  1.019  0.935  0.832  0.781
  0.675  0.662  0.653  0.723  0.592  0.736  0.573  0.784
  0.512  0.794  0.315  0.641  0.108  0.445  -0.124  0.235
  -0.361  0.024  -0.511  -0.137  -0.691  -0.315  -0.829  -0.465
  -0.920  -0.573  -1.004  -0.623  -0.985  -0.703  -0.839  -0.819
  -0.680  -0.835  -0.507  -0.856  -0.343  -0.896  -0.210  -0.955
  -0.049  -0.970  0.076  -0.984  0.187  -0.955
  1.334  1.227  1.198  1.124  1.006  0.964  0.817  0.809
  0.635  0.660  0.428  0.506  0.331  0.470  0.337  0.582
  0.251  0.594  0.292  0.710  -0.003  0.465  -0.162  0.304
  -0.390  0.095  -0.667  -0.140  -0.792  -0.284  -0.908  -0.426
  -1.006  -0.555  -1.044  -0.624  -1.029  -0.633  -0.941  -0.771
  -0.784  -0.801  -0.656  -0.851  -0.525  -0.936  -0.343  -0.962
  -0.193  -0.992  -0.060  -1.023  0.037  -1.011
  1.339  1.264  1.144  1.115  0.952  0.957  0.705  0.759
  0.525  0.612  0.295  0.440  0.134  0.315  0.123  0.402
  0.090  0.496  0.098  0.634  -0.102  0.470  -0.350  0.273
  -0.535  0.100  -0.692  -0.065  -0.859  -0.236  -0.955  -0.363
  -1.040  -0.489  -1.073  -0.576  -1.072  -0.648  -0.985  -0.703
  -0.863  -0.753  -0.745  -0.816  -0.639  -0.922  -0.533  -0.989
  -0.423  -1.060  -0.250  -1.074  -0.180  -1.095
  1.268  1.243  1.060  1.089  0.867  0.930  0.614  0.739
  0.432  0.591  0.205  0.429  0.035  0.292  -0.135  0.194
  -0.134  0.364  -0.113  0.487  -0.215  0.452  -0.438  0.251
  -0.573  0.149  -0.736  -0.006  -0.860  -0.150  -1.002  -0.306
  -1.065  -0.413  -1.110  -0.516  -1.079  -0.582  -1.010  -0.641
  -0.905  -0.691  -0.825  -0.813  -0.722  -0.896  -0.631  -0.974
  -0.523  -1.078  -0.428  -1.120  -0.365  -1.151
  1.180  1.223  0.970  1.072  0.778  0.912  0.526  0.731
  0.281  0.558  0.103  0.416  -0.125  0.258  -0.264  0.156
  -0.290  0.206  -0.203  0.430  -0.283  0.430  -0.452  0.309
  -0.595  0.187  -0.750  0.050  -0.893  -0.090  -0.987  -0.213
  -1.069  -0.338  -1.111  -0.442  -1.089  -0.516  -1.029  -0.586
  -0.957  -0.670  -0.870  -0.767  -0.794  -0.864  -0.708  -0.951
  -0.615  -1.075  -0.517  -1.140  -0.448  -1.178
  1.021  1.155  0.813  1.011  0.558  0.827  0.294  0.647
  0.106  0.499  -0.060  0.360  -0.197  0.257  -0.276  0.213
  -0.324  0.204  -0.274  0.365  -0.320  0.410  -0.479  0.307
  -0.635  0.195  -0.763  0.085  -0.897  -0.036  -1.012  -0.154
  -1.069  -0.268  -1.094  -0.364  -1.084  -0.446  -1.049  -0.551
  -0.982  -0.608  -0.927  -0.770  -0.838  -0.825  -0.779  -0.960
  -0.697  -1.039  -0.604  -1.144  -0.521  -1.202
  0.901  1.128  0.617  0.960  0.414  0.798  0.227  0.645
  0.057  0.503  -0.107  0.365  -0.233  0.266  -0.303  0.230
  -0.347  0.222  -0.290  0.392  -0.297  0.477  -0.492  0.305
  -0.605  0.271  -0.792  0.095  -0.903  -0.008  -0.983  -0.089
  -1.069  -0.219  -1.097  -0.323  -1.096  -0.411  -1.073  -0.547
  -1.011  -0.615  -0.942  -0.731  -0.879  -0.839  -0.800  -0.944
  -0.735  -1.034  -0.642  -1.156  -0.557  -1.231
0.901395  8.765421  30  0.901395  8.765421  30
1.003196  0.009068  -0.028347  0.998493  -2.369 -4.251
  -0.820  1.330  -0.873  0.770  -0.932  0.244  -0.956  -0.130
  -0.750  -0.315  -0.801  -0.507  -0.604  -0.680  -0.394  -0.849
  -0.160  -1.022  0.045  -1.187  0.189  -1.323  0.277  -1.430
  0.351  -1.585  0.367  -1.685  0.356  -1.836  0.339  -1.947
  0.288  -2.088  0.220  -2.218  0.172  -2.300  0.101  -2.264
  0.048  -2.106  0.041  -1.867  0.258  -1.717  0.439  -1.706
  0.629  -1.635  0.882  -1.556  0.915  -1.412  0.927  -1.215
  0.909  -0.943  0.856  -0.632
  -0.840  1.389  -0.877  0.858  -0.912  0.353  -0.884  -0.027
  -0.850  -0.210  -0.715  -0.400  -0.464  -0.594  -0.230  -0.766
  0.027  -0.940  0.199  -1.061  0.366  -1.198  0.476  -1.314
  0.520  -1.419  0.528  -1.530  0.501  -1.648  0.450  -1.771
  0.392  -1.914  0.296  -2.056  0.234  -2.147  0.169  -2.201
  0.097  -2.146  0.048  -1.756  0.172  -1.663  0.391  -1.524
  0.557  -1.430  0.835  -1.335  0.946  -1.181  0.931  -0.946
  0.869  -0.618  0.794  -0.280
  -0.815  1.390  -0.856  0.905  -0.893  0.435  -0.852  0.086
  -0.755  -0.114  -0.685  -0.292  -0.370  -0.494  -0.110  -0.662
  0.168  -0.837  0.398  -0.989  0.598  -1.142  0.656  -1.198
  0.685  -1.255  0.681  -1.345  0.638  -1.446  0.558  -1.591
  0.452  -1.739  0.379  -1.883  0.315  -2.009  0.221  -2.060
  0.126  -2.004  0.051  -1.669  0.042  -1.685  0.308  -1.437
  0.508  -1.344  0.720  -1.219  0.926  -1.085  0.914  -0.848
  0.846  -0.528  0.744  -0.181
  -0.812  1.450  -0.884  0.989  -0.901  0.537  -0.843  0.193
  -0.755  -0.014  -0.572  -0.202  -0.324  -0.381  0.104  -0.632
  0.358  -0.787  0.610  -0.939  0.771  -1.037  0.829  -1.074
  0.860  -1.132  0.820  -1.213  0.744  -1.281  0.668  -1.370
  0.545  -1.518  0.456  -1.677  0.352  -1.835  0.260  -1.928
  0.156  -1.911  0.071  -1.764  0.043  -1.551  0.326  -1.268
  0.512  -1.124  0.640  -0.997  0.834  -0.832  0.838  -0.557
  0.772  -0.270  0.564  0.109
  -0.909  1.447  -0.924  0.989  -0.929  0.566  -0.847  0.302
  -0.804  0.094  -0.513  -0.106  -0.164  -0.325  0.157  -0.528
  0.594  -0.778  0.803  -0.891  0.989  -0.989  1.027  -0.993
  1.023  -1.013  0.963  -1.038  0.862  -1.087  0.723  -1.188
  0.608  -1.314  0.489  -1.494  0.385  -1.647  0.271  -1.754
  0.170  -1.802  0.071  -1.612  0.088  -1.436  0.287  -1.184
  0.488  -1.068  0.610  -1.014  0.691  -0.822  0.616  -0.541
  0.572  -0.171  0.396  0.265
  -1.146  1.732  -1.063  1.234  -0.902  0.730  -0.818  0.410
  -0.802  0.202  -0.456  -0.022  -0.107  -0.235  0.329  -0.487
  0.639  -0.672  0.978  -0.839  1.120  -0.889  1.200  -0.908
  1.172  -0.890  1.086  -0.871  0.948  -0.915  0.785  -0.996
  0.661  -1.119  0.520  -1.284  0.389  -1.456  0.279  -1.580
  0.165  -1.639  0.114  -1.485  0.049  -1.314  0.228  -1.197
  0.245  -1.027  0.336  -0.866  0.385  -0.646  0.329  -0.354
  0.195  0.059  0.112  0.712
  -1.365  1.885  -1.245  1.387  -1.295  0.978  -1.052  0.608
  -0.955  0.383  -0.473  0.081  -0.101  -0.132  0.369  -0.395
  0.747  -0.597  1.082  -0.776  1.287  -0.832  1.368  -0.830
  1.309  -0.768  1.175  -0.720  0.990  -0.732  0.821  -0.799
  0.674  -0.939  0.540  -1.090  0.394  -1.263  0.264  -1.428
  0.195  -1.588  0.060  -1.426  -0.071  -1.270  0.030  -0.954
  0.002  -0.779  0.054  -0.564  -0.054  -0.236  -0.075  0.125
  -0.189  0.603  -0.246  0.997
  -1.481  2.018  -1.497  1.604  -1.380  1.170  -1.279  0.755
  -1.178  0.534  -0.788  0.287  -0.301  0.031  0.342  -0.288
  0.763  -0.506  1.172  -0.701  1.433  -0.814  1.516  -0.744
  1.429  -0.633  1.242  -0.589  1.018  -0.584  0.850  -0.632
  0.668  -0.739  0.507  -0.918  0.411  -1.190  0.171  -1.355
  0.085  -1.413  -0.066  -1.277  -0.284  -1.096  -0.399  -0.872
  -0.383  -0.558  -0.361  -0.309  -0.456  0.034  -0.599  0.473
  -0.638  1.142  -0.706  1.530
  -1.708  2.103  -1.701  1.694  -1.701  1.309  -1.559  0.928
  -1.413  0.684  -1.019  0.447  -0.440  0.153  0.008  -0.123
  0.628  -0.394  1.133  -0.599  1.484  -0.696  1.647  -0.482
  1.570  -0.360  1.279  -0.444  1.025  -0.420  0.835  -0.481
  0.630  -0.637  0.333  -0.789  0.254  -0.981  0.065  -1.139
  -0.184  -1.185  -0.366  -1.180  -0.611  -0.820  -0.732  -0.585
  -0.690  -0.238  -0.837  0.146  -0.873  0.517  -0.993  0.954
  -1.014  1.383  -1.267  1.883
  -1.907  2.079  -1.866  1.760  -1.863  1.387  -1.747  1.030
  -1.616  0.803  -1.212  0.560  -0.657  0.294  -0.114  0.000
  0.492  -0.277  0.906  -0.463  1.311  -0.526  1.813  -0.457
  1.692  -0.186  1.369  -0.169  1.063  -0.321  0.800  -0.331
  0.590  -0.438  0.299  -0.582  0.102  -0.752  -0.176  -0.874
  -0.373  -0.936  -0.645  -0.896  -0.919  -0.568  -1.022  -0.430
  -1.077  -0.025  -1.235  0.367  -1.372  0.824  -1.397  1.291
  -1.442  1.737  -1.660  2.139
  -1.845  2.109  -1.758  1.814  -1.764  1.471  -1.816  1.107
  -1.483  0.874  -1.217  0.651  -0.772  0.398  -0.262  0.112
  0.307  -0.125  0.813  -0.333  1.535  -0.368  1.962  -0.420
  1.819  -0.055  1.491  0.081  1.172  0.015  0.874  -0.157
  0.556  -0.245  0.276  -0.348  0.064  -0.495  -0.241  -0.619
  -0.534  -0.692  -0.721  -0.691  -0.997  -0.517  -1.274  -0.250
  -1.239  0.153  -1.406  0.563  -1.520  1.059  -1.605  1.716
  -1.764  2.203  -1.895  2.338
  -1.839  2.127  -1.869  1.806  -1.825  1.521  -1.796  1.181
  -1.568  0.951  -1.322  0.741  -0.900  0.499  -0.397  0.245
  0.052  0.111  0.802  -0.185  1.764  -0.420  2.115  -0.389
  1.946  0.061  1.614  0.295  1.292  0.291  0.990  0.090
  0.672  -0.028  0.354  -0.153  0.035  -0.274  -0.280  -0.406
  -0.561  -0.454  -0.868  -0.475  -1.066  -0.292  -1.360  -0.005
  -1.420  0.451  -1.585  0.929  -1.772  1.492  -1.790  1.950
  -1.959  2.382  -1.930  2.451
  -1.930  2.091  -1.795  1.832  -1.757  1.542  -1.779  1.255
  -1.652  1.019  -1.413  0.820  -1.066  0.658  -0.497  0.446
  0.244  0.128  1.365  -0.232  1.989  -0.467  2.280  -0.371
  2.073  0.165  1.738  0.499  1.412  0.567  1.091  0.496
  0.781  0.244  0.472  0.101  0.157  -0.047  -0.160  -0.182
  -0.474  -0.287  -0.789  -0.288  -1.103  -0.210  -1.409  0.161
  -1.662  0.555  -1.738  1.126  -1.950  1.885  -2.020  2.365
  -2.130  2.563  -2.109  2.645
  -1.964  2.090  -1.754  1.842  -1.800  1.567  -1.936  1.303
  -1.808  1.090  -1.517  0.939  -1.026  0.769  -0.391  0.519
  0.431  0.135  1.637  -0.326  2.223  -0.524  2.460  -0.372
  2.201  0.247  1.862  0.701  1.534  0.833  1.211  0.812
  0.892  0.694  0.583  0.398  0.276  0.225  -0.039  0.068
  -0.355  -0.063  -0.668  -0.097  -0.980  0.006  -1.291  0.194
  -1.580  0.843  -1.835  1.438  -2.043  2.018  -2.219  2.565
  -2.253  2.740  -2.272  2.846
  -1.990  2.072  -1.919  1.816  -1.901  1.590  -1.988  1.395
  -1.809  1.220  -1.459  1.038  -0.870  0.792  -0.115  0.448
  1.182  -0.082  1.917  -0.429  2.477  -0.600  2.650  -0.383
  2.330  0.313  1.987  0.900  1.656  1.109  1.332  1.126
  1.011  1.043  0.693  0.887  0.384  0.556  0.079  0.375
  -0.234  0.229  -0.549  0.153  -0.860  0.209  -1.170  0.450
  -1.478  0.775  -1.757  1.650  -1.943  2.264  -2.138  2.711
  -2.342  2.886  -2.473  3.043
  -2.049  2.032  -1.990  1.827  -1.858  1.713  -1.747  1.452
  -1.506  1.201  -1.250  1.013  -0.647  0.747  0.170  0.359
  1.468  -0.190  2.211  -0.546  2.754  -0.700  2.806  -0.362
  2.458  0.373  2.112  1.063  1.777  1.405  1.451  1.462
  1.130  1.397  0.811  1.262  0.494  1.072  0.186  0.728
  -0.118  0.559  -0.429  0.469  -0.742  0.461  -1.050  0.717
  -1.357  1.064  -1.637  2.079  -1.876  2.648  -2.045  2.880
  -2.252  3.033  -2.527  3.181
  -2.185  2.076  -1.944  1.908  -1.684  1.665  -1.513  1.433
  -1.353  1.166  -0.959  0.928  -0.323  0.627  0.987  0.080
  1.752  -0.298  2.505  -0.662  3.060  -0.827  2.933  -0.311
  2.587  0.423  2.240  1.145  1.898  1.705  1.570  1.836
  1.248  1.780  0.929  1.640  0.611  1.451  0.295  1.241
  -0.012  0.920  -0.312  0.786  -0.621  0.792  -0.934  0.905
  -1.236  1.464  -1.533  2.260  -1.775  2.834  -2.003  3.063
  -2.239  3.210  -2.493  3.346
  -2.110  2.087  -1.770  1.885  -1.409  1.607  -1.088  1.332
  -0.938  1.058  -0.646  0.808  0.025  0.494  1.270  -0.026
  2.028  -0.396  2.751  -0.735  3.220  -0.819  2.984  -0.205
  2.677  0.486  2.348  1.205  2.016  1.908  1.687  2.258
  1.364  2.196  1.045  2.005  0.728  1.792  0.412  1.590
  0.096  1.404  -0.206  1.130  -0.502  1.112  -0.815  1.279
  -1.112  2.057  -1.412  2.661  -1.706  2.981  -1.959  3.236
  -2.236  3.392  -2.471  3.469
  -1.915  2.058  -1.486  1.787  -1.119  1.518  -0.813  1.216
  -0.607  0.939  -0.305  0.685  0.789  0.245  1.533  -0.115
  2.184  -0.395  2.625  -0.502  2.638  -0.237  2.564  0.138
  2.456  0.604  2.288  1.184  2.067  1.869  1.784  2.520
  1.479  2.542  1.161  2.283  0.844  2.051  0.528  1.867
  0.212  1.714  -0.101  1.574  -0.387  1.449  -0.696  1.708
  -0.998  2.230  -1.299  2.769  -1.604  3.109  -1.897  3.358
  -2.143  3.550  -2.420  3.567
  -1.707  1.972  -1.272  1.683  -0.812  1.398  -0.474  1.100
  -0.243  0.821  0.084  0.563  1.046  0.157  1.663  -0.118
  2.073  -0.260  2.172  -0.188  2.170  -0.026  2.151  0.186
  2.109  0.468  2.038  0.835  1.931  1.307  1.783  1.880
  1.573  2.371  1.273  2.295  0.958  2.160  0.643  2.030
  0.328  1.927  0.014  1.838  -0.280  1.736  -0.586  1.922
  -0.881  2.530  -1.186  2.833  -1.491  3.162  -1.797  3.416
  -2.089  3.601  -2.333  3.619
  -1.478  1.852  -1.033  1.570  -0.553  1.274  -0.186  1.004
  0.126  0.737  0.576  0.417  1.187  0.126  1.565  -0.048
  1.688  -0.086  1.736  -0.071  1.774  -0.026  1.798  0.058
  1.805  0.193  1.793  0.385  1.758  0.644  1.698  0.971
  1.585  1.349  1.367  1.714  1.066  1.912  0.754  1.965
  0.441  1.974  0.127  1.975  -0.186  1.967  -0.487  1.997
  -0.774  2.543  -1.074  2.867  -1.380  3.141  -1.685  3.364
  -1.995  3.541  -2.276  3.617
  -1.419  1.764  -0.913  1.471  -0.426  1.185  -0.011  0.925
  0.325  0.679  0.740  0.361  1.079  0.160  1.194  0.048
  1.278  -0.042  1.354  -0.114  1.422  -0.159  1.479  -0.173
  1.525  -0.151  1.556  -0.088  1.572  0.020  1.571  0.176
  1.536  0.384  1.409  0.665  1.163  1.024  0.857  1.423
  0.548  1.662  0.237  1.843  -0.074  1.985  -0.385  2.087
  -0.680  2.338  -0.963  2.712  -1.267  3.083  -1.573  3.254
  -1.884  3.379  -2.164  3.484
  -1.367  1.679  -0.895  1.405  -0.444  1.136  -0.054  0.887
  0.303  0.600  0.583  0.374  0.696  0.195  0.806  0.025
  0.911  -0.129  1.009  -0.266  1.101  -0.382  1.185  -0.474
  1.259  -0.539  1.324  -0.576  1.378  -0.580  1.420  -0.550
  1.445  -0.483  1.404  -0.339  1.248  -0.088  0.952  0.329
  0.646  0.762  0.339  1.190  0.032  1.547  -0.277  1.845
  -0.585  2.092  -0.849  2.454  -1.155  2.761  -1.465  2.957
  -1.775  3.109  -2.055  3.187
  -1.386  1.599  -0.951  1.340  -0.580  1.101  -0.260  0.866
  -0.041  0.648  0.207  0.341  0.338  0.116  0.461  -0.098
  0.581  -0.300  0.697  -0.487  0.808  -0.660  0.912  -0.813
  1.009  -0.951  1.097  -1.077  1.180  -1.168  1.255  -1.233
  1.320  -1.273  1.357  -1.270  1.297  -1.154  1.047  -0.799
  0.740  -0.367  0.435  0.072  0.141  0.562  -0.163  1.056
  -0.468  1.520  -0.734  1.969  -1.048  2.291  -1.359  2.537
  -1.666  2.728  -1.945  2.849
  -1.430  1.496  -1.081  1.271  -0.762  1.046  -0.506  0.829
  -0.287  0.602  -0.067  0.351  0.111  0.106  0.222  -0.144
  0.336  -0.383  0.463  -0.614  0.587  -0.847  0.700  -1.041
  0.800  -1.253  0.878  -1.578  0.984  -1.735  1.086  -1.876
  1.185  -2.000  1.275  -2.104  1.318  -2.141  1.146  -1.890
  0.847  -1.459  0.543  -0.999  0.291  -0.274  -0.014  0.420
  -0.320  0.963  -0.630  1.340  -0.941  1.705  -1.252  2.015
  -1.551  2.238  -1.810  2.384
  -1.607  1.440  -1.239  1.176  -0.966  0.974  -0.715  0.741
  -0.509  0.502  -0.304  0.250  -0.121  -0.018  0.031  -0.298
  0.089  -0.613  0.189  -0.925  0.316  -1.208  0.441  -1.447
  0.567  -1.680  0.693  -1.893  0.818  -2.082  0.962  -2.294
  1.143  -2.539  1.308  -2.759  1.375  -2.840  1.271  -2.695
  1.023  -2.330  0.709  -1.820  0.397  -1.090  0.093  -0.423
  -0.209  0.205  -0.524  0.707  -0.831  1.064  -1.120  1.388
  -1.402  1.647  -1.610  1.758
  -1.725  1.305  -1.409  1.064  -1.146  0.872  -0.912  0.633
  -0.698  0.305  -0.491  0.064  -0.298  -0.232  -0.127  -0.616
  -0.066  -0.943  -0.021  -1.263  0.116  -1.575  0.205  -1.904
  0.353  -2.193  0.485  -2.422  0.655  -2.707  0.874  -3.050
  1.101  -3.396  1.307  -3.708  1.385  -3.810  1.308  -3.651
  1.108  -3.265  0.829  -2.631  0.540  -1.935  0.247  -1.404
  -0.048  -0.676  -0.385  -0.015  -0.682  0.407  -0.921  0.605
  -1.214  0.970  -1.418  1.112
  -1.827  1.081  -1.550  0.905  -1.286  0.662  -1.060  0.417
  -0.848  0.045  -0.631  -0.263  -0.436  -0.574  -0.257  -0.902
  -0.096  -1.245  -0.038  -1.631  0.016  -2.008  0.008  -2.351
  0.228  -2.816  0.406  -3.157  0.661  -3.581  0.899  -3.973
  1.110  -4.319  1.269  -4.558  1.340  -4.617  1.306  -4.292
  1.155  -3.799  0.931  -3.371  0.673  -2.735  0.383  -2.194
  0.106  -1.610  -0.186  -0.842  -0.469  -0.388  -0.748  -0.069
  -1.030  0.260  -1.243  0.468
  -1.919  0.811  -1.636  0.568  -1.389  0.326  -1.144  -0.024
  -0.967  -0.284  -0.747  -0.609  -0.540  -0.952  -0.342  -1.316
  -0.146  -1.713  -0.013  -2.216  0.106  -2.692  0.130  -3.033
  0.133  -3.423  0.395  -3.956  0.645  -4.399  0.876  -4.782
  1.074  -5.067  1.241  -5.083  1.299  -4.927  1.264  -4.809
  1.159  -4.355  0.981  -4.001  0.756  -3.566  0.510  -2.958
  0.255  -2.528  -0.041  -1.598  -0.319  -1.060  -0.591  -0.667
  -0.858  -0.389  -1.080  -0.191
  -2.012  0.579  -1.741  0.331  -1.494  0.079  -1.285  -0.425
  -1.059  -0.672  -0.827  -1.031  -0.588  -1.425  -0.310  -1.900
  -0.035  -2.399  0.204  -2.885  0.168  -3.312  0.158  -3.838
  0.304  -4.168  0.385  -4.698  0.606  -5.106  0.827  -5.421
  1.011  -5.548  1.119  -5.677  1.214  -5.293  1.211  -4.985
  1.124  -4.786  0.984  -4.499  0.799  -4.135  0.575  -3.554
  0.331  -3.118  0.075  -2.375  -0.200  -1.652  -0.464  -1.245
  -0.728  -0.888  -0.984  -0.660
1.563613  14.874869  18  1.563613  14.874869  18
0.972211  -0.018936  -0.034010  0.973341  2.645 0.753
  8.593  5.786  8.177  5.527  7.651  5.179  7.038  4.768
  6.421  4.344  5.778  3.899  5.047  3.394  3.827  2.560
  3.093  2.031  1.944  1.248  0.888  0.535  0.166  0.036
  -0.382  -0.354  -1.040  -0.813  -1.496  -1.145  -2.050  -1.539
  -2.408  -1.810  -2.705  -2.043
  7.586  5.119  7.166  4.865  6.635  4.521  6.043  4.121
  5.420  3.692  4.792  3.253  4.154  2.789  3.483  2.316
  2.648  1.727  1.539  0.984  0.473  0.270  -0.293  -0.255
  -1.039  -0.768  -1.455  -1.075  -2.071  -1.507  -2.439  -1.785
  -2.850  -2.089  -3.060  -2.267
  6.547  4.426  6.195  4.231  5.621  3.863  5.004  3.448
  4.380  3.018  3.753  2.577  3.120  2.121  2.489  1.674
  1.836  1.217  1.090  0.703  0.297  0.160  -0.728  -0.527
  -1.506  -1.060  -2.045  -1.444  -2.524  -1.790  -2.941  -2.099
  -3.240  -2.333  -3.398  -2.479
  5.512  3.731  5.150  3.537  4.578  3.180  3.640  2.595
  2.997  2.149  2.369  1.710  1.741  1.269  1.113  0.829
  0.485  0.389  -0.148  -0.054  -0.783  -0.498  -1.429  -0.949
  -2.064  -1.394  -2.622  -1.790  -3.053  -2.119  -3.358  -2.359
  -3.608  -2.563  -3.654  -2.639
  4.239  2.854  4.025  2.768  3.507  2.459  2.579  1.898
  1.942  1.483  1.317  1.051  0.690  0.612  0.062  0.172
  -0.565  -0.267  -1.192  -0.707  -1.819  -1.146  -2.356  -1.529
  -2.552  -1.698  -3.021  -2.051  -3.426  -2.354  -3.681  -2.561
  -3.774  -2.666  -3.673  -2.650
  2.761  1.819  2.823  1.925  2.395  1.683  1.521  1.170
  0.898  0.801  0.283  0.399  -0.342  -0.034  -0.969  -0.473
  -1.596  -0.913  -2.220  -1.350  -2.485  -1.562  -2.331  -1.512
  -2.830  -1.885  -3.215  -2.175  -3.519  -2.413  -3.726  -2.589
  -3.655  -2.591  -3.597  -2.602
  0.421  0.207  1.422  0.919  1.214  0.829  0.455  0.417
  -0.153  0.095  -0.756  -0.269  -1.374  -0.682  -2.000  -1.119
  -2.599  -1.540  -2.548  -1.555  -2.052  -1.290  -2.444  -1.596
  -2.869  -1.912  -3.149  -2.134  -3.333  -2.296  -3.492  -2.443
  -3.240  -2.332  -3.210  -2.360
  -1.536  -1.125  -0.482  -0.429  -0.094  -0.118  -0.580  -0.319
  -1.139  -0.589  -1.772  -0.936  -2.404  -1.330  -3.025  -1.760
  -2.639  -1.564  -1.760  -1.060  -2.039  -1.296  -1.989  -1.314
  -2.423  -1.633  -2.595  -1.787  -2.835  -1.984  -2.526  -1.837
  -2.588  -1.922  -2.295  -1.757
  -2.912  -2.107  -2.506  -1.854  -1.600  -1.194  -1.589  -1.038
  -1.987  -1.193  -2.587  -1.495  -3.410  -1.968  -2.828  -1.636
  -1.476  -0.835  -1.636  -0.996  -1.241  -0.798  -1.074  -0.741
  -1.382  -0.980  -1.867  -1.331  -1.740  -1.267  -1.677  -1.266
  -1.429  -1.101  -1.245  -1.015
  -4.720  -3.403  -3.977  -2.900  -3.174  -2.307  -2.570  -1.735
  -2.650  -1.670  -2.917  -1.741  -2.550  -1.428  -1.041  -0.516
  -1.194  -0.673  -0.491  -0.268  0.044  0.024  -0.033  -0.059
  -0.394  -0.327  -0.686  -0.516  -0.856  -0.658  -0.833  -0.644
  -0.501  -0.419  -0.491  -0.434
  -5.801  -4.190  -5.565  -4.021  -4.886  -3.505  -3.506  -2.400
  -3.024  -1.947  -2.292  -1.326  -0.498  -0.135  -0.609  -0.248
  0.398  0.376  1.257  0.887  1.628  1.083  1.389  0.918
  1.165  0.772  0.677  0.432  -0.197  -0.145  -0.010  -0.057
  -0.120  -0.150  0.178  0.014
  -6.457  -4.676  -6.319  -4.561  -5.860  -4.192  -4.218  -2.911
  -2.766  -1.786  -0.022  0.192  -0.077  0.138  1.005  0.834
  2.077  1.515  2.468  1.737  2.768  1.896  1.951  1.348
  1.541  1.053  0.807  0.558  0.201  0.144  0.342  0.199
  0.342  0.177  0.617  0.322
  -6.749  -4.928  -6.599  -4.773  -5.962  -4.280  -4.092  -2.841
  -3.299  -2.217  -1.235  -0.695  0.594  0.583  2.077  1.563
  2.734  1.967  3.052  2.152  2.887  2.008  2.377  1.660
  1.985  1.373  1.448  1.004  1.002  0.695  0.741  0.489
  0.705  0.445  0.965  0.576
  -6.586  -4.791  -6.261  -4.532  -5.474  -3.921  -4.426  -3.128
  -2.690  -1.809  -0.419  -0.172  1.241  0.983  2.666  1.936
  3.289  2.332  3.295  2.316  3.075  2.158  2.369  1.684
  2.132  1.496  1.771  1.246  1.316  0.933  1.024  0.706
  0.971  0.652  1.207  0.767
  -6.114  -4.438  -5.552  -4.024  -4.693  -3.384  -3.268  -2.317
  -1.311  -0.882  0.381  0.332  1.642  1.215  2.914  2.073
  3.445  2.419  3.575  2.496  2.909  2.055  2.630  1.861
  2.425  1.714  2.090  1.484  1.651  1.184  1.276  0.903
  1.178  0.822  1.359  0.902
  -5.393  -3.930  -4.723  -3.439  -3.795  -2.766  -2.274  -1.647
  -0.325  -0.237  0.819  0.592  1.919  1.365  3.052  2.137
  3.635  2.525  3.566  2.481  3.562  2.475  3.309  2.302
  3.147  2.187  2.852  1.985  2.443  1.708  1.934  1.365
  1.409  1.009  1.474  1.014
  -4.815  -3.520  -3.916  -2.889  -2.797  -2.074  -1.233  -0.948
  0.175  0.075  1.292  0.871  2.583  1.771  3.173  2.186
  3.475  2.400  3.751  2.589  3.678  2.542  3.676  2.538
  3.522  2.431  3.234  2.235  2.827  1.962  2.318  1.621
  1.775  1.256  1.650  1.164
  -4.164  -3.066  -3.194  -2.377  -2.097  -1.586  -0.589  -0.520
  0.692  0.389  1.561  1.024  2.609  1.760  2.994  2.045
  3.095  2.135  3.734  2.559  4.237  2.888  4.251  2.897
  4.120  2.808  3.858  2.633  3.479  2.379  2.996  2.057
  2.421  1.674  1.817  1.270
0.818775  7.948827  33  0.818775  7.948827  33
0.969936  0.037431  -0.059207  1.004629  -2.766 6.931
  1.647  -0.539  1.824  -0.379  2.101  -0.139  2.406  0.130
  2.592  0.312  2.755  0.478  2.915  0.651  3.048  0.805
  3.150  0.934  3.218  1.047  3.238  1.137  3.221  1.197
  3.134  1.220  2.996  1.212  2.769  1.163  2.444  1.071
  2.095  0.981  1.620  0.883  1.108  0.791  0.497  0.696
  -0.002  0.592  -0.431  0.500  -0.751  0.400  -0.823  0.332
  -0.901  0.256  -0.856  0.246  -0.897  0.250  -0.984  0.231
  -1.037  0.220  -1.119  0.183  -1.323  0.086  -1.420  0.001
  -1.409  -0.096
  1.514  -0.589  1.751  -0.383  1.984  -0.175  2.278  0.081
  2.505  0.293  2.689  0.477  2.850  0.645  2.997  0.804
  3.125  0.956  3.212  1.082  3.250  1.184  3.248  1.252
  3.176  1.281  3.047  1.274  2.826  1.224  2.511  1.125
  2.166  1.018  1.707  0.878  1.218  0.789  0.670  0.701
  0.152  0.582  -0.355  0.466  -0.773  0.368  -1.116  0.252
  -1.241  0.160  -1.246  0.110  -1.161  0.116  -1.070  0.185
  -1.136  0.167  -1.223  0.128  -1.422  0.031  -1.543  -0.065
  -1.578  -0.184
  1.305  -0.675  1.524  -0.483  1.770  -0.269  2.030  -0.040
  2.336  0.228  2.545  0.428  2.729  0.608  2.911  0.795
  3.062  0.961  3.177  1.106  3.246  1.224  3.255  1.299
  3.213  1.342  3.083  1.334  2.850  1.271  2.552  1.175
  2.193  1.045  1.772  0.904  1.270  0.767  0.713  0.646
  0.207  0.540  -0.407  0.424  -0.848  0.314  -1.194  0.186
  -1.303  0.123  -1.469  0.021  -1.581  -0.033  -1.336  0.048
  -1.225  0.122  -1.419  0.030  -1.465  -0.024  -1.572  -0.163
  -2.028  -0.449
  1.088  -0.765  1.288  -0.586  1.513  -0.388  1.794  -0.147
  2.151  0.156  2.346  0.341  2.577  0.557  2.791  0.766
  2.978  0.956  3.126  1.119  3.227  1.258  3.256  1.345
  3.206  1.385  3.062  1.372  2.857  1.318  2.582  1.223
  2.222  1.083  1.800  0.919  1.302  0.752  0.814  0.628
  0.255  0.488  -0.390  0.353  -0.922  0.216  -1.334  0.117
  -1.622  0.023  -1.779  -0.082  -1.880  -0.158  -2.069  -0.249
  -1.895  -0.226  -2.058  -0.316  -2.166  -0.424  -2.181  -0.520
  -2.816  -0.731
  0.812  -0.892  1.053  -0.686  1.268  -0.495  1.526  -0.271
  1.852  0.005  2.143  0.260  2.401  0.494  2.627  0.708
  2.848  0.916  3.045  1.116  3.182  1.277  3.240  1.383
  3.198  1.432  3.065  1.420  2.837  1.350  2.540  1.236
  2.148  1.070  1.767  0.918  1.308  0.736  0.822  0.562
  0.280  0.430  -0.364  0.281  -0.910  0.137  -1.386  0.026
  -1.879  -0.111  -2.138  -0.195  -2.279  -0.305  -2.714  -0.569
  -2.991  -0.710  -2.992  -0.813  -2.847  -0.829  -2.993  -0.903
  -3.502  -1.100
  0.422  -1.092  0.754  -0.828  1.012  -0.609  1.239  -0.406
  1.513  -0.168  1.878  0.138  2.162  0.388  2.427  0.623
  2.696  0.867  2.922  1.085  3.116  1.284  3.208  1.416
  3.187  1.471  3.047  1.454  2.819  1.378  2.487  1.239
  2.101  1.070  1.669  0.879  1.176  0.666  0.673  0.467
  0.105  0.279  -0.531  0.108  -1.095  -0.050  -1.599  -0.159
  -2.224  -0.309  -2.841  -0.569  -3.094  -0.721  -3.458  -0.885
  -3.573  -0.989  -4.075  -1.275  -3.867  -1.337  -3.963  -1.346
  -4.311  -1.532
  -0.095  -1.371  0.259  -1.095  0.504  -0.886  0.953  -0.539
  1.201  -0.319  1.570  -0.013  1.844  0.228  2.168  0.505
  2.483  0.778  2.776  1.039  3.013  1.264  3.154  1.424
  3.154  1.492  3.001  1.462  2.730  1.357  2.392  1.212
  1.958  1.009  1.509  0.804  1.032  0.589  0.527  0.369
  -0.044  0.151  -0.675  -0.052  -1.384  -0.293  -2.065  -0.452
  -2.680  -0.630  -3.261  -0.816  -3.733  -1.001  -4.137  -1.163
  -4.331  -1.312  -4.691  -1.489  -4.679  -1.582  -4.988  -1.737
  -5.284  -1.924
  -0.492  -1.567  -0.211  -1.341  0.034  -1.133  0.497  -0.782
  0.725  -0.577  1.098  -0.273  1.459  0.028  1.829  0.334
  2.228  0.658  2.551  0.941  2.860  1.207  3.077  1.413
  3.092  1.489  2.937  1.458  2.608  1.316  2.233  1.145
  1.829  0.960  1.329  0.715  0.811  0.471  0.224  0.192
  -0.313  -0.033  -0.905  -0.236  -1.466  -0.363  -2.077  -0.542
  -2.680  -0.720  -3.273  -0.896  -3.833  -1.074  -4.323  -1.271
  -4.854  -1.521  -5.010  -1.670  -5.266  -1.804  -5.781  -1.996
  -5.842  -2.163
  -0.769  -1.689  -0.556  -1.507  -0.326  -1.311  0.040  -1.023
  0.279  -0.813  0.686  -0.489  1.089  -0.161  1.413  0.115
  1.836  0.456  2.294  0.819  2.649  1.109  2.952  1.368
  2.995  1.462  2.792  1.402  2.438  1.245  2.075  1.081
  1.575  0.832  1.108  0.607  0.613  0.372  0.127  0.144
  -0.399  -0.084  -0.936  -0.285  -1.432  -0.409  -2.032  -0.591
  -2.706  -0.767  -3.355  -1.028  -3.944  -1.209  -4.503  -1.395
  -4.990  -1.595  -5.427  -1.753  -6.028  -1.928  -6.130  -2.094
  -6.180  -2.263
  -1.122  -1.858  -0.930  -1.690  -0.699  -1.497  -0.326  -1.206
  -0.080  -0.993  0.325  -0.673  0.639  -0.407  1.026  -0.088
  1.466  0.263  1.936  0.627  2.421  1.004  2.842  1.375
  2.845  1.442  2.589  1.341  2.317  1.205  1.917  1.017
  1.496  0.817  1.047  0.600  0.554  0.360  0.088  0.144
  -0.387  -0.061  -0.911  -0.273  -1.454  -0.469  -2.035  -0.659
  -2.700  -0.828  -3.298  -1.021  -3.872  -1.239  -4.448  -1.421
  -4.996  -1.607  -5.556  -1.781  -6.123  -1.969  -6.432  -2.159
  -6.487  -2.333
  -1.423  -1.986  -1.223  -1.818  -0.990  -1.626  -0.689  -1.386
  -0.440  -1.174  -0.083  -0.888  0.299  -0.580  0.729  -0.238
  1.185  0.124  1.852  0.655  2.331  1.026  2.673  1.315
  2.685  1.387  2.505  1.334  2.212  1.209  1.841  1.034
  1.472  0.836  1.033  0.624  0.592  0.414  0.137  0.200
  -0.354  -0.019  -0.861  -0.235  -1.387  -0.444  -1.979  -0.631
  -2.574  -0.814  -3.169  -0.995  -3.748  -1.182  -4.271  -1.382
  -4.869  -1.579  -5.460  -1.759  -6.012  -1.950  -6.447  -2.153
  -6.737  -2.352
  -1.725  -2.112  -1.517  -1.946  -1.294  -1.761  -1.046  -1.558
  -0.744  -1.315  -0.361  -1.017  0.093  -0.667  0.543  -0.315
  1.237  0.241  1.771  0.655  2.216  0.997  2.502  1.241
  2.551  1.336  2.437  1.328  2.205  1.247  1.891  1.111
  1.517  0.935  1.096  0.729  0.672  0.498  0.240  0.295
  -0.227  0.082  -0.734  -0.146  -1.243  -0.358  -1.802  -0.555
  -2.369  -0.745  -2.958  -0.928  -3.546  -1.109  -4.114  -1.296
  -4.668  -1.488  -5.247  -1.674  -5.786  -1.881  -6.228  -2.089
  -6.632  -2.301
  -2.015  -2.224  -1.810  -2.064  -1.575  -1.875  -1.297  -1.657
  -0.941  -1.385  -0.517  -1.063  -0.049  -0.710  0.634  -0.169
  1.186  0.262  1.648  0.616  2.085  0.953  2.356  1.186
  2.440  1.301  2.382  1.328  2.212  1.285  1.952  1.186
  1.622  1.042  1.238  0.863  0.819  0.654  0.382  0.416
  -0.076  0.201  -0.553  -0.020  -1.045  -0.233  -1.575  -0.446
  -2.127  -0.641  -2.699  -0.828  -3.286  -1.010  -3.859  -1.196
  -4.373  -1.400  -4.981  -1.575  -5.476  -1.785  -5.950  -2.000
  -6.332  -2.216
  -2.227  -2.282  -2.019  -2.123  -1.839  -1.975  -1.512  -1.728
  -1.100  -1.422  -0.662  -1.094  -0.174  -0.729  0.588  -0.125
  1.052  0.228  1.517  0.581  1.952  0.913  2.232  1.149
  2.352  1.284  2.342  1.339  2.224  1.327  2.014  1.258
  1.728  1.143  1.383  0.990  0.990  0.805  0.563  0.596
  0.109  0.372  -0.369  0.117  -0.849  -0.098  -1.341  -0.314
  -1.872  -0.515  -2.466  -0.697  -3.000  -0.897  -3.578  -1.082
  -4.162  -1.263  -4.684  -1.466  -5.176  -1.679  -5.615  -1.904
  -6.059  -2.124
  -2.432  -2.330  -2.305  -2.225  -2.088  -2.053  -1.723  -1.786
  -1.276  -1.460  -0.817  -1.122  -0.334  -0.758  0.434  -0.149
  0.907  0.200  1.377  0.550  1.820  0.882  2.125  1.128
  2.283  1.284  2.318  1.363  2.247  1.378  2.084  1.337
  1.838  1.246  1.526  1.113  1.164  0.947  0.761  0.754
  0.323  0.539  -0.137  0.313  -0.606  0.087  -1.110  -0.166
  -1.614  -0.372  -2.138  -0.577  -2.726  -0.757  -3.268  -0.955
  -3.846  -1.138  -4.343  -1.348  -4.819  -1.566  -5.248  -1.797
  -5.651  -2.029
  -2.633  -2.372  -2.567  -2.304  -2.277  -2.090  -1.894  -1.809
  -1.451  -1.487  -0.979  -1.141  -0.514  -0.789  0.061  -0.351
  0.753  0.177  1.230  0.523  1.688  0.858  2.027  1.120
  2.227  1.297  2.307  1.401  2.283  1.441  2.165  1.425
  1.961  1.357  1.682  1.241  1.349  1.087  0.970  0.904
  0.551  0.697  0.100  0.475  -0.363  0.250  -0.835  0.026
  -1.318  -0.196  -1.860  -0.437  -2.414  -0.628  -2.968  -0.820
  -3.494  -1.020  -3.996  -1.228  -4.445  -1.455  -4.864  -1.691
  -5.243  -1.933
  -2.829  -2.405  -2.766  -2.336  -2.463  -2.114  -2.074  -1.830
  -1.623  -1.502  -1.152  -1.156  -0.684  -0.809  -0.214  -0.459
  0.591  0.156  1.077  0.499  1.551  0.837  1.933  1.119
  2.181  1.321  2.309  1.450  2.331  1.515  2.259  1.523
  2.098  1.477  1.859  1.376  1.552  1.230  1.195  1.052
  0.794  0.848  0.355  0.626  -0.101  0.400  -0.565  0.177
  -1.040  -0.044  -1.529  -0.263  -2.034  -0.477  -2.635  -0.704
  -3.148  -0.898  -3.618  -1.118  -4.043  -1.351  -4.430  -1.598
  -4.790  -1.846
  -3.054  -2.437  -2.882  -2.308  -2.656  -2.134  -2.258  -1.845
  -1.802  -1.515  -1.329  -1.170  -0.858  -0.820  -0.385  -0.476
  0.201  -0.048  0.917  0.478  1.404  0.816  1.835  1.122
  2.139  1.351  2.321  1.508  2.393  1.599  2.368  1.632
  2.255  1.607  2.058  1.521  1.777  1.380  1.441  1.203
  1.057  0.996  0.631  0.769  0.188  0.539  -0.265  0.312
  -0.729  0.089  -1.205  -0.130  -1.694  -0.346  -2.205  -0.561
  -2.750  -0.793  -3.185  -1.023  -3.590  -1.264  -3.962  -1.517
  -4.303  -1.771
  -3.083  -2.319  -2.983  -2.261  -2.817  -2.128  -2.443  -1.855
  -1.986  -1.525  -1.512  -1.178  -1.039  -0.830  -0.556  -0.487
  -0.068  -0.142  0.750  0.460  1.248  0.796  1.722  1.121
  2.092  1.384  2.337  1.573  2.467  1.694  2.494  1.754
  2.431  1.749  2.279  1.677  2.026  1.538  1.709  1.355
  1.340  1.141  0.930  0.905  0.508  0.668  0.076  0.434
  -0.366  0.204  -0.816  -0.024  -1.262  -0.253  -1.694  -0.491
  -2.277  -0.708  -2.690  -0.947  -3.078  -1.196  -3.426  -1.455
  -3.710  -1.711
  -3.028  -2.156  -2.980  -2.126  -2.840  -2.018  -2.574  -1.820
  -2.152  -1.519  -1.699  -1.185  -1.222  -0.838  -0.737  -0.498
  -0.245  -0.153  0.577  0.445  1.084  0.779  1.582  1.109
  2.027  1.410  2.349  1.639  2.549  1.797  2.638  1.888
  2.630  1.906  2.525  1.847  2.299  1.705  1.997  1.510
  1.643  1.279  1.257  1.031  0.863  0.785  0.462  0.541
  0.058  0.299  -0.338  0.053  -0.724  -0.198  -1.262  -0.420
  -1.719  -0.652  -2.106  -0.902  -2.493  -1.152  -2.833  -1.408
  -2.981  -1.654
  -3.049  -2.032  -2.968  -1.975  -2.783  -1.842  -2.579  -1.686
  -2.279  -1.478  -1.875  -1.177  -1.413  -0.846  -0.926  -0.505
  -0.438  -0.169  0.162  0.241  0.912  0.763  1.423  1.094
  1.919  1.417  2.340  1.697  2.632  1.903  2.798  2.034
  2.854  2.082  2.798  2.034  2.593  1.880  2.304  1.662
  1.967  1.408  1.617  1.147  1.262  0.888  0.907  0.629
  0.561  0.368  0.250  0.094  -0.036  -0.190  -0.629  -0.395
  -1.077  -0.627  -1.462  -0.877  -1.849  -1.120  -2.003  -1.368
  -2.042  -1.596
  -3.096  -1.919  -3.005  -1.861  -2.810  -1.724  -2.600  -1.565
  -2.360  -1.394  -2.003  -1.134  -1.586  -0.838  -1.116  -0.513
  -0.626  -0.182  -0.121  0.150  0.735  0.750  1.253  1.078
  1.769  1.406  2.266  1.723  2.688  1.997  2.967  2.188
  3.105  2.282  3.101  2.244  2.902  2.057  2.624  1.800
  2.325  1.524  2.024  1.248  1.723  0.971  1.431  0.692
  1.167  0.403  0.919  0.106  0.444  -0.134  0.054  -0.385
  -0.353  -0.623  -0.619  -0.853  -0.732  -1.082  -0.852  -1.308
  -0.931  -1.536
  -3.197  -1.837  -3.102  -1.786  -2.937  -1.669  -2.670  -1.475
  -2.374  -1.260  -2.027  -1.011  -1.704  -0.793  -1.238  -0.469
  -0.806  -0.185  -0.305  0.139  0.303  0.543  1.076  1.065
  1.600  1.390  2.122  1.715  2.629  2.031  3.092  2.320
  3.385  2.503  3.428  2.473  3.208  2.211  2.960  1.913
  2.723  1.616  2.499  1.320  2.280  1.022  2.072  0.716
  1.851  0.409  1.392  0.164  1.114  -0.121  0.788  -0.383
  0.519  -0.612  0.368  -0.828  0.393  -1.049  0.233  -1.255
  0.205  -1.424
  -3.315  -1.761  -3.241  -1.747  -3.063  -1.607  -2.764  -1.398
  -2.415  -1.142  -2.054  -0.892  -1.717  -0.663  -1.313  -0.390
  -0.912  -0.130  -0.465  0.149  0.026  0.461  0.894  1.054
  1.422  1.377  1.951  1.701  2.480  2.023  3.003  2.340
  3.471  2.608  3.668  2.600  3.481  2.287  3.299  1.965
  3.153  1.648  3.045  1.333  2.957  1.018  2.834  0.700
  2.623  0.396  2.239  0.172  2.173  -0.100  2.051  -0.357
  1.801  -0.585  1.451  -0.803  1.316  -0.992  1.105  -1.178
  0.857  -1.349
  -3.379  -1.590  -3.289  -1.586  -3.150  -1.524  -2.868  -1.325
  -2.507  -1.063  -2.134  -0.805  -1.758  -0.556  -1.326  -0.261
  -0.924  -0.002  -0.570  0.205  -0.126  0.477  0.448  0.845
  1.238  1.367  1.769  1.690  2.286  2.002  2.740  2.263
  3.028  2.388  3.195  2.342  3.366  2.163  3.453  1.903
  3.477  1.598  3.515  1.291  3.580  0.986  3.558  0.692
  3.237  0.450  3.260  0.171  3.261  -0.097  3.030  -0.312
  2.762  -0.523  2.340  -0.722  2.065  -0.912  1.711  -1.114
  1.467  -1.286
  -3.478  -1.412  -3.368  -1.401  -3.223  -1.366  -2.969  -1.210
  -2.623  -0.997  -2.238  -0.737  -1.819  -0.458  -1.390  -0.173
  -0.974  0.096  -0.590  0.327  -0.167  0.579  0.292  0.856
  1.051  1.359  1.571  1.673  1.990  1.908  2.239  2.011
  2.388  2.033  2.542  2.002  2.739  1.901  2.962  1.731
  3.225  1.492  3.520  1.207  3.822  0.921  4.078  0.654
  4.073  0.442  4.021  0.155  3.947  -0.098  3.701  -0.312
  3.418  -0.503  2.950  -0.656  2.566  -0.851  2.261  -1.026
  1.913  -1.223
  -3.677  -1.356  -3.576  -1.312  -3.406  -1.262  -3.127  -1.105
  -2.755  -0.900  -2.376  -0.686  -1.939  -0.392  -1.515  -0.127
  -1.092  0.142  -0.673  0.398  -0.243  0.658  0.163  0.890
  0.863  1.350  1.269  1.575  1.460  1.633  1.604  1.654
  1.731  1.663  1.869  1.655  2.037  1.604  2.240  1.501
  2.491  1.327  2.802  1.066  3.151  0.795  3.657  0.616
  4.109  0.376  4.237  0.139  4.228  -0.112  4.045  -0.313
  3.786  -0.492  3.322  -0.632  2.909  -0.809  2.615  -0.977
  2.333  -1.148
  -3.828  -1.303  -3.730  -1.253  -3.632  -1.182  -3.350  -1.018
  -2.952  -0.825  -2.544  -0.612  -2.132  -0.389  -1.706  -0.129
  -1.281  0.135  -0.830  0.418  -0.415  0.661  -0.007  0.896
  0.469  1.177  0.798  1.343  0.886  1.329  0.947  1.282
  1.075  1.291  1.203  1.297  1.343  1.287  1.505  1.244
  1.708  1.141  2.000  0.926  2.431  0.754  3.056  0.541
  3.701  0.304  4.086  0.064  4.230  -0.145  4.156  -0.330
  3.962  -0.507  3.557  -0.655  3.175  -0.796  2.889  -0.957
  2.593  -1.098
  -3.904  -1.217  -3.825  -1.173  -3.844  -1.144  -3.610  -0.948
  -3.211  -0.751  -2.781  -0.560  -2.359  -0.357  -1.938  -0.147
  -1.515  0.102  -1.083  0.361  -0.675  0.597  -0.287  0.817
  0.055  0.994  0.308  1.101  0.367  1.063  0.409  1.013
  0.511  1.024  0.604  1.070  0.691  1.132  0.793  1.075
  0.950  0.924  1.273  0.826  1.749  0.645  2.523  0.439
  3.180  0.215  3.773  0.001  4.046  -0.196  4.100  -0.373
  4.023  -0.564  3.726  -0.691  3.379  -0.814  3.057  -0.918
  2.857  -1.040
  -3.968  -1.139  -3.985  -1.145  -4.024  -1.089  -3.894  -0.941
  -3.496  -0.743  -3.083  -0.512  -2.648  -0.333  -2.221  -0.139
  -1.800  0.052  -1.400  0.280  -1.013  0.482  -0.669  0.667
  -0.402  0.811  -0.204  0.879  -0.145  0.841  -0.144  0.795
  -0.098  0.851  -0.108  0.901  -0.050  0.910  0.073  0.883
  0.244  0.784  0.511  0.650  1.018  0.484  1.871  0.317
  2.642  0.130  3.306  -0.052  3.758  -0.268  3.927  -0.431
  3.945  -0.615  3.764  -0.742  3.453  -0.820  3.152  -0.948
  2.937  -1.048
  -4.110  -1.107  -4.183  -1.128  -4.265  -1.097  -4.173  -0.955
  -3.823  -0.742  -3.404  -0.542  -2.999  -0.322  -2.576  -0.149
  -2.188  0.053  -1.799  0.215  -1.462  0.391  -1.167  0.537
  -0.950  0.683  -0.799  0.732  -0.748  0.758  -0.715  0.731
  -0.734  0.745  -0.766  0.741  -0.778  0.676  -0.654  0.652
  -0.480  0.580  -0.252  0.445  0.299  0.298  1.454  0.177
  2.240  0.011  2.864  -0.157  3.362  -0.325  3.585  -0.503
  3.776  -0.678  3.709  -0.779  3.520  -0.886  3.316  -0.925
  3.086  -0.987
  -4.238  -1.078  -4.239  -1.052  -4.430  -1.073  -4.366  -0.947
  -4.155  -0.780  -3.777  -0.550  -3.362  -0.380  -2.989  -0.169
  -2.635  0.030  -2.256  0.151  -1.983  0.337  -1.780  0.502
  -1.559  0.607  -1.433  0.645  -1.387  0.690  -1.344  0.671
  -1.310  0.688  -1.196  0.673  -1.232  0.550  -1.193  0.434
  -0.999  0.350  -0.740  0.238  0.172  0.146  0.933  0.006
  1.770  -0.136  2.476  -0.265  2.957  -0.413  3.243  -0.526
  3.448  -0.693  3.540  -0.756  3.453  -0.779  3.325  -0.954
  3.195  -0.922
  -4.178  -0.964  -4.139  -0.905  -4.342  -0.916  -4.348  -0.836
  -4.204  -0.701  -3.965  -0.502  -3.743  -0.303  -3.461  -0.158
  -3.175  0.065  -2.837  0.180  -2.562  0.314  -2.383  0.471
  -2.217  0.547  -2.049  0.590  -1.871  0.642  -1.834  0.610
  -1.577  0.636  -1.301  0.617  -1.476  0.449  -1.427  0.310
  -1.035  0.200  -0.757  0.067  -0.048  -0.033  0.768  -0.136
  1.550  -0.261  2.126  -0.409  2.679  -0.483  3.014  -0.548
  3.277  -0.597  3.453  -0.628  3.470  -0.636  3.360  -0.722
  3.270  -0.770
1.100899  10.574924  25  1.100899  10.574924  25
1.001010  0.050658  -0.075868  0.967485  -10.684 -6.664
  -2.182  -0.469  -1.812  -0.145  -1.179  0.070  -0.382  0.215
  0.509  0.312  1.437  0.377  1.847  0.445  1.609  0.511
  1.368  0.580  1.365  0.610  1.588  0.913  1.800  1.341
  1.985  1.392  1.650  1.385  1.296  1.382  1.034  1.362
  0.843  1.331  0.687  1.295  0.616  1.244  0.645  1.177
  0.764  1.095  0.942  1.004  1.178  0.903  1.433  0.798
  1.639  0.627
  -2.157  -0.896  -2.094  -0.465  -1.740  -0.158  -1.165  0.053
  -0.459  0.202  0.312  0.309  1.087  0.389  1.439  0.468
  1.191  0.542  1.190  0.570  1.785  0.824  2.077  1.251
  1.660  1.298  1.291  1.295  0.947  1.291  0.607  1.284
  0.424  1.251  0.305  1.209  0.217  1.161  0.243  1.095
  0.379  1.011  0.595  0.913  0.855  0.808  1.146  0.698
  1.294  0.541
  -1.901  -1.116  -2.061  -0.582  -1.762  -0.221  -1.210  -0.007
  -0.529  0.144  0.211  0.254  0.958  0.336  1.282  0.419
  1.074  0.486  0.991  0.534  1.338  0.779  1.680  1.183
  1.313  1.205  1.046  1.188  0.660  1.189  0.296  1.186
  0.063  1.162  -0.063  1.121  -0.157  1.075  -0.123  1.007
  0.029  0.920  0.274  0.818  0.564  0.708  0.900  0.591
  1.104  0.428
  -1.549  -1.345  -1.776  -1.055  -1.802  -0.611  -1.663  -0.257
  -1.188  -0.032  -0.640  0.157  -0.021  0.272  0.657  0.349
  1.054  0.405  1.015  0.566  1.250  0.876  1.457  1.096
  1.056  1.101  0.680  1.099  0.370  1.088  0.034  1.081
  -0.282  1.069  -0.449  1.034  -0.538  0.987  -0.481  0.917
  -0.297  0.825  0.018  0.713  0.321  0.600  0.662  0.482
  0.924  0.313
  -1.174  -1.512  -1.446  -1.233  -1.525  -0.766  -1.410  -0.402
  -0.926  -0.187  -0.422  -0.006  0.035  0.163  0.696  0.254
  1.115  0.303  1.402  0.533  1.735  0.925  1.291  0.975
  0.847  0.986  0.423  0.993  0.031  0.996  -0.382  1.000
  -0.619  0.974  -0.777  0.934  -0.841  0.884  -0.788  0.817
  -0.591  0.725  -0.280  0.612  0.157  0.481  0.522  0.358
  0.765  0.195
  -0.804  -1.626  -1.095  -1.353  -1.186  -0.894  -1.094  -0.536
  -0.633  -0.324  -0.118  -0.155  0.431  -0.025  1.072  0.054
  1.467  0.129  1.615  0.379  1.635  0.796  1.139  0.852
  0.686  0.863  0.258  0.872  -0.196  0.883  -0.546  0.878
  -0.859  0.864  -1.066  0.863  -1.157  0.802  -1.055  0.711
  -0.808  0.614  -0.466  0.497  0.043  0.352  0.534  0.206
  0.852  0.033
  -0.397  -1.748  -0.585  -1.607  -0.914  -1.318  -1.097  -0.863
  -0.827  -0.583  -0.368  -0.388  0.129  -0.230  0.862  -0.147
  1.760  -0.059  2.497  0.210  1.849  0.625  1.171  0.696
  0.612  0.726  0.111  0.746  -0.286  0.748  -0.702  0.754
  -1.114  0.786  -1.381  0.819  -1.511  0.849  -1.260  0.597
  -0.918  0.486  -0.518  0.357  0.024  0.205  0.641  0.039
  1.121  -0.159
  -0.054  -1.843  -0.269  -1.732  -0.533  -1.483  -0.522  -1.080
  -0.416  -0.751  0.087  -0.567  0.698  -0.436  1.516  -0.360
  2.316  -0.158  2.585  0.234  1.990  0.474  1.371  0.513
  0.813  0.542  0.182  0.584  -0.356  0.610  -0.815  0.650
  -1.348  0.729  -1.706  0.855  -1.650  0.731  -1.346  0.472
  -0.975  0.349  -0.368  0.187  0.274  0.018  0.883  -0.149
  1.233  -0.328
  0.237  -1.917  0.051  -1.826  -0.087  -1.712  -0.128  -1.524
  -0.118  -1.142  0.387  -0.930  1.029  -0.763  1.734  -0.588
  2.569  -0.250  2.813  0.211  2.086  0.309  1.425  0.354
  0.895  0.380  0.253  0.424  -0.431  0.499  -1.104  0.602
  -1.820  0.790  -2.021  0.758  -1.732  0.625  -1.250  0.345
  -0.819  0.181  -0.263  0.024  0.372  -0.143  0.908  -0.305
  1.278  -0.498
  0.739  -2.050  0.676  -2.008  0.519  -1.918  0.439  -1.729
  0.447  -1.339  0.936  -1.104  1.535  -0.889  2.560  -0.697
  3.252  -0.332  2.653  0.093  2.013  0.173  1.296  0.229
  0.597  0.282  -0.153  0.366  -0.938  0.489  -1.866  0.713
  -2.254  0.713  -2.302  0.656  -1.861  0.518  -1.079  0.283
  -0.633  0.011  -0.063  -0.152  0.480  -0.309  0.906  -0.462
  1.175  -0.656
  1.018  -2.107  0.994  -2.093  0.965  -2.049  0.874  -1.861
  0.857  -1.472  1.248  -1.223  1.779  -1.005  2.942  -0.804
  3.063  -0.410  2.302  0.039  1.573  0.097  0.853  0.155
  0.065  0.242  -0.804  0.379  -1.886  0.631  -2.392  0.652
  -2.657  0.632  -2.582  0.555  -2.052  0.402  -1.204  0.158
  -0.597  -0.142  0.130  -0.328  0.760  -0.501  1.161  -0.655
  1.345  -0.841
  1.475  -2.203  1.460  -2.211  1.428  -2.206  1.350  -2.122
  1.177  -1.882  1.490  -1.511  2.016  -1.191  2.525  -0.725
  2.526  -0.134  1.770  -0.021  1.041  0.038  0.240  0.125
  -0.683  0.271  -1.891  0.547  -2.490  0.583  -2.903  0.588
  -3.061  0.550  -2.877  0.456  -2.258  0.288  -1.341  0.036
  -0.636  -0.284  0.288  -0.500  1.024  -0.691  1.528  -0.864
  1.781  -1.047
  1.648  -2.275  1.570  -2.301  1.350  -2.251  1.367  -2.183
  1.470  -1.998  1.740  -1.598  2.155  -1.240  2.382  -0.776
  1.924  -0.180  1.168  -0.069  0.369  0.016  -0.579  0.166
  -1.877  0.459  -2.559  0.509  -3.095  0.535  -3.424  0.526
  -3.485  0.473  -3.192  0.360  -2.470  0.176  -1.445  -0.071
  -0.661  -0.396  0.270  -0.645  1.243  -0.873  1.800  -1.056
  1.908  -1.235
  2.173  -2.410  1.928  -2.398  1.880  -2.361  1.588  -2.268
  1.618  -2.143  1.649  -1.866  1.768  -1.393  1.796  -0.808
  1.262  -0.203  0.454  -0.086  -0.498  0.063  -1.840  0.367
  -2.577  0.427  -3.241  0.474  -3.726  0.492  -3.980  0.471
  -3.944  0.401  -3.525  0.267  -2.667  0.060  -1.580  -0.183
  -0.584  -0.447  0.128  -0.771  1.106  -1.004  1.917  -1.226
  2.135  -1.416
  2.584  -2.449  2.529  -2.464  2.185  -2.430  2.054  -2.367
  1.673  -2.186  1.584  -1.927  1.600  -1.299  1.356  -0.586
  0.529  -0.217  -0.432  -0.037  -1.793  0.274  -2.541  0.335
  -3.283  0.396  -3.954  0.444  -4.407  0.457  -4.593  0.424
  -4.441  0.335  -3.847  0.172  -2.833  -0.060  -1.744  -0.303
  -0.741  -0.565  -0.041  -0.891  0.893  -1.129  1.704  -1.362
  2.216  -1.582
  2.788  -2.378  2.622  -2.435  2.240  -2.413  2.047  -2.364
  1.570  -2.240  1.387  -1.960  1.096  -1.441  0.617  -0.588
  -0.360  -0.167  -1.747  0.180  -2.495  0.242  -3.243  0.304
  -3.989  0.365  -4.698  0.420  -5.167  0.435  -5.282  0.391
  -4.951  0.272  -4.086  0.064  -2.997  -0.180  -1.908  -0.424
  -0.905  -0.684  -0.213  -1.013  0.774  -1.255  1.576  -1.493
  2.186  -1.724
  2.819  -2.215  2.567  -2.309  2.149  -2.296  1.871  -2.344
  1.403  -2.189  1.040  -1.940  0.400  -1.391  -0.368  -0.606
  -1.701  0.087  -2.449  0.149  -3.197  0.211  -3.946  0.274
  -4.693  0.335  -5.434  0.394  -6.015  0.428  -6.025  0.366
  -5.338  0.187  -4.250  -0.057  -3.161  -0.300  -2.072  -0.544
  -1.049  -0.805  -0.374  -1.139  0.666  -1.381  1.618  -1.622
  2.300  -1.857
  2.363  -1.818  2.158  -1.911  1.933  -2.011  1.647  -2.126
  1.262  -2.094  0.592  -1.774  -0.356  -1.037  -1.664  0.016
  -2.421  0.107  -3.163  0.195  -3.864  0.271  -4.522  0.331
  -5.136  0.370  -5.700  0.393  -6.184  0.404  -5.986  0.295
  -5.068  0.059  -4.132  -0.182  -3.196  -0.423  -2.218  -0.665
  -1.164  -0.913  -0.350  -1.241  0.557  -1.506  1.565  -1.745
  2.314  -1.984
  2.219  -1.368  1.911  -1.429  1.523  -1.510  1.048  -1.574
  0.431  -1.509  -0.291  -1.105  -1.637  0.080  -2.359  0.294
  -3.043  0.537  -3.606  0.703  -3.915  0.747  -4.050  0.710
  -4.069  0.623  -3.981  0.500  -3.787  0.343  -4.012  0.135
  -3.889  -0.084  -3.518  -0.326  -3.046  -0.575  -2.399  -0.820
  -1.433  -1.066  -0.378  -1.316  0.455  -1.629  1.437  -1.866
  2.233  -2.106
  1.730  -0.707  1.284  -0.686  0.760  -0.627  0.208  -0.525
  -0.564  -0.140  -2.026  1.294  -2.562  1.511  -2.637  1.521
  -2.539  1.470  -2.326  1.331  -2.041  1.153  -1.705  0.951
  -1.338  0.731  -1.008  0.503  -0.892  0.270  -2.257  -0.026
  -2.907  -0.248  -2.997  -0.490  -2.850  -0.756  -2.434  -1.009
  -1.716  -1.260  -0.724  -1.505  0.318  -1.747  1.363  -1.987
  2.198  -2.227
  1.220  0.102  0.672  0.213  0.050  0.409  -0.601  0.654
  -1.354  1.060  -1.941  1.326  -2.399  1.529  -2.436  1.668
  -2.190  1.784  -1.654  1.622  -0.984  1.364  -0.316  1.031
  0.246  0.725  0.539  0.431  0.501  0.178  -0.155  -0.058
  -1.034  -0.296  -1.519  -0.547  -1.716  -0.820  -1.624  -1.098
  -1.286  -1.367  -0.571  -1.624  0.430  -1.867  1.486  -2.108
  2.318  -2.349
  0.977  0.815  0.323  0.991  -0.363  1.239  -1.021  1.657
  -1.727  1.892  -2.258  2.258  -2.368  2.286  -2.148  2.446
  -1.664  2.357  -0.657  2.294  0.528  2.023  1.582  1.489
  2.230  1.043  2.471  0.635  2.251  0.293  1.566  0.023
  0.657  -0.268  -0.045  -0.542  -0.429  -0.854  -0.340  -1.142
  -0.172  -1.429  0.249  -1.712  1.141  -1.950  2.040  -2.188
  2.823  -2.425
  0.950  1.466  0.245  1.695  -0.489  2.034  -1.039  2.260
  -1.528  2.582  -1.869  2.734  -1.649  3.027  -1.175  2.979
  -0.551  2.825  0.614  2.716  1.581  2.442  2.279  2.054
  3.136  1.592  3.425  1.089  3.378  0.610  2.609  0.245
  1.977  -0.120  1.238  -0.434  0.937  -0.802  1.007  -1.132
  1.247  -1.439  1.634  -1.728  2.296  -1.981  3.029  -2.217
  3.676  -2.449
  1.163  2.027  0.472  2.328  -0.266  2.511  -0.710  2.805
  -1.057  3.068  -1.051  3.108  -0.673  3.493  0.065  3.334
  0.533  3.132  1.371  2.974  1.988  2.651  2.725  2.357
  3.167  1.991  3.268  1.581  3.574  1.095  3.397  0.632
  2.779  0.284  2.016  -0.101  2.063  -0.546  2.272  -0.967
  2.620  -1.378  3.027  -1.699  3.478  -1.971  4.083  -2.205
  4.589  -2.438
  1.583  2.478  0.828  2.623  0.408  2.862  0.047  3.093
  -0.285  3.217  -0.180  3.488  0.479  3.654  0.781  3.440
  1.036  3.225  1.421  2.959  2.249  2.730  2.841  2.431
  2.979  2.013  3.298  1.653  3.469  1.284  3.569  0.932
  2.959  0.520  2.479  0.109  2.553  -0.405  2.865  -0.887
  3.363  -1.446  3.837  -1.791  4.230  -2.037  4.802  -2.274
  5.134  -2.520
