3
512 512 10 1 2.000000 1
51.200001  102.400002  5  51.200001  102.400002  5
0.996878  0.036797  -0.036542  0.997883  -16.166 0.475
  -0.705  1.169  -0.400  -0.894  -0.496  -0.237  -1.120  -2.572
  -0.936  1.390
  1.778  -1.730  1.489  0.573  1.356  -2.117  -0.626  1.526
  3.021  1.436
  -1.254  0.988  0.133  -0.182  -2.206  -0.766  -1.042  2.042
  -0.068  -0.097
  0.290  -1.092  2.065  1.372  1.993  1.812  0.403  -0.160
  -2.334  0.105
  -1.948  1.500  0.071  -0.795  -0.330  -1.460  -0.502  1.109
  1.370  -2.917
51.200001  102.400002  5  51.200001  102.400002  5
0.998394  0.013883  -0.012655  0.994483  -1.240 0.662
  0.935  -1.378  0.819  -0.820  0.416  -0.797  -1.756  1.815
  1.165  -1.539
  -0.071  0.389  -0.554  1.186  -0.072  0.943  -1.254  -0.417
  -2.068  -0.410
  -0.040  0.125  2.563  -0.886  -2.284  1.524  -0.315  3.218
  3.415  0.996
  -0.704  -1.056  -0.212  -1.632  0.289  -0.365  0.569  0.120
  -0.989  -0.843
  -1.158  1.175  0.893  0.643  0.433  -0.270  -0.779  0.594
  0.758  -2.313
51.200001  102.400002  5  51.200001  102.400002  5
1.000059  -0.042574  0.045841  1.003180  -0.995 -4.172
  1.074  -2.154  -1.814  1.299  1.253  -0.704  -3.344  0.899
  1.511  1.058
  1.442  -0.151  -0.748  1.577  -1.143  -0.272  4.719  2.056
  -0.456  -2.008
  -0.125  -0.176  -1.080  -1.403  -3.090  0.193  -0.844  0.845
  0.747  -0.183
  2.827  -0.028  0.001  -1.385  -2.201  2.309  1.956  -2.015
  -0.017  -2.207
  -0.944  0.763  0.380  1.005  -0.068  -1.256  1.474  1.322
  -1.512  0.615
51.200001  102.400002  5  51.200001  102.400002  5
1.008340  0.025914  -0.027657  1.004608  22.873 1.324
  1.656  -0.237  0.232  -0.976  -0.349  -0.536  -1.301  -0.492
  0.850  -0.557
  -0.749  2.743  -2.387  2.207  -0.747  -1.417  -1.437  0.086
  2.155  -0.603
  1.750  -1.687  0.314  -0.456  -0.626  0.359  1.627  1.497
  -0.120  2.092
  0.634  0.619  -1.014  0.847  0.885  -0.865  -1.110  -1.976
  -0.275  0.390
  -0.765  1.012  0.229  -0.863  1.033  -3.338  -0.099  0.277
  -0.387  1.876
51.200001  102.400002  5  51.200001  102.400002  5
0.987820  0.007657  -0.006679  0.985428  8.631 6.802
  0.252  0.798  -0.285  0.244  2.946  1.279  -1.404  -1.806
  1.236  -1.318
  -1.605  -2.774  0.036  2.407  -1.491  -2.365  0.477  -1.093
  -0.604  1.215
  -0.635  0.250  1.571  0.460  -0.545  1.419  -0.187  0.130
  -1.527  2.431
  1.414  1.467  -0.094  0.386  -0.560  0.711  1.473  1.759
  -0.842  -2.140
  -0.965  -1.686  -0.700  -1.203  1.267  -0.254  1.308  0.494
  -0.536  -0.810
51.200001  102.400002  5  51.200001  102.400002  5
1.005516  0.010644  -0.010727  1.004168  3.402 6.677
  1.118  -1.547  -1.140  1.707  -0.386  2.420  -2.608  -2.700
  -0.178  0.666
  3.025  -0.029  -2.351  -2.318  -1.863  1.402  0.623  1.735
  2.139  -1.788
  0.464  -0.227  1.234  0.138  -0.835  0.352  1.648  0.840
  2.760  0.273
  -1.125  -1.078  1.776  1.214  0.018  0.021  -0.871  0.042
  -2.200  -1.588
  -2.161  -0.947  2.128  -0.477  -0.816  1.825  -0.611  2.645
  0.212  -2.580
51.200001  102.400002  5  51.200001  102.400002  5
1.000650  -0.003517  0.004891  1.002698  -4.175 9.464
  -1.481  -0.896  -0.767  0.177  0.009  -1.504  -0.221  1.876
  -0.843  -0.115
  -0.573  -1.234  0.032  0.575  2.708  0.049  1.587  2.402
  1.123  -1.896
  0.788  2.286  -0.652  -0.508  -0.151  1.785  1.307  -1.141
  -0.882  -0.123
  -1.300  -1.371  -1.551  2.329  1.022  -2.078  0.202  -0.376
  -0.585  -0.491
  1.605  -1.398  1.457  0.509  -1.063  0.010  0.726  1.940
  -2.493  -0.807
51.200001  102.400002  5  51.200001  102.400002  5
0.998330  -0.008199  0.010707  0.998479  -1.758 -2.209
  -1.706  -1.874  3.065  -1.098  2.715  1.447  0.484  1.026
  -1.048  3.013
  -0.211  -0.386  -0.952  0.718  -2.372  -0.553  -0.909  1.985
  -0.005  -3.226
  0.220  0.695  -1.639  -2.228  1.314  -1.435  -0.258  -2.031
  -0.565  0.908
  0.902  2.881  1.370  -0.733  -0.615  1.210  -0.124  0.619
  -0.354  -0.825
  -0.494  -1.384  -0.409  2.250  -0.071  0.903  0.101  -1.187
  1.561  -0.696
51.200001  102.400002  5  51.200001  102.400002  5
1.001608  0.020480  -0.017458  1.003504  2.247 -33.188
  1.212  1.813  -1.464  -0.239  0.226  -1.639  1.077  0.658
  -1.214  -0.988
  -0.073  1.726  3.336  -3.969  -1.632  1.125  -0.942  -0.284
  0.580  0.994
  -0.068  0.226  -1.672  1.884  -0.618  0.697  1.244  0.693
  0.150  -0.076
  -2.686  -0.347  0.998  -2.210  -1.318  1.890  1.036  -3.020
  0.542  0.219
  0.950  -0.818  1.232  -0.829  0.396  2.103  -0.751  -0.914
  -0.540  1.304
51.200001  102.400002  5  51.200001  102.400002  5
0.994561  -0.011171  0.011098  0.997148  -17.132 -10.058
  -0.055  0.109  1.314  -1.169  0.917  0.969  0.169  -1.382
  -1.049  -2.850
  0.348  0.220  0.638  -0.361  -1.458  0.287  1.141  -0.208
  -0.559  0.497
  -3.347  -2.217  1.190  2.677  -1.858  1.381  3.376  3.090
  -3.425  1.491
  0.660  1.562  -0.059  0.148  -0.784  1.746  1.921  -0.833
  1.046  1.060
  1.383  -0.703  -1.527  -2.029  0.947  -0.639  -2.132  -1.671
  1.203  -1.175
