3
1024 1024 7 1 1.000000 1
102.400002  204.800003  5  102.400002  204.800003  5
0.994665  0.008096  -0.007104  0.998672  -3.265 15.591
  -2.493  -2.645  -0.514  0.284  -1.400  -4.218  -0.597  3.993
  -0.126  0.296
  1.196  -0.651  3.520  3.078  -4.356  3.351  0.173  -1.034
  6.841  -0.227
  6.636  1.791  -2.313  0.905  2.283  -0.465  -6.898  -0.754
  -0.884  -2.553
  6.203  -1.258  -0.805  -1.011  -2.203  -2.004  -0.151  1.638
  -2.192  0.861
  -3.418  1.367  -2.049  0.912  -2.894  -0.816  0.088  -2.359
  6.352  1.518
128.000000  256.000000  4  85.333336  170.666672  6
1.013178  0.003531  -0.001387  1.016020  -11.380 26.459
  1.085  -4.549  -1.461  1.555  -1.695  -3.492  -3.889  -1.958
  0.462  -2.040  0.319  8.255  5.046  -2.669  0.742  0.912
  0.153  3.106  -0.582  -0.155  -0.668  0.399  3.794  3.361
  -3.146  -0.574  -1.780  3.174  0.966  3.639  0.161  -3.949
  2.013  1.421  2.017  -2.405  0.755  -0.349  -1.661  2.589
  2.021  -1.355  -3.900  -5.649  -0.962  4.948  0.213  -4.217
73.142860  146.285721  7  73.142860  146.285721  7
1.009757  0.030413  -0.029068  1.013667  6.534 27.533
  1.237  -0.442  -3.155  -2.133  -1.209  -2.879  -0.230  -1.473
  0.419  4.143  1.352  1.260  -1.830  -4.300
  -0.053  0.953  -2.992  3.104  -1.202  0.724  -1.364  -3.670
  5.317  -3.022  1.872  -1.205  -0.282  -1.856
  -0.929  2.394  5.232  -2.224  -0.200  2.896  -2.257  2.259
  -2.709  2.205  0.489  4.272  -0.010  -2.539
  1.969  -2.831  2.484  4.406  1.483  -0.939  2.913  1.224
  -4.194  -0.019  3.236  0.300  -0.626  0.215
  -4.328  -1.266  1.108  1.429  -0.591  -5.200  3.211  2.991
  2.244  4.936  -1.903  -0.207  -0.156  6.413
  -4.841  -0.002  -1.999  2.510  3.800  -0.056  -3.545  1.567
  -1.393  -2.510  1.554  0.115  0.929  -1.610
  2.787  -2.982  2.717  -3.622  3.908  0.269  -4.687  1.044
  0.069  -1.077  -2.091  2.693  -1.553  -6.256
102.400002  204.800003  5  102.400002  204.800003  5
1.007199  0.017136  -0.014668  1.010563  6.851 3.408
  -1.727  5.898  2.144  -0.729  2.428  1.276  -1.086  -3.319
  1.081  -0.131
  -4.933  -4.797  1.553  -1.231  0.438  0.468  -0.508  3.338
  -3.286  -2.363
  2.028  0.636  2.935  3.001  -1.374  2.178  0.787  -4.280
  -1.470  4.921
  3.852  -2.789  -5.929  -3.411  -1.769  -1.001  6.719  1.068
  0.293  -3.731
  -1.510  -1.951  -0.027  7.646  -0.423  -2.761  3.597  -0.814
  -3.812  2.878
170.666672  341.333344  3  170.666672  341.333344  3
1.006097  0.006138  -0.006189  1.003093  -22.254 5.612
  -0.661  1.512  3.008  -1.609  -5.050  -4.456
  -1.682  2.594  2.122  4.617  5.056  2.177
  0.149  -6.097  -0.526  1.066  -2.417  0.196
85.333336  170.666672  6  128.000000  256.000000  4
0.996034  0.039868  -0.040729  0.994931  2.676 20.163
  1.149  -1.191  0.416  -2.478  0.886  -0.522  0.681  -1.976
  -3.499  -1.360  3.179  3.857
  -0.995  2.943  2.147  1.385  -4.458  1.006  -2.694  3.166
  2.446  1.151  -7.222  0.971
  2.076  -3.060  3.106  0.403  -0.327  -2.152  -2.639  -1.653
  9.631  -0.293  1.181  -3.042
  -1.320  -1.317  -1.978  2.522  -0.248  2.242  -2.692  2.156
  0.669  1.065  0.504  -3.824
102.400002  204.800003  5  102.400002  204.800003  5
0.991040  -0.042505  0.039590  0.988261  -7.182 -2.481
  0.321  0.581  0.667  2.256  -1.974  -3.356  1.399  3.030
  2.442  -3.478
  1.324  2.272  0.514  2.104  -1.097  0.992  2.787  -1.526
  -3.955  -0.961
  0.012  -4.610  -2.381  2.090  -0.736  0.223  -3.806  2.108
  5.152  -1.536
  -2.711  -3.039  2.025  0.391  -2.669  3.009  1.856  0.801
  -5.144  -1.775
  1.110  -3.469  2.084  3.596  2.442  -2.918  -2.341  1.419
  2.680  1.798
