3
256 256 5 1 1.000000 3
5
1.007614  -0.017097  0.013718  1.009567  15.225 9.096
123.892 87.040 -0.463 0.320
103.892 223.724 1.360 -0.351
127.867 96.342 0.676 0.424
183.276 200.008 -1.131 1.344
181.880 166.141 -0.868 -1.448
0
0.974316  0.080819  -0.083323  0.971893  -6.345 -2.260
6
0.994214  -0.013666  0.012688  0.995267  28.742 10.121
79.136 161.642 -1.792 0.425
156.898 186.335 -0.829 1.174
174.614 192.325 -1.131 1.556
200.503 164.914 2.476 -0.374
131.555 133.751 0.957 1.646
213.727 123.539 -0.574 -1.488
0
1.004282  -0.012804  0.020682  0.990622  16.764 -17.008
5
1.011516  0.004062  -0.013595  1.003365  -6.581 10.512
35.414 61.365 -1.351 0.524
72.931 164.448 -0.199 -0.214
122.431 74.344 0.505 0.179
92.201 65.583 0.094 0.253
121.205 104.539 -1.019 -0.863
