3
512 512 5 1 0.500000 3
5
1.007768  0.000727  -0.004151  1.009641  33.937 22.608
390.740 442.044 -4.667 2.147
473.243 335.196 0.393 0.810
289.072 172.863 -0.526 -2.547
109.217 158.083 -0.699 -0.840
406.922 140.380 4.405 0.396
6
0.975026  0.072388  -0.074825  0.972537  -25.271 -5.660
52.608 407.429 0.429 1.289
427.685 382.461 -0.903 4.900
253.339 319.690 1.592 4.357
318.436 425.924 1.225 -1.103
172.510 129.019 0.474 0.537
160.507 297.335 2.941 -0.136
5
0.994193  0.013834  -0.014800  0.995257  53.675 22.333
231.980 267.744 -2.069 -0.177
487.872 87.111 -0.654 0.001
116.660 388.152 -3.850 -1.719
111.416 99.053 1.961 2.073
186.138 375.178 4.522 4.262
7
1.004346  0.003782  0.004355  0.990839  34.161 -29.908
302.653 327.266 2.568 2.123
409.470 362.271 4.706 1.195
134.393 154.662 -3.406 -2.919
229.102 383.375 -1.662 -0.516
224.117 93.211 0.999 0.553
366.176 414.551 0.326 0.538
485.864 237.251 -1.239 0.785
5
1.011697  0.008834  -0.017951  1.003082  -13.799 22.433
71.268 448.594 0.540 2.297
387.373 142.536 0.492 -0.559
300.086 400.321 -4.947 1.634
108.879 420.881 1.353 -0.600
445.900 426.925 2.094 2.201
