3
1024 1024 10 1 1.000000 1
102.400002  204.800003  5  102.400002  204.800003  5
1.005617  0.000087  -0.005363  1.007938  24.215 16.884
  -1.883  -0.208  0.506  1.268  -1.160  -1.703  0.980  -0.013
  2.540  0.981
  -0.334  -0.307  3.275  -0.332  -0.562  -1.636  0.073  -0.171
  -0.106  -0.201
  -0.095  1.335  1.181  0.599  -2.506  0.963  -2.303  -0.106
  -2.220  -0.120
  -1.930  0.789  3.723  0.427  0.835  -1.377  -0.927  0.870
  -0.775  0.674
  -0.913  -0.821  0.026  -0.614  1.757  -0.340  0.255  0.421
  0.562  -0.377
102.400002  204.800003  5  102.400002  204.800003  5
0.979788  0.047581  -0.048727  0.976720  -11.975 7.859
  -0.806  -1.297  0.318  0.061  1.071  -0.697  -0.179  0.458
  -0.423  0.255
  -0.798  -1.393  -1.913  -0.593  0.274  1.675  0.658  1.068
  0.464  0.402
  -0.339  0.213  1.575  -1.065  -1.359  2.332  -0.108  0.724
  0.713  -1.652
  2.894  1.493  0.063  0.411  -0.258  -1.821  -0.753  -0.111
  1.141  0.477
  0.214  1.163  -1.144  0.543  1.181  -1.079  -2.631  -1.715
  0.146  0.149
102.400002  204.800003  5  102.400002  204.800003  5
0.996281  -0.020163  0.020084  0.999181  15.682 9.229
  -0.379  -4.022  0.730  2.202  0.917  -1.333  -1.158  -0.281
  2.345  0.410
  0.191  1.623  -0.180  2.414  -1.189  -0.639  0.212  1.465
  0.264  0.346
  -2.355  -1.002  -1.100  -0.780  0.357  -0.665  0.687  -0.009
  -0.930  0.076
  0.806  1.150  -0.433  -0.154  -1.826  1.988  1.365  0.072
  -0.899  -1.567
  0.777  0.519  2.990  0.495  -0.577  -2.750  1.562  -0.008
  -2.175  0.451
102.400002  204.800003  5  102.400002  204.800003  5
1.007785  0.014877  -0.006424  0.991271  47.234 -8.176
  -0.894  -1.092  -0.360  -0.844  0.538  -1.589  -1.154  2.246
  2.090  -0.120
  -1.921  2.165  0.715  -0.226  -0.738  -0.330  -1.610  -0.243
  1.719  1.414
  2.833  0.587  0.014  -0.713  -0.054  -1.533  -2.158  0.705
  1.990  1.281
  1.640  0.752  -0.563  0.198  -0.052  -1.628  -1.940  -2.246
  0.284  -0.296
  -0.558  1.703  0.518  0.418  2.206  -1.695  -2.065  0.127
  -0.481  0.959
102.400002  204.800003  5  102.400002  204.800003  5
1.001776  -0.024345  0.014840  0.992980  5.280 21.879
  0.765  -0.669  -1.276  -0.372  1.091  1.554  1.749  -2.122
  -0.357  -3.344
  -0.470  1.186  -1.329  0.657  0.376  1.818  -0.794  -1.024
  -0.812  2.216
  1.161  0.352  0.068  0.594  0.307  0.183  -0.357  -1.500
  -0.679  2.745
  0.450  0.599  -0.423  0.528  0.527  -0.447  0.377  0.547
  -0.754  -0.482
  -1.506  -1.067  1.017  -2.605  -0.339  -0.380  -0.574  0.611
  1.780  0.420
102.400002  204.800003  5  102.400002  204.800003  5
1.018078  0.047071  -0.052487  1.022349  -7.091 0.631
  0.345  -0.661  -1.387  -0.317  -1.734  2.297  0.204  0.023
  0.964  -0.620
  2.000  1.429  -1.683  -1.352  -1.082  1.697  1.339  -1.296
  0.786  -0.504
  0.860  -0.209  0.010  -2.341  -1.411  -1.538  0.475  3.067
  2.475  -0.726
  -1.000  -0.281  -0.449  2.710  0.923  -1.111  1.022  0.466
  -2.985  -0.872
  0.776  -0.063  0.885  -0.361  0.563  -1.216  -1.406  1.588
  -0.491  0.192
102.400002  204.800003  5  102.400002  204.800003  5
0.980931  0.002064  -0.004589  0.981244  13.952 6.788
  1.412  -0.132  0.510  -0.110  0.057  1.351  -0.834  1.754
  -1.384  -1.814
  0.841  -1.006  -0.607  1.179  1.363  -2.240  0.483  1.901
  1.242  -0.855
  -1.056  0.112  -1.758  -0.160  -0.573  -0.269  1.390  -0.564
  -2.045  0.689
  -1.514  0.076  -0.345  -0.252  -1.563  -0.358  2.876  -1.062
  -0.430  1.021
  1.000  1.892  1.244  -2.306  -1.340  0.207  0.520  1.726
  0.511  -0.779
102.400002  204.800003  5  102.400002  204.800003  5
1.027135  0.031030  -0.029734  1.013239  -8.330 -14.865
  -0.604  -1.529  -0.827  0.963  1.730  0.718  1.202  0.810
  -0.170  0.235
  -1.412  -0.744  -0.925  0.404  -0.716  -0.653  0.663  1.286
  -1.277  -0.921
  1.209  -1.931  0.644  -1.287  -0.168  -2.525  0.925  -0.762
  -0.994  2.419
  1.240  4.678  0.505  -0.573  0.282  2.176  -0.193  0.368
  0.644  -1.069
  0.144  -0.832  -1.872  1.351  0.894  0.206  -1.406  -2.652
  0.482  -0.135
102.400002  204.800003  5  102.400002  204.800003  5
1.021712  0.069574  -0.062729  1.023059  17.893 -31.080
  0.119  0.313  0.240  0.287  -0.987  -0.188  -0.888  -0.099
  0.473  1.036
  1.832  -3.551  0.417  -0.155  2.884  1.045  -1.511  1.042
  -0.475  1.210
  -1.950  0.366  -0.520  0.302  -0.746  -2.051  0.515  0.959
  0.058  -0.779
  -0.078  1.468  -0.389  0.660  1.584  -0.693  -0.416  -2.069
  -0.697  -0.905
  -1.940  -0.199  1.812  0.281  0.273  3.490  -0.166  -0.765
  0.556  -1.005
102.400002  204.800003  5  102.400002  204.800003  5
0.997059  -0.003957  -0.001014  1.008173  2.663 4.912
  1.051  -1.031  0.526  -0.119  -0.548  1.838  1.349  0.407
  -1.448  -1.207
  1.207  3.488  -0.208  -0.759  -0.937  -1.343  -1.627  -0.199
  1.471  0.003
  -0.143  -1.696  0.431  -0.191  -1.785  -1.527  -0.545  1.223
  0.219  0.235
  -0.169  0.042  0.084  2.616  -1.835  -0.485  0.934  -0.690
  1.242  -0.505
  0.262  -0.729  -1.820  -1.216  1.944  0.140  0.483  0.776
  -0.139  0.929
