3
1024 1024 5 1 1.000000 1
102.400002  204.800003  5  102.400002  204.800003  5
0.983463  0.020772  -0.019180  0.988358  16.457 -0.407
  -1.996  -0.339  -0.817  0.920  -1.080  -1.592  -0.498  2.329
  -0.072  0.242
  0.014  0.443  1.393  2.094  -2.467  2.042  -0.005  -0.481
  3.598  -0.254
  2.917  1.452  -1.544  0.733  1.105  -0.188  -3.492  -0.516
  -0.287  -1.661
  2.739  -0.367  -0.590  -0.450  -1.175  -1.164  0.141  0.470
  -0.761  -0.136
  -2.085  0.782  -1.124  0.322  -1.360  -0.773  0.323  -1.817
  3.704  -0.055
128.000000  256.000000  4  85.333336  170.666672  6
0.996233  -0.059618  0.056041  1.002404  -36.307 7.939
  0.449  -2.052  -0.756  0.924  -0.768  -1.776  -1.781  -1.157
  0.020  -0.973  0.027  4.188  2.659  -1.557  0.515  0.131
  -0.207  1.565  -0.498  -0.488  -0.562  -0.151  1.929  1.164
  -2.012  -0.663  -1.197  1.224  0.337  1.335  -0.093  -2.863
  0.677  0.341  0.762  -1.954  0.122  -1.031  -1.031  0.530
  0.529  -1.339  -2.568  -3.711  -0.863  1.684  -0.083  -3.377
73.142860  146.285721  7  73.142860  146.285721  7
1.002061  0.017499  -0.020022  0.997788  2.438 13.783
  0.550  0.296  -1.589  -0.678  -0.500  -1.161  0.095  -0.589
  0.506  2.151  1.112  0.627  -0.361  -2.280
  -0.171  0.815  -1.513  1.881  -0.501  0.558  -0.493  -1.883
  3.102  -1.742  1.378  -0.834  0.418  -1.209
  -0.625  1.380  2.918  -1.270  0.015  1.421  -0.946  1.066
  -1.177  0.906  0.655  1.818  0.545  -1.790
  0.997  -1.652  1.126  2.266  0.894  -0.830  1.789  0.251
  -1.868  -0.532  2.129  -0.456  0.183  -0.514
  -2.529  -0.766  0.535  0.312  -0.261  -3.202  1.833  1.079
  1.535  1.951  -0.667  -0.907  0.472  2.510
  -2.528  -0.345  -1.073  0.839  2.197  -0.444  -1.861  0.074
  -0.428  -2.315  1.327  -0.785  1.025  -1.973
  1.644  -2.162  1.580  -2.717  2.070  -0.562  -2.334  -0.352
  0.506  -1.486  -0.740  0.404  -0.254  -4.598
102.400002  204.800003  5  102.400002  204.800003  5
1.001979  0.027669  -0.027500  1.001878  5.067 -17.219
  -1.036  3.830  1.200  0.468  1.628  1.432  0.153  -0.931
  1.536  0.635
  -2.839  -1.656  0.701  0.163  0.420  0.963  0.218  2.374
  -0.884  -0.599
  0.484  1.118  1.181  2.232  -0.715  1.750  0.702  -1.564
  -0.206  3.128
  1.178  -0.704  -3.598  -1.103  -1.054  0.116  3.466  1.119
  0.470  -1.402
  -1.780  -0.312  -0.701  4.510  -0.606  -0.924  1.693  0.116
  -1.852  1.934
170.666672  341.333344  3  170.666672  341.333344  3
0.991965  -0.017057  0.014824  0.995884  -29.800 -25.027
  -0.507  1.046  1.231  -1.323  -3.086  -3.589
  -0.192  1.845  1.504  2.088  2.784  0.024
  1.584  -2.294  1.034  0.589  -0.142  -0.663
