3
1024 1024 7 1 1.000000 1
102.400002  204.800003  5  102.400002  204.800003  5
1.005365  -0.015888  0.012946  1.008917  19.846 16.524
  -1.358  -1.349  -0.482  -0.036  -0.608  -1.825  -0.314  1.379
  0.057  0.430
  0.512  -0.301  1.567  1.381  -1.713  1.597  -0.153  -0.189
  3.001  -0.107
  3.265  0.989  -0.799  0.507  0.888  -0.099  -2.757  -0.416
  -0.401  -1.145
  3.027  -0.582  -0.197  -0.497  -0.957  -0.959  -0.243  0.594
  -0.817  0.329
  -1.846  0.663  -1.126  0.443  -1.394  -0.403  0.050  -1.033
  2.799  0.631
128.000000  256.000000  4  85.333336  170.666672  6
0.982014  0.065722  -0.067046  0.980950  -15.750 11.649
  0.251  -1.976  -0.709  0.430  -1.069  -1.532  -1.698  -0.674
  0.192  -0.899  0.520  3.343  2.199  -1.207  0.657  0.616
  0.160  1.180  -0.281  0.014  -0.206  0.437  1.654  0.994
  -1.396  -0.006  -0.767  1.643  0.583  1.581  -0.252  -1.403
  0.854  0.629  1.003  -1.265  0.295  0.022  -0.588  0.751
  1.009  -0.590  -2.010  -2.495  -0.433  2.369  0.031  -1.960
73.142860  146.285721  7  73.142860  146.285721  7
0.999120  0.021100  -0.021507  1.002196  27.131 22.949
  0.672  -0.185  -1.234  -0.907  -0.764  -1.387  -0.203  -0.892
  0.139  1.622  0.602  0.771  -0.719  -1.865
  0.031  0.469  -1.253  1.304  -0.745  0.494  -0.665  -1.482
  2.096  -1.491  1.147  -0.729  -0.033  -0.980
  -0.439  1.216  2.023  -0.648  0.318  1.017  -0.960  1.084
  -1.207  0.993  0.045  1.842  0.022  -0.877
  0.982  -1.322  1.226  1.533  0.814  0.022  1.284  0.457
  -1.576  0.089  1.037  0.129  -0.056  0.041
  -2.089  -0.569  0.097  0.559  -0.141  -1.999  1.292  0.831
  1.136  2.268  -0.642  0.226  -0.203  2.644
  -2.366  0.075  -1.205  1.107  1.411  0.238  -1.177  0.698
  -0.861  -0.943  0.567  -0.155  0.517  -0.710
  1.476  -1.416  1.420  -1.699  1.870  -0.145  -1.680  0.511
  -0.320  -0.351  -0.864  1.085  -0.820  -2.571
102.400002  204.800003  5  102.400002  204.800003  5
1.007925  -0.005665  0.014781  0.996014  22.628 -16.208
  -1.020  2.314  0.841  -0.009  1.150  0.537  -0.294  -1.223
  0.360  -0.278
  -1.947  -2.112  0.581  -0.530  0.220  0.241  -0.209  1.316
  -1.476  -0.824
  1.225  0.170  0.968  1.090  -0.578  0.949  0.501  -1.691
  -0.656  1.849
  1.612  -1.275  -2.401  -1.121  -0.946  -0.656  2.909  0.442
  0.261  -1.542
  -0.739  -0.942  -0.082  3.601  -0.168  -1.128  1.676  -0.438
  -1.787  1.259
170.666672  341.333344  3  170.666672  341.333344  3
1.014694  -0.015535  0.006364  1.004722  -14.074 17.967
  -0.380  0.739  1.604  -0.727  -2.403  -2.161
  -0.870  1.204  1.015  2.186  2.231  0.972
  0.087  -2.948  -0.246  0.570  -1.039  0.165
85.333336  170.666672  6  128.000000  256.000000  4
1.013823  0.064304  -0.069839  1.015849  -0.550 11.473
  0.508  -0.701  0.214  -1.144  0.428  -0.348  0.119  -0.895
  -1.343  -0.402  1.165  1.734
  -0.296  1.381  0.877  0.648  -2.242  0.671  -1.231  1.602
  1.463  0.482  -3.301  0.414
  0.901  -1.357  1.535  0.178  -0.235  -1.082  -1.360  -0.847
  4.520  -0.350  0.798  -1.565
  -0.606  -0.708  -0.851  1.217  -0.163  1.092  -1.275  1.133
  0.165  0.576  0.210  -1.726
102.400002  204.800003  5  102.400002  204.800003  5
0.982387  -0.046515  0.043758  0.980967  12.087 -0.877
  0.131  0.330  0.282  0.989  -0.807  -1.392  0.492  1.093
  1.188  -1.468
  0.604  1.140  0.275  1.062  -0.479  0.493  1.206  -0.626
  -1.567  -0.634
  -0.024  -2.197  -1.077  0.743  -0.422  0.169  -1.759  0.909
  2.201  -0.671
  -1.288  -1.463  0.887  0.162  -1.253  1.438  0.882  0.492
  -2.330  -0.895
  0.543  -1.710  0.966  1.834  1.304  -1.367  -1.212  0.677
  1.256  0.893
