3
2048 2048 10 1 0.500000 1
204.800003  409.600006  5  204.800003  409.600006  5
1.005617  0.000087  -0.005363  1.007938  48.429 33.768
  -3.767  -0.416  1.013  2.536  -2.321  -3.406  1.960  -0.026
  5.080  1.962
  -0.669  -0.613  6.550  -0.665  -1.124  -3.273  0.146  -0.342
  -0.213  -0.401
  -0.189  2.669  2.362  1.197  -5.013  1.927  -4.606  -0.212
  -4.441  -0.240
  -3.860  1.578  7.446  0.854  1.670  -2.754  -1.855  1.740
  -1.549  1.348
  -1.826  -1.641  0.052  -1.229  3.515  -0.679  0.511  0.841
  1.125  -0.755
204.800003  409.600006  5  204.800003  409.600006  5
0.979788  0.047581  -0.048727  0.976720  -23.951 15.717
  -1.612  -2.594  0.636  0.123  2.142  -1.393  -0.358  0.915
  -0.846  0.509
  -1.596  -2.787  -3.826  -1.187  0.547  3.351  1.315  2.136
  0.929  0.805
  -0.679  0.426  3.150  -2.130  -2.718  4.665  -0.217  1.448
  1.427  -3.305
  5.787  2.986  0.126  0.822  -0.517  -3.642  -1.505  -0.223
  2.282  0.953
  0.427  2.325  -2.287  1.086  2.362  -2.158  -5.262  -3.430
  0.293  0.298
204.800003  409.600006  5  204.800003  409.600006  5
0.996281  -0.020163  0.020084  0.999181  31.364 18.459
  -0.759  -8.045  1.459  4.404  1.833  -2.665  -2.315  -0.562
  4.691  0.819
  0.382  3.246  -0.361  4.828  -2.378  -1.279  0.424  2.930
  0.528  0.692
  -4.709  -2.004  -2.201  -1.561  0.713  -1.329  1.374  -0.019
  -1.859  0.151
  1.611  2.299  -0.866  -0.308  -3.653  3.976  2.730  0.145
  -1.798  -3.134
  1.554  1.038  5.980  0.990  -1.154  -5.499  3.124  -0.016
  -4.350  0.902
204.800003  409.600006  5  204.800003  409.600006  5
1.007785  0.014877  -0.006424  0.991271  94.467 -16.353
  -1.788  -2.185  -0.720  -1.687  1.075  -3.177  -2.309  4.491
  4.181  -0.240
  -3.841  4.331  1.430  -0.451  -1.476  -0.660  -3.219  -0.486
  3.438  2.828
  5.666  1.173  0.028  -1.425  -0.107  -3.067  -4.315  1.411
  3.980  2.563
  3.281  1.505  -1.126  0.395  -0.103  -3.256  -3.881  -4.491
  0.569  -0.593
  -1.117  3.405  1.036  0.836  4.412  -3.390  -4.130  0.253
  -0.963  1.919
204.800003  409.600006  5  204.800003  409.600006  5
1.001776  -0.024345  0.014840  0.992980  10.560 43.759
  1.531  -1.337  -2.553  -0.744  2.183  3.107  3.497  -4.244
  -0.713  -6.687
  -0.939  2.372  -2.658  1.314  0.751  3.637  -1.587  -2.048
  -1.624  4.432
  2.322  0.704  0.137  1.187  0.615  0.366  -0.714  -3.001
  -1.357  5.491
  0.900  1.198  -0.847  1.056  1.054  -0.893  0.754  1.094
  -1.507  -0.963
  -3.011  -2.134  2.033  -5.210  -0.678  -0.760  -1.147  1.222
  3.560  0.839
204.800003  409.600006  5  204.800003  409.600006  5
1.018078  0.047071  -0.052487  1.022349  -14.183 1.263
  0.689  -1.321  -2.774  -0.634  -3.469  4.593  0.409  0.046
  1.929  -1.239
  3.999  2.858  -3.365  -2.703  -2.164  3.393  2.678  -2.593
  1.572  -1.007
  1.721  -0.417  0.021  -4.681  -2.821  -3.077  0.950  6.133
  4.951  -1.452
  -2.001  -0.562  -0.898  5.419  1.846  -2.222  2.045  0.932
  -5.969  -1.745
  1.551  -0.127  1.769  -0.722  1.125  -2.432  -2.812  3.176
  -0.983  0.384
204.800003  409.600006  5  204.800003  409.600006  5
0.980931  0.002064  -0.004589  0.981244  27.905 13.576
  2.825  -0.265  1.021  -0.219  0.115  2.703  -1.667  3.508
  -2.768  -3.628
  1.682  -2.012  -1.214  2.359  2.727  -4.480  0.966  3.801
  2.484  -1.709
  -2.113  0.223  -3.516  -0.320  -1.147  -0.539  2.781  -1.127
  -4.090  1.378
  -3.029  0.152  -0.691  -0.504  -3.126  -0.715  5.752  -2.125
  -0.861  2.043
  2.001  3.783  2.488  -4.612  -2.679  0.413  1.039  3.452
  1.023  -1.558
204.800003  409.600006  5  204.800003  409.600006  5
1.027135  0.031030  -0.029734  1.013239  -16.660 -29.730
  -1.209  -3.059  -1.655  1.927  3.459  1.437  2.404  1.619
  -0.340  0.470
  -2.824  -1.489  -1.850  0.807  -1.432  -1.305  1.326  2.573
  -2.554  -1.841
  2.418  -3.862  1.288  -2.574  -0.337  -5.051  1.850  -1.523
  -1.988  4.838
  2.481  9.356  1.010  -1.146  0.564  4.352  -0.385  0.737
  1.288  -2.137
  0.287  -1.665  -3.744  2.702  1.788  0.411  -2.811  -5.305
  0.964  -0.271
204.800003  409.600006  5  204.800003  409.600006  5
1.021712  0.069574  -0.062729  1.023059  35.787 -62.159
  0.237  0.626  0.479  0.574  -1.973  -0.376  -1.776  -0.197
  0.947  2.071
  3.664  -7.102  0.833  -0.311  5.767  2.090  -3.021  2.083
  -0.949  2.420
  -3.899  0.732  -1.040  0.604  -1.491  -4.103  1.031  1.918
  0.117  -1.558
  -0.156  2.937  -0.778  1.321  3.167  -1.385  -0.832  -4.138
  -1.394  -1.810
  -3.881  -0.397  3.623  0.561  0.545  6.981  -0.332  -1.531
  1.113  -2.011
204.800003  409.600006  5  204.800003  409.600006  5
0.997059  -0.003957  -0.001014  1.008173  5.326 9.824
  2.103  -2.063  1.052  -0.237  -1.095  3.677  2.698  0.814
  -2.895  -2.414
  2.414  6.976  -0.417  -1.519  -1.875  -2.686  -3.253  -0.398
  2.943  0.007
  -0.286  -3.391  0.862  -0.383  -3.570  -3.054  -1.089  2.446
  0.437  0.471
  -0.338  0.084  0.167  5.231  -3.671  -0.971  1.869  -1.379
  2.483  -1.011
  0.524  -1.457  -3.639  -2.432  3.888  0.280  0.967  1.551
  -0.278  1.857
