   1.0148642  -0.0403538   0.0335269   1.0187843      43.290      17.796
   0.9476989   0.1237280  -0.1285219   0.9428908     -21.919      -2.366
   0.9885324   0.0119216  -0.0138270   0.9906648      47.739      18.361
   1.0082163  -0.0281512   0.0439019   0.9809865      38.788     -35.376
   1.0230911  -0.0374970   0.0186658   1.0062380      -5.837      30.609
   1.0310459   0.0899154  -0.0998833   1.0366130      -4.486       2.608
   0.9737287  -0.0504916   0.0480542   0.9734709      31.038       1.179
   1.0471116   0.0645191  -0.0625176   1.0171062     -14.031     -33.249
   1.0445461   0.0813128  -0.0665922   1.0468159      37.491     -39.118
   1.0118805   0.0521565  -0.0603301   1.0333579      26.093      18.494
   1.0098248  -0.0225856   0.0173329   1.0246669      17.224       0.100
   1.0455364  -0.0411098   0.0689007   1.0153064       9.722      13.834
   0.9904945  -0.0481404   0.0371189   1.0013444      55.923     -76.462
   1.0078607   0.0756485  -0.0825117   1.0037204       7.076      -5.374
   0.9937898  -0.1303374   0.1312205   0.9973572     -16.521      -3.531
   0.9891483  -0.0051791  -0.0357850   0.9543518     -14.556      -7.518
   0.9945817   0.0554668  -0.0465940   0.9955817     -51.128      -9.996
   1.0167552   0.0333231  -0.0154008   1.0299035     -80.665      19.571
   0.9776059   0.1193940  -0.1201093   0.9918112      -4.287       5.863
   1.0012517  -0.0559444   0.0555136   0.9995316      46.954     -66.071
   1.0454928  -0.0545601   0.0574386   1.0481583       3.734      21.461
   1.0057033  -0.0283469   0.0025993   0.9889821     -45.044     -43.194
   0.9963785  -0.0164507   0.0096385   1.0006046      44.268     -28.030
   0.9885638  -0.0065968  -0.0064584   0.9811147      47.503      24.945
   0.9690876   0.1767683  -0.1717933   0.9801460      -3.677     -17.904
   1.0139678  -0.0407644   0.0163266   1.0321025     -31.103      39.068
   0.9599770   0.1678787  -0.1711891   0.9748504       3.586       3.560
   0.9462926  -0.0884119   0.1045641   0.9884141     -12.337      38.464
   1.0083001   0.0878682  -0.1023742   1.0050129       3.245      39.808
   1.0455288  -0.0077793  -0.0166459   1.0269626      48.912     -38.788
   1.0162648  -0.0271757   0.0213752   1.0057714     -37.106      -0.579
   0.9993377   0.0134378  -0.0132257   0.9875510       7.028       5.569
   0.9727626   0.0405635  -0.0388677   0.9678814     -16.218      32.115
   0.9908309   0.1044875  -0.1244179   0.9921667      23.519      -9.418
   0.9671570  -0.1156214   0.1144201   0.9670096      27.975     -16.036
   0.9536022   0.0659026  -0.0561814   0.9818977      -4.038     -33.270
   1.0273314   0.0128781  -0.0209508   1.0192364      21.864      -8.418
   0.9713121   0.1509904  -0.1546089   0.9757293     -14.094     -10.295
   1.0061845  -0.0062599   0.0130999   1.0024378      13.655     -62.514
   1.0236299  -0.0659794   0.0620384   1.0189968     -14.510      20.575
