3
256 256 5 1 1.000000 3
5
1.007698  0.000767  -0.004111  1.009711  17.231 10.908
175.020 210.776 -2.294 1.101
214.898 157.199 0.203 0.398
121.938 78.328 -0.286 -1.257
32.570 72.479 -0.355 -0.410
180.082 61.282 2.189 0.160
6
0.975004  0.072365  -0.074847  0.972559  -12.598 -2.868
30.348 200.795 0.176 0.674
222.555 200.992 -0.624 2.475
135.688 162.855 0.667 2.284
165.366 219.447 0.662 -0.522
100.793 62.527 0.224 0.291
89.066 148.210 1.505 0.032
5
0.994185  0.013842  -0.014791  0.995264  26.915 11.007
91.895 124.319 -1.040 -0.096
221.120 34.482 -0.329 -0.002
33.541 184.397 -1.931 -0.877
31.779 39.159 0.980 1.048
68.518 178.124 2.261 2.157
7
1.004487  0.003539  0.004112  0.990698  16.810 -15.219
132.842 182.018 1.293 1.043
186.256 198.500 2.351 0.551
47.871 96.785 -1.716 -1.435
96.632 211.143 -0.831 -0.242
92.093 64.786 0.501 0.268
165.078 225.358 0.166 0.268
223.393 134.572 -0.611 0.410
5
1.011444  0.008608  -0.018178  1.003336  -6.510 11.337
40.919 209.550 0.288 1.142
194.332 55.592 0.238 -0.281
153.558 184.450 -2.430 0.837
59.252 195.568 0.663 -0.305
225.863 197.042 1.055 1.087
