   1.0148642  -0.0403538   0.0335269   1.0187843      54.106      22.577
   0.9476989   0.1237280  -0.1285219   0.9428908     -27.271      -2.379
   0.9885324   0.0119216  -0.0138270   0.9906648      59.612      22.794
   1.0082163  -0.0281512   0.0439019   0.9809865      48.736     -43.776
   1.0230911  -0.0374970   0.0186658   1.0062380      -7.533      38.279
   1.0310459   0.0899154  -0.0998833   1.0366130      -5.595       3.361
   0.9737287  -0.0504916   0.0480542   0.9734709      38.639       1.755
   1.0471116   0.0645191  -0.0625176   1.0171062     -18.054     -41.519
   1.0445461   0.0813128  -0.0665922   1.0468159      46.618     -49.698
   1.0118805   0.0521565  -0.0603301   1.0333579      32.858      22.948
   1.0098248  -0.0225856   0.0173329   1.0246669      21.562       0.180
   1.0455364  -0.0411098   0.0689007   1.0153064      12.132      17.457
   0.9904945  -0.0481404   0.0371189   1.0013444      70.505     -95.219
   1.0078607   0.0756485  -0.0825117   1.0037204       8.784      -6.833
   0.9937898  -0.1303374   0.1312205   0.9973572     -20.572      -4.823
   0.9891483  -0.0051791  -0.0357850   0.9543518     -18.157      -9.231
   0.9945817   0.0554668  -0.0465940   0.9955817     -63.975     -12.041
   1.0167552   0.0333231  -0.0154008   1.0299035    -100.967      24.800
   0.9776059   0.1193940  -0.1201093   0.9918112      -5.213       7.425
   1.0012517  -0.0559444   0.0555136   0.9995316      59.409     -82.114
   1.0454928  -0.0545601   0.0574386   1.0481583       4.490      27.060
   1.0057033  -0.0283469   0.0025993   0.9889821     -56.123     -53.925
   0.9963785  -0.0164507   0.0096385   1.0006046      55.392     -34.961
   0.9885638  -0.0065968  -0.0064584   0.9811147      59.245      31.034
   0.9690876   0.1767683  -0.1717933   0.9801460      -5.189     -22.245
   1.0139678  -0.0407644   0.0163266   1.0321025     -39.254      48.975
   0.9599770   0.1678787  -0.1711891   0.9748504       4.580       4.325
   0.9462926  -0.0884119   0.1045641   0.9884141     -15.963      47.782
   1.0083001   0.0878682  -0.1023742   1.0050129       4.713      49.768
   1.0455288  -0.0077793  -0.0166459   1.0269626      61.603     -48.825
   1.0162648  -0.0271757   0.0213752   1.0057714     -46.494      -0.871
   0.9993377   0.0134378  -0.0132257   0.9875510       8.798       6.931
   0.9727626   0.0405635  -0.0388677   0.9678814     -19.939      40.074
   0.9908309   0.1044875  -0.1244179   0.9921667      29.202     -12.321
   0.9671570  -0.1156214   0.1144201   0.9670096      35.188     -19.347
   0.9536022   0.0659026  -0.0561814   0.9818977      -5.437     -41.441
   1.0273314   0.0128781  -0.0209508   1.0192364      27.421     -10.637
   0.9713121   0.1509904  -0.1546089   0.9757293     -17.870     -12.428
   1.0061845  -0.0062599   0.0130999   1.0024378      17.157     -78.138
   1.0236299  -0.0659794   0.0620384   1.0189968     -18.455      25.634
