   1.0120118  -0.1088228   0.1055885   1.0142651      31.858       5.311
   0.9872417  -0.0220041   0.0193119   0.9849759      -1.449      -5.638
   1.0009195  -0.0814942   0.0806249   1.0020820      33.893       5.731
   1.0091949  -0.1026006   0.1093432   0.9947659      29.380     -21.230
   1.0161543  -0.1077710   0.0976305   1.0085608       7.484      11.875
   1.0266171  -0.0450355   0.0403494   1.0297997       7.821      -2.824
   0.9909180  -0.1126262   0.1113724   0.9908952      25.647      -2.807
   1.0328584  -0.0581840   0.0578753   1.0179199       3.518     -20.493
   1.0324565  -0.0500437   0.0573789   1.0329393      29.060     -22.936
   1.0147694  -0.0626447   0.0595144   1.0258057      22.920       5.501
   1.0101497  -0.0997280   0.0977558   1.0177819      18.742      -3.444
   1.0273658  -0.1104064   0.1228649   1.0111839      15.237       3.621
   0.9994671  -0.1118903   0.1068139   1.0054213      37.661     -41.786
   1.0141966  -0.0505223   0.0469006   1.0124224      13.556      -6.533
   0.9994462  -0.1535170   0.1541183   1.0012021       1.967      -4.335
   1.0004270  -0.0901895   0.0677289   0.9844970       2.713      -7.472
   1.0062008  -0.0598532   0.0643706   1.0063137     -15.580      -9.029
   1.0160631  -0.0721962   0.0816806   1.0218219     -30.153       5.932
   1.0019566  -0.0267791   0.0270460   1.0091769       7.517      -1.233
   1.0047150  -0.1162445   0.1159522   1.0038692      33.169     -36.573
   1.0268102  -0.1168570   0.1183865   1.0279965      12.370       7.273
   1.0077817  -0.1025585   0.0888512   1.0004932     -12.503     -25.110
   1.0036285  -0.0961516   0.0929081   1.0060562      32.169     -17.519
   1.0000887  -0.0908662   0.0839176   0.9968914      33.857       9.071
   1.0022746   0.0027233   0.0002930   1.0076667       8.189     -13.393
   1.0114666  -0.1089211   0.0975561   1.0215492      -5.099      15.965
   0.9970776  -0.0010361   0.0000123   1.0048039      11.327      -2.478
   0.9760447  -0.1309081   0.1410429   0.9968426       4.150      16.481
   1.0152900  -0.0444800   0.0370705   1.0142792      11.146      15.873
   1.0284544  -0.0938522   0.0809781   1.0203350      34.450     -22.796
   1.0131882  -0.1023424   0.0989812   1.0081924      -8.287      -3.594
   1.0064392  -0.0812177   0.0808043   1.0004808      13.540      -0.740
   0.9943786  -0.0661263   0.0667741   0.9918104       1.523      12.461
   1.0077940  -0.0350637   0.0250697   1.0093472      21.740      -8.463
   0.9860721  -0.1457664   0.1451463   0.9860505      23.959     -11.347
   0.9859769  -0.0523176   0.0585520   1.0000056       7.955     -20.489
   1.0204067  -0.0828206   0.0784539   1.0167323      21.048      -7.771
   1.0013710  -0.0102695   0.0086266   1.0037773       2.801      -9.695
   1.0089984  -0.0914424   0.0947115   1.0068171      16.872     -34.699
   1.0156003  -0.1219334   0.1197708   1.0134667       3.256       7.118
