   0.9225972  -0.3722336   0.3651126   0.9298136     -40.200      -1.342
   0.9240780  -0.3715508   0.3671149   0.9307741     -35.651      -2.827
   0.9333207  -0.3740563   0.3703339   0.9312606     -26.302      -4.576
   0.9322337  -0.3729441   0.3712456   0.9297836     -25.303       3.544
   0.9335239  -0.3749909   0.3750823   0.9307344     -17.342       3.369
   0.9335338  -0.3740797   0.3757726   0.9304299     -16.545      -4.520
   0.9304045  -0.3715279   0.3755910   0.9318150     -12.568       0.858
   0.9300197  -0.3712318   0.3766056   0.9311771     -14.090       0.481
   0.9318595  -0.3730534   0.3796453   0.9327971      -1.600      -2.162
   0.9311759  -0.3725955   0.3802875   0.9318989      -8.996       2.774
   0.9309199  -0.3723783   0.3810915   0.9314451       0.278       1.977
   0.9316946  -0.3730826   0.3821166   0.9294937      -2.422       8.532
   0.9311643  -0.3747647   0.3845726   0.9288201      10.228       6.154
   0.9314368  -0.3745477   0.3850864   0.9289492       3.765       5.078
   0.9320189  -0.3756792   0.3869203   0.9293965       7.763      -2.843
   0.9327867  -0.3764215   0.3883325   0.9300342      13.802       5.251
   0.9321445  -0.3759339   0.3884671   0.9292700      19.883       2.280
   0.9337917  -0.3773169   0.3904299   0.9305272      14.483       2.209
   0.9333191  -0.3773191   0.3910157   0.9299406      17.676       1.573
   0.9332685  -0.3774281   0.3916980   0.9297767      19.631       1.394
   0.9339251  -0.3776857   0.3925276   0.9303196      23.688      -3.473
   0.9351208  -0.3784575   0.3931381   0.9315461      21.562       3.026
   0.9338753  -0.3788100   0.3933067   0.9303386      21.613       0.501
   0.9340100  -0.3796120   0.3939580   0.9305032      24.253      -1.937
   0.9329184  -0.3801304   0.3943195   0.9294440      23.557       2.321
   0.9323831  -0.3790655   0.3936391   0.9314917      29.683      -4.791
   0.9315745  -0.3802991   0.3947465   0.9307088      31.031       6.235
   0.9303215  -0.3810672   0.3953881   0.9294795      26.390       7.744
   0.9301064  -0.3814803   0.3956945   0.9292862      26.194       1.832
   0.9305635  -0.3825017   0.3966289   0.9297640       1.683      25.334
   0.9309641  -0.3832505   0.3972953   0.9301839      42.310      -6.330
   0.9312811  -0.3834963   0.3976150   0.9304873      12.784      -7.055
   0.9302960  -0.3850502   0.3992400   0.9294894      46.663       5.426
   0.9312367  -0.3849244   0.3992078   0.9304131      24.630      -0.387
   0.9306862  -0.3844216   0.3991047   0.9313779      18.046      -1.812
   0.9304217  -0.3851297   0.3999109   0.9310947      24.231       2.979
   0.9297196  -0.3853388   0.4002166   0.9303703      16.040      -0.702
   0.9289993  -0.3848873   0.3998640   0.9296253      20.865       0.951
   0.9291224  -0.3854531   0.4005557   0.9297255      23.712       4.229
   0.9288601  -0.3861488   0.4013816   0.9294378      15.148      -1.932
   0.9295583  -0.3868092   0.4021946   0.9301106      12.802      -2.334
   0.9309050  -0.3872121   0.4028299   0.9314180      11.168       0.760
   0.9315439  -0.3876889   0.4035420   0.9320143      14.229       1.705
   0.9290961  -0.3895496   0.4063584   0.9330016       5.972      -1.881
   0.9291092  -0.3891580   0.4062170   0.9329628       3.078       0.914
   0.9291757  -0.3879276   0.4052470   0.9329723       1.261      -3.747
   0.9293334  -0.3880043   0.4056159   0.9330733       3.964      -6.070
   0.9306397  -0.3871930   0.4051280   0.9343253       1.427       5.064
   0.9299098  -0.3881307   0.4063942   0.9335253      -4.998      -3.275
   0.9289773  -0.3896280   0.4082469   0.9325169     -22.212      -4.258
   0.9283069  -0.3904370   0.4090080   0.9297690      -9.251      -0.195
   0.9281518  -0.3902032   0.4091354   0.9295396     -10.726      -2.515
   0.9275550  -0.3912033   0.4105310   0.9288602     -21.426      -4.622
   0.9264418  -0.3911016   0.4108400   0.9276549     -15.815      -5.390
   0.9258943  -0.3912351   0.4114312   0.9270105     -23.947       4.369
   0.9277139  -0.3919867   0.4127353   0.9287340     -31.562      -0.359
   0.9308834  -0.3926812   0.4135099   0.9292694     -33.189      -4.576
   0.9316052  -0.3917753   0.4132356   0.9298676     -28.966      -4.761
   0.9296531  -0.3929102   0.4150398   0.9277699     -28.962      -5.870
   0.9299428  -0.3955718   0.4185096   0.9278938     -38.480      -5.447
   0.9307852  -0.3970218   0.4208671   0.9285532     -47.089      -1.326
