3
256 256 5 1 1.000000 3
5
0.999788  0.020573  -0.020573  0.999788  -4.593 2.678
175.020 210.776 -2.294 1.101
214.898 157.199 0.203 0.398
121.938 78.328 -0.286 -1.257
32.570 72.479 -0.355 -0.410
180.082 61.282 2.189 0.160
6
0.999958  0.009124  -0.009124  0.999958  -1.540 -1.401
30.348 200.795 0.176 0.674
222.555 200.992 -0.624 2.475
135.688 162.855 0.667 2.284
165.366 219.447 0.662 -0.522
100.793 62.527 0.224 0.291
89.066 148.210 1.505 0.032
5
1.006820  -0.080089  0.080089  1.006820  12.845 -1.319
102.059 117.618 -1.038 -0.188
239.987 38.603 -0.331 -0.031
38.057 172.929 -1.866 -1.052
49.069 26.642 0.894 1.141
73.802 169.697 2.085 2.369
7
0.999841  0.017816  -0.017816  0.999841  -2.093 3.105
132.842 182.018 1.293 1.043
186.256 198.500 2.351 0.551
47.871 96.785 -1.716 -1.435
96.632 211.143 -0.831 -0.242
92.093 64.786 0.501 0.268
165.078 225.358 0.166 0.268
223.393 134.572 -0.611 0.410
5
0.999632  0.027125  -0.027125  0.999632  -4.166 -4.025
40.919 209.550 0.288 1.142
194.332 55.592 0.238 -0.281
153.558 184.450 -2.430 0.837
59.252 195.568 0.663 -0.305
225.863 197.042 1.055 1.087
