3
1024 1024 4 1 1.000000 1
102.400002  204.800003  5  102.400002  204.800003  5
0.997310  0.015695  -0.015695  0.997310  10.152 5.143
  -1.993  -0.098  0.717  1.647  -1.824  -1.939  1.059  0.711
  2.301  1.474
  -0.153  -0.411  3.856  -0.433  -1.177  -1.708  0.143  0.218
  -0.517  -0.093
  0.410  1.039  1.645  0.315  -2.685  1.053  -2.130  -0.257
  -2.211  0.003
  -1.168  0.321  4.950  -0.073  1.263  -1.985  -0.432  0.994
  -0.139  0.555
  0.155  -1.509  0.846  -1.218  2.808  -0.758  1.029  0.004
  1.429  -0.903
102.400002  204.800003  5  102.400002  204.800003  5
1.002806  -0.025159  0.025159  1.002806  20.538 6.974
  0.212  -1.170  1.152  0.702  2.463  -0.566  0.832  0.762
  0.424  0.313
  0.273  -0.898  -1.522  -0.595  0.886  2.267  1.466  1.580
  1.166  1.048
  0.275  1.157  2.661  -0.491  -1.041  2.940  0.367  1.456
  1.311  -1.704
  3.650  2.664  0.265  1.129  0.190  -1.326  -0.168  0.561
  1.674  1.064
  0.089  2.032  -1.141  1.189  1.668  -0.438  -2.686  -1.359
  0.356  0.792
102.400002  204.800003  5  102.400002  204.800003  5
1.001987  -0.050210  0.050210  1.001987  -1.296 -13.706
  -0.237  -3.555  1.210  3.468  1.506  -1.376  -0.619  0.333
  3.734  0.926
  0.170  2.336  -0.123  2.792  -1.028  -0.712  1.081  2.137
  0.981  0.452
  -2.732  -1.069  -0.916  -0.800  0.880  -0.503  1.182  0.123
  -0.499  0.177
  0.643  1.287  -0.716  -0.349  -2.045  2.406  2.178  -0.268
  -0.718  -1.854
  0.255  0.309  3.273  0.370  -1.167  -3.667  2.114  0.284
  -2.414  0.271
102.400002  204.800003  5  102.400002  204.800003  5
1.001406  0.054026  -0.054026  1.001406  43.615 2.183
  -0.263  -3.210  -0.190  -2.332  0.894  -3.208  -1.362  1.829
  2.466  -1.772
  -2.301  1.319  1.280  -1.480  -1.041  -1.041  -1.784  -1.020
  1.876  1.035
  3.085  -0.130  -0.203  -1.474  -0.186  -1.970  -2.666  1.045
  2.160  1.255
  1.999  0.379  -1.077  0.130  -0.561  -1.667  -2.539  -2.224
  -0.008  0.226
  -0.712  2.143  0.268  0.874  1.828  -1.230  -2.955  1.129
  -1.033  1.966
