   0.9955364   0.0410380  -0.0440936   0.9993517      -3.741       8.953
   0.9973067   0.0123313  -0.0130895   0.9961134      -8.513      -5.035
   1.0050036  -0.0523765   0.0446312   1.0009985       1.867      -7.628
   1.0018809  -0.0232112   0.0346462   1.0032830      15.655      -3.771
   0.9969809  -0.0178018   0.0262692   1.0002537      15.234       1.958
   1.0017880   0.0470026  -0.0469936   1.0078284      10.253      16.812
   0.9952164   0.0736409  -0.0808990   0.9991342      11.974       0.457
   1.0021400  -0.0195228   0.0190997   0.9972407       2.366       6.320
   0.9982860  -0.0122161   0.0173616   1.0000999     -17.655      -4.128
   1.0003955   0.0050713   0.0011519   0.9996529     -16.020      -3.153
   1.0067077  -0.0125012   0.0105798   1.0041382      -2.406     -11.103
   1.0125445   0.0113563  -0.0157838   1.0057453      -1.401      18.160
   1.0026464   0.0002765  -0.0042787   0.9969419       4.357      20.085
   0.9798453  -0.0146257   0.0205889   0.9856206       1.967      -1.660
   0.9901608  -0.0227609   0.0256492   0.9924600      -8.672      -9.126
   1.0000410   0.0009879  -0.0034556   1.0009730     -10.686       3.161
   0.9926783   0.0184128  -0.0179509   0.9949102      -0.624     -15.027
   0.9907222   0.0155453  -0.0125731   0.9912433      10.487     -29.460
   1.0031418  -0.0022143   0.0034590   1.0094064       2.094      16.721
   1.0127039   0.0043223  -0.0048600   1.0097635      -4.301       7.499
   1.0046253   0.0045544  -0.0027740   1.0043286       7.737      11.417
   1.0083026  -0.0068679   0.0113938   1.0132631      20.918     -25.008
   0.9991558  -0.0084257   0.0068842   0.9982441      10.050     -15.946
   0.9993723  -0.0652075   0.0663709   1.0009928     -11.863      -1.519
   0.9899606  -0.0105759   0.0046219   0.9894891       6.043       2.625
   0.9952537   0.0404021  -0.0398373   0.9915847     -11.426      12.603
   0.9917835   0.0559422  -0.0519810   0.9830477       8.342      14.952
   0.9926503  -0.0183288   0.0142860   0.9922765       8.731       3.075
   1.0068997   0.0063663  -0.0095755   1.0045955       3.150      -1.159
   0.9982024   0.0023918  -0.0025392   0.9954162      -0.331      -2.437
   0.9988700  -0.0339229   0.0403310   1.0074126       0.390      -0.780
   0.9996861   0.0290595  -0.0195695   1.0046328      -7.523       4.675
   1.0083671   0.0223173  -0.0244234   1.0057210      -2.608       2.996
   1.0066655   0.0281848  -0.0376202   1.0031244     -16.716      -5.177
   0.9941062  -0.0014429  -0.0088656   0.9906468      -4.309      -7.591
   0.9922996  -0.0467933   0.0468634   0.9922030      -0.226       9.297
   0.9930831  -0.0195330   0.0220133   1.0013882       5.646      30.987
   1.0057530  -0.0055950   0.0097793   1.0135022       1.105       1.364
   1.0020447   0.0259706  -0.0277642   1.0042299      -3.715       4.904
   1.0001060   0.0082100  -0.0046753   0.9985706       0.276       6.632
   1.0020454   0.0216687  -0.0189009   1.0015460       0.812      10.999
   1.0015091   0.0196731  -0.0228451   0.9954407     -23.600     -26.257
   0.9894872  -0.0110514   0.0079085   0.9882441     -22.911      -9.017
   1.0012642  -0.0505622   0.0480094   1.0001681       6.407      -5.224
   1.0096115  -0.0544775   0.0501648   1.0159934      24.996     -21.414
   1.0045868   0.0037896   0.0000972   1.0071350       8.745       3.097
   0.9901916  -0.0213692   0.0291093   0.9901311      -2.366       4.299
   0.9836352  -0.0258554   0.0383420   0.9863321      -4.803      -0.460
   0.9874932   0.0640896  -0.0673100   0.9893915     -23.721      -6.875
   0.9990023   0.0446570  -0.0480161   0.9973037       3.877     -11.233
   1.0061550  -0.0332393   0.0309457   1.0068086       6.321      -5.184
   1.0042548  -0.0359488   0.0369692   1.0069784      16.406      11.363
   0.9969209   0.0157176  -0.0131715   0.9963188       4.546      18.361
   1.0044065  -0.0134517   0.0169869   0.9997234       8.048      -8.069
   1.0160977   0.0272018  -0.0298498   1.0109812       1.967      -5.296
   1.0135052  -0.0333645   0.0353705   1.0103005       9.428     -12.751
   1.0044054   0.0415813  -0.0319542   1.0027090     -10.386       6.519
   0.9938053   0.0024389   0.0103214   0.9957800      -1.889      15.232
   0.9760753  -0.0351686   0.0328565   0.9777122      -8.182      -7.202
   0.9960545  -0.0171695   0.0049907   0.9954395       2.844      10.819
   1.0017803   0.0325849  -0.0464004   0.9985618     -13.446      -4.182
   0.9937063   0.0326089  -0.0328535   0.9985332     -15.449       2.276
   1.0012829  -0.0117422   0.0127248   1.0032129       2.348      -1.220
   0.9940366  -0.0524754   0.0505830   0.9964873      15.147       0.924
   1.0074711  -0.0100852   0.0058368   1.0079018      -0.265       8.815
   0.9832765   0.0364900  -0.0440191   0.9835793       7.260      -7.046
   1.0021191   0.0077311   0.0006316   1.0013360      -2.672     -10.887
   1.0007184  -0.0380346   0.0418101   1.0006535      -9.206     -10.587
   1.0175811  -0.0177442   0.0244919   1.0161695     -14.539       4.932
   0.9992764   0.0146217  -0.0138470   0.9996965      -0.805       5.572
   1.0066537   0.0071756  -0.0047473   1.0063237      17.145     -19.634
   0.9765508   0.0090751  -0.0130835   0.9788949       7.550      -5.919
   0.9963372   0.0343393  -0.0416651   0.9965227     -13.463       3.614
   0.9957489   0.0486070  -0.0583873   0.9948461      -3.949      30.054
   1.0011519   0.0073542  -0.0120576   1.0052953      -3.795      11.502
   0.9916179  -0.0075797   0.0114809   0.9938834      16.051     -14.518
   0.9949739  -0.0465834   0.0442499   0.9985038      10.910     -18.274
   0.9927948  -0.0339312   0.0290045   0.9977248      -7.144       2.884
   1.0036814  -0.0110491   0.0176963   0.9907397     -21.950      28.751
   1.0056494  -0.0096417   0.0232045   1.0096772     -18.065       1.132
   1.0093167   0.0649598  -0.0482157   1.0167969      15.935      -9.916
   1.0052296   0.0515149  -0.0441739   1.0051570      22.344      -2.329
   0.9964030  -0.0173126   0.0081542   0.9924961       2.348      -5.707
   1.0090615   0.0073497  -0.0139034   1.0071257       2.961      -2.720
   1.0171497   0.0459343  -0.0484841   1.0167788      -9.284      37.202
   1.0048217  -0.0080897   0.0111314   1.0051084       3.652      12.977
   1.0023038   0.0021102   0.0011931   0.9995160      -5.477      -7.552
   0.9854612   0.0196354  -0.0192083   0.9819162      -6.421     -19.503
   0.9841132  -0.0028280  -0.0074539   0.9841678       1.030      -5.717
   0.9847169  -0.0538827   0.0444558   0.9927236      -0.392      11.916
   0.9979051  -0.0340649   0.0379773   0.9977935       4.319       7.350
   0.9983623   0.0538803  -0.0546366   1.0123156     -30.691      -2.611
   1.0211251   0.0336962  -0.0277224   1.0137929     -13.788     -10.978
   1.0052912   0.0121906  -0.0095500   0.9997632       9.349       6.728
   0.9917274  -0.0039811   0.0105138   0.9899923      12.626      15.033
   1.0021850   0.0168444  -0.0113104   0.9980838      -1.485       1.083
   1.0095962  -0.0128268   0.0115060   1.0062733      -0.748     -34.599
   0.9993673  -0.0244621   0.0188267   1.0016781       3.168     -22.660
   0.9881730  -0.0162403   0.0229217   0.9912946     -18.798       7.745
   1.0006642  -0.0114994   0.0163253   0.9946650     -19.519      15.045
   1.0148172  -0.0294456   0.0201771   1.0117726       5.670       0.981
   1.0058657   0.0200616  -0.0217720   1.0168728       7.061      -3.791
   0.9922957  -0.0040257   0.0027103   0.9970488       8.528       0.365
   1.0123699   0.0482694  -0.0492119   1.0126635      10.584      11.570
   0.9979706   0.0451913  -0.0465484   0.9986916       7.055      22.274
   0.9954186  -0.0276015   0.0242779   0.9958376       3.303       5.284
   0.9760342  -0.0643548   0.0722177   0.9719226       6.247       1.712
   0.9980277   0.0107686  -0.0067089   0.9953769       3.210      -7.166
   1.0019965   0.0178180  -0.0196833   1.0021970       1.069     -30.827
   1.0056604  -0.0267371   0.0206831   1.0078640       2.445      -9.639
   0.9863937  -0.0604922   0.0570188   0.9898311     -11.212      10.780
   0.9908049  -0.0184660   0.0142865   0.9838513      -1.828       6.792
   0.9966518   0.0141554  -0.0039743   0.9931542      -8.443       9.637
   0.9956800   0.0312279  -0.0263831   0.9987314       4.297      -4.530
   1.0033661  -0.0104273   0.0110261   1.0103629      -3.756     -46.067
   0.9983907  -0.0119424   0.0097532   0.9942828      -5.520     -20.102
   1.0102859  -0.0715864   0.0676906   1.0056206       4.798      18.597
   1.0126498   0.0298350  -0.0292204   1.0099224      -4.744      15.940
   1.0093039   0.0147219  -0.0262608   1.0141529      -3.313      -5.465
   0.9974843   0.0214529  -0.0125488   0.9969063      -8.896      -6.374
   1.0004652  -0.0224488   0.0279905   1.0014931      16.164      30.851
   0.9849217   0.0377924  -0.0361390   0.9937381      39.673      11.545
   0.9879522   0.0815540  -0.0764350   0.9842010       7.106      -9.937
   1.0102748   0.0172017  -0.0173805   1.0067420      -4.220      -7.649
   1.0012265  -0.0782339   0.0725600   1.0022888      -3.811      -6.921
   1.0030590  -0.0480473   0.0435192   1.0086496     -13.447       6.213
   0.9994277  -0.0112796   0.0061888   1.0012844      -2.267       4.714
   0.9872742   0.0475714  -0.0377827   0.9755012      -4.828      -1.477
   0.9920816   0.0061667   0.0003054   0.9845417       0.828       5.823
   1.0024793  -0.0037931   0.0039209   1.0054784     -12.163      -1.350
   1.0050590  -0.0021695   0.0038810   1.0127218      -3.591      12.403
   0.9856212  -0.0323651   0.0371005   0.9902720      -5.131       1.115
   0.9782271   0.0065997  -0.0010867   0.9762125       9.721      -5.441
   1.0105007   0.0168172  -0.0168335   1.0028774       5.282       0.903
   1.0030926   0.0135117  -0.0100524   1.0023450       8.710       3.060
   1.0032632   0.0125183  -0.0189885   0.9990679       7.213      11.834
   1.0000334   0.0162641  -0.0180622   0.9980887      15.742      -7.074
   1.0087026  -0.0523982   0.0513403   1.0052679       1.139     -11.422
   1.0137122  -0.0288295   0.0288966   1.0145624      -9.894      11.029
   0.9966834   0.0082903  -0.0062891   0.9994199     -18.720     -16.198
   0.9926968  -0.0055429   0.0089799   0.9957498      -1.129     -28.258
   0.9988597  -0.0276455   0.0341563   0.9988625      17.474     -10.650
   1.0076208  -0.0250249   0.0212112   0.9958013      26.886      19.520
   0.9827648   0.0082113  -0.0037495   0.9822574     -14.101      18.298
   0.9802853   0.0441700  -0.0428389   0.9806148     -20.002       4.219
   1.0014920   0.0087550  -0.0168898   1.0141580      -0.661       4.008
   1.0114651  -0.0121903   0.0108712   1.0187584       3.737      -2.040
   0.9997767   0.0275227  -0.0201008   1.0027761     -22.819     -18.202
   1.0020531   0.0611017  -0.0587815   0.9935262       5.254      -7.913
   0.9927979  -0.0053359   0.0045941   0.9913709      13.387      16.544
   0.9974904  -0.0105763   0.0009299   0.9920303      11.898       6.044
   0.9997599  -0.0070442   0.0012667   0.9960135       1.884      -2.256
   1.0067624   0.0227367  -0.0171595   0.9993649       4.291       9.757
   1.0036995   0.0015879   0.0030801   1.0041372      -0.754      -4.117
   0.9988391  -0.0002144  -0.0052601   0.9998894      -2.654      -8.496
   0.9953330   0.0176519  -0.0238881   0.9970827      -6.678      -5.330
   0.9911561  -0.0190934   0.0138833   0.9950473     -26.541      -3.140
   0.9971147  -0.0009627   0.0089868   0.9996384       0.178       5.999
   1.0113845   0.0320402  -0.0230734   0.9995553      21.284      14.211
   1.0117817  -0.0081768   0.0119441   1.0058081      -0.875       3.546
   0.9907109  -0.0319979   0.0278637   0.9977222      -2.936       1.522
   1.0039119  -0.0391433   0.0292748   1.0066156     -16.281       9.290
   0.9958580  -0.0058644   0.0012756   0.9975138     -18.033     -11.392
   1.0098947   0.0071758  -0.0047697   1.0092390      -0.177     -12.432
   0.9976739   0.0200853  -0.0167469   0.9950942       9.943      -0.415
   0.9959714  -0.0050380   0.0089020   0.9897321      16.849       6.370
   1.0003071   0.0001838  -0.0020707   0.9920217       2.549       2.075
   1.0078473   0.0051200  -0.0172890   1.0093399      -1.567       8.075
   0.9908261   0.0238972  -0.0170786   0.9952602      -3.178      -7.275
   1.0070245   0.0116763  -0.0086898   1.0054861       3.427      17.399
   0.9954342   0.0140166  -0.0125578   1.0079195      -5.302      15.341
   1.0058587  -0.0097253   0.0008407   1.0057307       8.504       5.402
   1.0057650  -0.0136662   0.0134214   1.0051103       4.526      -5.398
   0.9999328  -0.0024444   0.0090850   0.9945118     -12.570       0.487
   1.0007482  -0.0048761   0.0113864   0.9968963      -8.599      -6.189
   0.9886287  -0.0219517   0.0241931   0.9891626       0.318      -8.414
   0.9908273  -0.0900729   0.0920611   0.9916086      12.033     -17.579
   1.0027436  -0.0321572   0.0274342   1.0087559      16.995      -1.465
   0.9995534   0.0316892  -0.0323098   1.0036798     -15.378     -13.684
   1.0035044   0.0540527  -0.0556231   1.0027020     -37.509     -10.144
   0.9974869   0.0317471  -0.0393459   0.9968207      -5.842      13.081
   1.0033268   0.0204842  -0.0242387   1.0016396       6.207      -7.413
   0.9968936   0.0233945  -0.0151770   0.9949954       2.619       7.982
   0.9978702  -0.0025021   0.0112420   0.9921470      18.614       3.366
   0.9854600  -0.0244453   0.0240704   0.9877082      -9.396       5.559
   1.0108255  -0.0307997   0.0245237   1.0066593       1.388       6.863
   1.0097712   0.0067751  -0.0172162   1.0120286       5.043      -7.980
   0.9975417  -0.0136930   0.0115573   1.0035999      12.252     -14.415
   0.9873217  -0.0211410   0.0281022   0.9953052       0.319      -2.012
   0.9902503   0.0111882  -0.0070876   0.9954820     -15.266      -5.438
   0.9918042   0.0064469  -0.0238099   0.9955296      -0.281       9.627
   1.0044347   0.0242813  -0.0247361   0.9994369      -3.727      -1.197
   1.0034397  -0.0004154   0.0058479   1.0052309     -14.591      -1.991
   1.0029851  -0.0601348   0.0747153   0.9923123       3.794      -5.903
   1.0125697  -0.0249111   0.0285253   0.9996780       7.915      10.406
   0.9923544   0.0129107  -0.0139558   1.0015084      17.433       1.953
   1.0026621  -0.0144373   0.0108709   1.0222049       8.819      -1.617
   1.0072689   0.0048375  -0.0052597   1.0080894       5.532       2.626
   0.9957762   0.0137935  -0.0152096   0.9949995      -1.358       8.792
   0.9983337  -0.0198657   0.0244793   0.9898487     -12.968     -13.776
