   0.8134063  -0.3605515   0.3662584   0.8282928      27.696      73.575
   0.7293153  -0.5084034   0.5137094   0.7448280      12.970      67.213
   0.6222773  -0.6385874   0.6458830   0.6347982       3.759      59.578
   0.4916973  -0.7455151   0.7553149   0.5012904      -5.900      53.412
   0.3421491  -0.8268087   0.8393672   0.3490535     -11.953      48.256
   0.1790774  -0.8779712   0.8932554   0.1836504     -13.643      40.631
   0.0083967  -0.8975838   0.9132231   0.0119506     -15.667      35.247
  -0.1636459  -0.8843856   0.8999335  -0.1606451     -16.552      28.849
  -0.3315917  -0.8397124   0.8546222  -0.3287001     -15.518      28.199
  -0.4884766  -0.7635927   0.7772144  -0.4852935     -15.603      23.872
  -0.6283894  -0.6588675   0.6705161  -0.6245843     -16.461      23.581
  -0.7464074  -0.5285045   0.5385588  -0.7411473     -18.843      20.307
  -0.8378561  -0.3772493   0.3850800  -0.8310767     -24.234      21.311
  -0.8984907  -0.2112976   0.2163205  -0.8902374     -26.900      20.174
  -0.9262484  -0.0362563   0.0379741  -0.9166873     -29.877      22.589
  -0.9196327   0.1414189  -0.1433936  -0.9090413     -36.560      21.084
  -0.8777481   0.3147214  -0.3206383  -0.8665133     -45.764      19.509
  -0.8028860   0.4778486  -0.4878191  -0.7913368     -52.078      16.828
  -0.6964310   0.6239587  -0.6378959  -0.6851038     -59.265      12.567
  -0.5622944   0.7473285  -0.7649645  -0.5517659     -66.309       6.474
  -0.4055012   0.8432673  -0.8641617  -0.3963597     -75.040      -0.824
  -0.2319085   0.9082941  -0.9316345  -0.2244391     -79.095     -10.409
  -0.0473540   0.9385623  -0.9634224  -0.0417815     -82.358     -20.286
   0.1409409   0.9330305  -0.9584475   0.1444669     -84.977     -31.755
   0.3257185   0.8908186  -0.9157962   0.3271230     -83.330     -43.127
   0.4989184   0.8146554  -0.8369789   0.4983705     -82.040     -57.744
   0.6547189   0.7057639  -0.7245615   0.6522947     -72.905     -70.182
   0.7863138   0.5677693  -0.5823010   0.7821528     -62.249     -78.345
   0.8881906   0.4062928  -0.4159929   0.8824847     -52.134     -86.329
   0.9564679   0.2273868  -0.2318806   0.9494601     -45.188     -76.112
   0.9879829   0.0377717  -0.0368814   0.9799572     -26.504     -85.969
   0.9809619  -0.1551370   0.1614598   0.9722164     -20.703     -90.276
   0.9346521  -0.3445279   0.3561139   0.9255224       2.340     -86.155
   0.8511069  -0.5219277   0.5384135   0.8419588      14.301     -83.127
   0.7326120  -0.6803322   0.7008768   0.7245697      22.837     -79.863
   0.5834833  -0.8135244   0.8373909   0.5768978      31.628     -71.109
   0.4092006  -0.9154369   0.9417368   0.4043829      37.228     -65.111
   0.2168187  -0.9812868   1.0090153   0.2140279      42.048     -55.503
   0.0138022  -1.0086752   1.0367645   0.0132191      43.778     -43.164
  -0.1920450  -0.9958400   1.0231801  -0.1903203      45.636     -35.451
  -0.3924499  -0.9431808   0.9686759  -0.3883955      46.245     -28.689
  -0.5794839  -0.8525797   0.8751766  -0.5731248      44.228     -23.183
  -0.7457340  -0.7267329   0.7454477  -0.7371903      39.967     -16.970
  -0.8841809  -0.5697773   0.5821711  -0.8747293      38.721     -13.901
  -0.9881181  -0.3876860   0.3930742  -0.9780365      37.156     -13.240
  -1.0526946  -0.1880527   0.1860029  -1.0423050      37.466     -11.176
  -1.0753803   0.0216278  -0.0312695  -1.0650426      36.308      -7.499
  -1.0552045   0.2324328  -0.2495472  -1.0453122      35.327     -10.137
  -0.9916082   0.4370789  -0.4612463  -0.9825637      37.809      -8.039
  -0.8860626   0.6272109  -0.6577191  -0.8782708      48.578      -1.883
  -0.7422031   0.7936369  -0.8299453  -0.7350492      52.916       0.819
  -0.5658761   0.9289458  -0.9697811  -0.5597862      56.428       5.873
  -0.3633804   1.0274394  -1.0713043  -0.3587618      61.507      17.120
  -0.1430450   1.0836616  -1.1288638  -0.1403096      62.563      26.527
   0.0858793   1.0949426  -1.1396850   0.0863554      67.966      39.284
   0.3139930   1.0615444  -1.1040258   0.3118766      68.236      57.367
   0.5323058   0.9835240  -1.0234163   0.5272098      62.405      75.708
   0.7312140   0.8636597  -0.8991565   0.7229445      53.763      90.269
   0.9026856   0.7047028  -0.7340481   0.8912219      41.791     102.500
   1.0398155   0.5130921  -0.5346946   1.0252726      23.773     116.178
   1.1355503   0.2964282  -0.3088582   1.1181847       0.278     130.657
