   1.0028903  -0.0000551   0.0019728   1.0003037       7.133      -2.698
   0.9983765  -0.0000572  -0.0001054   0.9998190      -0.534       0.914
   0.9987247   0.0000349  -0.0012326   1.0000591      -2.969       1.738
   0.9985480   0.0003740  -0.0017309   0.9996072      -3.933       4.795
   0.9999075  -0.0002485  -0.0009213   1.0001018      -1.581       5.686
   1.0005455  -0.0006520  -0.0006046   1.0001196      -2.144       2.824
   0.9994348  -0.0000157  -0.0007847   1.0004458      -1.865       2.346
   0.9983189   0.0008341  -0.0008276   1.0001704      -3.801       2.399
   0.9987388   0.0011898  -0.0001841   1.0009272      -0.686      -0.352
   0.9990921   0.0017223   0.0002821   1.0010635      -3.011      -0.629
   0.9993290   0.0024567   0.0004746   1.0008844      -2.162      -2.039
   0.9999366   0.0028195   0.0003426   0.9997044      -3.572       0.848
   1.0004418   0.0022151   0.0005302   0.9986434      -0.075       0.607
   1.0007442   0.0017273   0.0000922   0.9978259      -1.817       0.734
   1.0009968   0.0009533  -0.0003457   0.9975796      -3.774      -2.692
   1.0012754   0.0001717  -0.0008750   0.9978738      -3.169      -1.621
   1.0007094  -0.0003239  -0.0015790   0.9978397      -0.387      -2.708
   1.0007010  -0.0008920  -0.0019652   0.9986772      -1.582      -2.550
   1.0000553  -0.0012425  -0.0021134   0.9991868      -2.230      -2.655
   0.9992410  -0.0012816  -0.0019872   0.9996211      -2.212      -2.476
   0.9986550  -0.0008921  -0.0016661   1.0001289      -1.259      -5.038
   0.9988662  -0.0002494  -0.0013961   1.0011570      -1.260      -3.989
   0.9987577   0.0002026  -0.0008703   1.0013261      -2.163      -3.667
   0.9990748   0.0005053  -0.0002891   1.0013773      -2.547      -4.994
   0.9992923   0.0005461   0.0003102   1.0008384      -3.217      -4.659
   0.9994277   0.0014594   0.0001266   1.0010679      -2.108      -8.244
   0.9996893   0.0019236   0.0002982   1.0009500       2.376      -7.793
   0.9997289   0.0019715   0.0006174   1.0002117       2.980      -7.014
   0.9997983   0.0018391   0.0007045   0.9992468       3.174      -8.095
   1.0001945   0.0015777   0.0005041   0.9987035      -6.868       4.418
   1.0006812   0.0011981   0.0000616   0.9985056       0.749      -2.224
   1.0010713   0.0008430  -0.0006159   0.9984560      -6.668      -5.362
   1.0009784  -0.0002537  -0.0006593   0.9982455       3.529      -6.051
   1.0010430  -0.0009117  -0.0011245   0.9985412       3.192      -5.473
   1.0006447  -0.0009975  -0.0017154   0.9994226       0.416      -5.893
   1.0002607  -0.0010288  -0.0018489   1.0003870       0.643      -4.328
   0.9996706  -0.0009467  -0.0016006   1.0010129      -1.552      -4.309
   0.9988232  -0.0004426  -0.0013740   1.0010633      -0.564      -3.759
   0.9982209   0.0001418  -0.0009432   1.0010124       2.787      -2.184
   0.9977017   0.0005562  -0.0002221   1.0006146       2.154      -3.334
   0.9977678   0.0009966   0.0003111   1.0001233       0.820      -3.841
   0.9985714   0.0015645   0.0003259   0.9997877       0.334      -2.552
   0.9997611   0.0018810  -0.0000008   0.9994488       3.193      -1.383
   1.0000918   0.0011418   0.0007330   0.9997775       2.299      -1.301
   1.0002621   0.0005029   0.0012601   0.9997163       1.304       0.025
   1.0002257   0.0004097   0.0010557   0.9992746       0.129      -0.351
   1.0003121   0.0003679   0.0005653   0.9988639       2.249      -1.858
   1.0007516   0.0009935  -0.0006835   0.9991753       5.494       1.391
   1.0009595   0.0011912  -0.0014393   0.9996265       6.089       0.659
   1.0009578   0.0008982  -0.0014991   1.0001961      -0.466       1.886
   1.0008466   0.0002607  -0.0012951   0.9999452       0.980       3.664
   1.0007172   0.0001286  -0.0015695   1.0000107       3.734       3.379
   1.0004678  -0.0001656  -0.0015196   1.0002478       2.498       2.598
   0.9994456  -0.0002798  -0.0013102   1.0000870       4.510       1.370
   0.9979953  -0.0003446  -0.0007452   0.9995730       5.040       5.194
   0.9974809  -0.0000544  -0.0001428   0.9999089       2.937       7.124
   0.9984447   0.0005506  -0.0000437   1.0002891       0.885       7.708
   0.9992307   0.0018786  -0.0009053   1.0004226       2.728       7.315
   0.9991255   0.0018737  -0.0010062   0.9997036       4.989       4.245
   0.9999042   0.0002153  -0.0001010   0.9995877       0.928      -0.628
   1.0014350  -0.0024631   0.0011723   1.0002333      -9.253      -4.006
