   1.0000000   0.0000000   0.0000000   1.0000000       0.000       0.000
   0.9756464   0.0634885  -0.0659484   0.9731792     -11.044      -1.568
   0.9696153   0.0690388  -0.0723338   0.9682513      12.873       5.891
   0.9752598   0.0547070  -0.0513327   0.9601749      30.273     -12.913
   0.9870453   0.0367314  -0.0430308   0.9642028      28.418       1.913
   1.0015006   0.0810345  -0.0910495   0.9808204      26.241       3.203
   0.9905462   0.0543619  -0.0659983   0.9703610      41.922       2.174
   1.0124114   0.0862908  -0.0974100   0.9770001      34.408     -13.544
   1.0325475   0.1285691  -0.1314097   0.9963548      51.910     -33.973
   1.0352236   0.1573625  -0.1619483   1.0098257      66.418     -26.340
   1.0416982   0.1477084  -0.1540729   1.0240656      75.313     -27.719
   1.0705130   0.1277978  -0.1228495   1.0353410      81.396     -21.499
   1.0680302   0.1020978  -0.1030415   1.0392311     105.983     -64.714
   1.0688467   0.1426165  -0.1462431   1.0380824     109.539     -67.795
   1.0771705   0.0730723  -0.0779876   1.0484611     100.441     -68.128
   1.0699577   0.0685534  -0.0965930   1.0244308      92.291     -71.616
   1.0658026   0.0981612  -0.1202797   1.0198135      64.622     -74.582
   1.0740134   0.1171775  -0.1290531   1.0330313      22.670     -59.991
   1.0568093   0.1814029  -0.1902402   1.0229232      20.600     -56.740
   1.0629121   0.1518867  -0.1620564   1.0283986      38.856     -95.232
   1.0914712   0.1272263  -0.1369044   1.0575653      42.572     -84.678
   1.0947549   0.1110341  -0.1359192   1.0536759      15.104    -104.466
   1.0933281   0.1020585  -0.1305939   1.0551341      37.732    -122.291
   1.0867203   0.0974558  -0.1332777   1.0455515      65.081    -112.140
   1.0656031   0.1937716  -0.2223368   1.0273082      62.631    -121.401
   1.0746691   0.1754009  -0.2156115   1.0482298      50.092     -98.028
   1.0417719   0.2652017  -0.3029387   1.0205388      52.276     -96.448
   1.0287666   0.2172103  -0.2408771   1.0294322      51.378     -74.859
   1.0230992   0.2629938  -0.2946030   1.0226170      56.918     -54.660
   1.0439643   0.2626023  -0.3095915   1.0374215      76.583     -81.375
   1.0552853   0.2492711  -0.3010949   1.0446686      57.242     -75.852
   1.0533056   0.2548338  -0.3079328   1.0361395      61.640     -73.977
   1.0340521   0.2724431  -0.3242111   1.0132390      56.968     -54.726
   1.0140032   0.3259851  -0.3864511   0.9939405      68.081     -62.981
   1.0178990   0.2616224  -0.3229996   1.0018066      79.350     -76.762
   0.9870352   0.2934492  -0.3441685   0.9823666      73.183     -92.956
   0.9974262   0.3025505  -0.3590239   0.9896115      82.700    -100.757
   0.9623933   0.3758532  -0.4322188   0.9531215      74.192    -103.672
   0.9678310   0.3733091  -0.4273283   0.9556422      68.957    -136.392
   0.9911305   0.3454452  -0.4032411   0.9790930      66.002    -123.497
