   0.9428203  -0.1676518   0.1663288   0.9421510     -62.287      50.597
   0.9290631  -0.1023268   0.1011138   0.9292904     -72.248      47.322
   0.9226122  -0.0953328   0.0950310   0.9274235     -50.831      58.448
   0.9226227  -0.1064936   0.1168496   0.9192027     -31.279      43.662
   0.9300845  -0.1231934   0.1275628   0.9222026     -35.335      57.521
   0.9492579  -0.0845565   0.0843276   0.9477702     -37.513      58.521
   0.9333980  -0.1077327   0.1063050   0.9348398     -22.689      60.325
   0.9587111  -0.0785358   0.0806555   0.9468133     -27.092      44.044
   0.9821932  -0.0432283   0.0507016   0.9733245      -7.491      27.585
   0.9891717  -0.0193185   0.0212841   0.9916134       4.732      37.364
   0.9931995  -0.0313850   0.0291189   1.0043063      13.192      37.575
   1.0153067  -0.0521266   0.0634428   1.0112239      17.812      44.524
   1.0091039  -0.0748474   0.0838738   1.0112571      47.775       7.464
   1.0154476  -0.0358450   0.0439515   1.0186129      51.511       5.193
   1.0105253  -0.1016783   0.1111563   1.0182363      43.055       3.323
   1.0068861  -0.1012152   0.0929011   0.9943684      36.066      -1.400
   1.0064139  -0.0725667   0.0699759   0.9955206      10.897      -9.041
   1.0151898  -0.0566681   0.0634254   1.0117617     -30.290      -2.352
   1.0080637   0.0055213   0.0028965   1.0143136     -32.694       0.369
   1.0096791  -0.0227219   0.0309662   1.0139261      -9.696     -33.378
   1.0324113  -0.0492897   0.0610820   1.0373269      -7.954     -22.597
   1.0352917  -0.0627713   0.0635820   1.0307678     -30.303     -46.462
   1.0334244  -0.0692246   0.0707042   1.0303409      -6.666     -59.566
   1.0282218  -0.0703389   0.0687595   1.0198677      17.034     -44.883
   1.0244210   0.0230215  -0.0191014   1.0177034      16.155     -54.071
   1.0342563   0.0034792  -0.0102276   1.0318956       0.905     -33.912
   1.0183716   0.0927935  -0.0980329   1.0203923       2.663     -31.956
   0.9982508   0.0477569  -0.0401811   1.0186620      -1.463     -11.544
   1.0018249   0.0933909  -0.0904745   1.0199063       0.685       8.672
   1.0234764   0.0914547  -0.1001910   1.0340612      23.077     -13.048
   1.0321430   0.0791944  -0.0886855   1.0392441       4.130     -11.395
   1.0292398   0.0876506  -0.0934987   1.0344611       7.937      -8.792
   1.0127605   0.1085339  -0.1115003   1.0169802       0.784       8.654
   1.0024843   0.1618613  -0.1740633   1.0093966      12.352       2.921
   0.9965339   0.1007685  -0.1127148   1.0050894      24.841      -8.050
   0.9706452   0.1332586  -0.1388182   0.9927750      21.399     -24.671
   0.9826062   0.1411664  -0.1505244   1.0013235      31.394     -30.265
   0.9606023   0.2146004  -0.2272401   0.9803410      23.881     -34.676
   0.9652340   0.2116402  -0.2217619   0.9819658      23.697     -66.851
   0.9837919   0.1820183  -0.1945876   0.9986873      19.106     -55.124
