
 FORMATTED  old  file opened: gen40.xf

 FORMATTED  new  file opened: o.xg
Robust fitting to rot/mag failed for section    1, falling back to regular fit
Robust fitting to rot/mag failed for section    2, falling back to regular fit
Robust fitting to rot/mag failed for section    3, falling back to regular fit
Robust fitting to rot/mag failed for section    4, falling back to regular fit
Robust fitting to rot/mag failed for section    5, falling back to regular fit
Robust fitting to rot/mag failed for section    7, falling back to regular fit
Robust fitting to rot/mag failed for section    9, falling back to regular fit
Robust fitting to shifts failed for section   10, falling back to regular fit
Robust fitting to shifts failed for section   11, falling back to regular fit
Robust fitting to rot/mag failed for section   12, falling back to regular fit
Robust fitting to rot/mag failed for section   13, falling back to regular fit
Robust fitting to rot/mag failed for section   14, falling back to regular fit
Robust fitting to shifts failed for section   15, falling back to regular fit
Robust fitting to rot/mag failed for section   17, falling back to regular fit
Robust fitting to shifts failed for section   18, falling back to regular fit
Robust fitting to rot/mag failed for section   19, falling back to regular fit
Robust fitting to rot/mag failed for section   20, falling back to regular fit
Robust fitting to shifts failed for section   21, falling back to regular fit
Robust fitting to rot/mag failed for section   22, falling back to regular fit
Robust fitting to shifts failed for section   23, falling back to regular fit
Robust fitting to shifts failed for section   24, falling back to regular fit
Robust fitting to rot/mag failed for section   25, falling back to regular fit
Robust fitting to rot/mag failed for section   27, falling back to regular fit
Robust fitting to shifts failed for section   28, falling back to regular fit
Robust fitting to shifts failed for section   29, falling back to regular fit
Robust fitting to shifts failed for section   30, falling back to regular fit
Robust fitting to rot/mag failed for section   31, falling back to regular fit
Robust fitting to shifts failed for section   32, falling back to regular fit
Robust fitting to rot/mag failed for section   33, falling back to regular fit
Robust fitting to shifts failed for section   34, falling back to regular fit
Robust fitting to shifts failed for section   35, falling back to regular fit
Robust fitting to rot/mag failed for section   36, falling back to regular fit
