   0.9318861  -0.1692626   0.1646779   0.9533648     -61.790      51.398
   0.9202803  -0.1048765   0.0984907   0.9383104     -71.771      48.038
   0.9156601  -0.0981955   0.0920977   0.9345958     -50.692      59.077
   0.9173343  -0.1095219   0.1137545   0.9245718     -31.285      44.023
   0.9268752  -0.1262695   0.1243417   0.9254590     -35.445      57.831
   0.9482515  -0.0870690   0.0816965   0.9488043     -37.642      58.677
   0.9338257  -0.1095091   0.1044473   0.9344050     -22.814      60.327
   0.9592957  -0.0801732   0.0789156   0.9462162     -27.186      44.057
   0.9835347  -0.0432677   0.0506515   0.9719634      -7.500      27.546
   0.9908960  -0.0179419   0.0227274   0.9898557       4.793      37.306
   0.9955222  -0.0285436   0.0320895   1.0019180      13.330      37.530
   1.0172024  -0.0482021   0.0675820   1.0093720      18.017      44.526
   1.0116047  -0.0720503   0.0868084   1.0087534      47.904       7.595
   1.0192019  -0.0333939   0.0465160   1.0148169      51.709       5.312
   1.0159612  -0.0991162   0.1138324   1.0127031      43.282       3.444
   1.0121336  -0.0987812   0.0955963   0.9890823      36.240      -1.279
   1.0119333  -0.0697556   0.0730411   0.9899829      10.926      -8.956
   1.0208752  -0.0534110   0.0668905   1.0060656     -30.461      -2.453
   1.0143418   0.0087236   0.0062414   1.0079582     -32.896       0.257
   1.0154974  -0.0189176   0.0349714   1.0080920      -9.881     -33.229
   1.0380852  -0.0457068   0.0648419   1.0316556      -8.080     -22.509
   1.0408988  -0.0594562   0.0671570   1.0251743     -30.624     -46.335
   1.0386592  -0.0673114   0.0727677   1.0250753      -6.829     -59.287
   1.0328289  -0.0693995   0.0697967   1.0152239      17.054     -44.660
   1.0266533   0.0238381  -0.0182390   1.0154665      16.149     -53.938
   1.0339326   0.0042595  -0.0094021   1.0322675       0.879     -33.923
   1.0163431   0.0928336  -0.0979981   1.0224980       2.651     -32.020
   0.9946913   0.0474929  -0.0404251   1.0223963      -1.456     -11.586
   0.9973026   0.0918824  -0.0920110   1.0245726       0.672       8.712
   1.0187867   0.0900208  -0.1017146   1.0388805      22.982     -13.133
   1.0278757   0.0772450  -0.0907515   1.0435667       4.130     -11.451
   1.0268507   0.0844124  -0.0968963   1.0367115       7.942      -8.837
   1.0111110   0.1049048  -0.1153006   1.0184083       0.753       8.667
   1.0013330   0.1583195  -0.1777632   1.0103427      12.321       2.883
   0.9954786   0.0978945  -0.1157292   1.0059749      24.829      -8.131
   0.9695883   0.1310634  -0.1410809   0.9937192      21.420     -24.748
   0.9812002   0.1391822  -0.1525836   1.0026554      31.393     -30.371
   0.9588405   0.2134150  -0.2284807   0.9821354      23.859     -34.765
   0.9629377   0.2113495  -0.2220889   0.9843978      23.627     -67.008
   0.9809597   0.1827164  -0.1939078   1.0017638      18.991     -55.257
