3
1024 1024 10 1 1.000000 1
102.400002  204.799988  5  102.400002  204.799988  5
0.995266  0.003562  -0.005014  0.995420  -11.541 -19.542
  0.923  1.099  -0.529  -0.764  -0.985  1.401  0.255  -0.134
  -0.057  -1.255
  0.764  1.050  0.599  0.169  0.028  -0.576  -0.332  -0.913
  0.061  -0.075
  0.754  0.015  -1.023  0.249  0.440  -1.424  0.074  -0.202
  -0.011  1.510
  -1.999  -1.017  -0.108  0.297  0.318  0.227  0.504  0.113
  -0.959  -0.181
  -0.090  -0.488  0.716  -1.168  -0.580  0.696  0.740  1.517
  0.496  -0.144
102.400002  204.799988  5  102.400002  204.799988  5
0.999325  -0.012804  0.012790  0.999074  -13.083 -10.011
  0.092  0.730  -0.227  -0.754  0.037  0.796  0.407  0.035
  -1.370  -0.180
  0.271  -1.279  -0.714  -0.962  0.507  0.987  0.395  -0.049
  -0.113  -0.174
  0.420  0.461  0.814  0.004  -0.679  0.903  0.069  0.227
  0.362  -0.750
  0.373  0.091  0.075  0.266  0.540  -1.007  -0.379  0.255
  0.639  0.671
  -0.220  0.083  -1.518  -0.178  0.499  0.698  -1.276  -0.684
  0.998  -0.190
102.400002  204.799988  5  102.400002  204.799988  5
1.002098  -0.039125  0.040219  1.003766  -21.363 -10.263
  -0.318  -1.386  0.697  1.549  0.443  -0.902  -0.210  -0.379
  0.247  1.116
  0.214  -0.722  -0.655  0.727  -0.065  -0.167  0.933  1.126
  -0.401  -0.539
  -2.225  -0.684  0.112  -0.228  -0.012  0.910  0.990  0.011
  -1.019  -1.328
  0.635  0.537  0.096  -0.196  -0.767  1.098  1.056  0.392
  -0.195  -0.387
  0.686  0.050  0.475  0.820  -0.533  -0.855  1.031  -0.490
  -1.213  -0.076
102.400002  204.799988  5  102.400002  204.799988  5
1.007038  -0.010043  0.011193  1.005963  6.311 0.171
  -1.137  -1.136  0.729  0.654  0.618  -2.327  -1.270  1.474
  1.544  1.565
  -1.322  0.395  0.765  0.130  -0.597  -0.777  -0.529  0.840
  0.923  0.144
  0.017  -0.077  0.102  -0.511  -0.034  -0.051  -0.834  0.423
  0.630  -0.659
  1.636  0.718  -0.100  -0.614  -0.732  -0.185  -0.975  -1.089
  0.768  -0.090
  0.496  1.188  0.350  1.601  0.646  -1.133  -0.394  -0.827
  -1.298  0.343
102.400002  204.799988  5  102.400002  204.799988  5
0.997597  -0.016010  0.016457  0.996163  14.392 6.771
  -0.596  -0.455  0.119  0.130  1.099  -1.386  0.127  -0.878
  0.756  -0.667
  -1.455  1.055  0.458  0.623  -0.077  0.463  -1.313  -0.394
  -0.227  1.925
  0.858  0.467  0.257  0.689  0.627  0.497  -1.154  -0.787
  -0.083  0.769
  1.394  0.199  -0.027  -0.602  -0.130  -0.220  -1.024  -0.447
  0.601  -0.122
  -1.284  -0.241  0.617  -0.377  0.268  -0.750  -0.078  -0.192
  0.268  0.703
102.400002  204.799988  5  102.400002  204.799988  5
1.000238  -0.013174  0.013403  0.999893  9.669 5.888
  -0.159  0.012  -0.749  -0.733  -0.768  0.221  0.204  -1.015
  1.039  -0.637
  0.273  2.159  -0.236  -0.689  -1.178  1.412  -0.314  -1.449
  0.431  0.961
  1.301  0.573  0.555  -0.352  -0.063  0.207  -0.915  0.921
  2.093  -0.260
  0.274  -0.905  -0.230  0.760  0.573  -0.634  -0.681  0.392
  -1.090  -0.273
  -0.419  -0.669  0.288  -0.355  0.716  -1.287  -0.747  0.721
  -0.197  0.918
102.400002  204.799988  5  102.400002  204.799988  5
0.995957  0.015009  -0.015572  0.996084  8.087 12.432
  0.868  0.386  -0.101  -0.601  -0.660  0.904  -0.522  0.098
  -0.284  -1.675
  0.731  1.078  -0.516  0.113  -0.043  -0.234  0.859  -0.340
  0.982  -0.015
  -0.165  0.762  -0.815  -0.026  -0.020  1.068  0.261  0.002
  0.078  -0.214
  -1.204  -1.830  -0.417  0.209  -0.577  -0.876  1.494  0.485
  -1.206  0.694
  0.848  0.785  1.219  -1.987  -1.057  -1.212  0.263  2.625
  -0.018  -0.199
102.400002  204.799988  5  102.400002  204.799988  5
1.001563  0.014612  -0.014310  1.001961  6.466 14.202
  -0.173  -0.643  -0.559  0.217  1.121  0.640  0.406  0.572
  -0.257  -0.709
  -0.982  0.352  -0.798  0.449  -0.826  -0.620  1.512  0.217
  -0.343  -1.171
  0.801  -0.167  -0.075  -0.637  0.332  0.111  0.446  -0.957
  -0.722  1.680
  0.209  0.722  0.173  -0.660  -0.411  0.897  0.709  1.066
  -0.080  -0.009
  1.023  0.412  -0.526  -0.249  -0.536  -1.577  -0.539  0.141
  0.094  -0.079
102.400002  204.799988  5  102.400002  204.799988  5
1.003801  0.044116  -0.043609  1.003617  5.758 2.402
  -0.477  0.025  -0.066  0.221  -0.016  -0.720  -0.345  0.204
  0.560  0.952
  -0.160  -2.141  0.295  0.407  1.238  0.518  -0.147  0.600
  -0.757  0.180
  -0.437  0.221  -0.199  -0.064  0.545  -0.377  0.374  -0.089
  -0.387  -0.119
  0.115  0.856  0.071  -0.836  0.955  0.225  -0.701  -0.597
  -0.252  -0.145
  -0.544  0.329  0.903  1.001  -0.686  1.284  -0.219  -1.317
  0.337  -0.619
102.400002  204.799988  5  102.400002  204.799988  5
0.997250  0.014580  -0.014819  0.997142  -4.524 -1.852
  0.125  0.122  0.688  0.184  -0.209  -0.323  0.056  0.016
  -0.402  0.662
  0.388  0.423  0.618  -0.454  -0.163  -0.539  -1.209  0.152
  0.471  0.151
  -0.409  -0.572  0.345  0.458  -0.802  -0.447  -0.398  0.582
  0.251  -0.831
  0.350  0.042  0.148  0.755  -0.529  -0.166  -0.365  -0.835
  1.086  0.008
  -0.399  -0.590  -1.188  0.417  1.363  0.889  0.594  -0.513
  -0.409  0.409
