   0.3006784   0.9537256  -0.9537256   0.3006784      -5.952      -5.004
  -0.3502285   0.9366643  -0.9366643  -0.3502285       5.595      -1.095
  -0.8292131   0.5589325  -0.5589325  -0.8292131      -0.616      -1.313
  -0.9998632   0.0165399  -0.0165399  -0.9998632       2.095       4.389
  -0.8694620  -0.4939997   0.4939997  -0.8694620      -2.205      -2.897
  -0.5347554  -0.8450069   0.8450069  -0.5347554       1.378       4.310
  -0.1173837  -0.9930868   0.9930868  -0.1173837      -6.160       0.147
   0.2817121  -0.9594990   0.9594990   0.2817121       3.121      -2.008
   0.6015840  -0.7988097   0.7988097   0.6015840      -1.773       6.396
   0.8203681  -0.5718359   0.5718359   0.8203681      -4.156       3.805
   0.9442456  -0.3292419   0.3292419   0.9442456       1.180      -2.937
   0.9944307  -0.1053936   0.1053936   0.9944307      -3.634       8.906
   0.9967220   0.0809033  -0.0809033   0.9967220      -5.203      -3.773
   0.9749631   0.2223671  -0.2223671   0.9749631      -4.995      -2.110
   0.9479187   0.3185128  -0.3185128   0.9479187       6.371      -4.669
   0.9283857   0.3716181  -0.3716181   0.9283857       2.099       6.382
   0.9233784   0.3838911  -0.3838911   0.9233784      -2.765       1.712
   0.9345027   0.3559560  -0.3559560   0.9345027       2.705      -6.965
   0.9580918   0.2864611  -0.2864611   0.9580918       5.309       6.837
   0.9849348   0.1729266  -0.1729266   0.9849348      -4.441     -10.019
   0.9668808   0.2552285  -0.2552285   0.9668808      12.281       1.709
   0.9464620   0.3228153  -0.3228153   0.9464620     -12.755       9.404
   0.9265471   0.3761788  -0.3761788   0.9265471       1.212      -4.979
   0.9093948   0.4159339  -0.4159339   0.9093948       2.657      -1.827
   0.8966671   0.4427055  -0.4427055   0.8966671       6.699      -5.804
   0.8894770   0.4569800  -0.4569800   0.8894770       6.339       4.260
   0.8884133   0.4590445  -0.4590445   0.8884133       0.150      -2.869
   0.8935611   0.4489417  -0.4489417   0.8935611       1.572      -1.869
   0.9045022   0.4264688  -0.4264688   0.9045022       8.015       9.787
   0.9203082   0.3911943  -0.3911943   0.9203082     -14.791       3.973
   0.9395073   0.3425289  -0.3425289   0.9395073      -4.598     -12.800
   0.9600450   0.2798457  -0.2798457   0.9600450       6.197       3.853
   0.9792643   0.2025865  -0.2025865   0.9792643      -0.489      -0.456
   0.9938792   0.1104724  -0.1104724   0.9938792       0.338       5.437
   0.9999930   0.0037416  -0.0037416   0.9999930      -3.559      -5.024
   0.9931772  -0.1166144   0.1166144   0.9931772       5.738       2.779
   0.9686282  -0.2485145   0.2485145   0.9686282       2.124       6.589
   0.9214149  -0.3885802   0.3885802   0.9214149      -7.317       4.114
   0.8468903  -0.5317678   0.5317678   0.8468903      -3.283      -5.758
   0.7412032  -0.6712807   0.6712807   0.7412032       0.228     -10.007
