3
512 512 10 1 2.000000 1
51.200001  102.399994  5  51.200001  102.399994  5
1.004605  -0.014435  0.014918  1.005252  2.236 6.352
  -0.938  0.218  -0.251  0.980  0.406  0.278  0.478  -1.542
  -0.684  0.871
  -0.371  -1.197  -0.427  -0.798  -0.171  -0.352  0.456  0.736
  1.540  0.301
  -0.195  0.202  -0.129  0.565  1.234  0.417  0.710  -1.236
  -1.457  -0.714
  0.788  0.972  0.252  1.484  0.173  -0.321  -0.697  0.193
  0.050  0.054
  0.339  -1.123  -0.367  -0.335  0.122  0.058  -0.086  -0.285
  -0.772  0.572
51.200001  102.399994  5  51.200001  102.399994  5
0.998735  0.015409  -0.015756  0.996978  -2.354 1.397
  -0.238  -0.273  0.793  -0.189  -0.157  -0.261  0.106  0.249
  0.438  -0.610
  -0.415  0.461  0.655  0.039  0.169  0.145  -1.725  -0.497
  -0.544  0.360
  -0.244  0.271  0.875  0.285  0.586  -0.016  -0.147  0.517
  0.733  0.596
  -1.553  -0.620  0.041  -0.222  0.432  -0.170  -0.094  0.722
  -0.614  -0.159
  -0.002  -0.205  1.031  0.073  -0.185  0.385  -0.108  0.358
  0.165  -1.239
51.200001  102.399994  5  51.200001  102.399994  5
0.996221  -0.001578  0.002717  0.996996  -3.333 -3.485
  0.147  -0.464  -0.773  -0.329  -0.001  -0.157  -0.651  1.607
  0.345  -0.030
  0.704  0.060  0.608  -0.196  0.317  0.826  1.225  0.105
  -1.186  -0.531
  0.566  0.589  -0.373  -0.598  -1.541  -0.280  -1.123  0.463
  1.485  -0.265
  0.489  -1.041  0.100  -1.205  -0.620  0.459  0.444  -0.633
  0.272  -0.592
  -0.394  0.688  -0.130  0.749  -0.109  0.877  -0.201  0.397
  0.402  -0.499
51.200001  102.399994  5  51.200001  102.399994  5
0.999996  -0.005376  0.003878  1.001157  1.404 -7.623
  1.444  0.106  -0.203  -0.952  -0.921  -0.057  -0.058  0.460
  -0.045  -0.589
  0.693  2.002  -0.967  0.946  0.368  0.298  0.257  -0.173
  -0.391  -0.723
  0.571  -0.982  -0.735  -0.606  -0.941  -0.216  0.283  0.594
  0.377  0.474
  -0.058  -0.405  -0.476  -0.530  0.105  -0.160  0.323  -0.928
  0.271  0.721
  -0.114  1.065  -0.165  -0.287  -0.219  -1.221  -0.022  -0.072
  0.622  1.234
51.200001  102.399994  5  51.200001  102.399994  5
0.997016  0.009348  -0.010445  0.997115  3.428 -4.312
  0.999  1.161  0.114  -0.167  0.239  0.102  -0.281  0.045
  0.867  -0.582
  -0.694  -0.292  -0.279  1.231  -0.249  -1.493  0.429  -1.187
  -0.556  -0.022
  -0.408  -1.028  0.005  -0.273  -0.809  0.094  -0.167  1.076
  -1.207  0.945
  0.828  0.880  -0.582  -0.151  -0.219  0.486  1.093  0.283
  0.337  0.074
  0.198  0.450  -0.990  -0.636  0.931  -1.411  0.744  -0.476
  -0.342  0.892
51.200001  102.399994  5  51.200001  102.399994  5
0.999375  0.023500  -0.025458  0.996953  6.260 5.603
  1.545  0.220  -0.150  1.242  -0.106  1.204  -1.474  -1.625
  0.341  -0.651
  0.670  -0.916  -1.053  0.294  -0.872  -0.814  -0.180  -0.082
  0.545  -0.051
  -0.392  -1.225  0.856  0.582  -0.280  0.189  0.593  0.744
  0.006  0.989
  0.335  0.096  0.654  -0.035  -0.170  0.569  -0.034  0.390
  -0.278  -0.305
  -1.371  0.142  -0.243  -0.670  0.163  0.262  0.397  0.279
  0.495  -0.828
51.200001  102.399994  5  51.200001  102.399994  5
1.004767  -0.006270  0.006162  1.004077  2.257 15.411
  -0.303  -0.441  -1.375  1.274  -0.572  -0.471  -0.967  -0.587
  0.730  0.409
  -0.104  -1.285  -0.787  0.507  1.055  -0.029  0.715  0.476
  0.669  -0.258
  0.742  -0.015  1.127  0.262  0.161  0.383  0.401  -0.036
  0.464  0.158
  0.282  -0.339  -0.004  1.161  0.535  -0.511  -0.774  0.219
  -0.511  -0.907
  -0.466  -0.689  0.225  0.391  0.130  0.328  -0.035  0.831
  -1.337  -0.831
51.200001  102.399994  5  51.200001  102.399994  5
0.998512  -0.008421  0.008418  0.997352  1.527 15.737
  -0.831  -1.375  1.158  0.051  0.259  0.501  -0.723  0.475
  0.183  2.189
  -0.109  -1.015  -0.817  0.897  0.481  0.051  -0.339  0.605
  0.459  -0.675
  0.243  0.392  -0.173  -0.895  0.522  -0.720  -0.722  -0.977
  0.711  -0.979
  0.609  0.419  0.060  0.705  0.588  -0.861  -0.993  0.252
  -0.623  -0.925
  -0.723  -0.025  0.354  1.364  0.030  0.480  0.597  0.809
  -0.201  -0.743
51.200001  102.399994  5  51.200001  102.399994  5
0.997887  -0.012275  0.012967  0.998257  4.303 -8.012
  0.154  0.572  -0.322  -0.201  -0.029  -0.494  0.565  0.839
  -0.454  0.514
  0.223  1.215  0.424  -0.894  -0.341  -0.139  -0.442  -0.060
  0.262  -0.111
  0.688  0.568  -0.508  -0.606  -0.100  -0.359  -0.696  -0.806
  0.992  -0.544
  -0.509  -0.332  -0.057  -0.397  -0.324  -0.145  -0.058  -0.408
  0.168  -0.101
  0.016  -0.123  0.270  0.108  0.097  0.298  0.352  0.495
  -0.372  1.111
51.200001  102.399994  5  51.200001  102.399994  5
1.000889  0.011129  -0.011238  1.002206  -7.568 -12.467
  0.256  0.560  0.156  -0.826  -0.079  -0.115  0.912  -0.198
  -0.367  -1.849
  -0.113  0.654  0.655  -0.298  -0.166  0.488  0.371  -0.391
  -0.974  0.517
  -0.835  -0.196  -0.072  0.662  -0.159  0.644  0.753  0.946
  -1.462  0.749
  -0.278  0.087  -0.284  -0.606  -0.177  0.688  0.942  -0.117
  0.547  1.283
  0.901  0.414  -0.490  -1.158  -0.269  -0.783  -0.789  -1.462
  1.025  0.305
