3
256 256 5 1 1.000000 1
0.818775  8.178828  32  0.818775  8.178828  32
1.015952  -0.003851  0.044556  1.013935  2.225 1.167
  -2.837  -2.476  -2.807  -2.342  -2.735  -2.115  -2.692  -1.953
  -2.645  -1.827  -2.598  -1.712  -2.625  -1.583  -2.679  -1.460
  -2.733  -1.337  -2.765  -1.216  -2.776  -1.089  -2.777  -0.941
  -2.760  -0.799  -2.677  -0.701  -2.518  -0.583  -2.281  -0.417
  -1.974  -0.210  -1.623  0.014  -1.238  0.230  -0.902  0.429
  -0.535  0.610  -0.226  0.735  0.017  0.684  0.132  0.729
  0.247  0.841  0.331  0.950  0.427  1.050  0.502  1.101
  0.630  1.152  0.735  1.176  0.794  1.163  0.865  1.135
  -2.643  -2.382  -2.612  -2.244  -2.528  -2.003  -2.498  -1.855
  -2.453  -1.734  -2.402  -1.615  -2.422  -1.498  -2.482  -1.378
  -2.541  -1.252  -2.574  -1.133  -2.599  -0.999  -2.602  -0.859
  -2.591  -0.729  -2.526  -0.640  -2.368  -0.536  -2.141  -0.386
  -1.865  -0.195  -1.531  0.020  -1.193  0.218  -0.825  0.441
  -0.474  0.653  -0.111  0.753  0.197  0.737  0.373  0.815
  0.509  0.920  0.616  1.037  0.652  1.078  0.702  1.116
  0.783  1.152  0.875  1.160  0.950  1.127  1.050  1.085
  -2.402  -2.220  -2.365  -2.104  -2.280  -1.880  -2.236  -1.722
  -2.172  -1.602  -2.148  -1.488  -2.177  -1.375  -2.243  -1.257
  -2.315  -1.134  -2.372  -1.006  -2.405  -0.881  -2.417  -0.765
  -2.435  -0.651  -2.372  -0.567  -2.196  -0.470  -1.954  -0.318
  -1.683  -0.139  -1.406  0.044  -1.089  0.239  -0.722  0.458
  -0.355  0.655  0.029  0.849  0.366  0.875  0.631  0.937
  0.771  1.000  0.862  1.092  0.943  1.161  0.989  1.203
  1.027  1.223  1.073  1.227  1.138  1.192  1.293  1.163
  -2.113  -2.041  -2.069  -1.917  -1.991  -1.705  -1.946  -1.562
  -1.911  -1.465  -1.917  -1.355  -1.954  -1.240  -2.011  -1.131
  -2.100  -1.000  -2.169  -0.877  -2.226  -0.759  -2.251  -0.658
  -2.264  -0.579  -2.184  -0.503  -1.993  -0.395  -1.750  -0.257
  -1.486  -0.090  -1.205  0.097  -0.895  0.305  -0.557  0.502
  -0.191  0.696  0.183  0.881  0.532  0.924  0.838  0.998
  1.050  1.095  1.137  1.138  1.222  1.201  1.287  1.252
  1.358  1.276  1.373  1.245  1.462  1.179  1.622  1.114
  -1.862  -1.885  -1.808  -1.761  -1.737  -1.567  -1.698  -1.421
  -1.659  -1.325  -1.668  -1.215  -1.700  -1.104  -1.782  -0.980
  -1.859  -0.865  -1.976  -0.731  -2.057  -0.625  -2.114  -0.528
  -2.120  -0.463  -2.004  -0.403  -1.786  -0.303  -1.531  -0.177
  -1.246  -0.011  -0.950  0.188  -0.641  0.386  -0.300  0.589
  0.032  0.774  0.364  0.949  0.721  1.060  1.070  1.089
  1.352  1.228  1.497  1.260  1.567  1.306  1.652  1.349
  1.710  1.364  1.734  1.344  1.852  1.258  1.953  1.100
  -1.492  -1.701  -1.505  -1.574  -1.430  -1.399  -1.397  -1.263
  -1.366  -1.151  -1.373  -1.045  -1.432  -0.932  -1.521  -0.820
  -1.639  -0.693  -1.744  -0.578  -1.849  -0.486  -1.943  -0.399
  -1.936  -0.353  -1.778  -0.303  -1.531  -0.195  -1.254  -0.062
  -0.966  0.094  -0.658  0.291  -0.327  0.503  0.002  0.705
  0.350  0.901  0.676  1.087  1.026  1.208  1.353  1.257
  1.623  1.303  1.851  1.339  1.942  1.363  1.984  1.372
  2.062  1.367  2.168  1.324  2.270  1.260  2.303  1.186
  -1.146  -1.507  -1.067  -1.402  -1.027  -1.227  -1.092  -1.082
  -1.077  -0.984  -1.124  -0.894  -1.183  -0.780  -1.269  -0.675
  -1.405  -0.548  -1.540  -0.436  -1.681  -0.334  -1.787  -0.273
  -1.778  -0.243  -1.589  -0.207  -1.321  -0.114  -1.025  0.025
  -0.706  0.199  -0.378  0.384  -0.046  0.595  0.311  0.817
  0.650  1.016  0.995  1.199  1.295  1.313  1.603  1.308
  1.862  1.347  2.076  1.396  2.190  1.401  2.273  1.403
  2.342  1.380  2.437  1.326  2.536  1.245  2.610  1.160
  -0.762  -1.350  -0.708  -1.229  -0.640  -1.089  -0.679  -0.945
  -0.689  -0.820  -0.735  -0.730  -0.919  -0.622  -1.003  -0.523
  -1.154  -0.402  -1.330  -0.281  -1.491  -0.191  -1.615  -0.133
  -1.594  -0.125  -1.386  -0.098  -1.107  -0.008  -0.781  0.133
  -0.454  0.295  -0.084  0.506  0.269  0.703  0.599  0.903
  0.943  1.086  1.214  1.226  1.481  1.313  1.797  1.316
  2.090  1.347  2.253  1.387  2.355  1.378  2.485  1.372
  2.596  1.340  2.705  1.248  2.762  1.089  2.798  1.009
  -0.439  -1.181  -0.392  -1.027  -0.288  -0.901  -0.246  -0.774
  -0.239  -0.666  -0.395  -0.578  -0.494  -0.489  -0.674  -0.372
  -0.882  -0.239  -1.075  -0.131  -1.253  -0.045  -1.416  0.001
  -1.441  -0.024  -1.169  0.010  -0.876  0.118  -0.525  0.255
  -0.168  0.409  0.191  0.604  0.549  0.777  0.837  0.938
  1.122  1.076  1.373  1.181  1.634  1.281  1.945  1.320
  2.217  1.290  2.376  1.294  2.523  1.269  2.660  1.244
  2.799  1.185  2.909  1.099  2.967  0.997  2.958  0.940
  -0.093  -0.992  -0.024  -0.854  0.036  -0.739  0.086  -0.603
  0.120  -0.502  -0.008  -0.412  -0.165  -0.325  -0.359  -0.219
  -0.542  -0.100  -0.736  0.010  -0.965  0.073  -1.130  0.097
  -1.215  0.126  -0.955  0.143  -0.602  0.241  -0.264  0.377
  0.109  0.515  0.429  0.644  0.753  0.769  0.962  0.883
  1.202  0.974  1.452  1.088  1.769  1.197  2.030  1.204
  2.272  1.188  2.440  1.210  2.624  1.164  2.788  1.115
  2.901  1.026  3.028  0.862  3.128  0.745  3.163  0.663
  0.210  -0.811  0.303  -0.664  0.382  -0.526  0.405  -0.409
  0.440  -0.318  0.253  -0.244  0.057  -0.159  -0.104  -0.060
  -0.284  0.047  -0.524  0.107  -0.729  0.174  -0.970  0.188
  -1.027  0.257  -0.770  0.233  -0.402  0.312  -0.026  0.462
  0.270  0.546  0.527  0.620  0.746  0.673  0.927  0.751
  1.201  0.852  1.480  0.973  1.732  1.049  1.995  1.066
  2.273  1.043  2.484  1.042  2.660  0.972  2.829  0.895
  2.973  0.806  3.061  0.717  3.159  0.595  3.240  0.499
  0.531  -0.602  0.540  -0.463  0.605  -0.336  0.662  -0.233
  0.624  -0.154  0.482  -0.093  0.285  -0.012  0.054  0.051
  -0.124  0.142  -0.198  0.166  -0.461  0.254  -0.823  0.347
  -0.834  0.398  -0.569  0.327  -0.240  0.342  0.039  0.403
  0.272  0.485  0.466  0.516  0.652  0.560  0.917  0.638
  1.216  0.719  1.402  0.794  1.620  0.874  1.902  0.917
  2.145  0.913  2.393  0.926  2.578  0.857  2.717  0.777
  2.851  0.684  2.979  0.564  3.086  0.444  3.165  0.390
  0.823  -0.378  0.811  -0.261  0.856  -0.160  0.867  -0.070
  0.788  0.007  0.700  0.056  0.496  0.097  0.361  0.134
  0.189  0.204  -0.029  0.307  -0.447  0.435  -0.670  0.509
  -0.632  0.532  -0.390  0.399  -0.159  0.315  0.006  0.281
  0.158  0.281  0.326  0.337  0.568  0.395  0.882  0.497
  1.080  0.549  1.285  0.606  1.517  0.688  1.770  0.757
  2.027  0.770  2.259  0.776  2.439  0.712  2.557  0.604
  2.695  0.418  2.821  0.298  2.941  0.229  3.064  0.227
  1.135  -0.156  1.103  -0.054  1.039  0.020  1.086  0.110
  1.050  0.176  0.969  0.204  0.826  0.222  0.575  0.247
  0.354  0.311  0.120  0.437  -0.315  0.606  -0.482  0.660
  -0.455  0.645  -0.308  0.405  -0.206  0.206  -0.112  0.102
  -0.001  0.061  0.215  0.103  0.515  0.218  0.694  0.269
  0.883  0.332  1.082  0.416  1.323  0.513  1.595  0.600
  1.852  0.590  2.106  0.554  2.328  0.457  2.454  0.375
  2.544  0.257  2.696  0.121  2.841  0.032  2.921  0.044
  1.520  0.105  1.402  0.146  1.366  0.214  1.384  0.269
  1.329  0.313  1.248  0.297  1.014  0.330  0.721  0.371
  0.445  0.465  0.025  0.659  -0.183  0.748  -0.317  0.794
  -0.382  0.689  -0.375  0.323  -0.346  0.035  -0.289  -0.115
  -0.112  -0.146  0.161  -0.101  0.310  -0.037  0.467  0.010
  0.644  0.082  0.851  0.176  1.089  0.297  1.341  0.397
  1.579  0.437  1.840  0.388  2.111  0.321  2.294  0.117
  2.423  -0.034  2.555  -0.141  2.670  -0.159  2.743  -0.180
  1.988  0.429  1.743  0.353  1.660  0.394  1.665  0.406
  1.563  0.451  1.416  0.463  1.180  0.479  0.888  0.527
  0.536  0.605  0.081  0.792  -0.152  0.851  -0.301  0.847
  -0.504  0.605  -0.553  0.184  -0.548  -0.173  -0.415  -0.324
  -0.181  -0.356  -0.067  -0.384  0.056  -0.366  0.211  -0.268
  0.383  -0.194  0.590  -0.084  0.838  0.051  1.087  0.175
  1.319  0.230  1.572  0.218  1.833  0.073  2.013  -0.062
  2.114  -0.224  2.251  -0.340  2.385  -0.370  2.471  -0.384
  2.388  0.682  2.099  0.616  1.921  0.566  1.808  0.595
  1.732  0.606  1.561  0.613  1.289  0.627  0.938  0.676
  0.367  0.806  0.080  0.870  -0.229  0.849  -0.552  0.739
  -0.752  0.421  -0.796  0.002  -0.696  -0.358  -0.502  -0.536
  -0.421  -0.645  -0.334  -0.690  -0.218  -0.679  -0.074  -0.617
  0.106  -0.477  0.303  -0.367  0.556  -0.209  0.788  -0.068
  0.985  -0.026  1.218  -0.034  1.458  -0.079  1.658  -0.285
  1.789  -0.445  1.910  -0.575  2.035  -0.597  2.077  -0.622
  2.827  0.966  2.511  0.900  2.162  0.781  1.979  0.791
  1.841  0.791  1.682  0.782  1.380  0.777  0.982  0.805
  0.383  0.886  -0.002  0.858  -0.429  0.759  -0.865  0.606
  -1.011  0.235  -0.957  -0.149  -0.797  -0.502  -0.748  -0.817
  -0.700  -0.965  -0.621  -1.017  -0.506  -1.003  -0.366  -0.940
  -0.208  -0.837  -0.015  -0.672  0.208  -0.521  0.422  -0.374
  0.590  -0.303  0.802  -0.344  1.010  -0.400  1.259  -0.607
  1.434  -0.750  1.571  -0.789  1.678  -0.804  1.727  -0.816
  3.109  1.223  2.814  1.171  2.467  1.074  2.159  1.002
  1.970  0.983  1.778  0.965  1.428  0.942  0.836  0.983
  0.375  0.931  -0.172  0.754  -0.699  0.603  -1.126  0.444
  -1.171  0.090  -1.055  -0.283  -1.048  -0.700  -1.039  -1.098
  -1.006  -1.315  -0.936  -1.381  -0.827  -1.361  -0.700  -1.290
  -0.550  -1.184  -0.388  -1.051  -0.164  -0.844  0.003  -0.711
  0.180  -0.605  0.374  -0.567  0.591  -0.700  0.838  -0.825
  1.045  -1.016  1.263  -0.988  1.371  -0.969  1.400  -0.966
  3.334  1.425  3.050  1.406  2.720  1.341  2.360  1.238
  2.101  1.166  1.878  1.120  1.454  1.060  0.807  1.025
  0.235  0.878  -0.389  0.579  -0.875  0.359  -1.051  0.103
  -1.086  -0.169  -1.219  -0.544  -1.322  -0.949  -1.366  -1.357
  -1.343  -1.692  -1.281  -1.788  -1.185  -1.747  -1.066  -1.653
  -0.932  -1.536  -0.777  -1.391  -0.584  -1.205  -0.410  -1.017
  -0.260  -0.892  -0.060  -0.843  0.195  -0.968  0.480  -1.106
  0.735  -1.136  0.957  -1.121  1.059  -1.091  1.126  -1.070
  3.522  1.615  3.237  1.616  2.930  1.570  2.573  1.467
  2.202  1.326  1.899  1.257  1.302  1.185  0.715  0.995
  0.055  0.706  -0.500  0.365  -0.813  0.079  -0.893  -0.132
  -1.118  -0.441  -1.357  -0.787  -1.536  -1.145  -1.648  -1.525
  -1.670  -1.906  -1.624  -2.134  -1.529  -2.086  -1.418  -1.968
  -1.306  -1.838  -1.146  -1.668  -0.955  -1.476  -0.795  -1.295
  -0.590  -1.098  -0.339  -1.014  -0.087  -1.129  0.206  -1.244
  0.444  -1.228  0.664  -1.191  0.761  -1.189  0.866  -1.147
  3.682  1.781  3.405  1.790  3.093  1.748  2.722  1.627
  2.287  1.450  1.870  1.316  1.225  1.163  0.614  0.905
  -0.031  0.517  -0.274  0.268  -0.633  -0.095  -0.942  -0.390
  -1.226  -0.669  -1.483  -0.957  -1.694  -1.254  -1.855  -1.564
  -1.932  -1.868  -1.916  -2.118  -1.836  -2.227  -1.735  -2.164
  -1.621  -2.022  -1.479  -1.852  -1.287  -1.657  -1.103  -1.492
  -0.864  -1.301  -0.600  -1.176  -0.378  -1.319  -0.093  -1.313
  0.126  -1.319  0.331  -1.281  0.469  -1.269  0.578  -1.229
  3.820  1.905  3.538  1.912  3.229  1.867  2.864  1.742
  2.379  1.563  1.815  1.372  1.184  1.113  0.803  0.926
  0.263  0.498  -0.184  0.074  -0.578  -0.254  -0.963  -0.549
  -1.290  -0.812  -1.570  -1.067  -1.798  -1.308  -1.971  -1.536
  -2.085  -1.736  -2.121  -1.891  -2.106  -2.015  -2.020  -2.051
  -1.894  -2.005  -1.752  -1.889  -1.540  -1.715  -1.355  -1.579
  -1.138  -1.419  -0.915  -1.298  -0.711  -1.404  -0.417  -1.391
  -0.200  -1.368  0.022  -1.327  0.196  -1.303  0.339  -1.282
  3.961  1.967  3.656  1.956  3.322  1.894  2.934  1.783
  2.487  1.637  1.963  1.449  1.430  1.155  0.915  0.787
  0.404  0.355  -0.025  -0.007  -0.459  -0.309  -0.873  -0.604
  -1.246  -0.875  -1.566  -1.103  -1.822  -1.283  -1.978  -1.399
  -2.146  -1.517  -2.237  -1.576  -2.303  -1.630  -2.292  -1.660
  -2.207  -1.688  -2.079  -1.687  -1.868  -1.627  -1.688  -1.562
  -1.479  -1.449  -1.233  -1.321  -0.999  -1.380  -0.722  -1.415
  -0.529  -1.398  -0.303  -1.378  -0.118  -1.325  0.098  -1.297
  4.051  1.953  3.740  1.921  3.388  1.833  2.978  1.714
  2.516  1.557  2.045  1.324  1.566  1.029  1.055  0.648
  0.586  0.251  0.172  -0.042  -0.269  -0.323  -0.712  -0.585
  -1.130  -0.812  -1.492  -0.987  -1.764  -1.099  -1.961  -1.164
  -2.152  -1.222  -2.279  -1.235  -2.392  -1.244  -2.424  -1.234
  -2.360  -1.241  -2.223  -1.259  -2.047  -1.266  -1.905  -1.295
  -1.685  -1.290  -1.433  -1.269  -1.230  -1.289  -0.996  -1.343
  -0.808  -1.345  -0.573  -1.324  -0.387  -1.279  -0.120  -1.215
  4.083  1.871  3.791  1.828  3.436  1.717  3.045  1.564
  2.617  1.357  2.146  1.097  1.669  0.782  1.204  0.409
  0.724  0.154  0.263  -0.098  -0.232  -0.334  -0.668  -0.511
  -1.088  -0.687  -1.380  -0.792  -1.620  -0.843  -1.871  -0.893
  -2.087  -0.915  -2.244  -0.896  -2.389  -0.871  -2.434  -0.800
  -2.380  -0.744  -2.263  -0.763  -2.100  -0.783  -1.974  -0.822
  -1.792  -0.853  -1.596  -0.897  -1.433  -1.068  -1.217  -1.144
  -1.030  -1.178  -0.783  -1.163  -0.602  -1.142  -0.333  -1.104
  4.091  1.744  3.798  1.684  3.455  1.544  3.069  1.368
  2.644  1.145  2.181  0.858  1.746  0.534  1.310  0.235
  0.794  -0.008  0.303  -0.210  -0.213  -0.403  -0.631  -0.528
  -1.027  -0.643  -1.313  -0.696  -1.594  -0.738  -1.861  -0.680
  -2.076  -0.635  -2.240  -0.575  -2.372  -0.500  -2.420  -0.379
  -2.386  -0.249  -2.283  -0.258  -2.129  -0.285  -2.048  -0.426
  -1.946  -0.565  -1.812  -0.665  -1.671  -0.808  -1.473  -0.900
  -1.281  -0.959  -1.036  -0.986  -0.867  -1.005  -0.628  -0.956
  4.071  1.600  3.760  1.511  3.433  1.352  3.062  1.161
  2.649  0.935  2.204  0.680  1.767  0.418  1.299  0.168
  0.863  -0.046  0.393  -0.216  -0.123  -0.369  -0.553  -0.452
  -0.970  -0.521  -1.271  -0.542  -1.577  -0.568  -1.818  -0.540
  -2.051  -0.503  -2.228  -0.420  -2.360  -0.286  -2.417  -0.134
  -2.378  0.018  -2.300  0.089  -2.196  0.073  -2.166  -0.022
  -2.125  -0.225  -2.030  -0.356  -1.917  -0.535  -1.728  -0.620
  -1.516  -0.715  -1.273  -0.765  -1.125  -0.790  -0.877  -0.785
  4.022  1.454  3.738  1.374  3.426  1.217  3.060  1.018
  2.642  0.791  2.212  0.560  1.796  0.335  1.324  0.111
  0.874  -0.069  0.461  -0.160  -0.050  -0.301  -0.454  -0.349
  -0.867  -0.388  -1.204  -0.374  -1.510  -0.368  -1.742  -0.321
  -1.998  -0.241  -2.204  -0.102  -2.350  0.084  -2.372  0.276
  -2.312  0.454  -2.260  0.547  -2.248  0.519  -2.295  0.322
  -2.284  0.175  -2.226  0.022  -2.133  -0.172  -1.973  -0.305
  -1.778  -0.424  -1.546  -0.506  -1.399  -0.531  -1.162  -0.560
  3.974  1.342  3.675  1.248  3.361  1.087  3.019  0.904
  2.659  0.734  2.218  0.537  1.766  0.317  1.290  0.145
  0.842  -0.026  0.443  -0.109  -0.011  -0.212  -0.360  -0.227
  -0.789  -0.233  -1.122  -0.190  -1.450  -0.101  -1.698  -0.008
  -1.953  0.115  -2.134  0.289  -2.253  0.483  -2.361  0.642
  -2.358  0.803  -2.344  0.839  -2.399  0.734  -2.462  0.633
  -2.472  0.478  -2.420  0.306  -2.334  0.195  -2.193  -0.041
  -2.057  -0.168  -1.818  -0.257  -1.668  -0.294  -1.438  -0.321
  3.885  1.297  3.593  1.210  3.279  1.050  2.938  0.876
  2.587  0.723  2.177  0.527  1.740  0.332  1.297  0.169
  0.833  0.039  0.459  0.004  -0.012  -0.059  -0.367  -0.002
  -0.808  0.018  -1.084  0.102  -1.421  0.148  -1.687  0.304
  -1.926  0.448  -2.092  0.623  -2.225  0.796  -2.355  0.916
  -2.380  1.035  -2.432  1.032  -2.520  0.937  -2.587  0.797
  -2.608  0.699  -2.582  0.581  -2.510  0.464  -2.405  0.277
  -2.288  0.073  -2.074  -0.001  -1.888  -0.070  -1.661  -0.116
  3.765  1.221  3.454  1.127  3.163  1.008  2.861  0.883
  2.512  0.722  2.146  0.567  1.711  0.407  1.273  0.257
  0.769  0.156  0.337  0.173  -0.104  0.184  -0.555  0.214
  -0.889  0.289  -1.141  0.359  -1.449  0.419  -1.665  0.594
  -1.888  0.748  -2.059  0.911  -2.230  0.990  -2.309  1.130
  -2.396  1.113  -2.531  1.039  -2.642  1.011  -2.711  0.926
  -2.733  0.853  -2.711  0.806  -2.646  0.705  -2.531  0.528
  -2.375  0.304  -2.147  0.194  -1.956  0.157  -1.740  0.152
0.818775  8.178828  32  0.818775  8.178828  32
1.017410  0.000295  0.030475  1.013399  1.051 -1.090
  -3.386  -1.797  -3.366  -1.809  -3.324  -1.847  -3.260  -1.868
  -3.173  -1.854  -3.110  -1.834  -3.062  -1.794  -2.990  -1.758
  -2.920  -1.712  -2.840  -1.661  -2.754  -1.599  -2.654  -1.528
  -2.565  -1.451  -2.448  -1.396  -2.265  -1.339  -2.018  -1.252
  -1.716  -1.114  -1.378  -0.966  -1.009  -0.827  -0.694  -0.702
  -0.367  -0.564  -0.084  -0.427  0.146  -0.329  0.305  -0.120
  0.502  0.048  0.661  0.163  0.799  0.245  0.903  0.305
  1.053  0.407  1.167  0.502  1.231  0.579  1.294  0.674
  -3.184  -1.683  -3.162  -1.675  -3.116  -1.696  -3.062  -1.729
  -2.979  -1.719  -2.892  -1.697  -2.823  -1.662  -2.752  -1.624
  -2.670  -1.580  -2.580  -1.531  -2.490  -1.467  -2.391  -1.396
  -2.319  -1.313  -2.218  -1.268  -2.040  -1.218  -1.809  -1.127
  -1.546  -1.010  -1.234  -0.878  -0.917  -0.758  -0.580  -0.613
  -0.258  -0.473  0.068  -0.363  0.339  -0.220  0.534  -0.011
  0.733  0.139  0.912  0.267  1.009  0.325  1.103  0.397
  1.215  0.485  1.318  0.565  1.388  0.631  1.466  0.725
  -2.937  -1.504  -2.906  -1.513  -2.856  -1.534  -2.799  -1.554
  -2.712  -1.548  -2.613  -1.531  -2.520  -1.503  -2.451  -1.468
  -2.370  -1.430  -2.280  -1.383  -2.193  -1.327  -2.120  -1.258
  -2.077  -1.186  -1.973  -1.153  -1.790  -1.091  -1.560  -0.985
  -1.312  -0.879  -1.062  -0.772  -0.773  -0.657  -0.442  -0.518
  -0.114  -0.396  0.233  -0.243  0.527  -0.118  0.765  0.068
  0.950  0.218  1.112  0.347  1.256  0.449  1.362  0.541
  1.443  0.618  1.514  0.698  1.573  0.774  1.694  0.902
  -2.638  -1.279  -2.608  -1.305  -2.566  -1.336  -2.517  -1.366
  -2.451  -1.372  -2.357  -1.357  -2.252  -1.332  -2.162  -1.307
  -2.086  -1.268  -1.991  -1.233  -1.917  -1.183  -1.859  -1.123
  -1.821  -1.068  -1.712  -1.020  -1.519  -0.942  -1.294  -0.841
  -1.060  -0.729  -0.811  -0.617  -0.545  -0.503  -0.253  -0.398
  0.067  -0.278  0.396  -0.139  0.697  -0.012  0.965  0.171
  1.199  0.341  1.353  0.448  1.499  0.568  1.637  0.679
  1.753  0.769  1.789  0.821  1.852  0.874  1.969  0.967
  -2.420  -1.052  -2.348  -1.097  -2.304  -1.143  -2.257  -1.174
  -2.184  -1.187  -2.090  -1.172  -1.970  -1.154  -1.872  -1.128
  -1.779  -1.107  -1.719  -1.069  -1.659  -1.032  -1.629  -0.970
  -1.578  -0.927  -1.447  -0.880  -1.248  -0.795  -1.024  -0.691
  -0.776  -0.567  -0.524  -0.448  -0.263  -0.339  0.023  -0.226
  0.302  -0.123  0.588  -0.005  0.891  0.123  1.191  0.296
  1.453  0.477  1.645  0.584  1.788  0.717  1.941  0.833
  2.036  0.926  2.090  1.003  2.171  1.050  2.208  1.126
  -2.133  -0.814  -2.133  -0.851  -2.059  -0.917  -1.968  -0.968
  -1.878  -0.970  -1.776  -0.960  -1.667  -0.949  -1.580  -0.932
  -1.500  -0.910  -1.438  -0.886  -1.410  -0.854  -1.397  -0.804
  -1.325  -0.771  -1.156  -0.715  -0.937  -0.612  -0.701  -0.500
  -0.459  -0.382  -0.205  -0.258  0.066  -0.141  0.339  -0.027
  0.623  0.087  0.898  0.197  1.193  0.312  1.466  0.453
  1.698  0.580  1.921  0.726  2.073  0.855  2.187  0.953
  2.300  1.031  2.400  1.110  2.475  1.186  2.462  1.348
  -1.891  -0.580  -1.820  -0.623  -1.772  -0.667  -1.731  -0.710
  -1.629  -0.740  -1.548  -0.754  -1.403  -0.755  -1.312  -0.750
  -1.249  -0.729  -1.191  -0.713  -1.173  -0.687  -1.163  -0.664
  -1.087  -0.634  -0.899  -0.570  -0.677  -0.453  -0.434  -0.328
  -0.175  -0.205  0.088  -0.085  0.355  0.040  0.645  0.168
  0.923  0.282  1.205  0.391  1.448  0.464  1.655  0.550
  1.858  0.684  2.043  0.818  2.207  0.938  2.350  1.050
  2.455  1.132  2.530  1.230  2.623  1.304  2.637  1.419
  -1.604  -0.378  -1.517  -0.418  -1.478  -0.470  -1.459  -0.489
  -1.365  -0.499  -1.250  -0.521  -1.201  -0.535  -1.073  -0.550
  -1.001  -0.545  -0.956  -0.533  -0.941  -0.518  -0.932  -0.502
  -0.836  -0.484  -0.642  -0.406  -0.417  -0.283  -0.165  -0.153
  0.089  -0.033  0.386  0.110  0.665  0.230  0.925  0.341
  1.156  0.429  1.350  0.487  1.553  0.534  1.763  0.626
  1.949  0.756  2.084  0.848  2.280  0.966  2.445  1.079
  2.567  1.165  2.660  1.227  2.719  1.287  2.663  1.433
  -1.346  -0.177  -1.286  -0.182  -1.186  -0.239  -1.126  -0.275
  -1.047  -0.293  -1.008  -0.316  -0.925  -0.331  -0.839  -0.334
  -0.779  -0.332  -0.737  -0.339  -0.721  -0.330  -0.720  -0.328
  -0.603  -0.324  -0.356  -0.228  -0.148  -0.100  0.118  0.029
  0.377  0.155  0.651  0.290  0.889  0.377  1.087  0.456
  1.259  0.497  1.390  0.524  1.569  0.573  1.805  0.646
  1.961  0.777  2.105  0.874  2.324  1.000  2.488  1.093
  2.599  1.176  2.701  1.239  2.729  1.389  2.669  1.558
  -1.067  0.031  -1.012  0.013  -0.934  -0.037  -0.843  -0.069
  -0.758  -0.092  -0.703  -0.106  -0.657  -0.126  -0.596  -0.136
  -0.532  -0.139  -0.488  -0.140  -0.498  -0.154  -0.477  -0.163
  -0.347  -0.134  -0.055  -0.039  0.155  0.092  0.368  0.210
  0.612  0.319  0.821  0.408  0.982  0.462  1.088  0.486
  1.207  0.496  1.359  0.538  1.559  0.582  1.738  0.623
  1.902  0.780  2.098  0.899  2.289  1.008  2.406  1.111
  2.522  1.169  2.629  1.239  2.673  1.340  2.685  1.458
  -0.815  0.209  -0.674  0.216  -0.605  0.200  -0.564  0.154
  -0.464  0.129  -0.452  0.102  -0.449  0.081  -0.370  0.065
  -0.317  0.055  -0.343  0.031  -0.329  0.017  -0.277  -0.009
  -0.084  0.037  0.183  0.113  0.407  0.258  0.612  0.364
  0.753  0.411  0.861  0.444  0.933  0.454  1.016  0.459
  1.157  0.482  1.343  0.528  1.466  0.541  1.638  0.595
  1.804  0.750  2.011  0.862  2.162  0.960  2.251  1.060
  2.381  1.130  2.445  1.297  2.506  1.403  2.509  1.550
  -0.516  0.413  -0.417  0.429  -0.365  0.411  -0.325  0.356
  -0.263  0.324  -0.261  0.287  -0.270  0.265  -0.267  0.230
  -0.206  0.215  -0.115  0.176  -0.085  0.171  -0.054  0.159
  0.191  0.185  0.439  0.261  0.620  0.385  0.736  0.442
  0.801  0.441  0.839  0.415  0.869  0.398  0.984  0.409
  1.144  0.445  1.234  0.459  1.358  0.487  1.516  0.558
  1.659  0.714  1.827  0.835  1.960  0.955  2.023  1.068
  2.109  1.165  2.199  1.254  2.278  1.351  2.269  1.543
  -0.231  0.639  -0.188  0.626  -0.094  0.600  -0.102  0.543
  -0.090  0.507  -0.081  0.465  -0.119  0.421  -0.067  0.381
  0.004  0.366  0.085  0.354  0.136  0.336  0.254  0.300
  0.474  0.326  0.674  0.383  0.752  0.446  0.755  0.438
  0.747  0.396  0.751  0.353  0.836  0.338  0.991  0.364
  1.035  0.355  1.102  0.366  1.207  0.407  1.350  0.495
  1.488  0.629  1.630  0.737  1.747  0.868  1.812  0.944
  1.914  1.006  1.960  1.111  2.023  1.265  2.091  1.445
  0.046  0.846  0.071  0.824  0.080  0.778  0.094  0.743
  0.121  0.699  0.123  0.660  0.157  0.606  0.156  0.544
  0.217  0.509  0.356  0.485  0.400  0.477  0.555  0.429
  0.736  0.444  0.815  0.432  0.758  0.419  0.690  0.373
  0.642  0.311  0.697  0.286  0.837  0.298  0.858  0.257
  0.888  0.245  0.933  0.263  1.021  0.314  1.153  0.396
  1.264  0.503  1.399  0.594  1.539  0.727  1.632  0.830
  1.686  0.992  1.744  1.109  1.849  1.248  1.860  1.356
  0.405  1.090  0.323  1.025  0.323  0.972  0.309  0.941
  0.346  0.878  0.364  0.807  0.371  0.756  0.362  0.692
  0.408  0.651  0.550  0.626  0.709  0.567  0.837  0.536
  0.895  0.487  0.809  0.380  0.673  0.324  0.567  0.267
  0.582  0.236  0.695  0.232  0.683  0.185  0.682  0.133
  0.703  0.121  0.753  0.138  0.835  0.196  0.931  0.277
  1.013  0.387  1.121  0.507  1.260  0.654  1.365  0.737
  1.443  0.821  1.499  0.961  1.543  1.162  1.573  1.224
  0.809  1.402  0.628  1.223  0.589  1.180  0.617  1.111
  0.604  1.055  0.616  0.980  0.631  0.901  0.633  0.835
  0.683  0.740  0.750  0.713  0.871  0.626  0.975  0.554
  0.858  0.399  0.696  0.255  0.528  0.184  0.494  0.171
  0.564  0.162  0.520  0.097  0.486  0.035  0.478  0.010
  0.495  -0.014  0.546  0.015  0.637  0.079  0.731  0.170
  0.807  0.258  0.904  0.385  1.009  0.457  1.063  0.655
  1.052  0.779  1.088  0.941  1.173  1.042  1.185  1.118
  1.152  1.669  0.990  1.502  0.908  1.376  0.901  1.291
  0.896  1.203  0.865  1.118  0.856  1.023  0.811  0.945
  0.838  0.828  0.915  0.734  0.927  0.577  0.849  0.400
  0.686  0.214  0.512  0.088  0.436  0.058  0.459  0.073
  0.378  0.013  0.307  -0.056  0.265  -0.108  0.251  -0.148
  0.269  -0.136  0.312  -0.123  0.410  -0.039  0.486  0.048
  0.528  0.114  0.606  0.212  0.690  0.389  0.744  0.490
  0.749  0.610  0.760  0.750  0.781  0.873  0.725  0.928
  1.646  1.958  1.473  1.794  1.255  1.572  1.202  1.463
  1.171  1.352  1.123  1.248  1.085  1.130  1.079  0.994
  0.995  0.860  0.958  0.681  0.855  0.440  0.671  0.211
  0.513  0.019  0.410  -0.044  0.392  -0.054  0.268  -0.107
  0.152  -0.158  0.073  -0.220  0.030  -0.264  0.014  -0.286
  0.013  -0.303  0.047  -0.263  0.115  -0.202  0.174  -0.118
  0.188  -0.054  0.245  0.024  0.298  0.113  0.392  0.223
  0.424  0.400  0.439  0.610  0.442  0.732  0.391  0.794
  2.025  2.191  1.889  2.033  1.694  1.819  1.529  1.633
  1.453  1.498  1.374  1.380  1.291  1.240  1.270  1.050
  1.137  0.855  0.902  0.544  0.682  0.262  0.492  0.040
  0.429  -0.123  0.369  -0.156  0.201  -0.235  0.035  -0.312
  -0.099  -0.356  -0.190  -0.407  -0.238  -0.445  -0.267  -0.465
  -0.271  -0.463  -0.269  -0.454  -0.204  -0.361  -0.191  -0.301
  -0.167  -0.224  -0.128  -0.098  -0.065  -0.051  0.028  0.139
  0.081  0.308  0.159  0.525  0.174  0.645  0.113  0.716
  2.366  2.354  2.264  2.220  2.096  2.035  1.879  1.814
  1.738  1.632  1.636  1.481  1.547  1.278  1.368  1.051
  1.103  0.774  0.753  0.369  0.493  0.085  0.388  -0.088
  0.335  -0.184  0.140  -0.329  -0.066  -0.450  -0.245  -0.539
  -0.382  -0.602  -0.483  -0.620  -0.543  -0.649  -0.579  -0.665
  -0.600  -0.660  -0.600  -0.619  -0.565  -0.544  -0.550  -0.451
  -0.552  -0.365  -0.506  -0.279  -0.407  -0.204  -0.276  -0.046
  -0.175  0.273  -0.093  0.501  -0.111  0.611  -0.149  0.684
  2.672  2.492  2.583  2.375  2.454  2.211  2.244  1.987
  2.001  1.744  1.845  1.566  1.675  1.308  1.382  0.994
  0.967  0.611  0.606  0.210  0.377  -0.051  0.315  -0.174
  0.091  -0.368  -0.163  -0.555  -0.381  -0.697  -0.562  -0.797
  -0.689  -0.848  -0.779  -0.856  -0.835  -0.835  -0.878  -0.850
  -0.920  -0.835  -0.915  -0.762  -0.879  -0.654  -0.876  -0.564
  -0.829  -0.435  -0.732  -0.318  -0.634  -0.227  -0.496  0.002
  -0.411  0.275  -0.333  0.484  -0.378  0.596  -0.396  0.692
  2.950  2.602  2.874  2.494  2.748  2.336  2.524  2.105
  2.247  1.822  2.011  1.565  1.697  1.258  1.317  0.905
  0.835  0.455  0.675  0.195  0.353  -0.144  0.069  -0.395
  -0.200  -0.607  -0.452  -0.793  -0.673  -0.945  -0.861  -1.057
  -0.988  -1.093  -1.054  -1.054  -1.095  -1.023  -1.142  -1.003
  -1.182  -0.946  -1.194  -0.853  -1.156  -0.723  -1.127  -0.618
  -1.047  -0.495  -0.941  -0.366  -0.872  -0.294  -0.740  0.040
  -0.675  0.270  -0.623  0.452  -0.624  0.581  -0.655  0.672
  3.161  2.677  3.088  2.567  2.975  2.412  2.782  2.187
  2.460  1.897  2.099  1.560  1.681  1.201  1.440  0.943
  0.969  0.479  0.571  0.036  0.219  -0.297  -0.130  -0.585
  -0.428  -0.821  -0.688  -1.023  -0.906  -1.181  -1.081  -1.290
  -1.212  -1.331  -1.283  -1.286  -1.342  -1.194  -1.378  -1.081
  -1.402  -0.989  -1.414  -0.877  -1.356  -0.727  -1.327  -0.617
  -1.265  -0.488  -1.198  -0.352  -1.150  -0.229  -1.010  0.064
  -0.947  0.253  -0.879  0.440  -0.859  0.573  -0.853  0.639
  3.340  2.699  3.240  2.578  3.103  2.415  2.911  2.198
  2.623  1.931  2.249  1.622  1.829  1.247  1.377  0.818
  0.925  0.335  0.550  -0.070  0.166  -0.405  -0.202  -0.721
  -0.536  -0.998  -0.822  -1.212  -1.054  -1.359  -1.194  -1.418
  -1.355  -1.452  -1.451  -1.401  -1.548  -1.311  -1.618  -1.166
  -1.662  -1.004  -1.686  -0.856  -1.631  -0.712  -1.605  -0.599
  -1.550  -0.461  -1.462  -0.293  -1.385  -0.155  -1.263  0.073
  -1.222  0.226  -1.150  0.351  -1.119  0.506  -1.057  0.597
  3.447  2.647  3.324  2.514  3.151  2.333  2.908  2.117
  2.586  1.844  2.213  1.516  1.800  1.126  1.344  0.659
  0.938  0.175  0.583  -0.180  0.198  -0.515  -0.193  -0.822
  -0.563  -1.082  -0.882  -1.276  -1.117  -1.395  -1.283  -1.450
  -1.449  -1.480  -1.560  -1.447  -1.672  -1.383  -1.741  -1.262
  -1.772  -1.100  -1.780  -0.891  -1.757  -0.679  -1.769  -0.534
  -1.704  -0.395  -1.608  -0.273  -1.564  -0.146  -1.487  0.029
  -1.449  0.185  -1.367  0.327  -1.334  0.473  -1.223  0.605
  3.454  2.529  3.336  2.388  3.140  2.187  2.879  1.951
  2.560  1.658  2.187  1.306  1.785  0.889  1.342  0.417
  0.920  -0.005  0.522  -0.347  0.088  -0.656  -0.291  -0.898
  -0.655  -1.130  -0.897  -1.284  -1.090  -1.375  -1.299  -1.451
  -1.478  -1.487  -1.602  -1.469  -1.723  -1.428  -1.765  -1.314
  -1.765  -1.149  -1.771  -0.971  -1.762  -0.752  -1.789  -0.553
  -1.761  -0.344  -1.719  -0.159  -1.710  -0.115  -1.650  0.017
  -1.618  0.165  -1.524  0.312  -1.497  0.444  -1.384  0.555
  3.411  2.358  3.280  2.202  3.075  1.976  2.808  1.712
  2.488  1.396  2.117  1.013  1.748  0.584  1.323  0.185
  0.844  -0.166  0.422  -0.466  -0.027  -0.756  -0.381  -0.971
  -0.717  -1.174  -0.949  -1.302  -1.180  -1.414  -1.396  -1.471
  -1.560  -1.515  -1.680  -1.494  -1.772  -1.447  -1.788  -1.341
  -1.758  -1.180  -1.744  -1.041  -1.743  -0.830  -1.812  -0.704
  -1.862  -0.564  -1.882  -0.416  -1.895  -0.271  -1.850  -0.051
  -1.814  0.093  -1.724  0.226  -1.709  0.337  -1.625  0.492
  3.334  2.156  3.171  1.973  2.973  1.727  2.716  1.443
  2.401  1.119  2.043  0.755  1.660  0.385  1.243  0.034
  0.787  -0.285  0.371  -0.572  -0.080  -0.850  -0.438  -1.055
  -0.786  -1.230  -1.025  -1.345  -1.274  -1.453  -1.458  -1.526
  -1.633  -1.580  -1.751  -1.569  -1.816  -1.514  -1.812  -1.434
  -1.744  -1.308  -1.720  -1.152  -1.751  -0.967  -1.872  -0.793
  -1.981  -0.640  -2.041  -0.449  -2.083  -0.345  -2.051  -0.145
  -1.996  -0.012  -1.908  0.127  -1.913  0.273  -1.806  0.396
  3.227  1.939  3.083  1.764  2.897  1.514  2.636  1.211
  2.310  0.868  1.967  0.524  1.606  0.198  1.164  -0.145
  0.723  -0.435  0.331  -0.694  -0.115  -0.956  -0.461  -1.147
  -0.801  -1.319  -1.065  -1.427  -1.305  -1.526  -1.477  -1.567
  -1.666  -1.578  -1.786  -1.554  -1.833  -1.501  -1.769  -1.421
  -1.673  -1.284  -1.653  -1.133  -1.744  -0.994  -1.935  -0.922
  -2.079  -0.729  -2.175  -0.535  -2.239  -0.406  -2.238  -0.216
  -2.200  -0.100  -2.125  0.045  -2.122  0.195  -2.020  0.309
  3.135  1.703  2.969  1.519  2.771  1.263  2.522  0.967
  2.243  0.659  1.892  0.333  1.518  0.014  1.106  -0.279
  0.684  -0.561  0.301  -0.797  -0.136  -1.043  -0.461  -1.213
  -0.820  -1.383  -1.079  -1.494  -1.310  -1.577  -1.471  -1.626
  -1.639  -1.637  -1.717  -1.614  -1.736  -1.567  -1.766  -1.518
  -1.727  -1.404  -1.731  -1.305  -1.863  -1.223  -2.044  -1.055
  -2.192  -0.884  -2.287  -0.737  -2.353  -0.512  -2.379  -0.405
  -2.400  -0.237  -2.316  -0.087  -2.302  0.062  -2.198  0.180
  3.008  1.513  2.846  1.325  2.634  1.047  2.377  0.745
  2.115  0.465  1.794  0.155  1.433  -0.144  1.029  -0.419
  0.633  -0.687  0.285  -0.897  -0.111  -1.127  -0.455  -1.280
  -0.819  -1.449  -1.053  -1.554  -1.322  -1.672  -1.481  -1.704
  -1.608  -1.742  -1.672  -1.728  -1.717  -1.691  -1.777  -1.646
  -1.769  -1.543  -1.833  -1.468  -1.974  -1.349  -2.135  -1.223
  -2.275  -1.053  -2.383  -0.858  -2.450  -0.677  -2.497  -0.549
  -2.543  -0.352  -2.479  -0.208  -2.432  -0.080  -2.327  0.023
  2.862  1.375  2.678  1.162  2.481  0.894  2.253  0.617
  2.001  0.325  1.723  0.051  1.370  -0.259  0.977  -0.542
  0.567  -0.826  0.242  -1.014  -0.133  -1.230  -0.542  -1.417
  -0.825  -1.548  -1.086  -1.662  -1.357  -1.763  -1.471  -1.797
  -1.582  -1.846  -1.655  -1.839  -1.743  -1.857  -1.764  -1.766
  -1.819  -1.732  -1.955  -1.652  -2.104  -1.502  -2.247  -1.364
  -2.367  -1.179  -2.461  -1.003  -2.523  -0.834  -2.548  -0.706
  -2.536  -0.546  -2.454  -0.373  -2.400  -0.232  -2.324  -0.047
0.818775  8.178828  32  0.818775  8.178828  32
0.997071  -0.018297  0.008508  0.993417  1.692 -1.138
  2.031  2.021  1.947  1.941  1.787  1.770  1.646  1.611
  1.523  1.481  1.374  1.353  1.208  1.242  1.065  1.124
  0.918  1.011  0.780  0.901  0.649  0.802  0.528  0.707
  0.394  0.615  0.284  0.500  0.228  0.379  0.214  0.275
  0.201  0.188  0.165  0.075  0.168  -0.042  0.161  -0.143
  0.147  -0.244  0.086  -0.349  0.021  -0.459  -0.079  -0.435
  -0.137  -0.449  -0.239  -0.521  -0.322  -0.599  -0.401  -0.674
  -0.437  -0.707  -0.491  -0.737  -0.572  -0.770  -0.656  -0.786
  1.866  1.879  1.777  1.816  1.620  1.663  1.469  1.492
  1.342  1.359  1.216  1.233  1.071  1.116  0.927  0.998
  0.792  0.882  0.663  0.767  0.532  0.666  0.411  0.570
  0.262  0.488  0.145  0.371  0.102  0.260  0.104  0.185
  0.112  0.120  0.118  0.036  0.123  -0.064  0.128  -0.153
  0.093  -0.262  0.102  -0.376  0.058  -0.455  -0.023  -0.442
  -0.071  -0.470  -0.140  -0.519  -0.244  -0.607  -0.331  -0.668
  -0.395  -0.711  -0.444  -0.744  -0.508  -0.780  -0.567  -0.791
  1.742  1.798  1.655  1.713  1.502  1.562  1.353  1.405
  1.230  1.270  1.116  1.139  0.995  1.013  0.848  0.891
  0.712  0.767  0.582  0.649  0.449  0.540  0.304  0.447
  0.130  0.360  0.017  0.236  -0.019  0.140  -0.012  0.085
  0.011  0.028  0.029  -0.032  0.058  -0.104  0.073  -0.187
  0.086  -0.286  0.096  -0.371  0.044  -0.489  -0.002  -0.504
  -0.059  -0.528  -0.126  -0.564  -0.180  -0.606  -0.256  -0.648
  -0.342  -0.695  -0.417  -0.725  -0.486  -0.747  -0.494  -0.718
  1.665  1.754  1.568  1.650  1.409  1.492  1.253  1.330
  1.110  1.184  0.991  1.051  0.881  0.922  0.754  0.786
  0.613  0.663  0.490  0.536  0.346  0.427  0.189  0.330
  0.011  0.229  -0.096  0.120  -0.123  0.039  -0.120  -0.021
  -0.108  -0.069  -0.083  -0.119  -0.044  -0.169  0.006  -0.238
  0.047  -0.317  0.048  -0.409  0.014  -0.516  -0.015  -0.544
  -0.041  -0.559  -0.092  -0.601  -0.137  -0.621  -0.170  -0.636
  -0.212  -0.664  -0.313  -0.717  -0.369  -0.756  -0.367  -0.753
  1.502  1.709  1.444  1.584  1.289  1.415  1.129  1.252
  0.974  1.091  0.848  0.955  0.755  0.819  0.638  0.688
  0.517  0.551  0.362  0.433  0.210  0.315  0.025  0.222
  -0.137  0.109  -0.223  0.000  -0.243  -0.074  -0.241  -0.129
  -0.215  -0.167  -0.186  -0.209  -0.149  -0.262  -0.090  -0.313
  -0.047  -0.380  -0.019  -0.446  0.004  -0.517  0.003  -0.557
  0.000  -0.564  -0.010  -0.605  -0.050  -0.606  -0.059  -0.612
  -0.107  -0.626  -0.176  -0.645  -0.202  -0.682  -0.264  -0.684
  1.405  1.668  1.269  1.549  1.147  1.363  1.028  1.181
  0.862  1.017  0.735  0.874  0.630  0.735  0.503  0.598
  0.368  0.464  0.216  0.333  0.029  0.210  -0.172  0.104
  -0.316  -0.018  -0.366  -0.120  -0.369  -0.179  -0.355  -0.228
  -0.337  -0.271  -0.307  -0.309  -0.258  -0.353  -0.208  -0.400
  -0.148  -0.449  -0.098  -0.500  -0.030  -0.550  0.019  -0.571
  0.043  -0.595  0.068  -0.594  0.041  -0.598  0.010  -0.611
  -0.001  -0.628  -0.005  -0.632  -0.024  -0.632  -0.120  -0.536
  1.259  1.618  1.188  1.490  1.043  1.328  0.877  1.155
  0.721  0.966  0.582  0.814  0.516  0.672  0.395  0.527
  0.244  0.395  0.088  0.256  -0.107  0.128  -0.311  -0.004
  -0.450  -0.129  -0.482  -0.224  -0.483  -0.268  -0.463  -0.306
  -0.428  -0.345  -0.389  -0.386  -0.347  -0.423  -0.282  -0.457
  -0.225  -0.503  -0.153  -0.548  -0.095  -0.611  -0.036  -0.637
  0.014  -0.618  0.016  -0.620  0.019  -0.621  0.032  -0.609
  0.032  -0.609  0.018  -0.584  0.029  -0.578  -0.021  -0.519
  1.153  1.529  1.095  1.403  0.944  1.234  0.759  1.087
  0.594  0.921  0.494  0.773  0.338  0.629  0.257  0.472
  0.116  0.328  -0.052  0.186  -0.250  0.048  -0.453  -0.090
  -0.573  -0.227  -0.599  -0.309  -0.598  -0.348  -0.569  -0.380
  -0.539  -0.422  -0.469  -0.442  -0.412  -0.482  -0.363  -0.524
  -0.316  -0.573  -0.261  -0.619  -0.149  -0.647  -0.040  -0.637
  -0.035  -0.641  -0.065  -0.672  -0.011  -0.663  0.032  -0.644
  0.067  -0.629  0.075  -0.637  0.071  -0.632  -0.030  -0.529
  1.008  1.429  0.922  1.338  0.839  1.168  0.698  1.008
  0.518  0.841  0.350  0.701  0.231  0.564  0.110  0.426
  -0.039  0.285  -0.208  0.130  -0.404  -0.014  -0.615  -0.165
  -0.713  -0.317  -0.688  -0.381  -0.704  -0.414  -0.662  -0.448
  -0.627  -0.483  -0.571  -0.507  -0.526  -0.561  -0.470  -0.590
  -0.381  -0.618  -0.286  -0.628  -0.159  -0.627  -0.071  -0.667
  -0.100  -0.673  -0.104  -0.687  -0.019  -0.664  0.044  -0.652
  0.071  -0.638  0.098  -0.638  0.081  -0.531  -0.012  -0.398
  0.873  1.329  0.787  1.226  0.692  1.071  0.589  0.924
  0.416  0.758  0.268  0.632  0.115  0.496  -0.027  0.359
  -0.171  0.220  -0.336  0.075  -0.556  -0.087  -0.746  -0.248
  -0.833  -0.376  -0.764  -0.443  -0.777  -0.473  -0.785  -0.514
  -0.749  -0.557  -0.705  -0.591  -0.635  -0.611  -0.558  -0.619
  -0.425  -0.613  -0.284  -0.594  -0.192  -0.637  -0.123  -0.683
  -0.139  -0.659  -0.105  -0.660  -0.040  -0.648  -0.002  -0.611
  0.024  -0.625  0.081  -0.603  0.074  -0.549  0.056  -0.464
  0.699  1.187  0.705  1.113  0.614  1.004  0.471  0.858
  0.319  0.695  0.133  0.560  -0.058  0.429  -0.182  0.293
  -0.333  0.152  -0.565  -0.007  -0.760  -0.166  -0.919  -0.343
  -0.945  -0.455  -0.899  -0.539  -0.895  -0.553  -0.885  -0.590
  -0.874  -0.643  -0.803  -0.648  -0.705  -0.635  -0.562  -0.603
  -0.397  -0.579  -0.287  -0.598  -0.217  -0.633  -0.136  -0.654
  -0.150  -0.632  -0.125  -0.654  -0.090  -0.646  -0.081  -0.613
  -0.023  -0.603  -0.003  -0.479  0.005  -0.422  -0.002  -0.295
  0.547  1.053  0.534  1.007  0.444  0.916  0.313  0.770
  0.134  0.610  -0.053  0.469  -0.254  0.343  -0.448  0.195
  -0.593  0.055  -0.711  -0.118  -0.890  -0.264  -1.069  -0.424
  -1.043  -0.555  -1.011  -0.635  -1.012  -0.646  -0.989  -0.664
  -0.906  -0.667  -0.787  -0.653  -0.650  -0.613  -0.479  -0.579
  -0.365  -0.588  -0.282  -0.593  -0.174  -0.589  -0.130  -0.608
  -0.158  -0.578  -0.167  -0.588  -0.167  -0.570  -0.180  -0.519
  -0.150  -0.474  -0.116  -0.436  -0.056  -0.365  -0.076  -0.194
  0.353  0.922  0.324  0.882  0.297  0.801  0.132  0.664
  -0.077  0.515  -0.245  0.378  -0.463  0.236  -0.604  0.090
  -0.741  -0.046  -0.877  -0.193  -1.041  -0.350  -1.136  -0.533
  -1.127  -0.658  -1.096  -0.727  -1.074  -0.714  -0.997  -0.687
  -0.866  -0.651  -0.708  -0.606  -0.534  -0.577  -0.395  -0.575
  -0.320  -0.578  -0.209  -0.552  -0.114  -0.531  -0.102  -0.544
  -0.120  -0.527  -0.158  -0.551  -0.200  -0.539  -0.208  -0.524
  -0.162  -0.514  -0.166  -0.455  -0.096  -0.310  -0.060  -0.165
  0.088  0.730  0.128  0.747  0.044  0.668  -0.081  0.567
  -0.247  0.429  -0.406  0.307  -0.538  0.168  -0.718  0.009
  -0.860  -0.140  -0.950  -0.300  -1.138  -0.455  -1.202  -0.650
  -1.185  -0.754  -1.127  -0.793  -1.051  -0.732  -0.914  -0.655
  -0.757  -0.595  -0.579  -0.554  -0.422  -0.546  -0.335  -0.556
  -0.216  -0.523  -0.117  -0.484  -0.048  -0.459  -0.049  -0.478
  -0.096  -0.489  -0.131  -0.524  -0.165  -0.520  -0.178  -0.501
  -0.161  -0.377  -0.138  -0.296  -0.036  -0.174  -0.042  -0.091
  -0.246  0.468  -0.100  0.599  -0.155  0.541  -0.283  0.463
  -0.402  0.332  -0.521  0.195  -0.656  0.075  -0.823  -0.069
  -0.963  -0.212  -1.050  -0.368  -1.146  -0.583  -1.227  -0.748
  -1.182  -0.816  -1.070  -0.806  -0.929  -0.691  -0.772  -0.588
  -0.596  -0.527  -0.432  -0.511  -0.343  -0.506  -0.214  -0.485
  -0.090  -0.443  0.006  -0.409  0.052  -0.388  0.018  -0.407
  -0.049  -0.409  -0.103  -0.410  -0.144  -0.396  -0.193  -0.428
  -0.144  -0.378  -0.129  -0.277  -0.081  -0.086  -0.044  -0.032
  -0.491  0.308  -0.339  0.403  -0.348  0.416  -0.397  0.326
  -0.522  0.234  -0.619  0.113  -0.712  -0.010  -0.834  -0.131
  -0.935  -0.302  -1.063  -0.436  -1.162  -0.650  -1.153  -0.776
  -1.066  -0.804  -0.901  -0.745  -0.747  -0.617  -0.581  -0.511
  -0.426  -0.479  -0.335  -0.468  -0.200  -0.432  -0.061  -0.374
  0.050  -0.349  0.133  -0.313  0.164  -0.302  0.124  -0.313
  0.055  -0.335  -0.011  -0.328  -0.089  -0.390  -0.193  -0.308
  -0.238  -0.218  -0.232  -0.088  -0.150  0.000  -0.115  0.085
  -0.847  0.070  -0.685  0.169  -0.524  0.252  -0.544  0.193
  -0.604  0.110  -0.708  0.006  -0.782  -0.102  -0.899  -0.199
  -0.964  -0.349  -0.995  -0.487  -1.026  -0.649  -0.949  -0.713
  -0.808  -0.706  -0.656  -0.630  -0.520  -0.534  -0.388  -0.461
  -0.303  -0.425  -0.167  -0.371  -0.024  -0.314  0.099  -0.277
  0.202  -0.223  0.262  -0.211  0.275  -0.196  0.210  -0.215
  0.119  -0.247  0.042  -0.262  -0.045  -0.210  -0.154  -0.224
  -0.181  -0.131  -0.186  -0.008  -0.156  0.117  -0.186  0.184
  -1.081  -0.168  -0.933  -0.068  -0.778  0.012  -0.685  0.045
  -0.700  -0.010  -0.774  -0.099  -0.818  -0.189  -0.824  -0.291
  -0.904  -0.388  -0.890  -0.499  -0.814  -0.593  -0.684  -0.608
  -0.518  -0.596  -0.407  -0.531  -0.310  -0.479  -0.238  -0.417
  -0.113  -0.322  0.029  -0.252  0.162  -0.192  0.273  -0.143
  0.350  -0.119  0.399  -0.079  0.378  -0.089  0.296  -0.109
  0.201  -0.121  0.121  -0.141  0.022  -0.158  -0.054  -0.168
  -0.116  -0.058  -0.097  0.156  -0.094  0.277  -0.093  0.372
  -1.269  -0.346  -1.125  -0.269  -0.980  -0.204  -0.829  -0.125
  -0.783  -0.130  -0.829  -0.190  -0.840  -0.245  -0.756  -0.325
  -0.731  -0.373  -0.704  -0.468  -0.558  -0.480  -0.404  -0.475
  -0.245  -0.504  -0.188  -0.474  -0.138  -0.422  -0.028  -0.328
  0.103  -0.208  0.235  -0.123  0.355  -0.059  0.448  -0.009
  0.517  0.033  0.534  0.046  0.513  0.074  0.397  0.041
  0.314  0.044  0.222  0.079  0.144  0.030  0.058  0.095
  -0.029  0.166  -0.000  0.349  -0.003  0.455  -0.039  0.541
  -1.397  -0.523  -1.260  -0.452  -1.140  -0.395  -0.994  -0.317
  -0.855  -0.254  -0.843  -0.290  -0.744  -0.323  -0.667  -0.333
  -0.566  -0.313  -0.454  -0.364  -0.288  -0.348  -0.146  -0.362
  -0.077  -0.389  -0.020  -0.378  0.086  -0.303  0.204  -0.205
  0.330  -0.101  0.454  0.022  0.566  0.101  0.651  0.158
  0.697  0.200  0.697  0.236  0.633  0.241  0.523  0.245
  0.404  0.249  0.303  0.232  0.247  0.199  0.192  0.227
  0.145  0.443  0.079  0.566  -0.023  0.614  -0.068  0.677
  -1.512  -0.690  -1.388  -0.621  -1.258  -0.564  -1.103  -0.488
  -0.930  -0.388  -0.849  -0.363  -0.666  -0.331  -0.512  -0.290
  -0.362  -0.235  -0.197  -0.239  -0.042  -0.235  0.051  -0.262
  0.114  -0.270  0.219  -0.222  0.333  -0.151  0.445  -0.065
  0.566  0.042  0.688  0.166  0.805  0.298  0.876  0.354
  0.890  0.398  0.862  0.442  0.769  0.457  0.627  0.445
  0.538  0.477  0.460  0.471  0.369  0.430  0.288  0.505
  0.155  0.624  0.017  0.682  -0.153  0.702  -0.224  0.758
  -1.590  -0.840  -1.468  -0.771  -1.347  -0.717  -1.201  -0.644
  -0.989  -0.533  -0.792  -0.445  -0.557  -0.322  -0.456  -0.298
  -0.249  -0.219  -0.048  -0.198  0.107  -0.194  0.275  -0.138
  0.390  -0.099  0.493  -0.056  0.588  -0.006  0.677  0.060
  0.787  0.174  0.922  0.338  1.038  0.466  1.078  0.537
  1.053  0.596  0.964  0.629  0.832  0.636  0.688  0.617
  0.587  0.612  0.450  0.571  0.279  0.475  0.157  0.633
  -0.031  0.685  -0.215  0.702  -0.343  0.739  -0.410  0.799
  -1.654  -0.964  -1.511  -0.885  -1.372  -0.825  -1.218  -0.764
  -1.064  -0.674  -0.854  -0.565  -0.589  -0.398  -0.435  -0.342
  -0.185  -0.252  0.114  -0.172  0.363  -0.070  0.505  -0.019
  0.641  0.035  0.757  0.078  0.847  0.116  0.919  0.162
  1.004  0.255  1.107  0.408  1.177  0.576  1.188  0.710
  1.104  0.753  0.975  0.776  0.842  0.789  0.669  0.754
  0.529  0.741  0.326  0.690  0.112  0.630  -0.009  0.741
  -0.175  0.769  -0.304  0.815  -0.427  0.843  -0.477  0.864
  -1.649  -1.068  -1.499  -0.976  -1.346  -0.897  -1.186  -0.827
  -1.029  -0.739  -0.849  -0.615  -0.634  -0.498  -0.367  -0.374
  -0.060  -0.280  0.257  -0.169  0.492  -0.054  0.665  0.008
  0.834  0.074  0.962  0.135  1.045  0.191  1.111  0.258
  1.138  0.338  1.188  0.476  1.162  0.602  1.110  0.748
  0.973  0.838  0.808  0.883  0.647  0.873  0.448  0.826
  0.303  0.822  0.130  0.809  -0.040  0.772  -0.157  0.833
  -0.307  0.850  -0.400  0.855  -0.529  0.892  -0.545  0.924
  -1.578  -1.141  -1.436  -1.055  -1.274  -0.962  -1.130  -0.866
  -0.970  -0.758  -0.759  -0.630  -0.524  -0.519  -0.238  -0.418
  0.081  -0.352  0.343  -0.250  0.576  -0.137  0.729  -0.059
  0.850  0.020  0.964  0.117  1.066  0.219  1.125  0.307
  1.153  0.396  1.175  0.508  1.116  0.595  1.060  0.714
  0.939  0.807  0.778  0.903  0.568  0.951  0.329  0.935
  0.197  0.934  0.037  0.877  -0.126  0.856  -0.215  0.911
  -0.319  0.963  -0.378  1.001  -0.504  1.033  -0.531  1.064
  -1.469  -1.175  -1.313  -1.094  -1.142  -0.999  -0.988  -0.904
  -0.813  -0.809  -0.587  -0.696  -0.331  -0.605  -0.055  -0.529
  0.199  -0.443  0.391  -0.348  0.553  -0.226  0.657  -0.125
  0.758  -0.034  0.932  0.096  1.061  0.221  1.122  0.320
  1.163  0.424  1.165  0.516  1.115  0.594  1.077  0.701
  0.962  0.778  0.795  0.841  0.578  0.898  0.326  0.938
  0.165  1.011  -0.022  1.035  -0.170  0.966  -0.230  1.009
  -0.326  1.063  -0.372  1.107  -0.507  1.122  -0.559  1.113
  -1.316  -1.190  -1.134  -1.096  -0.952  -1.015  -0.785  -0.937
  -0.609  -0.865  -0.383  -0.787  -0.134  -0.742  0.089  -0.651
  0.276  -0.505  0.414  -0.393  0.538  -0.269  0.640  -0.159
  0.746  -0.051  0.879  0.071  0.978  0.184  1.054  0.321
  1.095  0.409  1.091  0.500  1.066  0.582  1.025  0.662
  0.899  0.711  0.740  0.724  0.539  0.791  0.258  0.766
  0.048  0.790  -0.150  0.812  -0.276  0.872  -0.334  1.015
  -0.432  1.061  -0.483  1.090  -0.635  1.081  -0.713  1.118
  -1.154  -1.207  -0.991  -1.132  -0.791  -1.065  -0.592  -0.993
  -0.402  -0.926  -0.196  -0.857  -0.001  -0.787  0.203  -0.671
  0.342  -0.547  0.453  -0.446  0.558  -0.323  0.641  -0.212
  0.727  -0.081  0.836  0.045  0.920  0.165  1.006  0.273
  1.027  0.347  1.033  0.436  1.004  0.508  0.957  0.546
  0.861  0.555  0.686  0.569  0.475  0.624  0.192  0.681
  -0.022  0.755  -0.203  0.859  -0.335  0.895  -0.393  1.026
  -0.464  1.067  -0.503  1.112  -0.665  1.145  -0.716  1.153
  -1.012  -1.236  -0.824  -1.151  -0.612  -1.090  -0.416  -1.039
  -0.239  -0.994  -0.042  -0.926  0.135  -0.845  0.310  -0.727
  0.433  -0.599  0.514  -0.510  0.600  -0.386  0.675  -0.275
  0.761  -0.147  0.832  -0.020  0.911  0.100  0.988  0.227
  1.002  0.351  1.018  0.463  0.994  0.526  0.982  0.549
  0.895  0.558  0.693  0.554  0.434  0.574  0.161  0.582
  -0.033  0.734  -0.222  0.861  -0.370  0.926  -0.456  1.049
  -0.544  1.073  -0.593  1.126  -0.751  1.159  -0.806  1.159
  -0.860  -1.290  -0.685  -1.209  -0.469  -1.144  -0.261  -1.089
  -0.085  -1.048  0.090  -0.975  0.259  -0.885  0.390  -0.773
  0.516  -0.651  0.590  -0.551  0.656  -0.433  0.725  -0.319
  0.774  -0.200  0.835  -0.085  0.910  0.042  0.989  0.158
  1.024  0.284  1.073  0.392  1.055  0.436  0.958  0.434
  0.842  0.440  0.628  0.393  0.367  0.383  0.139  0.514
  -0.055  0.649  -0.234  0.735  -0.382  0.899  -0.494  0.940
  -0.633  1.021  -0.663  1.085  -0.803  1.124  -0.843  1.135
  -0.770  -1.322  -0.578  -1.237  -0.372  -1.193  -0.165  -1.140
  0.031  -1.072  0.204  -1.009  0.364  -0.918  0.474  -0.809
  0.596  -0.696  0.646  -0.612  0.733  -0.492  0.767  -0.372
  0.793  -0.264  0.874  -0.146  0.905  -0.055  0.976  0.071
  1.041  0.164  1.093  0.255  1.045  0.289  0.937  0.298
  0.817  0.312  0.581  0.268  0.371  0.337  0.180  0.439
  -0.013  0.570  -0.195  0.711  -0.349  0.830  -0.493  0.885
  -0.657  0.997  -0.711  1.052  -0.818  1.069  -0.860  1.064
  -0.814  -1.387  -0.599  -1.293  -0.378  -1.241  -0.169  -1.185
  0.062  -1.112  0.241  -1.042  0.393  -0.975  0.518  -0.875
  0.627  -0.777  0.678  -0.687  0.766  -0.567  0.784  -0.447
  0.826  -0.347  0.834  -0.270  0.844  -0.173  0.940  -0.061
  0.998  0.006  1.024  0.080  0.997  0.104  0.952  0.178
  0.769  0.123  0.551  0.145  0.370  0.272  0.194  0.384
  0.018  0.529  -0.151  0.651  -0.308  0.752  -0.447  0.800
  -0.556  0.874  -0.601  0.954  -0.691  0.991  -0.754  1.074
0.818775  8.178828  32  0.818775  8.178828  32
0.981690  0.001014  -0.021908  0.996451  0.160 2.239
  2.804  1.763  2.783  1.739  2.735  1.670  2.749  1.648
  2.757  1.639  2.695  1.600  2.614  1.576  2.552  1.545
  2.479  1.517  2.398  1.480  2.301  1.438  2.185  1.385
  2.026  1.316  1.863  1.203  1.719  1.065  1.566  0.919
  1.376  0.775  1.134  0.613  0.840  0.440  0.520  0.273
  0.258  0.114  -0.043  -0.053  -0.285  -0.226  -0.488  -0.260
  -0.604  -0.321  -0.701  -0.397  -0.792  -0.470  -0.909  -0.552
  -1.025  -0.618  -1.200  -0.705  -1.336  -0.770  -1.402  -0.805
  2.533  1.573  2.509  1.566  2.471  1.520  2.475  1.484
  2.491  1.481  2.467  1.455  2.415  1.432  2.368  1.413
  2.318  1.390  2.258  1.356  2.176  1.323  2.074  1.277
  1.911  1.220  1.739  1.106  1.594  0.970  1.454  0.848
  1.296  0.724  1.096  0.574  0.827  0.406  0.561  0.256
  0.265  0.082  -0.030  -0.102  -0.303  -0.247  -0.522  -0.296
  -0.664  -0.382  -0.789  -0.475  -0.891  -0.567  -0.943  -0.603
  -1.043  -0.655  -1.190  -0.736  -1.300  -0.804  -1.352  -0.843
  2.280  1.429  2.262  1.405  2.229  1.360  2.218  1.324
  2.263  1.335  2.285  1.330  2.265  1.305  2.224  1.288
  2.189  1.268  2.143  1.240  2.076  1.210  1.966  1.176
  1.789  1.121  1.629  1.004  1.495  0.882  1.361  0.776
  1.198  0.645  1.007  0.505  0.805  0.365  0.556  0.211
  0.254  0.036  -0.054  -0.127  -0.349  -0.313  -0.604  -0.401
  -0.815  -0.496  -0.952  -0.582  -1.044  -0.663  -1.120  -0.710
  -1.187  -0.744  -1.285  -0.791  -1.352  -0.837  -1.420  -0.864
  2.046  1.305  2.037  1.275  2.010  1.231  1.996  1.192
  2.031  1.199  2.061  1.200  2.062  1.178  2.053  1.156
  2.025  1.144  2.003  1.119  1.942  1.102  1.837  1.075
  1.668  1.015  1.513  0.911  1.386  0.799  1.256  0.689
  1.101  0.572  0.921  0.434  0.722  0.287  0.485  0.123
  0.212  -0.032  -0.091  -0.201  -0.390  -0.381  -0.674  -0.486
  -0.936  -0.588  -1.108  -0.689  -1.219  -0.764  -1.324  -0.840
  -1.404  -0.900  -1.476  -0.952  -1.441  -0.987  -1.562  -1.048
  1.663  1.138  1.740  1.120  1.746  1.085  1.738  1.051
  1.755  1.036  1.787  1.039  1.830  1.029  1.839  1.016
  1.846  1.000  1.813  0.999  1.765  0.988  1.649  0.975
  1.503  0.909  1.379  0.808  1.267  0.707  1.137  0.598
  0.979  0.480  0.787  0.338  0.585  0.181  0.370  0.023
  0.115  -0.131  -0.159  -0.282  -0.441  -0.445  -0.748  -0.580
  -1.076  -0.703  -1.311  -0.830  -1.440  -0.901  -1.562  -0.987
  -1.697  -1.066  -1.723  -1.100  -1.686  -1.141  -1.866  -1.187
  1.308  0.952  1.313  0.944  1.366  0.900  1.436  0.871
  1.458  0.862  1.516  0.877  1.571  0.878  1.592  0.875
  1.597  0.871  1.584  0.869  1.532  0.871  1.425  0.862
  1.312  0.792  1.220  0.696  1.108  0.599  0.961  0.480
  0.797  0.353  0.616  0.217  0.409  0.053  0.182  -0.116
  -0.066  -0.275  -0.332  -0.431  -0.623  -0.607  -0.956  -0.765
  -1.270  -0.901  -1.562  -1.016  -1.766  -1.108  -1.883  -1.182
  -1.976  -1.254  -1.998  -1.324  -2.100  -1.377  -2.258  -1.312
  0.970  0.800  0.985  0.747  1.003  0.720  1.028  0.701
  1.084  0.680  1.157  0.702  1.289  0.727  1.347  0.736
  1.354  0.745  1.356  0.747  1.322  0.761  1.239  0.743
  1.149  0.681  1.079  0.594  0.957  0.504  0.804  0.387
  0.632  0.248  0.437  0.092  0.227  -0.068  -0.012  -0.253
  -0.261  -0.437  -0.553  -0.621  -0.847  -0.807  -1.129  -0.945
  -1.403  -1.026  -1.721  -1.132  -1.986  -1.232  -2.126  -1.299
  -2.221  -1.371  -2.341  -1.431  -2.526  -1.515  -2.633  -1.514
  0.694  0.628  0.718  0.572  0.733  0.538  0.688  0.511
  0.704  0.493  0.803  0.508  0.898  0.564  1.034  0.587
  1.078  0.601  1.096  0.619  1.083  0.637  1.028  0.630
  0.980  0.571  0.909  0.492  0.774  0.397  0.615  0.276
  0.441  0.135  0.230  -0.034  -0.005  -0.225  -0.231  -0.401
  -0.464  -0.579  -0.716  -0.749  -0.960  -0.917  -1.220  -1.021
  -1.511  -1.104  -1.832  -1.223  -2.073  -1.317  -2.272  -1.400
  -2.386  -1.475  -2.572  -1.569  -2.764  -1.656  -2.932  -1.639
  0.369  0.437  0.393  0.434  0.464  0.390  0.453  0.342
  0.454  0.323  0.473  0.337  0.577  0.380  0.674  0.421
  0.732  0.452  0.777  0.474  0.795  0.508  0.762  0.517
  0.751  0.451  0.726  0.380  0.562  0.281  0.399  0.147
  0.209  -0.003  -0.010  -0.172  -0.206  -0.346  -0.426  -0.515
  -0.626  -0.682  -0.819  -0.818  -0.995  -0.938  -1.253  -1.085
  -1.604  -1.185  -1.888  -1.277  -2.128  -1.372  -2.354  -1.471
  -2.551  -1.556  -2.807  -1.654  -2.994  -1.641  -3.141  -1.597
  0.094  0.273  0.118  0.258  0.150  0.210  0.177  0.175
  0.186  0.155  0.218  0.177  0.294  0.224  0.376  0.268
  0.449  0.307  0.509  0.349  0.524  0.387  0.525  0.390
  0.490  0.328  0.463  0.231  0.335  0.148  0.161  0.024
  -0.015  -0.126  -0.203  -0.278  -0.387  -0.429  -0.568  -0.567
  -0.705  -0.690  -0.835  -0.797  -1.026  -0.960  -1.285  -1.113
  -1.633  -1.182  -1.908  -1.277  -2.161  -1.384  -2.418  -1.460
  -2.677  -1.582  -2.930  -1.663  -3.142  -1.713  -3.246  -1.723
  -0.174  0.100  -0.120  0.074  -0.094  0.063  -0.083  0.042
  -0.046  0.028  -0.022  0.059  0.004  0.102  0.120  0.162
  0.197  0.208  0.225  0.262  0.267  0.298  0.272  0.261
  0.298  0.215  0.289  0.127  0.164  0.062  -0.008  -0.061
  -0.163  -0.202  -0.298  -0.313  -0.433  -0.421  -0.539  -0.515
  -0.641  -0.623  -0.799  -0.770  -1.006  -0.923  -1.243  -1.053
  -1.578  -1.133  -1.873  -1.259  -2.151  -1.363  -2.428  -1.444
  -2.692  -1.544  -2.966  -1.527  -3.199  -1.583  -3.367  -1.564
  -0.456  -0.085  -0.430  -0.090  -0.390  -0.076  -0.341  -0.081
  -0.310  -0.081  -0.278  -0.051  -0.238  0.016  -0.159  0.093
  -0.063  0.149  0.047  0.158  0.082  0.183  0.052  0.151
  0.137  0.091  0.141  0.025  0.046  -0.014  -0.077  -0.095
  -0.181  -0.188  -0.278  -0.282  -0.345  -0.352  -0.408  -0.441
  -0.543  -0.577  -0.717  -0.706  -0.884  -0.824  -1.142  -0.955
  -1.477  -1.034  -1.801  -1.152  -2.116  -1.241  -2.414  -1.304
  -2.714  -1.365  -2.964  -1.442  -3.153  -1.491  -3.381  -1.438
  -0.781  -0.263  -0.741  -0.246  -0.620  -0.210  -0.595  -0.202
  -0.589  -0.189  -0.537  -0.157  -0.490  -0.085  -0.361  -0.010
  -0.262  0.041  -0.176  0.071  -0.130  0.079  -0.074  0.025
  0.005  -0.024  0.030  -0.066  -0.017  -0.065  -0.059  -0.083
  -0.090  -0.120  -0.130  -0.170  -0.175  -0.252  -0.273  -0.373
  -0.428  -0.499  -0.558  -0.595  -0.725  -0.695  -0.996  -0.827
  -1.310  -0.924  -1.662  -1.056  -2.012  -1.152  -2.318  -1.249
  -2.587  -1.347  -2.864  -1.407  -3.040  -1.386  -3.229  -1.365
  -1.139  -0.475  -1.027  -0.399  -0.954  -0.357  -0.883  -0.310
  -0.830  -0.284  -0.768  -0.236  -0.674  -0.200  -0.563  -0.119
  -0.449  -0.065  -0.310  -0.047  -0.287  -0.038  -0.193  -0.102
  -0.091  -0.123  -0.018  -0.123  0.013  -0.060  0.055  -0.013
  0.070  -0.012  0.070  -0.054  0.019  -0.149  -0.121  -0.276
  -0.240  -0.368  -0.375  -0.451  -0.558  -0.548  -0.821  -0.688
  -1.147  -0.815  -1.498  -0.958  -1.831  -1.065  -2.145  -1.156
  -2.418  -1.147  -2.660  -1.188  -2.807  -1.192  -3.037  -1.239
  -1.561  -0.747  -1.346  -0.561  -1.235  -0.493  -1.163  -0.421
  -1.060  -0.386  -0.954  -0.351  -0.867  -0.299  -0.762  -0.222
  -0.631  -0.152  -0.477  -0.126  -0.352  -0.173  -0.264  -0.204
  -0.117  -0.179  0.032  -0.117  0.151  0.013  0.235  0.099
  0.289  0.113  0.291  0.055  0.190  -0.035  0.103  -0.125
  -0.009  -0.206  -0.155  -0.299  -0.358  -0.404  -0.638  -0.543
  -0.971  -0.662  -1.317  -0.773  -1.655  -0.868  -1.996  -1.013
  -2.228  -1.081  -2.468  -1.104  -2.657  -1.044  -2.834  -1.124
  -1.890  -0.911  -1.674  -0.766  -1.513  -0.625  -1.357  -0.562
  -1.259  -0.487  -1.130  -0.435  -0.999  -0.386  -0.894  -0.330
  -0.694  -0.265  -0.561  -0.203  -0.427  -0.246  -0.231  -0.228
  -0.022  -0.153  0.203  -0.030  0.357  0.126  0.471  0.227
  0.525  0.222  0.473  0.167  0.431  0.113  0.366  0.064
  0.250  -0.032  0.090  -0.125  -0.127  -0.241  -0.414  -0.377
  -0.741  -0.520  -1.074  -0.627  -1.437  -0.799  -1.820  -0.824
  -2.127  -0.854  -2.363  -0.852  -2.509  -0.899  -2.674  -0.950
  -2.290  -1.121  -2.077  -0.984  -1.757  -0.782  -1.582  -0.693
  -1.422  -0.611  -1.298  -0.544  -1.147  -0.478  -1.038  -0.402
  -0.795  -0.314  -0.560  -0.256  -0.351  -0.245  -0.066  -0.156
  0.222  -0.033  0.456  0.119  0.616  0.255  0.718  0.334
  0.726  0.343  0.738  0.339  0.717  0.308  0.647  0.239
  0.532  0.172  0.356  0.054  0.127  -0.060  -0.185  -0.207
  -0.528  -0.364  -0.862  -0.499  -1.215  -0.564  -1.587  -0.681
  -1.862  -0.709  -2.094  -0.718  -2.272  -0.732  -2.485  -0.798
  -2.515  -1.291  -2.334  -1.166  -2.052  -0.993  -1.793  -0.833
  -1.599  -0.731  -1.449  -0.649  -1.267  -0.565  -1.043  -0.492
  -0.831  -0.370  -0.531  -0.273  -0.202  -0.189  0.156  -0.042
  0.499  0.101  0.719  0.256  0.866  0.362  0.933  0.442
  1.006  0.521  1.045  0.538  1.028  0.511  0.954  0.451
  0.821  0.350  0.645  0.258  0.391  0.117  0.073  -0.034
  -0.264  -0.173  -0.589  -0.321  -0.932  -0.461  -1.261  -0.575
  -1.554  -0.587  -1.748  -0.510  -1.938  -0.530  -2.086  -0.565
  -2.696  -1.402  -2.532  -1.309  -2.291  -1.171  -2.006  -0.990
  -1.768  -0.849  -1.591  -0.738  -1.375  -0.618  -1.057  -0.524
  -0.789  -0.400  -0.433  -0.255  -0.013  -0.076  0.385  0.099
  0.753  0.216  0.954  0.355  1.086  0.477  1.221  0.604
  1.325  0.718  1.374  0.755  1.357  0.729  1.275  0.664
  1.144  0.574  0.949  0.450  0.711  0.343  0.376  0.175
  0.072  0.044  -0.238  -0.053  -0.541  -0.227  -0.866  -0.273
  -1.180  -0.327  -1.353  -0.284  -1.527  -0.319  -1.663  -0.356
  -2.846  -1.531  -2.693  -1.445  -2.488  -1.321  -2.221  -1.151
  -1.904  -0.953  -1.684  -0.828  -1.360  -0.691  -1.049  -0.529
  -0.704  -0.340  -0.269  -0.157  0.186  0.059  0.584  0.216
  0.887  0.347  1.130  0.489  1.362  0.658  1.542  0.810
  1.671  0.919  1.732  0.995  1.718  0.977  1.636  0.907
  1.496  0.809  1.304  0.702  1.044  0.565  0.741  0.428
  0.438  0.288  0.149  0.134  -0.135  -0.016  -0.421  -0.109
  -0.671  -0.029  -0.926  -0.042  -1.162  -0.129  -1.242  -0.180
  -2.987  -1.646  -2.849  -1.564  -2.627  -1.438  -2.341  -1.257
  -1.996  -1.027  -1.733  -0.863  -1.352  -0.685  -0.972  -0.480
  -0.577  -0.257  -0.159  -0.088  0.333  0.153  0.712  0.318
  1.024  0.475  1.358  0.675  1.654  0.870  1.882  1.038
  2.041  1.166  2.117  1.239  2.116  1.259  2.034  1.172
  1.884  1.067  1.691  0.961  1.435  0.826  1.137  0.662
  0.900  0.542  0.655  0.396  0.348  0.234  0.049  0.185
  -0.269  0.172  -0.556  0.099  -0.787  -0.005  -0.883  -0.059
  -3.095  -1.740  -2.954  -1.659  -2.736  -1.531  -2.446  -1.348
  -2.058  -1.103  -1.686  -0.881  -1.280  -0.634  -0.980  -0.471
  -0.536  -0.231  -0.084  -0.040  0.393  0.188  0.857  0.442
  1.235  0.650  1.591  0.856  1.918  1.057  2.195  1.245
  2.403  1.407  2.509  1.509  2.513  1.498  2.424  1.411
  2.272  1.310  2.062  1.185  1.810  1.034  1.541  0.857
  1.296  0.705  0.986  0.531  0.633  0.303  0.363  0.330
  0.074  0.261  -0.183  0.158  -0.387  0.076  -0.521  0.030
  -3.204  -1.807  -3.036  -1.716  -2.789  -1.582  -2.487  -1.408
  -2.156  -1.186  -1.764  -0.943  -1.314  -0.641  -0.975  -0.457
  -0.522  -0.235  0.002  -0.008  0.519  0.273  0.994  0.549
  1.415  0.788  1.790  0.996  2.131  1.192  2.425  1.373
  2.648  1.522  2.775  1.611  2.790  1.636  2.725  1.606
  2.572  1.486  2.384  1.347  2.188  1.196  1.907  1.012
  1.621  0.870  1.281  0.681  0.943  0.478  0.720  0.459
  0.451  0.369  0.234  0.303  0.020  0.226  -0.134  0.158
  -3.240  -1.835  -3.057  -1.735  -2.793  -1.592  -2.488  -1.414
  -2.153  -1.196  -1.785  -0.939  -1.368  -0.678  -0.900  -0.414
  -0.397  -0.192  0.105  0.031  0.589  0.307  1.079  0.583
  1.531  0.831  1.911  1.049  2.218  1.239  2.460  1.401
  2.606  1.510  2.731  1.596  2.753  1.613  2.733  1.618
  2.625  1.555  2.494  1.445  2.342  1.284  2.093  1.101
  1.877  0.974  1.645  0.826  1.404  0.650  1.168  0.580
  0.832  0.479  0.555  0.377  0.274  0.317  0.122  0.264
  -3.206  -1.833  -3.035  -1.741  -2.772  -1.596  -2.485  -1.406
  -2.142  -1.170  -1.743  -0.914  -1.309  -0.666  -0.815  -0.423
  -0.292  -0.225  0.169  0.003  0.604  0.240  1.044  0.505
  1.448  0.766  1.782  0.994  2.040  1.176  2.205  1.301
  2.314  1.393  2.419  1.472  2.457  1.491  2.509  1.506
  2.509  1.468  2.482  1.422  2.395  1.346  2.226  1.227
  2.121  1.097  1.943  0.899  1.687  0.754  1.439  0.697
  1.141  0.644  0.892  0.576  0.587  0.502  0.409  0.444
  -3.161  -1.828  -2.987  -1.738  -2.727  -1.588  -2.424  -1.400
  -2.052  -1.182  -1.630  -0.941  -1.181  -0.727  -0.705  -0.522
  -0.244  -0.301  0.150  -0.079  0.518  0.170  0.859  0.418
  1.216  0.669  1.552  0.883  1.760  1.025  1.883  1.127
  1.989  1.229  2.064  1.305  2.104  1.345  2.174  1.381
  2.193  1.350  2.190  1.287  2.193  1.242  2.191  1.193
  2.189  1.152  2.033  1.052  1.822  0.870  1.628  0.811
  1.349  0.769  1.107  0.714  0.794  0.629  0.588  0.532
  -3.097  -1.832  -2.900  -1.721  -2.638  -1.576  -2.323  -1.403
  -1.940  -1.214  -1.507  -1.011  -1.052  -0.834  -0.632  -0.626
  -0.238  -0.351  0.107  -0.108  0.445  0.149  0.749  0.377
  1.034  0.584  1.271  0.744  1.413  0.848  1.530  0.976
  1.623  1.062  1.668  1.133  1.699  1.182  1.741  1.217
  1.745  1.196  1.781  1.119  1.854  1.100  1.903  0.982
  1.946  0.898  1.873  0.816  1.757  0.772  1.621  0.814
  1.375  0.768  1.128  0.709  0.801  0.612  0.592  0.572
  -3.014  -1.833  -2.844  -1.739  -2.582  -1.608  -2.248  -1.443
  -1.847  -1.267  -1.429  -1.081  -1.024  -0.873  -0.617  -0.636
  -0.279  -0.401  0.032  -0.178  0.330  0.060  0.586  0.268
  0.805  0.462  0.990  0.607  1.112  0.720  1.220  0.818
  1.267  0.879  1.304  0.945  1.316  0.994  1.336  1.010
  1.361  0.976  1.398  0.919  1.492  0.888  1.566  0.849
  1.679  0.822  1.711  0.826  1.661  0.767  1.581  0.803
  1.408  0.754  1.194  0.726  0.871  0.691  0.705  0.640
  -2.951  -1.849  -2.769  -1.745  -2.515  -1.621  -2.197  -1.472
  -1.820  -1.317  -1.409  -1.144  -1.025  -0.947  -0.647  -0.712
  -0.330  -0.469  -0.064  -0.276  0.187  -0.054  0.404  0.130
  0.594  0.301  0.725  0.442  0.834  0.566  0.910  0.681
  0.916  0.773  0.949  0.862  0.971  0.920  1.033  0.931
  1.055  0.898  1.073  0.826  1.163  0.768  1.283  0.693
  1.462  0.753  1.537  0.785  1.542  0.756  1.490  0.786
  1.334  0.732  1.145  0.727  0.852  0.717  0.705  0.673
  -2.891  -1.898  -2.713  -1.790  -2.452  -1.654  -2.150  -1.509
  -1.814  -1.364  -1.443  -1.176  -1.077  -0.968  -0.739  -0.779
  -0.433  -0.552  -0.189  -0.364  0.010  -0.151  0.197  0.024
  0.333  0.175  0.445  0.308  0.537  0.446  0.609  0.548
  0.621  0.631  0.662  0.697  0.697  0.724  0.724  0.710
  0.759  0.679  0.768  0.572  0.872  0.496  1.063  0.556
  1.252  0.613  1.344  0.614  1.379  0.689  1.349  0.643
  1.202  0.646  1.087  0.661  0.839  0.671  0.721  0.649
  -2.782  -1.866  -2.601  -1.760  -2.361  -1.651  -2.094  -1.526
  -1.809  -1.380  -1.492  -1.207  -1.155  -1.003  -0.866  -0.820
  -0.589  -0.602  -0.392  -0.432  -0.193  -0.230  -0.056  -0.062
  0.059  0.074  0.205  0.210  0.285  0.310  0.370  0.421
  0.434  0.472  0.485  0.505  0.486  0.491  0.527  0.471
  0.606  0.449  0.614  0.353  0.762  0.367  0.963  0.405
  1.131  0.466  1.221  0.537  1.236  0.586  1.189  0.568
  1.080  0.613  1.023  0.647  0.861  0.645  0.756  0.612
  -2.748  -1.866  -2.562  -1.757  -2.323  -1.646  -2.064  -1.517
  -1.789  -1.378  -1.530  -1.226  -1.243  -1.025  -1.012  -0.859
  -0.774  -0.639  -0.573  -0.482  -0.360  -0.306  -0.234  -0.147
  -0.084  -0.014  0.018  0.082  0.123  0.190  0.256  0.282
  0.337  0.311  0.393  0.327  0.403  0.283  0.487  0.305
  0.508  0.208  0.556  0.184  0.746  0.264  0.921  0.313
  1.076  0.389  1.175  0.447  1.199  0.500  1.175  0.500
  1.134  0.534  1.113  0.614  0.984  0.612  0.880  0.666
0.818775  8.178828  32  0.818775  8.178828  32
0.979687  0.021814  -0.060630  0.979946  -5.012 -1.131
  1.465  1.591  1.559  1.638  1.649  1.654  1.680  1.671
  1.712  1.696  1.798  1.703  1.948  1.721  2.157  1.722
  2.377  1.716  2.591  1.694  2.771  1.666  2.927  1.623
  3.137  1.550  3.337  1.544  3.282  1.678  3.065  1.687
  2.744  1.563  2.367  1.391  1.936  1.210  1.481  1.035
  1.117  0.859  0.742  0.671  0.438  0.473  0.191  0.412
  0.041  0.321  -0.070  0.213  -0.143  0.101  -0.215  -0.025
  -0.277  -0.136  -0.387  -0.270  -0.433  -0.387  -0.432  -0.482
  1.215  1.338  1.298  1.408  1.394  1.454  1.413  1.468
  1.420  1.500  1.482  1.515  1.616  1.540  1.811  1.559
  2.029  1.565  2.243  1.552  2.424  1.536  2.614  1.499
  2.875  1.444  3.126  1.472  3.103  1.610  2.859  1.589
  2.542  1.470  2.189  1.314  1.773  1.139  1.375  0.980
  0.979  0.792  0.602  0.589  0.257  0.425  -0.007  0.350
  -0.172  0.235  -0.296  0.108  -0.368  -0.022  -0.365  -0.102
  -0.393  -0.200  -0.460  -0.329  -0.470  -0.447  -0.448  -0.545
  0.993  1.072  1.062  1.146  1.166  1.219  1.212  1.261
  1.235  1.315  1.265  1.351  1.361  1.381  1.522  1.414
  1.726  1.431  1.939  1.430  2.150  1.417  2.392  1.388
  2.708  1.392  2.977  1.470  2.919  1.543  2.637  1.485
  2.300  1.353  1.955  1.207  1.604  1.060  1.212  0.898
  0.793  0.711  0.393  0.532  0.026  0.327  -0.274  0.214
  -0.501  0.088  -0.632  -0.032  -0.690  -0.153  -0.703  -0.244
  -0.687  -0.326  -0.691  -0.423  -0.652  -0.522  -0.640  -0.608
  0.799  0.823  0.846  0.911  0.958  1.006  1.059  1.067
  1.102  1.125  1.106  1.171  1.152  1.209  1.286  1.246
  1.457  1.283  1.674  1.291  1.930  1.289  2.241  1.262
  2.568  1.299  2.777  1.408  2.667  1.441  2.374  1.363
  2.052  1.243  1.717  1.098  1.364  0.945  0.977  0.776
  0.569  0.611  0.164  0.428  -0.206  0.228  -0.531  0.098
  -0.799  -0.036  -0.954  -0.173  -1.023  -0.288  -1.060  -0.410
  -1.048  -0.520  -1.010  -0.624  -0.861  -0.714  -0.908  -0.832
  0.549  0.493  0.648  0.625  0.734  0.759  0.835  0.849
  0.914  0.905  0.911  0.955  0.929  1.002  1.033  1.056
  1.218  1.099  1.442  1.132  1.773  1.133  2.165  1.128
  2.518  1.180  2.630  1.298  2.441  1.321  2.129  1.231
  1.788  1.112  1.436  0.965  1.080  0.802  0.690  0.641
  0.294  0.480  -0.068  0.312  -0.419  0.129  -0.769  -0.031
  -1.104  -0.185  -1.312  -0.349  -1.386  -0.463  -1.430  -0.596
  -1.469  -0.725  -1.373  -0.814  -1.216  -0.911  -1.324  -1.012
  0.345  0.140  0.334  0.307  0.399  0.466  0.580  0.581
  0.716  0.671  0.756  0.742  0.771  0.800  0.875  0.862
  1.074  0.912  1.359  0.937  1.723  0.954  2.165  0.987
  2.495  1.078  2.477  1.190  2.199  1.181  1.853  1.068
  1.497  0.942  1.140  0.802  0.760  0.636  0.367  0.463
  -0.014  0.295  -0.378  0.124  -0.749  -0.070  -1.129  -0.252
  -1.447  -0.419  -1.707  -0.571  -1.845  -0.708  -1.877  -0.830
  -1.869  -0.954  -1.755  -1.081  -1.728  -1.190  -1.798  -1.183
  0.167  -0.071  0.161  0.060  0.183  0.230  0.327  0.342
  0.475  0.432  0.526  0.513  0.609  0.589  0.713  0.655
  0.918  0.714  1.238  0.745  1.633  0.779  2.095  0.845
  2.397  0.979  2.336  1.067  2.024  1.031  1.654  0.919
  1.257  0.786  0.860  0.632  0.470  0.471  0.064  0.283
  -0.343  0.094  -0.756  -0.101  -1.133  -0.305  -1.452  -0.467
  -1.727  -0.581  -2.004  -0.727  -2.190  -0.872  -2.230  -0.991
  -2.225  -1.114  -2.193  -1.234  -2.222  -1.378  -2.206  -1.438
  0.047  -0.288  0.040  -0.229  0.006  -0.059  0.050  0.062
  0.147  0.172  0.300  0.260  0.382  0.357  0.535  0.425
  0.776  0.486  1.109  0.543  1.530  0.589  1.999  0.684
  2.287  0.833  2.186  0.913  1.858  0.858  1.479  0.744
  1.059  0.612  0.622  0.449  0.170  0.264  -0.252  0.090
  -0.651  -0.092  -1.046  -0.269  -1.386  -0.453  -1.690  -0.581
  -1.969  -0.699  -2.233  -0.859  -2.379  -1.003  -2.472  -1.138
  -2.465  -1.268  -2.471  -1.426  -2.465  -1.581  -2.477  -1.628
  -0.089  -0.524  -0.135  -0.494  -0.179  -0.325  -0.147  -0.202
  -0.089  -0.077  0.101  0.025  0.282  0.101  0.427  0.179
  0.669  0.248  0.996  0.319  1.432  0.391  1.905  0.514
  2.168  0.669  2.050  0.746  1.672  0.676  1.287  0.547
  0.847  0.408  0.399  0.246  -0.043  0.082  -0.474  -0.083
  -0.886  -0.246  -1.252  -0.384  -1.544  -0.516  -1.878  -0.674
  -2.173  -0.821  -2.379  -0.961  -2.521  -1.106  -2.612  -1.262
  -2.637  -1.410  -2.689  -1.576  -2.659  -1.635  -2.610  -1.661
  -0.181  -0.731  -0.260  -0.711  -0.334  -0.617  -0.307  -0.479
  -0.250  -0.341  -0.005  -0.232  0.277  -0.145  0.431  -0.059
  0.640  0.013  0.955  0.112  1.374  0.210  1.849  0.367
  2.028  0.526  1.878  0.538  1.498  0.472  1.112  0.351
  0.688  0.211  0.228  0.074  -0.216  -0.066  -0.611  -0.199
  -0.970  -0.318  -1.310  -0.420  -1.693  -0.572  -2.041  -0.737
  -2.280  -0.861  -2.463  -1.013  -2.585  -1.177  -2.679  -1.315
  -2.752  -1.502  -2.794  -1.652  -2.771  -1.776  -2.661  -1.860
  -0.315  -0.927  -0.346  -0.934  -0.380  -0.902  -0.384  -0.759
  -0.265  -0.609  -0.054  -0.470  0.313  -0.368  0.536  -0.258
  0.746  -0.175  0.996  -0.054  1.412  0.068  1.833  0.240
  1.940  0.390  1.741  0.370  1.361  0.316  0.937  0.204
  0.505  0.078  0.113  -0.023  -0.281  -0.119  -0.631  -0.205
  -0.985  -0.301  -1.443  -0.418  -1.840  -0.566  -2.116  -0.721
  -2.304  -0.860  -2.489  -1.049  -2.605  -1.215  -2.692  -1.362
  -2.759  -1.529  -2.833  -1.580  -2.813  -1.714  -2.817  -1.768
  -0.413  -1.152  -0.422  -1.163  -0.421  -1.118  -0.348  -0.974
  -0.139  -0.831  0.018  -0.677  0.387  -0.545  0.588  -0.411
  0.793  -0.307  1.044  -0.225  1.397  -0.099  1.760  0.115
  1.803  0.231  1.542  0.214  1.180  0.187  0.783  0.120
  0.389  0.044  0.014  -0.036  -0.326  -0.092  -0.675  -0.163
  -1.162  -0.262  -1.589  -0.376  -1.884  -0.503  -2.126  -0.670
  -2.288  -0.812  -2.463  -0.999  -2.595  -1.154  -2.672  -1.289
  -2.755  -1.420  -2.822  -1.562  -2.779  -1.685  -2.938  -1.706
  -0.513  -1.381  -0.473  -1.386  -0.393  -1.315  -0.358  -1.207
  -0.173  -1.065  -0.010  -0.892  0.293  -0.723  0.608  -0.574
  0.813  -0.463  0.986  -0.371  1.308  -0.244  1.639  -0.022
  1.574  0.087  1.305  0.082  0.971  0.098  0.633  0.097
  0.300  0.078  -0.034  0.044  -0.395  -0.015  -0.883  -0.092
  -1.329  -0.196  -1.639  -0.293  -1.878  -0.414  -2.087  -0.589
  -2.202  -0.754  -2.345  -0.962  -2.473  -1.133  -2.538  -1.305
  -2.580  -1.475  -2.682  -1.599  -2.668  -1.646  -2.901  -1.703
  -0.689  -1.620  -0.554  -1.577  -0.498  -1.512  -0.441  -1.419
  -0.262  -1.279  -0.124  -1.068  0.162  -0.911  0.548  -0.737
  0.805  -0.618  1.011  -0.529  1.212  -0.349  1.409  -0.131
  1.301  -0.032  1.068  -0.005  0.792  0.075  0.520  0.141
  0.227  0.160  -0.117  0.146  -0.588  0.100  -1.050  -0.000
  -1.385  -0.087  -1.648  -0.181  -1.858  -0.308  -2.020  -0.497
  -2.115  -0.697  -2.183  -0.925  -2.288  -1.111  -2.338  -1.282
  -2.359  -1.350  -2.413  -1.458  -2.447  -1.528  -2.848  -1.649
  -0.927  -1.911  -0.666  -1.772  -0.507  -1.703  -0.450  -1.597
  -0.295  -1.478  -0.149  -1.287  0.089  -1.095  0.448  -0.917
  0.734  -0.753  0.905  -0.631  1.110  -0.404  1.153  -0.201
  1.046  -0.105  0.880  -0.023  0.678  0.126  0.442  0.231
  0.130  0.276  -0.315  0.270  -0.766  0.212  -1.099  0.132
  -1.380  0.047  -1.615  -0.064  -1.804  -0.205  -1.949  -0.399
  -2.021  -0.596  -2.048  -0.796  -2.157  -0.973  -2.206  -1.202
  -2.144  -1.354  -2.194  -1.449  -2.402  -1.462  -2.757  -1.613
  -1.014  -2.124  -0.763  -2.029  -0.536  -1.896  -0.404  -1.813
  -0.354  -1.686  -0.250  -1.493  -0.047  -1.269  0.269  -1.084
  0.684  -0.894  0.822  -0.721  1.061  -0.419  1.001  -0.220
  0.880  -0.098  0.777  0.045  0.605  0.221  0.336  0.355
  -0.077  0.405  -0.505  0.386  -0.823  0.346  -1.094  0.299
  -1.345  0.193  -1.556  0.075  -1.722  -0.083  -1.838  -0.280
  -1.878  -0.505  -1.890  -0.702  -2.004  -0.958  -2.076  -1.072
  -2.065  -1.191  -2.110  -1.269  -2.306  -1.399  -2.559  -1.527
  -1.141  -2.397  -0.938  -2.305  -0.640  -2.101  -0.513  -1.992
  -0.434  -1.851  -0.349  -1.650  -0.147  -1.406  0.137  -1.188
  0.556  -0.964  0.770  -0.755  0.888  -0.390  0.880  -0.154
  0.830  0.007  0.732  0.179  0.501  0.349  0.122  0.485
  -0.268  0.533  -0.562  0.547  -0.824  0.524  -1.072  0.452
  -1.290  0.369  -1.481  0.221  -1.620  0.058  -1.723  -0.157
  -1.753  -0.400  -1.764  -0.627  -1.849  -0.778  -1.895  -0.986
  -1.840  -1.107  -1.860  -1.205  -2.018  -1.306  -2.307  -1.451
  -1.162  -2.609  -1.035  -2.526  -0.856  -2.343  -0.655  -2.163
  -0.568  -2.007  -0.458  -1.822  -0.286  -1.559  0.039  -1.317
  0.383  -1.036  0.677  -0.671  0.761  -0.284  0.791  -0.038
  0.793  0.128  0.621  0.318  0.283  0.480  -0.063  0.601
  -0.326  0.703  -0.567  0.734  -0.806  0.710  -1.031  0.642
  -1.235  0.521  -1.389  0.391  -1.508  0.194  -1.574  -0.032
  -1.574  -0.262  -1.563  -0.502  -1.616  -0.731  -1.625  -0.936
  -1.599  -1.044  -1.621  -1.061  -1.793  -1.170  -1.936  -1.288
  -1.293  -2.730  -1.187  -2.678  -1.051  -2.532  -0.842  -2.337
  -0.735  -2.153  -0.624  -1.971  -0.496  -1.691  -0.157  -1.391
  0.211  -1.076  0.559  -0.526  0.661  -0.144  0.698  0.092
  0.674  0.245  0.388  0.440  0.099  0.603  -0.120  0.756
  -0.334  0.889  -0.558  0.938  -0.780  0.913  -0.989  0.836
  -1.158  0.719  -1.286  0.551  -1.334  0.378  -1.371  0.127
  -1.318  -0.098  -1.269  -0.291  -1.258  -0.556  -1.289  -0.692
  -1.319  -0.840  -1.334  -0.894  -1.489  -1.022  -1.661  -1.145
  -1.468  -2.834  -1.358  -2.795  -1.245  -2.676  -1.086  -2.498
  -0.883  -2.265  -0.801  -2.069  -0.601  -1.793  -0.290  -1.423
  0.136  -1.005  0.420  -0.415  0.535  -0.012  0.534  0.208
  0.345  0.398  0.158  0.583  0.027  0.778  -0.128  0.951
  -0.320  1.080  -0.534  1.167  -0.743  1.149  -0.927  1.063
  -1.064  0.931  -1.127  0.769  -1.129  0.555  -1.092  0.327
  -1.027  0.091  -0.945  -0.159  -0.910  -0.401  -0.929  -0.583
  -0.955  -0.598  -1.094  -0.709  -1.265  -0.891  -1.283  -1.028
  -1.629  -2.890  -1.538  -2.865  -1.435  -2.760  -1.297  -2.571
  -1.058  -2.323  -0.964  -2.100  -0.718  -1.823  -0.391  -1.415
  0.036  -0.869  0.223  -0.320  0.328  0.090  0.200  0.333
  0.072  0.536  0.037  0.763  -0.010  0.980  -0.118  1.169
  -0.286  1.317  -0.497  1.404  -0.694  1.423  -0.850  1.315
  -0.932  1.165  -0.907  0.988  -0.840  0.765  -0.774  0.507
  -0.636  0.289  -0.508  0.046  -0.501  -0.207  -0.567  -0.346
  -0.692  -0.453  -0.794  -0.623  -0.836  -0.824  -0.809  -0.966
  -1.791  -2.898  -1.710  -2.876  -1.638  -2.779  -1.533  -2.593
  -1.295  -2.344  -1.092  -2.080  -0.783  -1.759  -0.530  -1.410
  -0.135  -0.765  -0.013  -0.243  -0.068  0.150  -0.071  0.469
  -0.066  0.707  -0.056  0.934  -0.071  1.156  -0.132  1.366
  -0.259  1.549  -0.462  1.667  -0.670  1.659  -0.784  1.542
  -0.758  1.378  -0.658  1.166  -0.546  0.919  -0.443  0.647
  -0.314  0.398  -0.252  0.127  -0.280  -0.192  -0.326  -0.255
  -0.431  -0.418  -0.487  -0.617  -0.473  -0.797  -0.469  -0.931
  -1.993  -2.834  -1.897  -2.801  -1.826  -2.704  -1.719  -2.548
  -1.517  -2.344  -1.273  -2.093  -0.937  -1.730  -0.731  -1.383
  -0.456  -0.746  -0.399  -0.152  -0.372  0.260  -0.281  0.573
  -0.209  0.835  -0.179  1.074  -0.170  1.304  -0.187  1.510
  -0.253  1.675  -0.389  1.772  -0.554  1.789  -0.590  1.715
  -0.497  1.511  -0.363  1.276  -0.217  1.027  -0.145  0.747
  -0.064  0.509  -0.035  0.225  -0.006  -0.074  0.011  -0.185
  -0.101  -0.365  -0.099  -0.527  -0.063  -0.702  -0.062  -0.856
  -2.168  -2.666  -2.079  -2.621  -2.001  -2.519  -1.863  -2.377
  -1.628  -2.206  -1.394  -1.982  -1.153  -1.655  -0.921  -1.193
  -0.782  -0.524  -0.765  -0.022  -0.663  0.335  -0.542  0.677
  -0.448  0.987  -0.341  1.252  -0.229  1.464  -0.139  1.624
  -0.112  1.715  -0.074  1.773  -0.077  1.747  -0.015  1.684
  0.055  1.530  0.134  1.322  0.206  1.064  0.204  0.785
  0.279  0.560  0.359  0.315  0.433  0.042  0.415  -0.120
  0.255  -0.309  0.248  -0.506  0.256  -0.663  0.278  -0.802
  -2.310  -2.411  -2.253  -2.361  -2.165  -2.247  -2.008  -2.099
  -1.806  -1.905  -1.581  -1.673  -1.379  -1.331  -1.221  -0.788
  -1.168  -0.168  -1.108  0.222  -0.977  0.564  -0.740  0.891
  -0.472  1.173  -0.215  1.388  0.003  1.536  0.160  1.613
  0.295  1.646  0.458  1.657  0.580  1.600  0.747  1.529
  0.878  1.397  0.995  1.253  1.054  1.079  1.028  0.862
  1.066  0.633  1.024  0.337  0.909  0.095  0.777  -0.054
  0.653  -0.197  0.700  -0.361  0.706  -0.532  0.713  -0.676
  -2.444  -2.100  -2.398  -2.031  -2.325  -1.883  -2.165  -1.711
  -2.006  -1.477  -1.848  -1.162  -1.733  -0.723  -1.630  -0.120
  -1.430  0.301  -1.180  0.617  -0.825  0.879  -0.440  1.100
  -0.128  1.284  0.054  1.406  0.224  1.470  0.432  1.499
  0.676  1.515  0.907  1.497  1.093  1.441  1.292  1.378
  1.407  1.248  1.467  1.084  1.492  0.937  1.478  0.789
  1.463  0.648  1.316  0.451  1.173  0.172  1.128  0.016
  1.086  -0.124  1.134  -0.276  1.124  -0.457  1.107  -0.640
  -2.550  -1.757  -2.487  -1.644  -2.452  -1.451  -2.351  -1.225
  -2.233  -0.931  -2.102  -0.549  -2.032  -0.021  -1.870  0.429
  -1.506  0.697  -1.099  0.930  -0.642  1.115  -0.224  1.250
  0.120  1.361  0.366  1.424  0.559  1.435  0.812  1.464
  1.103  1.433  1.371  1.378  1.607  1.300  1.810  1.213
  1.903  1.077  1.937  0.889  1.917  0.761  1.823  0.538
  1.775  0.351  1.663  0.170  1.560  0.026  1.512  -0.031
  1.464  -0.174  1.488  -0.330  1.439  -0.524  1.422  -0.649
  -2.611  -1.387  -2.577  -1.276  -2.577  -1.049  -2.520  -0.763
  -2.412  -0.411  -2.282  -0.026  -2.132  0.355  -1.869  0.674
  -1.501  0.931  -1.079  1.149  -0.549  1.331  -0.057  1.460
  0.379  1.511  0.708  1.533  0.983  1.524  1.299  1.481
  1.596  1.386  1.882  1.293  2.109  1.184  2.272  1.047
  2.347  0.872  2.350  0.685  2.286  0.531  2.191  0.376
  2.214  0.237  2.196  0.135  2.127  -0.026  2.086  -0.091
  2.012  -0.238  1.978  -0.364  1.914  -0.495  1.947  -0.632
  -2.659  -1.033  -2.616  -0.904  -2.627  -0.657  -2.600  -0.350
  -2.522  0.001  -2.370  0.371  -2.191  0.711  -1.863  1.003
  -1.433  1.245  -1.033  1.379  -0.469  1.528  0.059  1.646
  0.521  1.683  0.958  1.681  1.312  1.637  1.647  1.559
  1.968  1.450  2.275  1.344  2.478  1.218  2.606  1.054
  2.623  0.857  2.631  0.630  2.603  0.428  2.573  0.216
  2.701  0.152  2.748  0.066  2.745  -0.076  2.720  -0.152
  2.578  -0.307  2.446  -0.409  2.373  -0.516  2.407  -0.645
  -2.647  -0.742  -2.609  -0.609  -2.609  -0.333  -2.577  -0.010
  -2.524  0.315  -2.353  0.643  -2.126  0.966  -1.750  1.214
  -1.317  1.451  -0.909  1.557  -0.321  1.676  0.177  1.734
  0.692  1.776  1.194  1.765  1.541  1.717  1.856  1.624
  2.165  1.510  2.476  1.366  2.688  1.181  2.784  0.964
  2.835  0.743  2.824  0.461  2.824  0.220  2.937  0.117
  3.123  0.023  3.221  -0.111  3.284  -0.160  3.299  -0.322
  3.176  -0.427  3.050  -0.512  2.933  -0.598  2.934  -0.708
  -2.506  -0.415  -2.462  -0.275  -2.490  -0.018  -2.480  0.267
  -2.412  0.549  -2.263  0.862  -2.007  1.143  -1.620  1.392
  -1.149  1.615  -0.733  1.688  -0.221  1.775  0.345  1.803
  0.890  1.831  1.349  1.800  1.734  1.721  2.061  1.649
  2.298  1.512  2.537  1.358  2.737  1.146  2.933  0.911
  3.110  0.673  3.111  0.373  3.167  0.193  3.352  0.050
  3.555  -0.064  3.685  -0.160  3.757  -0.262  3.785  -0.404
  3.782  -0.469  3.735  -0.548  3.508  -0.647  3.531  -0.765
  -2.435  -0.272  -2.381  -0.104  -2.395  0.163  -2.367  0.430
  -2.310  0.729  -2.156  0.997  -1.841  1.277  -1.434  1.536
  -0.869  1.758  -0.425  1.793  0.038  1.842  0.643  1.852
  1.161  1.842  1.620  1.797  1.997  1.731  2.249  1.626
  2.408  1.457  2.631  1.294  2.804  1.068  3.040  0.899
  3.223  0.595  3.318  0.335  3.470  0.183  3.669  0.034
  3.860  -0.068  4.003  -0.190  4.128  -0.330  4.228  -0.469
  4.326  -0.555  4.344  -0.573  4.123  -0.676  4.059  -0.711
