   1.0054104  -0.0001022   0.0036816   1.0005660       9.497      -3.570
   1.0003008  -0.0000933   0.0012025   1.0000204       1.110      -0.098
   1.0000681   0.0000100  -0.0003172   1.0001998      -1.972       0.817
   0.9993129   0.0003602  -0.0012085   0.9996875      -3.466       4.159
   0.9999929  -0.0002547  -0.0005124   1.0000865      -1.530       5.647
   1.0007527  -0.0006516  -0.0003211   1.0001050      -1.489       1.153
   0.9997087  -0.0001096  -0.0005645   1.0003154      -1.603       1.400
   0.9986939   0.0005668  -0.0006844   0.9999650      -3.832       2.434
   0.9988478   0.0010836  -0.0001705   1.0008558      -1.389       0.037
   0.9991588   0.0016051   0.0002796   1.0010160      -1.957      -0.133
   0.9995255   0.0016981   0.0003190   1.0005554      -1.436      -1.487
   0.9999111   0.0019658   0.0001863   0.9999397      -3.178       0.796
   1.0002832   0.0014329   0.0004381   0.9992532      -0.472       0.809
   1.0003746   0.0012184   0.0000985   0.9985828      -0.907       1.107
   1.0009425   0.0009022  -0.0003247   0.9977151      -4.601      -3.263
   1.0012097   0.0001455  -0.0008108   0.9980292      -3.197      -1.643
   1.0003328  -0.0002559  -0.0011083   0.9985799       0.601      -1.881
   1.0004371  -0.0006270  -0.0013116   0.9992549      -0.898      -1.696
   1.0000396  -0.0008489  -0.0013396   0.9996265      -1.751      -1.469
   0.9995005  -0.0007187  -0.0010302   0.9997192      -2.177      -2.396
   0.9991009  -0.0006501  -0.0010728   0.9999346      -1.151      -4.876
   0.9993287  -0.0002314  -0.0009400   1.0007249      -0.959      -2.540
   0.9991946   0.0002122  -0.0005080   1.0008984      -1.371      -2.103
   0.9994078   0.0003780  -0.0001027   1.0008975      -1.656      -3.004
   0.9996752   0.0001097   0.0003154   1.0002871      -3.176      -4.467
   0.9994522   0.0013916   0.0001110   1.0010146      -2.076      -8.192
   0.9997129   0.0018338   0.0002728   1.0009197       0.129      -5.062
   0.9998454   0.0012422   0.0004867   1.0000418       2.823      -4.305
   0.9998014   0.0012130   0.0004537   0.9995682       3.394      -8.814
   1.0000312   0.0010077   0.0004274   0.9991691      -7.084       4.723
   1.0004132   0.0008057   0.0001211   0.9990723      -1.589      -2.068
   1.0006911   0.0007457  -0.0004474   0.9990894      -8.446      -4.278
   1.0009226  -0.0002490  -0.0006141   0.9983293       3.362      -3.407
   1.0006830  -0.0007450  -0.0007158   0.9990566       0.812      -1.286
   1.0003916  -0.0006349  -0.0012768   0.9997420      -0.992      -3.563
   1.0001562  -0.0005180  -0.0009970   1.0002803       0.922      -2.501
   0.9999141  -0.0007013  -0.0010139   1.0006514      -1.119      -2.816
   0.9993179  -0.0003581  -0.0009309   1.0006731      -0.649      -2.646
   0.9989576   0.0000629  -0.0007179   1.0007182       2.145      -1.188
   0.9978163   0.0005268  -0.0002102   1.0005829       1.623      -1.953
   0.9984704   0.0006844   0.0003299   0.9999992       0.267      -2.964
   0.9991489   0.0011182   0.0002384   0.9998212       0.257      -2.394
   1.0000694   0.0013750  -0.0001363   0.9995501       3.269      -1.408
   1.0000908   0.0010583   0.0006916   0.9997995       3.356      -1.806
   1.0001487   0.0001421   0.0007868   0.9999924       0.590       0.460
   1.0001181   0.0002632   0.0007403   0.9995759       0.287      -0.755
   1.0001079   0.0000973   0.0005862   0.9992201       0.718      -2.929
   1.0005484   0.0007075  -0.0005983   0.9995037       6.753       1.713
   1.0006652   0.0008595  -0.0011040   0.9998333       8.251       0.914
   1.0005924   0.0005198  -0.0009258   1.0002511      -1.924       1.335
   1.0007950   0.0002317  -0.0012054   0.9999408       0.607       2.300
   1.0006742   0.0001223  -0.0014863   0.9999967       3.470       2.068
   1.0003229  -0.0001251  -0.0010355   1.0002590       0.383       1.341
   0.9999138  -0.0001957  -0.0009557   1.0001394       3.142      -0.197
   0.9987270  -0.0002303  -0.0006037   0.9996346       5.038       5.160
   0.9975182  -0.0000596  -0.0001244   0.9999043       2.549       4.956
   0.9991389   0.0003928   0.0000587   1.0002973      -0.581       3.963
   0.9997308   0.0014326  -0.0007393   1.0003617       2.487       6.858
   0.9992810   0.0016916  -0.0009296   0.9997004       4.616       3.839
   0.9997206   0.0002959  -0.0001142   0.9996407       0.435      -0.946
   1.0009176  -0.0021190   0.0010691   1.0003422      -9.841      -4.202
