   0.7958921   0.6391125  -0.6391125   0.7958921     -31.430     -11.012
   0.9755960  -0.2826802   0.2826802   0.9755960     -32.764      -0.060
   0.3242821  -0.9579369   0.9579369   0.3242821     -25.319      10.307
   0.9903721   0.1852094  -0.1852094   0.9903721     -10.474      24.207
   0.6875395   0.7320634  -0.7320634   0.6875395       5.553      15.765
   0.9907393  -0.1470784   0.1470784   0.9907393       7.234      -1.634
   0.8846562   0.4649371  -0.4649371   0.8846562      18.484     -14.618
   0.8849905  -0.4605693   0.4605693   0.8849905      12.348     -40.751
   0.9892458   0.1191082  -0.1191082   0.9892458      14.318     -50.809
   0.6434570  -0.7596627   0.7596627   0.6434570       0.534     -76.280
   0.9618341  -0.2552639   0.2552639   0.9618341      -7.939     -69.026
   0.9353762   0.3395744  -0.3395744   0.9353762     -18.718     -78.830
   0.8091217  -0.5798963   0.5798963   0.8091217     -52.683     -93.827
   0.9961600  -0.0087944   0.0087944   0.9961600     -60.156     -61.908
   0.5450581  -0.8351586   0.8351586   0.5450581     -61.927     -51.937
   0.9206964  -0.3869787   0.3869787   0.9206964     -33.463      -3.088
   0.9765221   0.2176383  -0.2176383   0.9765221      14.098      -7.849
   0.6731492   0.7429765  -0.7429765   0.6731492      28.991     -61.877
   0.9939566  -0.1483812   0.1483812   0.9939566     -21.819    -121.063
   0.4644154  -0.8942794   0.8942794   0.4644154     -40.278    -131.581
   0.9099295  -0.4399024   0.4399024   0.9099295     -39.143     -78.882
   1.0016551   0.1576365  -0.1576365   1.0016551     -16.153     -79.947
   0.0204572   1.0173600  -1.0173600   0.0204572     -29.257    -124.150
  -0.5774862   0.8425096  -0.8425096  -0.5774862    -158.686    -128.968
  -0.9384290  -0.4136754   0.4136754  -0.9384290    -283.623     -13.611
  -0.5628567  -0.8625661   0.8625661  -0.5628567    -253.929     232.792
   0.7602363  -0.7017875   0.7017875   0.7602363     -40.914     414.283
   1.0322307  -0.1232289   0.1232289   1.0322307     289.651     340.012
   0.4560120  -0.9399707   0.9399707   0.4560120     489.988      41.891
  -0.5084262  -0.9189050   0.9189050  -0.5084262     520.069    -228.867
