   1.0174100  -0.0352887   0.0339945   1.0164479       4.777       1.666
   0.9933535   0.0242053  -0.0263013   0.9941677     -14.201      -1.116
   0.9859113   0.0240374  -0.0255159   0.9921946       1.920       6.756
   0.9888858   0.0039908   0.0038898   0.9858730      12.703     -12.338
   0.9977021  -0.0266279   0.0270197   0.9914050       4.894       4.505
   1.0063915   0.0077455  -0.0122835   1.0073082      -6.637       9.459
   0.9829022  -0.0292332   0.0238186   0.9868132       0.799      13.870
   0.9959017  -0.0108294   0.0083675   0.9855269     -11.830      -1.754
   1.0069848   0.0170570  -0.0133228   0.9986153      -0.121     -17.178
   1.0035751   0.0407379  -0.0420056   1.0066102       1.012       0.294
   0.9974601   0.0183741  -0.0230237   1.0089165      -0.736       8.548
   1.0122818   0.0009347   0.0070613   1.0075638      -5.433      21.517
   1.0033944  -0.0147895   0.0202910   1.0053412      16.255     -12.616
   1.0051676   0.0310882  -0.0272794   1.0082648      19.262      -8.666
   1.0025364  -0.0300432   0.0348355   1.0103248      17.296      -4.807
   0.9979939  -0.0389276   0.0254837   0.9871000      17.620      -3.110
   0.9962566  -0.0179813   0.0107742   0.9863995       0.865      -3.766
   1.0019385   0.0004755   0.0016857   0.9989134     -30.721       8.697
   0.9897688   0.0556117  -0.0510715   0.9959633     -22.303      17.733
   0.9889510   0.0238074  -0.0191551   0.9930702       4.989      -8.748
   1.0092880  -0.0015493   0.0096881   1.0140404       6.528       6.774
   1.0112592  -0.0260447   0.0239357   1.0071088     -22.368      -8.118
   1.0064714  -0.0329350   0.0316254   1.0038966      -4.207     -16.747
   0.9993552  -0.0506478   0.0476044   0.9911048      17.649      -3.128
   0.9984749   0.0269090  -0.0234082   0.9912962      15.975     -13.440
   1.0117660  -0.0107171   0.0048981   1.0075766      -3.116      -1.574
   0.9996667   0.0518771  -0.0548286   0.9987754      -5.390      -6.285
   0.9765359  -0.0128695   0.0218523   0.9927520      -8.393       8.676
   0.9817080   0.0221470  -0.0172702   0.9944459      -6.157      22.152
   1.0060284   0.0050274  -0.0103065   1.0093542      17.618      -2.925
   1.0146483  -0.0174460   0.0123544   1.0131340      -1.869      -7.879
   1.0133101  -0.0171706   0.0171148   1.0087546      -1.963      -5.861
   1.0028579  -0.0013787   0.0050924   0.9968836     -14.167      14.480
   1.0045376   0.0445847  -0.0489121   0.9997513      -3.787      12.492
   0.9983909  -0.0346613   0.0311000   0.9929758       6.499       6.398
   0.9822384  -0.0190096   0.0210379   0.9900000       2.051      -2.481
   0.9981103  -0.0229912   0.0225669   1.0005224       8.960       1.481
   0.9915136   0.0399052  -0.0421535   0.9944335      -0.272       5.894
   0.9975976   0.0233251  -0.0220002   0.9969624       2.857     -15.468
   1.0127040  -0.0227946   0.0223428   1.0081565      -6.706       4.866
