   1.0041428   0.0008597   0.0012158   1.0040603       2.796      -1.665
   0.9917865  -0.0050264   0.0003465   0.9903781      -7.249       1.358
   0.9967538   0.0050738  -0.0076733   1.0014660       0.659       8.485
   1.0038656   0.0057319   0.0032539   1.0015147       7.200     -13.427
   1.0088466  -0.0104508   0.0123023   1.0044781      -0.877       0.312
   1.0128468   0.0211718  -0.0235555   1.0160965      -5.010       2.990
   0.9839458  -0.0250890   0.0211860   0.9898527       7.523       7.615
   0.9919273  -0.0149183   0.0114514   0.9845600      -5.608      -2.583
   1.0009863   0.0077563  -0.0048269   0.9947291       1.967     -13.676
   0.9963933   0.0247859  -0.0263326   1.0001664       0.369       2.494
   0.9937838   0.0128282  -0.0170276   1.0043179      -5.717       8.470
   1.0116990  -0.0024831   0.0120743   1.0071752     -12.576      20.743
   1.0037529  -0.0192599   0.0237750   1.0048804       8.314     -12.595
   1.0064547   0.0261514  -0.0240850   1.0068996      11.063     -10.301
   1.0049759  -0.0335585   0.0374769   1.0090191       7.940      -6.649
   0.9974980  -0.0326602   0.0176544   0.9854950      10.943      -5.461
   0.9929311  -0.0053079  -0.0033918   0.9837922      -1.230      -5.131
   0.9982120   0.0078616  -0.0061081   0.9976791     -27.709      10.979
   0.9856902   0.0627867  -0.0596043   0.9942063     -18.516      20.951
   0.9861794   0.0294502  -0.0242975   0.9945694       9.634      -6.130
   1.0079191  -0.0023789   0.0116015   1.0171864      14.471      11.273
   1.0101877  -0.0232697   0.0221883   1.0090040     -10.524      -5.528
   1.0086585  -0.0391087   0.0374102   1.0064894       5.990     -15.559
   1.0042192  -0.0512826   0.0462896   0.9939470      21.020      -0.713
   0.9995527   0.0269977  -0.0250699   0.9902377      11.395     -11.339
   1.0093676  -0.0077024   0.0014897   1.0042336     -10.431       3.603
   0.9969337   0.0604868  -0.0638934   0.9945753     -12.291      -1.489
   0.9757327  -0.0043099   0.0135452   0.9908277     -16.666       9.762
   0.9823925   0.0184880  -0.0137454   0.9939332     -12.018      20.938
   1.0047083  -0.0026844  -0.0011297   1.0065112      17.336      -5.388
   1.0125632  -0.0290269   0.0256827   1.0096146       4.164     -10.933
   1.0126054  -0.0283261   0.0284960   1.0055983       9.678     -10.850
   1.0010444  -0.0074602   0.0114963   0.9944879      -2.417       5.155
   1.0020926   0.0472880  -0.0507348   0.9991845       0.963       4.226
   0.9961910  -0.0137211   0.0112908   0.9946851       2.651       1.572
   0.9823026   0.0073069  -0.0038108   0.9937201      -9.426      -5.732
   1.0050635  -0.0161401   0.0161231   1.0078120      -2.618       1.922
   1.0032765   0.0181477  -0.0200607   1.0015156      -3.646       9.310
   1.0041815  -0.0147907   0.0161290   0.9975860      13.231      -9.852
   0.9971020   0.0046714  -0.0050420   1.0001903      -5.023       3.121
