  -0.3763396  -0.9264818   0.9264818  -0.3763396       1.574       1.014
   1.0000001   0.0000002  -0.0000002   1.0000001       1.413       2.182
  -0.3157673   0.9488367  -0.9488367  -0.3157673       2.314      -0.469
  -0.8375826  -0.5463108   0.5463108  -0.8375826       3.580       2.482
   0.7189932  -0.6950170   0.6950170   0.7189932      -0.844       1.735
   0.9869964   0.1607427  -0.1607427   0.9869964       3.069      -0.321
   0.9916711   0.1287959  -0.1287959   0.9916711      -0.065       2.970
   0.9916712   0.1287958  -0.1287958   0.9916712       0.702      -1.378
   0.9916711   0.1287953  -0.1287953   0.9916711       1.057       3.709
   0.9916713   0.1287951  -0.1287951   0.9916713       3.339       3.829
   0.9916713   0.1287951  -0.1287951   0.9916713      -1.509      -0.569
   0.9916713   0.1287953  -0.1287953   0.9916713      -2.132       8.075
   0.9916710   0.1287958  -0.1287958   0.9916710      -4.516      -4.111
   0.9916712   0.1287954  -0.1287954   0.9916712      -4.195      -2.440
   0.9916711   0.1287962  -0.1287962   0.9916711       6.364      -1.604
   0.9916710   0.1287962  -0.1287962   0.9916710      -0.524       2.920
   0.9916712   0.1287954  -0.1287954   0.9916712       1.917       4.575
   0.9955619   0.0941086  -0.0941086   0.9955619      -2.585      -4.238
   0.9997961   0.0201954  -0.0201954   0.9997961       7.202       0.780
   0.9952759  -0.0970882   0.0970882   0.9952759       1.199      -3.538
   0.9998389  -0.0179506   0.0179506   0.9998389       3.679       2.895
   0.9992339   0.0391366  -0.0391366   0.9992339      -9.941       1.939
   0.9975641   0.0697568  -0.0697568   0.9975641       0.969       0.242
   0.9975638   0.0697568  -0.0697568   0.9975638       1.302      -3.406
   0.9975640   0.0697569  -0.0697569   0.9975640       9.623      -2.218
   0.9975640   0.0697568  -0.0697568   0.9975640       3.605       3.246
   0.9975640   0.0697569  -0.0697569   0.9975640       6.653      -0.082
   0.9975641   0.0697569  -0.0697569   0.9975641      -3.197       4.896
   0.9975640   0.0697568  -0.0697568   0.9975640       0.341       4.939
   0.9975641   0.0697569  -0.0697569   0.9975641      -8.364      -1.213
   0.9975640   0.0697568  -0.0697568   0.9975640      -2.242      -7.420
   0.9975640   0.0697568  -0.0697568   0.9975640      -0.139       3.049
   0.9975640   0.0697568  -0.0697568   0.9975640       1.155      -5.018
   0.9975640   0.0697568  -0.0697568   0.9975640       3.822       5.081
   0.9975640   0.0697569  -0.0697569   0.9975640      -1.498      -1.952
   0.9975641   0.0697569  -0.0697569   0.9975641       2.744       5.501
   0.9975640   0.0697569  -0.0697569   0.9975640      -0.003       2.773
   0.9986296   0.0523364  -0.0523364   0.9986296      -3.043       2.273
   1.0000001   0.0000005  -0.0000005   1.0000001      -0.397      -2.455
   0.9961947  -0.0871552   0.0871552   0.9961947      -5.520      -1.512
