   1.0331374  -0.0826231   0.0835716   1.0376089     112.979      50.617
   1.0253861  -0.0741150   0.0731026   1.0341468      99.988      30.578
   1.0225258  -0.0656299   0.0640647   1.0314070      88.344      12.087
   1.0190542  -0.0569125   0.0556921   1.0279326      75.166       0.665
   1.0167871  -0.0491521   0.0489455   1.0252545      64.429      -8.671
   1.0147274  -0.0412299   0.0423859   1.0221549      51.962     -19.527
   1.0111701  -0.0324216   0.0357964   1.0192261      40.707     -25.406
   1.0079888  -0.0236703   0.0297754   1.0155226      28.204     -28.903
   1.0066557  -0.0158060   0.0246344   1.0124329      21.437     -32.867
   1.0055257  -0.0084259   0.0194354   1.0084114      11.491     -32.152
   1.0046929  -0.0017604   0.0139786   1.0038562       6.602     -31.365
   1.0045445   0.0034645   0.0081536   0.9983858       1.869     -26.384
   1.0042816   0.0066985   0.0025041   0.9932613       4.147     -23.871
   1.0035853   0.0091356  -0.0038625   0.9888347       3.708     -21.827
   1.0026079   0.0104902  -0.0101371   0.9857470       4.465     -24.455
   1.0012276   0.0113290  -0.0162085   0.9841387       8.730     -24.661
   0.9985694   0.0123180  -0.0220019   0.9831250      15.195     -28.426
   0.9961890   0.0133381  -0.0267992   0.9838222      18.003     -32.936
   0.9931038   0.0148922  -0.0305668   0.9848869      21.045     -39.010
   0.9898660   0.0171549  -0.0331971   0.9861909      23.435     -46.197
   0.9871923   0.0202002  -0.0347639   0.9877137      25.210     -56.809
   0.9856514   0.0237789  -0.0356371   0.9894977      24.513     -64.251
   0.9842738   0.0273992  -0.0357263   0.9901661      21.686     -72.613
   0.9838779   0.0308565  -0.0353798   0.9903207      17.810     -81.754
   0.9838583   0.0337438  -0.0347762   0.9893621      12.283     -87.698
   0.9840568   0.0370159  -0.0348769   0.9885495       7.181     -96.553
   0.9847268   0.0391856  -0.0347257   0.9870751       2.618     -99.042
   0.9853679   0.0401878  -0.0346264   0.9848585      -4.414     -98.850
   0.9861046   0.0403041  -0.0350347   0.9825557     -12.416     -99.688
   0.9870858   0.0394216  -0.0357921   0.9808668     -28.091     -83.708
   0.9879827   0.0377708  -0.0368803   0.9799572     -26.504     -85.969
   0.9885008   0.0357633  -0.0382169   0.9798573     -39.201     -83.666
   0.9882547   0.0328032  -0.0386975   0.9803375     -33.265     -78.417
   0.9877870   0.0302867  -0.0391820   0.9818684     -37.495     -73.237
   0.9865119   0.0285501  -0.0392164   0.9843006     -43.706     -66.660
   0.9850893   0.0271453  -0.0381073   0.9869859     -44.636     -57.600
   0.9835224   0.0262290  -0.0359605   0.9893239     -47.907     -48.766
   0.9819567   0.0259953  -0.0331639   0.9908787     -46.604     -39.405
   0.9812007   0.0259612  -0.0296363   0.9920112     -41.402     -29.403
   0.9812393   0.0257231  -0.0255170   0.9924423     -39.017     -22.183
   0.9825066   0.0251895  -0.0213186   0.9925786     -36.152     -15.498
   0.9851489   0.0243186  -0.0175383   0.9927568     -32.073      -7.966
   0.9886719   0.0227088  -0.0142260   0.9928716     -24.821      -1.656
   0.9917391   0.0195391  -0.0101022   0.9937484     -20.736       2.412
   0.9948468   0.0160132  -0.0065653   0.9944811     -16.756       7.053
   0.9976661   0.0125223  -0.0039976   0.9951190     -13.460       8.567
   1.0003327   0.0085681  -0.0017393   0.9961346      -8.990       7.563
   1.0030702   0.0049064  -0.0002658   0.9980090      -4.412      11.032
   1.0052333   0.0005140   0.0017961   1.0002197      -3.672      10.224
   1.0068326  -0.0047265   0.0049457   1.0027769     -11.659      11.140
   1.0078998  -0.0105782   0.0089044   1.0046118     -12.693      13.386
   1.0085090  -0.0162067   0.0131482   1.0066973     -14.559      14.694
   1.0088136  -0.0221480   0.0184665   1.0089377     -21.865      16.746
   1.0085223  -0.0279255   0.0245270   1.0107099     -26.292      18.910
   1.0081198  -0.0335473   0.0313369   1.0121357     -33.150      27.742
   1.0089896  -0.0389597   0.0387025   1.0142708     -42.785      36.472
   1.0118622  -0.0443832   0.0461241   1.0163547     -52.163      45.090
   1.0152737  -0.0495678   0.0530487   1.0182775     -57.954      54.789
   1.0182505  -0.0560582   0.0608098   1.0192080     -62.178      65.002
   1.0219792  -0.0642865   0.0697076   1.0205772     -69.228      77.385
   1.0263575  -0.0736399   0.0791068   1.0225600     -77.762      94.123
