   1.0028622  -0.0071062   0.0054825   1.0042815      27.738     -47.932
   0.9980306  -0.0064574   0.0034117   1.0040182       8.920     -40.559
   0.9979456  -0.0054732   0.0020583   1.0043637      -2.763     -33.824
   0.9972248  -0.0039929   0.0010802   1.0038950     -10.753     -23.198
   0.9976707  -0.0030997   0.0013289   1.0041609     -12.586     -14.456
   0.9982321  -0.0017657   0.0014721   1.0039140     -13.661     -11.377
   0.9972226   0.0007487   0.0013587   1.0037124     -12.028      -7.886
   0.9964977   0.0034898   0.0014995   1.0026671     -11.382      -6.299
   0.9975176   0.0056744   0.0021827   1.0021631      -5.921      -9.223
   0.9986357   0.0076592   0.0025416   1.0006503      -5.204     -10.729
   0.9999471   0.0092273   0.0023780   0.9985135      -1.812     -14.769
   1.0018432   0.0096528   0.0015806   0.9953637      -0.981     -16.280
   1.0035372   0.0083884   0.0007002   0.9924364       3.906     -21.020
   1.0047083   0.0066105  -0.0011592   0.9900647       3.247     -26.069
   1.0055103   0.0040129  -0.0031963   0.9888870       1.262     -34.871
   1.0058171   0.0011417  -0.0053029   0.9890482       0.720     -39.621
   1.0047430  -0.0013401  -0.0074209   0.9896731       0.978     -45.809
   1.0038335  -0.0035754  -0.0088099   0.9918914      -3.178     -50.393
   1.0020897  -0.0050462  -0.0094490   0.9943684      -7.091     -54.052
   1.0000559  -0.0055717  -0.0092179   0.9969872     -10.940     -56.454
   0.9984499  -0.0050753  -0.0081670   0.9997362     -13.977     -60.234
   0.9978533  -0.0038076  -0.0066462   1.0026593     -17.707     -59.229
   0.9972835  -0.0022251  -0.0045842   1.0043489     -21.298     -58.156
   0.9975783  -0.0005457  -0.0023056   1.0054051     -23.434     -57.506
   0.9981332   0.0008398  -0.0000058   1.0052030     -24.819     -53.960
   0.9988233   0.0028582   0.0013331   1.0050517     -23.293     -54.319
   0.9998769   0.0040319   0.0026897   1.0040756     -19.374     -49.769
   1.0007987   0.0042952   0.0037361   1.0021861     -16.453     -44.670
   1.0017344   0.0039086   0.0040148   1.0000594     -13.448     -43.105
   1.0028317   0.0027283   0.0036901   0.9984025     -18.475     -27.413
   1.0037572   0.0009819   0.0027652   0.9973947      -5.579     -32.231
   1.0042095  -0.0009153   0.0013129   0.9970864      -8.277     -35.510
   1.0037574  -0.0035606   0.0004394   0.9972236       6.299     -37.237
   1.0029842  -0.0055524  -0.0007055   0.9983432       8.567     -41.174
   1.0012814  -0.0065406  -0.0016848   1.0003072       6.435     -44.916
   0.9992967  -0.0069551  -0.0017668   1.0024393       7.051     -46.431
   0.9970428  -0.0066154  -0.0010560   1.0041363       2.786     -48.082
   0.9946866  -0.0053125   0.0000581   1.0049620       0.787     -48.204
   0.9930488  -0.0035491   0.0016811   1.0052644       0.702     -46.139
   0.9921241  -0.0017294   0.0036691   1.0047491      -3.685     -45.110
   0.9923682   0.0000372   0.0055080   1.0038276      -8.528     -42.402
   0.9939402   0.0016997   0.0066901   1.0028425     -12.472     -36.455
   0.9963378   0.0028574   0.0071394   1.0016818     -12.827     -29.364
   0.9981887   0.0026684   0.0081138   1.0011697     -15.336     -22.526
   1.0000213   0.0023664   0.0082142   1.0004264     -16.412     -13.428
   1.0015047   0.0023434   0.0070530   0.9995121     -16.159      -6.349
   1.0027609   0.0020958   0.0052975   0.9988989     -12.478      -1.306
   1.0040131   0.0023871   0.0024758   0.9990756      -6.408       7.962
   1.0046070   0.0021986  -0.0000348   0.9995152      -1.978      11.948
   1.0045664   0.0014204  -0.0017305   1.0002377      -4.394      16.050
   1.0039371   0.0002927  -0.0028888   1.0001886       1.504      19.223
   1.0027993  -0.0003537  -0.0040286   1.0003355       7.243      18.794
   1.0013288  -0.0010445  -0.0043613   1.0005916       7.475      16.315
   0.9992481  -0.0013215  -0.0042083   1.0003337       9.592      11.009
   0.9970536  -0.0011961  -0.0035760   0.9996828       7.663       9.724
   0.9961172  -0.0005841  -0.0027122   0.9996772       0.402       6.307
   0.9971381   0.0002777  -0.0021694   0.9995714      -9.881       1.403
   0.9986411   0.0016252  -0.0024476   0.9992455     -20.374      -3.055
   0.9997348   0.0018966  -0.0021979   0.9979783     -33.360      -6.480
   1.0016155   0.0007523  -0.0012079   0.9972272     -53.016      -5.802
   1.0041568  -0.0011810  -0.0001124   0.9971508     -77.499       2.253
