   1.0022990  -0.1782283   0.1768115   1.0015286       4.494       2.322
   0.9879550  -0.1088131   0.1075453   0.9883996     -13.924      -3.016
   0.9813735  -0.1014045   0.1011313   0.9869576       1.052       6.946
   0.9816619  -0.1133081   0.1244194   0.9787511      14.084     -10.694
   0.9895960  -0.1310759   0.1358697   0.9822567       4.393       5.012
   1.0031798  -0.0893596   0.0892259   1.0028234      -7.684       8.934
   0.9774804  -0.1128207   0.1114557   0.9801350      -0.380      13.884
   0.9934850  -0.0813844   0.0836575   0.9820539     -11.538      -2.202
   1.0059837  -0.0442753   0.0519634   0.9975479       0.934     -17.148
   1.0042791  -0.0196135   0.0216184   1.0071862       0.992       0.358
   0.9973021  -0.0315147   0.0292428   1.0085766      -1.157       8.499
   1.0103965  -0.0518745   0.0631274   1.0061961      -6.552      21.186
   1.0005015  -0.0742093   0.0831377   1.0023814      16.974     -11.571
   1.0049759  -0.0354753   0.0434835   1.0077662      19.796      -7.288
   0.9978852  -0.1004065   0.1097161   1.0050434      17.593      -3.499
   0.9948239  -0.1000026   0.0917481   0.9820280      17.844      -1.930
   0.9945260  -0.0717095   0.0691188   0.9833272       1.069      -3.707
   1.0006407  -0.0558560   0.0624825   0.9967204     -31.174       6.813
   0.9915549   0.0054308   0.0028472   0.9970495     -23.178      16.486
   0.9892120  -0.0222613   0.0303145   0.9925871       5.391      -8.484
   1.0083073  -0.0481389   0.0596022   1.0121959       6.213       7.085
   1.0102893  -0.0612553   0.0619884   1.0049343     -22.082      -8.951
   1.0054222  -0.0673488   0.0687166   1.0013772      -3.633     -16.880
   0.9987462  -0.0683225   0.0667162   0.9895595      17.709      -2.789
   0.9986839   0.0224431  -0.0186058   0.9913011      16.037     -13.362
   1.0110105   0.0034010  -0.0099913   1.0080556      -3.178      -1.495
   0.9955879   0.0907175  -0.0957851   0.9969962      -5.625      -6.067
   0.9741827   0.0466054  -0.0391911   0.9935640      -7.842       9.201
   0.9756886   0.0909544  -0.0880666   0.9927631      -4.591      22.594
   0.9984866   0.0892217  -0.0976950   1.0083002      17.257      -4.454
   1.0074997   0.0773036  -0.0865226   1.0138978      -2.589      -7.690
   1.0050666   0.0855920  -0.0912471   1.0095497      -2.539      -5.645
   0.9922592   0.1063369  -0.1091823   0.9958382     -12.445      16.077
   0.9863793   0.1592610  -0.1711887   0.9927265      -2.300      12.934
   0.9865405   0.0997580  -0.1115515   0.9947163       7.257       5.449
   0.9660983   0.1326343  -0.1381488   0.9879872       1.631      -2.801
   0.9796224   0.1407377  -0.1500539   0.9981938       9.003       0.694
   0.9592727   0.2143034  -0.2269164   0.9789447       0.779       7.053
   0.9654990   0.2116983  -0.2218245   0.9822431      -0.148     -14.340
   0.9857002   0.1823713  -0.1949756   1.0006787      -5.498       8.177
