   1.0035218   0.0295037  -0.0315128   1.0011365     -16.709      11.386
   0.9996684   0.0049347  -0.0059654   0.9956790     -15.270      -5.081
   1.0033005  -0.0544326   0.0458438   0.9995747       1.405      -8.959
   0.9978428  -0.0189882   0.0296600   1.0021110      21.626      -5.478
   0.9920917  -0.0208861   0.0285664   0.9981798      24.205      -0.872
   0.9969985   0.0401388  -0.0405622   1.0063713      17.425      13.595
   0.9906753   0.0579279  -0.0618869   0.9964763      15.302      -2.017
   0.9987386  -0.0158282   0.0145631   0.9951292       0.260       2.534
   0.9975455  -0.0031062   0.0059413   1.0005975     -22.732     -10.004
   1.0019242  -0.0019073   0.0073667   1.0004967     -14.106      -6.318
   1.0109079  -0.0138196   0.0110874   1.0062875      -4.475     -15.101
   1.0130041   0.0090514  -0.0129580   1.0075688       1.948      17.920
   1.0082953   0.0050617  -0.0111694   1.0020970       8.275      23.117
   0.9824020  -0.0110956   0.0150760   0.9877968       6.848       6.152
   0.9897631  -0.0218804   0.0240026   0.9916851      -4.202      -9.987
   0.9923564  -0.0033411   0.0021229   0.9958256     -10.227      -6.064
   0.9908393   0.0147405  -0.0141734   0.9929377      -3.373     -15.751
   0.9917557   0.0174354  -0.0161798   0.9903048       5.965     -21.377
   1.0052696   0.0084009  -0.0081937   1.0094080       0.736      22.660
   1.0171759   0.0148883  -0.0145778   1.0127982      -3.396      12.105
   1.0108383   0.0019483   0.0004263   1.0106293       6.146      14.384
   1.0085982  -0.0157547   0.0190563   1.0137436      14.163     -17.387
   0.9983114  -0.0182109   0.0153455   0.9976237       4.699     -16.193
   0.9976855  -0.0547493   0.0565737   0.9996648     -12.624      -8.912
   0.9868773  -0.0113263   0.0059391   0.9878460       3.744      -0.136
   0.9953446   0.0382860  -0.0388758   0.9922797     -14.921      12.898
   0.9934229   0.0528998  -0.0503125   0.9842680       4.026      15.764
   0.9924797  -0.0201387   0.0153865   0.9925864       9.478       2.793
   1.0071396   0.0006411  -0.0015860   1.0065414       4.653      -2.246
   0.9997323   0.0042972  -0.0021081   0.9965786       4.956      -4.162
   1.0004636  -0.0464794   0.0532251   1.0100614       1.422      -5.041
   1.0008777   0.0261979  -0.0169017   1.0059609      -8.351       1.489
   1.0089107   0.0301461  -0.0334636   1.0044720       0.745       2.111
   1.0049840   0.0226503  -0.0310094   1.0005938     -13.488      -2.248
   0.9938757  -0.0024422  -0.0079400   0.9893261      -0.423     -10.961
   0.9912434  -0.0554805   0.0546033   0.9912934       1.822       1.935
   0.9923705  -0.0207016   0.0222144   0.9980581       8.600      23.947
   1.0044847  -0.0191375   0.0251130   1.0134890       7.392      -2.463
   1.0022283   0.0291023  -0.0277180   1.0051051       0.301       5.781
   1.0014436   0.0301202  -0.0246711   0.9982566      -0.448       6.964
   1.0008638   0.0393628  -0.0362573   0.9977871      -1.650       9.912
   1.0006555   0.0260869  -0.0310041   0.9933891     -16.595     -23.755
   0.9911770  -0.0208502   0.0150028   0.9893381     -20.396      -8.660
   1.0031379  -0.0482832   0.0444485   1.0018672       9.430      -3.743
   1.0097804  -0.0692258   0.0643927   1.0169679      24.416     -17.026
   1.0043223   0.0105066  -0.0069195   1.0073678       7.284       6.231
   0.9939514  -0.0005950   0.0064795   0.9926019       0.285      11.449
   0.9859791  -0.0093423   0.0212649   0.9875910      -5.469       4.761
   0.9890763   0.0658639  -0.0697530   0.9897745     -26.647      -8.448
   0.9964349   0.0492825  -0.0536174   0.9943218      -0.139      -6.886
   1.0037477  -0.0338200   0.0304411   1.0049760       3.102      -4.144
   1.0026956  -0.0333316   0.0304508   1.0066645      13.089       9.342
   0.9971731   0.0082180  -0.0092466   0.9970455       5.307      17.138
   1.0046401  -0.0161520   0.0178853   1.0000141       6.771      -8.219
   1.0108210   0.0337272  -0.0347125   1.0078571      -0.671      -3.410
   1.0104591  -0.0295885   0.0326842   1.0087109       6.364     -15.555
   1.0030630   0.0346958  -0.0246660   1.0025903      -8.257       3.168
   0.9947017  -0.0025304   0.0146355   0.9970679      -0.618      13.580
   0.9779767  -0.0373882   0.0344639   0.9794509      -7.764      -7.550
   0.9956661   0.0032906  -0.0156116   0.9955453       1.810      11.159
   1.0019649   0.0262805  -0.0384317   0.9983720     -11.266      -6.128
   0.9973472   0.0281807  -0.0282923   1.0015327     -14.237       1.717
   1.0065228  -0.0142774   0.0154051   1.0083618       6.273       0.949
   0.9967542  -0.0357409   0.0365724   0.9985290      18.657       0.102
   1.0059979  -0.0089555   0.0078954   1.0066273       7.613       9.316
   0.9854128   0.0270178  -0.0328662   0.9851314       8.589      -8.973
   1.0023794   0.0088339  -0.0013594   1.0006775      -2.481      -5.340
   1.0029233  -0.0283385   0.0312774   1.0016967     -14.921      -7.399
   1.0160543  -0.0195534   0.0280727   1.0145677     -13.232       3.370
   1.0008878   0.0024920   0.0003565   1.0011311      -2.253       6.068
   1.0081536  -0.0038180   0.0063400   1.0073680      18.926     -14.676
   0.9792904   0.0110125  -0.0149808   0.9804965       4.546       1.886
   0.9959546   0.0421989  -0.0483975   0.9961342     -11.909       4.013
   0.9971295   0.0526657  -0.0609080   0.9971911      -2.369      26.098
   1.0012684   0.0079713  -0.0131358   1.0065930      -2.314       9.558
   0.9942602  -0.0110032   0.0134010   0.9948345      14.496     -12.881
   0.9961553  -0.0536900   0.0501306   0.9985901       8.046     -17.573
   0.9930319  -0.0528215   0.0495316   0.9970365      -5.622      -3.997
   1.0014628  -0.0246786   0.0324703   0.9891902     -16.026      22.439
   1.0038534  -0.0097874   0.0220519   1.0073893     -21.225      -0.693
   1.0038112   0.0482128  -0.0381507   1.0088899      12.111      -9.579
   1.0029283   0.0546276  -0.0499156   1.0019034      18.979       0.718
   0.9943853  -0.0193350   0.0083547   0.9926050       9.760      -7.656
   1.0070777  -0.0046236  -0.0027888   1.0063826       6.293      -7.108
   1.0145448   0.0380231  -0.0404291   1.0140337     -11.408      31.920
   1.0034847  -0.0187040   0.0220398   1.0013762       0.116       7.890
   1.0037946  -0.0011431   0.0060312   1.0007527      -2.080      -8.861
   0.9857024   0.0166293  -0.0138468   0.9820430      -2.241     -15.096
   0.9796145  -0.0187946   0.0088130   0.9792131       3.171      -5.842
   0.9868304  -0.0531645   0.0437345   0.9943362      -0.507       6.658
   1.0002123  -0.0336597   0.0360361   1.0003362       7.660       5.205
   0.9966042   0.0387152  -0.0411105   1.0103933     -22.909       4.866
   1.0225244   0.0349128  -0.0279947   1.0161471     -12.267      -4.463
   1.0087428   0.0213439  -0.0183888   1.0024590      12.631       7.122
   0.9926226   0.0094478  -0.0050433   0.9918182      16.665      11.930
   1.0000241   0.0206294  -0.0166912   0.9964427       4.316      -0.569
   1.0052066  -0.0175357   0.0155743   1.0028962       2.080     -22.210
   0.9976682  -0.0169568   0.0102059   0.9998316       3.896     -20.520
   0.9875025  -0.0186832   0.0231364   0.9909542     -22.131       4.953
   0.9982807  -0.0184260   0.0233696   0.9923736     -20.540       9.464
   1.0099866  -0.0276060   0.0208028   1.0055943       0.970       3.357
   1.0041410   0.0287308  -0.0285713   1.0146294       5.587      -3.884
   0.9956657   0.0164641  -0.0180481   1.0009347      10.895       2.136
   1.0122645   0.0394589  -0.0407569   1.0123852       9.617       8.067
   0.9976147   0.0531858  -0.0540671   0.9987108       5.261      19.566
   0.9950992  -0.0214388   0.0206458   0.9941481      -1.129       3.047
   0.9838526  -0.0463786   0.0550956   0.9787682       2.952       0.016
   1.0028417   0.0227636  -0.0196207   1.0016773       0.098      -9.200
   1.0032145   0.0112907  -0.0141705   1.0038629      -0.683     -30.315
   1.0082210  -0.0281824   0.0224810   1.0092822       2.307      -1.807
   0.9914984  -0.0467279   0.0429686   0.9949538     -10.340      17.377
   0.9946018  -0.0014028  -0.0039269   0.9889250      -0.513       9.581
   0.9970665   0.0225281  -0.0116324   0.9938625      -7.826      11.895
   0.9925860   0.0266575  -0.0201501   0.9954313       4.939      -4.017
   1.0019944   0.0063972  -0.0041214   1.0085071       1.679     -34.545
   0.9974366   0.0046744  -0.0074270   0.9939020      -3.624     -20.986
   1.0100373  -0.0680273   0.0625904   1.0059596       3.897      14.568
   1.0127344   0.0114082  -0.0124180   1.0092659      -8.811      14.926
   1.0072670   0.0035269  -0.0170418   1.0108159      -3.905       2.774
   0.9954597   0.0164595  -0.0070888   0.9939553      -9.011      -1.164
   0.9975819  -0.0075292   0.0155039   0.9975353       9.926      24.311
   0.9829601   0.0345030  -0.0322329   0.9911671      31.952       0.868
   0.9885222   0.0660960  -0.0604215   0.9843085       6.130     -11.891
   1.0131539   0.0017604  -0.0034421   1.0101907       0.315     -12.388
   1.0020471  -0.0753143   0.0682538   1.0032333      -4.347     -11.168
   1.0039203  -0.0430803   0.0374370   1.0077423     -12.133       4.194
   1.0030661  -0.0140605   0.0083542   1.0030597      -1.524       3.399
   0.9933528   0.0392812  -0.0319946   0.9836633      -3.049       4.280
   0.9945995   0.0043918  -0.0010324   0.9896643       4.884       7.926
   1.0019855   0.0031562  -0.0047868   1.0058305      -9.226      -3.770
   1.0058378  -0.0016858   0.0025561   1.0138249      -2.200       7.084
   0.9875315  -0.0406815   0.0444711   0.9944671      -6.831      -1.224
   0.9842299   0.0074107  -0.0051537   0.9847174       5.723      -6.292
   1.0088789   0.0205007  -0.0216345   1.0025831       5.270      -2.065
   1.0015204   0.0259916  -0.0233550   0.9988679       9.561       1.559
   1.0071841   0.0198885  -0.0284640   1.0006818       7.600      15.487
   1.0034832   0.0150871  -0.0189658   1.0019631       9.840      -1.817
   1.0030283  -0.0317229   0.0303475   1.0023921      -5.525      -8.831
   1.0123804  -0.0191792   0.0179403   1.0156131     -13.384      11.345
   0.9969429   0.0080463  -0.0063665   1.0010903     -17.001     -17.067
   0.9934937  -0.0094010   0.0139173   0.9956756      -2.076     -25.254
   0.9972682  -0.0168655   0.0241894   0.9960588      16.526      -8.475
   1.0052906  -0.0165960   0.0114750   0.9930215      24.463      18.600
   0.9834979   0.0020318   0.0007862   0.9826859      -8.548      20.273
   0.9875305   0.0287695  -0.0288343   0.9871597     -19.693       5.450
   1.0071499   0.0046256  -0.0133063   1.0182613      -3.961       5.091
   1.0140944   0.0001000   0.0006226   1.0232965       0.685      -3.901
   1.0000072   0.0178552  -0.0102500   1.0048155     -20.894     -21.654
   1.0045980   0.0384162  -0.0376039   0.9976146       8.488     -10.649
   0.9931470  -0.0223199   0.0227318   0.9912823       9.220      15.364
   0.9945573  -0.0207054   0.0144306   0.9889151       9.583       6.888
   1.0004575  -0.0076366   0.0033774   0.9951524       6.628       3.023
   1.0079072   0.0146066  -0.0097439   1.0016510       5.338      10.170
   1.0045247  -0.0033295   0.0074505   1.0065520      -4.296      -6.630
   0.9986981  -0.0004370  -0.0041400   1.0021275      -8.099     -11.666
   0.9930128   0.0171431  -0.0220757   0.9976091      -6.128      -6.733
   0.9918831  -0.0155666   0.0114369   0.9957227     -22.406      -5.227
   0.9941739   0.0004690   0.0069203   0.9977939       8.013       4.709
   1.0095059   0.0321533  -0.0236974   0.9982802      27.351      15.567
   1.0121003  -0.0043501   0.0089807   1.0049585       0.968       5.249
   0.9931711  -0.0263676   0.0224370   1.0005597      -0.446       1.149
   1.0048407  -0.0298456   0.0199834   1.0083430     -15.231       7.531
   0.9931565  -0.0110530   0.0043570   0.9984214     -18.484     -13.017
   1.0070531   0.0055641  -0.0032712   1.0084749      -0.994     -13.277
   0.9968448   0.0215098  -0.0166950   0.9921651      10.261      -1.741
   0.9928467  -0.0152724   0.0209936   0.9875044      18.788       1.428
   0.9999502  -0.0012705   0.0015479   0.9898380       3.154      -1.491
   1.0048800   0.0031502  -0.0136262   1.0068848      -3.491       5.827
   0.9890965   0.0193944  -0.0140468   0.9947636      -6.360      -6.892
   1.0066713   0.0079671  -0.0074649   1.0068915       1.825      13.135
   0.9967326   0.0086374  -0.0085956   1.0097442      -6.206      12.788
   1.0061858  -0.0148259   0.0068206   1.0055333       8.318      10.012
   1.0060002  -0.0028147   0.0024874   1.0039763       3.158      -3.577
   1.0012157  -0.0045189   0.0098041   0.9924150     -12.243       2.413
   0.9984524  -0.0188534   0.0258275   0.9922485      -3.982      -5.554
   0.9869905  -0.0185116   0.0217233   0.9872679       6.442      -9.669
   0.9923824  -0.0765627   0.0791283   0.9924256      11.603     -14.055
   1.0015631  -0.0197859   0.0136154   1.0087086      12.508      -1.558
   1.0011647   0.0274793  -0.0319203   1.0064633     -10.915      -9.011
   1.0067679   0.0513436  -0.0551142   1.0067695     -31.212      -5.410
   0.9992723   0.0352633  -0.0430618   0.9985457      -4.654      16.057
   1.0023299   0.0322838  -0.0347481   0.9996092       2.745      -6.073
   0.9959974   0.0173978  -0.0072485   0.9929911      -0.907      10.312
   0.9970980  -0.0190261   0.0290650   0.9890773      19.417       6.744
   0.9888115  -0.0186571   0.0188070   0.9889930      -7.131       4.839
   1.0135320  -0.0292646   0.0261422   1.0073707       0.230       6.483
   1.0116950   0.0050299  -0.0141313   1.0138832       3.263      -9.381
   0.9986471  -0.0130016   0.0088894   1.0044880      10.278     -11.756
   0.9894472  -0.0085041   0.0141604   0.9971155       2.143      -2.020
   0.9912771   0.0266157  -0.0229063   0.9972954     -14.316      -4.716
   0.9902673   0.0174110  -0.0334083   0.9936749      -1.244       9.369
   1.0036199   0.0242734  -0.0229052   0.9956449      -6.734       1.626
   1.0089180   0.0007672   0.0047284   1.0037100     -17.492      -1.354
   1.0051494  -0.0571429   0.0696653   0.9941938       7.546      -3.759
   1.0175937  -0.0220256   0.0265738   1.0034596      11.673      11.737
   0.9955317   0.0196916  -0.0197159   1.0025618      22.237       4.621
   1.0039804  -0.0207070   0.0185663   1.0219413      13.531       0.115
   1.0059830   0.0063289  -0.0072317   1.0067075       6.058       2.953
   0.9921961   0.0217192  -0.0255792   0.9927729      -4.259       7.868
   0.9934593  -0.0064001   0.0066840   0.9879209     -18.916     -15.617
