   0.9657228   0.0004706  -0.0309824   0.9801756     -10.738       1.986
   0.9705804  -0.0180094  -0.0041254   0.9810735      -8.719      -7.328
   0.9812686  -0.0718082   0.0492043   0.9899418       7.442      -5.393
   0.9832600  -0.0335478   0.0354445   0.9968112      26.800       2.833
   0.9834044  -0.0324098   0.0367083   0.9961152      28.509      11.073
   0.9935435   0.0305997  -0.0299030   1.0072278      20.444      28.037
   0.9907008   0.0502992  -0.0488341   0.9990340      16.865      13.862
   1.0004040  -0.0224708   0.0305692   0.9970917      -0.221      18.580
   1.0005702  -0.0109773   0.0258915   1.0006533     -29.687       6.626
   1.0042939  -0.0085583   0.0279513   0.9976267     -28.967       9.327
   1.0117157  -0.0238899   0.0353506   1.0006199     -25.564      -2.808
   1.0108101  -0.0027773   0.0153125   0.9988464     -21.326      21.700
   1.0019068  -0.0094117   0.0218147   0.9908891     -12.366      19.099
   0.9744464  -0.0199759   0.0428472   0.9774199      -8.941      -3.391
   0.9825282  -0.0192782   0.0411879   0.9840532     -11.853     -23.563
   0.9874884   0.0051997   0.0144268   0.9930449      -7.057     -23.977
   0.9894776   0.0327506  -0.0104104   0.9964767      10.122     -39.762
   0.9953746   0.0389629  -0.0143323   0.9998930      27.639     -50.834
   1.0147035   0.0295838  -0.0063862   1.0244402      32.435     -11.916
   1.0325536   0.0413724  -0.0200960   1.0318893      34.092     -22.219
   1.0309767   0.0420286  -0.0209588   1.0294476      49.423     -14.185
   1.0289623   0.0344495  -0.0148513   1.0286237      60.688     -39.781
   1.0170178   0.0404441  -0.0309843   1.0066198      52.065     -30.983
   1.0165478   0.0214374  -0.0117970   1.0029638      32.678     -14.226
   0.9970628   0.0796360  -0.0805674   0.9800677      46.394      -0.529
   0.9945176   0.1481319  -0.1457097   0.9709750      22.939      18.758
   0.9859815   0.1811076  -0.1779158   0.9553139      35.386      27.277
   0.9932350   0.1272034  -0.1337680   0.9720119      27.947      21.281
   1.0050653   0.1683567  -0.1739420   0.9825745      10.780      23.092
   0.9999894   0.1766699  -0.1819607   0.9763741       0.188      22.408
   1.0125043   0.1259874  -0.1284064   1.0036904     -13.219      25.293
   1.0070184   0.1821479  -0.1831460   0.9964141     -32.010      35.134
   1.0171765   0.1683054  -0.1859681   1.0031941     -33.237      34.209
   1.0175487   0.1416020  -0.1656911   1.0079116     -53.595      33.073
   1.0108443   0.1011146  -0.1268368   1.0039237     -45.483      25.188
   1.0152909   0.0269788  -0.0430435   1.0145100     -41.024      40.698
   1.0139990   0.0392037  -0.0527077   1.0191514     -34.599      59.534
   1.0254241   0.0179553  -0.0266860   1.0328032     -37.356      27.372
   1.0220160   0.0232416  -0.0363637   1.0234169     -39.996      27.339
   1.0205472  -0.0113097   0.0047462   1.0170072     -35.500      19.295
   1.0198371  -0.0335616   0.0263981   1.0161726     -30.688      12.294
   1.0157464  -0.0818630   0.0700161   1.0071167     -36.179     -32.047
   0.9933275  -0.1560726   0.1451810   0.9903758     -36.954     -27.878
   0.9922251  -0.2036853   0.1977242   0.9906689      -2.346     -25.288
   0.9870729  -0.2422230   0.2365094   0.9946724      21.873     -40.044
   0.9886373  -0.1777344   0.1835495   0.9955438       9.669     -19.335
   0.9740022  -0.1854782   0.1959008   0.9782249       7.964     -15.659
   0.9628531  -0.1914584   0.2097982   0.9710010      10.930     -18.723
   0.9861456  -0.1013507   0.1059663   0.9899234      -1.576     -27.539
   0.9961461  -0.1071679   0.1124949   0.9941057      28.847     -19.045
   0.9968616  -0.1778879   0.1834078   0.9941450      30.472     -13.623
   1.0031782  -0.1648554   0.1708270   0.9999344      38.658       6.362
   1.0056223  -0.1199757   0.1276146   0.9973068      27.323      13.275
   1.0109991  -0.1410562   0.1494577   0.9972733      28.059      -8.350
   1.0231886  -0.0885710   0.0899168   1.0091381      13.231      -1.641
   1.0103978  -0.1487004   0.1487047   0.9977302      11.375     -10.842
   1.0053968  -0.0692174   0.0700631   0.9951388     -18.958       6.018
   0.9866846  -0.0961678   0.0916446   0.9817753     -21.844      15.404
   0.9625342  -0.1328264   0.1071858   0.9590727     -35.390      -6.685
   0.9788907  -0.0950810   0.0530412   0.9750516     -32.008      11.469
   0.9818767  -0.0677429   0.0211256   0.9770755     -45.701      -7.060
   0.9720173  -0.0674780   0.0289943   0.9782814     -49.398      -4.431
   0.9769108  -0.1074885   0.0691846   0.9848340     -29.320      -9.927
   0.9664705  -0.1289465   0.0915393   0.9765031     -18.581     -13.495
   0.9824651  -0.0951680   0.0587631   0.9912987     -29.753      -9.701
   0.9663063  -0.0489331   0.0128810   0.9737402     -24.847     -30.003
   0.9786574  -0.0595494   0.0399793   0.9872386     -35.536     -31.126
   0.9766307  -0.0833022   0.0612769   0.9864185     -46.135     -31.324
   0.9885932  -0.0468602   0.0278905   0.9969730     -45.745     -16.626
   0.9709896  -0.0001096  -0.0243047   0.9801976     -35.187      -8.814
   0.9749494   0.0095080  -0.0344695   0.9836862     -11.987     -28.472
   0.9429975   0.0249000  -0.0558720   0.9549071     -18.132      -6.595
   0.9575903   0.0529165  -0.0864690   0.9675813     -27.699       2.363
   0.9575858   0.0583901  -0.0922387   0.9665912     -13.852      27.070
   0.9639591   0.0088407  -0.0340147   0.9793448      -8.900      11.698
   0.9618556  -0.0130234   0.0032336   0.9733726      13.102     -10.735
   0.9702390  -0.0595039   0.0523245   0.9836288      12.429     -15.922
   0.9737648  -0.0610295   0.0609456   0.9879846       5.250      -6.369
   0.9923899  -0.0270521   0.0440407   0.9895982       1.038      16.084
   1.0012410  -0.0042595   0.0299256   1.0135095       1.070      -8.482
   1.0075986   0.0662549  -0.0411218   1.0206847      35.691     -18.688
   1.0098250   0.0914661  -0.0717700   1.0143830      42.665      -8.919
   1.0035027   0.0314505  -0.0301904   1.0050637      29.984     -17.742
   1.0114775   0.0533675  -0.0526681   1.0138346      22.605     -18.405
   1.0125666   0.0882090  -0.0871095   1.0144063       3.984      19.599
   0.9960720   0.0176697  -0.0160125   0.9979314       6.880      -5.788
   0.9912695   0.0242132  -0.0235735   0.9915749     -11.183     -21.673
   0.9712336   0.0311044  -0.0324540   0.9707284     -19.385     -27.448
   0.9645211  -0.0087813  -0.0030766   0.9680925     -20.385     -17.208
   0.9730651  -0.0393311   0.0321885   0.9840707     -28.035      -0.529
   0.9890586  -0.0225418   0.0304246   0.9910480     -22.695      -1.325
   0.9912276   0.0476241  -0.0420696   1.0058601     -51.856      -4.601
   1.0251431   0.0455624  -0.0275290   1.0182883     -40.735     -11.810
   1.0175704   0.0272102  -0.0097542   1.0097569     -14.867       3.013
   1.0088224   0.0075377   0.0132441   1.0043341      -9.585      10.213
   1.0225445   0.0173688   0.0040883   1.0145215     -19.527      -1.077
   1.0291499  -0.0261395   0.0396682   1.0226387     -16.130     -20.084
   1.0225970  -0.0371974   0.0426171   1.0227405      -6.065     -12.598
   1.0128736  -0.0354317   0.0505916   1.0160338     -22.203      21.828
   1.0246005  -0.0123623   0.0229021   1.0241599     -11.687      36.358
   1.0358015  -0.0109899   0.0067739   1.0403761      20.067      37.509
   1.0255647   0.0594511  -0.0583639   1.0478820      36.619      38.109
   1.0110854   0.0602399  -0.0614687   1.0300070      54.224      47.669
   1.0219550   0.0984154  -0.0997413   1.0367166      63.216      52.596
   1.0019286   0.1125978  -0.1134471   1.0182505      65.356      58.907
   0.9979782   0.0300771  -0.0307576   1.0119784      61.708      32.569
   0.9818523  -0.0051458   0.0162612   0.9896831      62.266      20.943
   0.9921268   0.0567114  -0.0486281   1.0021371      52.482       5.328
   0.9908348   0.0382423  -0.0330919   1.0015445      43.805     -27.033
   0.9949145   0.0032331   0.0027817   1.0062644      38.453     -12.747
   0.9785743  -0.0181898   0.0287505   0.9918939      19.471      -3.887
   0.9846587   0.0349709  -0.0235585   0.9892230      23.050     -17.115
   0.9917949   0.0787706  -0.0505874   0.9995484      12.347     -15.105
   0.9909945   0.1015957  -0.0766518   1.0063839      20.478     -33.109
   1.0056894   0.0954115  -0.0711302   1.0249721      13.020     -59.580
   1.0031952   0.1124212  -0.0921629   1.0142897      12.503     -40.275
   1.0235546   0.0688801  -0.0478668   1.0343733      30.019      -1.938
   1.0162673   0.1690615  -0.1434682   1.0302151      24.053       2.831
   1.0061479   0.1767800  -0.1614229   1.0303028      30.816      -6.716
   0.9947276   0.1842282  -0.1476534   1.0096866      28.341      -8.764
   1.0000501   0.1495832  -0.1143250   1.0155181      50.843      17.882
   0.9750898   0.1837873  -0.1538291   0.9994089      68.933      -6.911
   0.9745777   0.2005356  -0.1682174   0.9845232      37.862     -18.360
   1.0038059   0.1209480  -0.0939806   1.0104275      24.546     -21.267
   1.0005022   0.0190072   0.0041090   1.0045905      14.393     -17.578
   1.0000048   0.0279369  -0.0020806   1.0027896       2.758       1.912
   0.9952836   0.0393826  -0.0135585   0.9915652       9.549       3.286
   0.9835863   0.0799015  -0.0396682   0.9663925       5.579       6.030
   0.9871365   0.0372241   0.0022337   0.9685600      15.660      13.611
   0.9952988   0.0351295   0.0008814   0.9810537       8.503       5.505
   1.0016526   0.0403816  -0.0016727   0.9862162      25.023      16.939
   0.9899864   0.0051523   0.0331008   0.9676664      29.824       4.769
   0.9916555   0.0444943  -0.0095486   0.9610002      50.499      -4.197
   1.0237950   0.0480813  -0.0189144   0.9834466      53.963      -4.500
   1.0228928   0.0420587  -0.0136898   0.9845309      60.185      -8.285
   1.0318598   0.0265845  -0.0119602   0.9883037      57.965      -3.123
   1.0315492   0.0064577   0.0091485   0.9908414      60.750     -26.856
   1.0306548  -0.0567314   0.0695422   0.9898550      41.688     -37.737
   1.0366082  -0.0591340   0.0707153   1.0006266      25.764     -17.839
   1.0171610  -0.0289568   0.0408079   0.9847888      13.652     -43.388
   1.0076489  -0.0473760   0.0578625   0.9768288      22.471     -45.654
   1.0062536  -0.0460567   0.0563834   0.9763156      30.939     -22.666
   1.0110148  -0.0282561   0.0240709   0.9732894      30.396       8.922
   0.9858553   0.0156668  -0.0151544   0.9632303      -7.460      19.912
   0.9851781   0.0623660  -0.0683446   0.9653759     -20.203      14.636
   1.0020514   0.0505773  -0.0708117   0.9956336      -5.645      20.134
   1.0093379   0.0552444  -0.0720260   1.0013533      -2.403      20.368
   0.9941015   0.0780390  -0.0920675   0.9820245     -27.585       9.871
   0.9969651   0.0950515  -0.1202165   0.9738951      -0.245      18.997
   0.9890945   0.0263711  -0.0553870   0.9732789       7.888      45.634
   0.9907147   0.0112312  -0.0514094   0.9708944      -1.540      37.007
   0.9933268   0.0034016  -0.0434473   0.9749452     -12.525      34.657
   0.9976053   0.0089990  -0.0406404   0.9784648     -22.166      44.355
   0.9944979  -0.0272699  -0.0059151   0.9855829     -39.840      31.483
   0.9894252  -0.0461230   0.0051259   0.9844629     -50.739      29.005
   0.9856046  -0.0512215   0.0112186   0.9845698     -60.072      36.311
   0.9821324  -0.1023553   0.0634856   0.9843573     -87.234      37.416
   0.9847533  -0.1092250   0.0820805   0.9902031     -66.269      50.119
   1.0043449  -0.0955919   0.0704734   0.9953321     -52.111      64.783
   1.0021758  -0.1483473   0.1192857   0.9985816     -76.836      53.608
   0.9831024  -0.1745355   0.1388081   0.9907750     -74.470      51.598
   0.9984658  -0.1827039   0.1426443   0.9990944     -86.504      58.126
   0.9910758  -0.1586908   0.1234711   0.9921057     -82.696      36.400
   1.0089120  -0.1338418   0.1095780   1.0053109     -59.433      38.632
   1.0015166  -0.1054997   0.0867765   0.9926091     -49.614      51.566
   0.9965275  -0.1194652   0.1051973   0.9878826     -38.619      57.037
   1.0077305  -0.1027386   0.0848742   0.9957609     -47.590      54.533
   1.0167785  -0.0954229   0.0684909   1.0169743     -52.378      60.560
   1.0015652  -0.0784797   0.0714975   1.0086707     -52.878      43.823
   1.0187712  -0.0950864   0.0868421   1.0219004     -47.917      58.758
   1.0071063  -0.1002462   0.0924619   1.0256877     -58.464      44.674
   1.0140059  -0.1310703   0.1196422   1.0203673     -42.940      27.255
   1.0062609  -0.1420606   0.1435414   1.0128465     -44.679      -4.985
   0.9968566  -0.1423877   0.1537665   0.9986111     -61.405     -20.781
   0.9897304  -0.1475282   0.1620682   0.9942616     -53.605     -43.847
   0.9792826  -0.1299507   0.1387197   0.9898645     -43.516     -62.097
   0.9793715  -0.1575953   0.1664162   0.9905335     -39.279     -76.914
   0.9949921  -0.0686267   0.0679560   1.0125607     -36.188     -69.869
   0.9923187   0.0138136  -0.0138230   1.0100985     -58.828     -78.338
   0.9945934   0.0629644  -0.0648629   1.0076562     -74.636     -69.055
   0.9857190   0.0667394  -0.0754265   0.9984887     -41.743     -41.526
   0.9879933   0.0752171  -0.0815018   0.9990431     -27.791     -57.098
   0.9819157   0.0624311  -0.0571550   0.9930362     -21.874     -33.906
   0.9824609   0.0229779  -0.0168990   0.9902653       4.477     -34.360
   0.9712222  -0.0006018  -0.0038451   0.9901408     -13.713     -31.218
   0.9937701  -0.0174920   0.0081229   1.0087105       3.237     -25.382
   0.9923603   0.0142789  -0.0297467   1.0150095      10.896     -38.406
   0.9814554  -0.0006170  -0.0090491   1.0081367      19.400     -39.033
   0.9766682   0.0008657   0.0003998   1.0020205      14.576     -23.473
   0.9818708   0.0432544  -0.0425407   1.0019399       3.504     -21.253
   0.9839941   0.0427019  -0.0580929   0.9999667      22.798      -1.005
   1.0023987   0.0562460  -0.0492000   1.0027357      26.174      -2.043
   1.0108848   0.0423251  -0.0262367   1.0106080      22.455       4.399
   1.0113984  -0.0069319   0.0328730   1.0008476      51.310       7.270
   1.0223250   0.0387500  -0.0182221   1.0059679      59.663      28.536
   0.9969245   0.0912214  -0.0715745   0.9992906      72.582      26.585
   1.0074356   0.0636662  -0.0429340   1.0162940      65.633      28.117
   1.0056489   0.1014853  -0.0786026   0.9941094      59.916      36.863
   0.9875550   0.1279119  -0.1062987   0.9729559      51.074      47.836
   0.9893775   0.1121976  -0.0863515   0.9637227      34.083      31.523
