   1.0318484  -0.0671698   0.0646740   1.0300627       0.272      -2.154
   1.0057158   0.0011680  -0.0039740   1.0058281     -17.659      -5.077
   0.9945965   0.0081666  -0.0100844   1.0004183      -0.290       3.577
   0.9937165  -0.0049127   0.0127333   0.9904583      11.947     -15.180
   0.9975752  -0.0281160   0.0284997   0.9909444       3.078      -1.296
   1.0064794   0.0078851  -0.0124002   1.0073606      -6.636       9.461
   0.9780102  -0.0413543   0.0337456   0.9805036       2.642      10.577
   0.9958621  -0.0108125   0.0083129   0.9855475     -11.797      -1.665
   1.0059428   0.0149352  -0.0112670   0.9979362      -0.085     -17.358
   1.0035253   0.0408162  -0.0421109   1.0066123       0.920       0.518
   0.9974601   0.0183741  -0.0230237   1.0089165      -1.300       9.987
   1.0122777   0.0020801   0.0058464   1.0074440      -5.688      22.912
   1.0013342  -0.0090861   0.0108849   1.0009650      16.149     -12.710
   1.0059409   0.0295903  -0.0246727   1.0107950      19.145      -8.653
   1.0025671  -0.0304375   0.0352423   1.0104560       9.413       0.447
   0.9980028  -0.0391755   0.0257453   0.9870825      17.621      -3.105
   0.9962775  -0.0140795   0.0071883   0.9868674       0.794      -3.885
   1.0019836   0.0014020   0.0008964   0.9991919     -41.583      13.782
   0.9887555   0.0603002  -0.0554232   0.9955003     -22.640      18.056
   0.9879708   0.0288441  -0.0238285   0.9927347      10.713     -12.261
   1.0091974  -0.0013601   0.0093676   1.0139035       5.760       6.556
   1.0088880  -0.0095914   0.0086002   1.0057722     -23.809      -8.381
   1.0064714  -0.0329350   0.0316254   1.0038966      -5.716     -17.099
   0.9993552  -0.0506478   0.0476044   0.9911048      17.649      -3.128
   0.9986504   0.0284700  -0.0251907   0.9912946      15.957     -13.470
   1.0117660  -0.0107171   0.0048981   1.0075766      -3.116      -1.574
   0.9994656   0.0542797  -0.0573126   0.9986136      -1.031      -9.525
   0.9763464  -0.0127516   0.0217977   0.9926963      -8.465       9.161
   0.9817080   0.0221470  -0.0172702   0.9944459      -4.834      27.449
   1.0056273   0.0041332  -0.0091588   1.0090681      18.162       0.472
   1.0145044  -0.0169351   0.0118276   1.0130578      -1.049      -7.755
   1.0132226  -0.0147759   0.0146633   1.0087366      -1.562      -5.984
   1.0043613   0.0060919  -0.0030502   0.9975170     -14.423      14.979
   1.0050111   0.0520654  -0.0570309   0.9994341      -5.974      16.192
   0.9986065  -0.0331804   0.0294688   0.9930953       7.882       2.674
   0.9836688  -0.0109771   0.0123857   0.9911152       0.649      -5.352
   0.9981103  -0.0229912   0.0225669   1.0005224       8.960       1.481
   0.9915136   0.0399052  -0.0421535   0.9944335      -0.272       5.894
   0.9975976   0.0233251  -0.0220002   0.9969624       2.857     -15.468
   1.0127040  -0.0227946   0.0223428   1.0081565      -6.706       4.866
