   1.1079694  -0.0088522   0.0087241   1.0134599    -234.322    -271.448
   1.0823009  -0.0080071   0.0068754   1.0090413    -232.052    -214.320
   1.0590901  -0.0065581   0.0046841   1.0049366    -168.317    -157.091
   1.0395303  -0.0053028   0.0028745   1.0019590    -103.301    -111.986
   1.0221756  -0.0037502   0.0009774   0.9995120     -47.061     -68.899
   1.0072006  -0.0021187  -0.0007964   0.9979421      12.208     -31.595
   0.9943223  -0.0008931  -0.0019598   0.9971320      74.634       0.172
   0.9845988   0.0001670  -0.0028885   0.9958950     135.362      22.577
   0.9764075   0.0012363  -0.0037580   0.9951339     194.325      43.020
   0.9695127   0.0021234  -0.0043732   0.9947065     198.887      69.476
   0.9634212   0.0027546  -0.0046577   0.9941893     205.333      96.445
   0.9590592   0.0032269  -0.0047155   0.9946157     216.743     120.540
   0.9565979   0.0035451  -0.0045442   0.9943919     191.831     116.809
   0.9550300   0.0038753  -0.0043220   0.9943745     164.350     111.643
   0.9543358   0.0040957  -0.0039370   0.9945943     140.787     104.507
   0.9545487   0.0044549  -0.0036621   0.9951344     121.598      94.126
   0.9554538   0.0048202  -0.0033726   0.9958153      97.608      87.433
   0.9572334   0.0050946  -0.0029810   0.9968683      72.763      81.441
   0.9592483   0.0052837  -0.0025083   0.9976674      57.025      75.473
   0.9619316   0.0054378  -0.0020513   0.9982482      41.516      75.066
   0.9652557   0.0052679  -0.0013221   0.9990731      21.956      69.663
   0.9691570   0.0051914  -0.0007674   1.0001143       6.024      63.345
   0.9731588   0.0050392  -0.0002279   1.0009170      -8.569      56.011
   0.9772205   0.0049316   0.0001595   1.0014803     -23.347      50.664
   0.9815173   0.0045685   0.0007895   1.0020149     -34.457      45.439
   0.9860299   0.0043399   0.0012486   1.0025356     -43.057      43.169
   0.9908341   0.0039866   0.0017686   1.0028716     -54.322      39.129
   0.9957583   0.0034923   0.0023513   1.0031595     -63.700      32.789
   1.0008638   0.0030477   0.0027916   1.0034957     -73.233      28.149
   1.0059823   0.0025867   0.0031439   1.0037434     -79.838      23.443
   1.0109435   0.0019496   0.0035543   1.0037682     -90.018      17.611
   1.0157751   0.0014977   0.0036536   1.0036347     -97.897      15.341
   1.0204232   0.0007688   0.0038899   1.0033232     -96.731      10.818
   1.0243365  -0.0000782   0.0040935   1.0023305    -102.131       2.373
   1.0279853  -0.0007603   0.0039824   1.0011586    -105.883      -3.510
   1.0308235  -0.0015455   0.0039252   1.0021223    -107.093      -4.875
   1.0330076  -0.0021777   0.0036699   1.0025865    -102.448      -2.568
   1.0347917  -0.0029507   0.0034989   1.0028217     -96.536      -1.866
   1.0361958  -0.0038312   0.0033755   1.0028690     -98.033      -1.862
   1.0372581  -0.0047125   0.0031912   1.0027864     -86.643      -6.341
   1.0384247  -0.0053917   0.0027459   1.0030233     -74.326      -8.207
   1.0378550  -0.0060702   0.0022357   1.0018144    -102.272     -12.555
   1.0372441  -0.0066645   0.0015736   1.0008154    -121.833     -13.842
   1.0361997  -0.0073622   0.0009387   0.9996601    -131.956     -15.266
   1.0343320  -0.0081777   0.0004403   0.9995707    -138.830     -12.902
   1.0318292  -0.0096370   0.0005939   0.9991403    -139.480     -12.192
   1.0295860  -0.0103725   0.0000603   0.9992284    -130.170     -10.240
   1.0271260  -0.0107715  -0.0004840   0.9993543    -107.519     -11.009
   1.0242780  -0.0108384  -0.0010382   0.9993240     -78.414     -11.390
   1.0211909  -0.0104310  -0.0017506   0.9992536     -47.096     -16.656
   1.0177702  -0.0103356  -0.0018581   0.9990280     -29.566     -23.532
   1.0142642  -0.0097587  -0.0021559   0.9988535     -17.700     -31.230
   1.0106555  -0.0082909  -0.0030318   0.9991773      40.274     -42.630
   1.0064046  -0.0075108  -0.0029523   0.9989387      64.883     -43.858
   1.0018742  -0.0061927  -0.0031367   0.9984496      91.695     -54.243
   0.9975743  -0.0050402  -0.0029062   0.9981875     112.701     -64.346
   0.9936740  -0.0036879  -0.0026487   0.9982873     118.560     -77.231
   0.9898717  -0.0023172  -0.0021990   0.9984111     128.280     -90.340
   0.9860280  -0.0008603  -0.0017137   0.9983847     134.638    -103.132
   0.9828564   0.0008335  -0.0013742   0.9989022     148.921    -116.840
   0.9797273   0.0026136  -0.0011018   0.9985942     113.074    -105.850
   0.9772049   0.0044784  -0.0009233   0.9987081     101.785     -90.381
   0.9751594   0.0064934  -0.0009365   0.9990859      73.284     -85.307
   0.9731407   0.0088385  -0.0013508   0.9992367      61.015     -71.978
   0.9711763   0.0112119  -0.0018902   0.9991538      51.312     -57.607
   0.9696158   0.0139357  -0.0029147   0.9991726      37.254     -46.947
   0.9692469   0.0145148  -0.0018634   1.0000426       8.353     -40.123
   0.9702772   0.0147134  -0.0008476   0.9991978      18.330      10.236
   0.9723054   0.0143919   0.0002746   0.9990309       5.301      55.957
   0.9742546   0.0142343   0.0007672   0.9984430      19.735      96.000
   0.9768336   0.0136542   0.0011494   0.9981463       1.807      97.011
   0.9801883   0.0127507   0.0012965   0.9982928      16.402      96.187
   0.9844728   0.0109394   0.0016393   0.9976058     -19.161      88.637
   0.9900111   0.0087017   0.0016773   0.9978665     -39.574      80.408
   0.9967090   0.0058077   0.0016097   0.9989809     -64.614      64.541
   1.0031382   0.0023130   0.0013798   0.9995370     -44.559      53.269
   1.0101860  -0.0024178   0.0015822   1.0004505     -44.657      32.970
   1.0165122  -0.0077623   0.0017096   1.0016263     -28.981      17.238
   1.0232643  -0.0135302   0.0015457   1.0030532      -9.853      -8.282
   1.0300555  -0.0193777   0.0008075   1.0043659       8.951     -29.571
   1.0381117  -0.0245497  -0.0012720   1.0067419      24.317     -55.441
