  -0.1837851   0.7605180  -0.7605180  -0.1837851     -54.198     -22.026
   0.7752043   0.1896162  -0.1896162   0.7752043     -55.664     -24.136
   0.1926401  -0.7908961   0.7908961   0.1926401     -51.366     -27.139
   0.7238145  -0.4068038   0.4068038   0.7238145     -46.779     -20.558
   0.7474251  -0.3982514   0.3982514   0.7474251     -35.980     -19.013
  -0.4083070  -0.7612560   0.7612560  -0.4083070     -22.170     -17.353
  -0.3994106  -0.7853942   0.7853942  -0.3994106     -24.249      -0.456
  -0.8001420   0.4092814  -0.4092814  -0.8001420     -26.284      19.701
  -0.8120427   0.4253914  -0.4253914  -0.8120427     -49.775      17.275
   0.4556707   0.8165085  -0.8165085   0.4556707     -76.703      14.230
   0.4654468   0.8324686  -0.8324686   0.4654468     -72.444     -16.187
   0.4762491   0.8482813  -0.8482813   0.4762491     -67.638     -50.311
   0.8609872  -0.4932846   0.4932846   0.8609872     -62.224     -88.272
   0.8800151  -0.4999813   0.4999813   0.8800151     -20.331     -81.925
  -0.5299180  -0.8859914   0.8859914  -0.5299180      25.712     -75.119
  -0.5537753  -0.8956476   0.8956476  -0.5537753      17.150     -24.979
  -0.5577382  -0.9179202   0.9179202  -0.5577382       7.032      29.429
  -0.5632953  -0.9396570   0.9396570  -0.5632953      -3.474      88.478
  -0.9458925   0.5950080  -0.5950080  -0.9458925     -14.440     152.317
   0.5896792   0.9754359  -0.9754359   0.5896792     -82.905     139.036
   0.5692466   1.0137272  -1.0137272   0.5692466     -69.953      65.285
   0.5837300   1.0322558  -1.0322558   0.5837300     -58.624     -14.105
  -0.3232480   1.1655976  -1.1655976  -0.3232480     -46.263     -98.904
  -0.3434551   1.1850126  -1.1850126  -0.3434551    -100.867    -172.177
  -1.0964618   0.6176450  -0.6176450  -1.0964618    -159.884    -249.487
  -1.0976861   0.6654183  -0.6654183  -1.0976861    -262.168    -264.224
  -1.2688762  -0.3228257   0.3228257  -1.2688762    -370.116    -283.317
  -1.2883952  -0.3515071   0.3515071  -1.2883952    -464.686    -215.940
  -0.3071448   1.3271155  -1.3271155  -0.3071448    -563.478    -142.959
   1.3522884   0.3191468  -0.3191468   1.3522884    -636.460    -250.245
