3
1024 1024 10 1 1.000000 1
102.400002  204.799988  5  102.400002  204.799988  5
0.994069  0.026052  -0.028075  0.994799  -2.616 -8.494
  1.204  1.883  -0.626  -0.804  -1.365  2.337  0.797  -0.047
  -1.064  -0.765
  1.449  -0.328  0.955  -0.052  0.840  -0.913  -0.485  -0.613
  -0.457  -0.715
  0.713  -0.677  -1.279  0.570  0.271  -2.612  0.688  -0.297
  -0.705  1.620
  -2.994  -0.446  0.146  0.584  0.651  0.548  0.824  -0.048
  -0.713  -0.246
  -0.225  -0.844  -0.191  -0.951  -0.600  2.457  1.100  0.968
  1.063  -0.610
102.400002  204.799988  5  102.400002  204.799988  5
0.998933  0.004793  -0.005180  0.998908  -6.007 -1.347
  0.193  1.364  -0.166  -0.711  -0.194  1.220  0.715  0.066
  -1.917  0.105
  0.655  -2.265  -0.741  -1.156  1.065  0.770  0.340  0.113
  -0.366  -0.508
  0.131  0.095  0.834  0.051  -0.838  0.507  0.421  0.274
  -0.037  -0.749
  -0.008  0.385  0.368  0.498  0.718  -0.968  -0.281  0.175
  0.810  0.605
  -0.221  -0.133  -2.116  -0.029  0.523  1.807  -1.197  -1.035
  1.309  -0.483
102.400002  204.799988  5  102.400002  204.799988  5
1.002292  -0.026424  0.027377  1.003930  -16.338 -3.930
  -0.375  -1.284  0.831  1.589  0.351  -0.854  -0.172  -0.407
  0.113  1.165
  0.532  -0.870  -0.626  0.777  0.035  -0.246  0.900  1.180
  -0.440  -0.591
  -2.545  -0.812  0.098  -0.214  -0.037  0.819  1.089  0.061
  -1.124  -1.377
  0.596  0.599  0.161  -0.229  -0.826  1.230  1.104  0.370
  -0.165  -0.424
  0.680  -0.066  0.407  0.894  -0.623  -0.598  1.195  -0.595
  -1.160  -0.116
102.400002  204.799988  5  102.400002  204.799988  5
1.007074  -0.002308  0.003465  1.005886  9.384 3.794
  -1.250  -1.353  0.778  0.643  0.649  -2.651  -1.426  1.439
  1.853  1.407
  -1.504  0.931  0.784  0.198  -0.833  -0.653  -0.563  0.729
  1.143  0.376
  0.057  0.114  0.132  -0.546  0.010  0.251  -1.071  0.531
  0.886  -0.771
  1.983  0.438  -0.216  -0.680  -0.868  -0.282  -1.141  -1.105
  0.720  -0.083
  0.506  1.254  0.641  1.575  0.677  -1.708  -0.469  -0.607
  -1.479  0.553
102.400002  204.799988  5  102.400002  204.799988  5
0.998642  -0.013167  0.014276  0.996960  15.442 7.994
  -0.875  -0.936  0.109  0.212  1.443  -1.826  -0.045  -0.839
  1.146  -0.764
  -1.956  1.607  0.194  0.733  -0.466  0.629  -1.029  -0.435
  0.028  1.909
  0.988  0.725  0.417  0.532  0.596  1.124  -1.407  -0.808
  0.154  0.747
  2.097  0.104  -0.152  -0.740  -0.302  -0.308  -1.188  -0.364
  0.608  0.051
  -1.059  -0.041  0.910  -0.452  0.244  -1.715  -0.473  -0.067
  0.017  0.921
102.400002  204.799988  5  102.400002  204.799988  5
1.001886  -0.015520  0.016330  1.001387  8.659 4.695
  -0.470  -0.423  -0.670  -0.581  -0.500  -0.460  -0.147  -0.910
  1.729  -0.583
  -0.213  2.648  -0.330  -0.442  -1.562  1.453  -0.041  -1.418
  0.597  1.081
  1.310  0.679  0.558  -0.527  0.000  0.717  -1.094  0.630
  2.090  -0.085
  0.761  -1.037  -0.362  0.625  0.439  -0.705  -0.930  0.699
  -0.794  -0.418
  -0.212  -0.425  1.040  -0.213  0.591  -2.240  -1.038  1.084
  -0.753  0.853
102.400002  204.799988  5  102.400002  204.799988  5
0.996631  0.007551  -0.007858  0.996523  4.974 8.791
  0.691  0.273  0.022  -0.585  -0.475  0.281  -0.835  0.220
  0.206  -1.586
  0.360  1.491  -0.326  0.177  -0.406  -0.049  0.602  -0.415
  0.964  0.075
  0.099  0.847  -0.682  -0.010  -0.034  0.949  0.001  0.015
  0.507  -0.110
  -0.801  -1.723  -0.549  -0.119  -0.509  -0.672  0.885  0.391
  -0.825  0.598
  0.700  0.715  1.356  -1.621  -0.760  -1.632  0.097  2.102
  -0.289  0.389
102.400002  204.799988  5  102.400002  204.799988  5
1.001170  0.001718  -0.001647  1.001638  1.247 8.037
  -0.046  -0.455  -0.597  0.069  0.922  0.733  0.422  0.629
  -0.234  -0.562
  -0.783  0.140  -0.744  0.289  -0.558  -0.467  1.269  0.198
  -0.387  -1.089
  0.663  -0.097  -0.053  -0.485  0.205  -0.199  0.546  -0.746
  -0.669  1.210
  0.060  0.658  0.126  -0.491  -0.180  0.590  0.525  0.796
  -0.170  0.258
  0.848  0.363  -0.439  -0.336  -0.504  -0.899  -0.338  0.046
  0.116  -0.150
102.400002  204.799988  5  102.400002  204.799988  5
1.002944  0.025888  -0.026045  1.003177  -1.300 -6.256
  0.047  0.229  -0.183  0.153  -0.197  0.116  -0.179  0.049
  0.010  1.024
  0.312  -2.469  0.228  0.053  1.386  0.298  -0.023  0.565
  -1.041  -0.083
  -0.604  -0.069  -0.166  0.027  0.600  -0.657  0.642  -0.063
  -0.723  -0.008
  -0.701  0.904  0.207  -0.324  0.895  0.268  -0.120  -0.378
  -0.365  -0.223
  -0.544  0.141  0.306  0.878  -0.443  1.856  0.021  -1.251
  0.636  -1.036
102.400002  204.799988  5  102.400002  204.799988  5
0.994878  -0.008764  0.007569  0.995410  -13.435 -13.278
  1.015  0.737  0.495  -0.051  -0.769  1.112  0.756  -0.087
  -1.615  0.578
  1.109  -0.709  0.551  -0.603  0.512  -0.804  -1.076  0.113
  -0.062  -0.332
  -0.741  -0.741  0.195  0.443  -0.568  -1.041  0.129  0.491
  -0.592  -0.418
  -0.941  0.090  0.111  0.873  0.023  0.226  0.402  -0.485
  0.923  -0.257
  -0.588  -0.955  -1.566  0.498  0.880  2.236  0.938  -0.661
  0.478  -0.254
