   1.0116812  -0.1786873   0.1794179   1.0094573     -66.760      54.145
   0.9928930  -0.1087076   0.1086691   0.9927248     -77.174      50.506
   0.9821235  -0.1013458   0.1013462   0.9877114     -54.101      62.241
   0.9782993  -0.1132849   0.1236906   0.9759699     -33.185      46.369
   0.9828027  -0.1307884   0.1343314   0.9757555     -37.378      60.880
   1.0000803  -0.0893814   0.0884799   0.9979337     -39.541      61.629
   0.9768631  -0.1127892   0.1109539   0.9760881     -23.748      62.987
   0.9920097  -0.0824803   0.0822260   0.9804593     -28.092      45.640
   1.0066367  -0.0444186   0.0518572   0.9978477      -7.680      28.281
   1.0044854  -0.0193631   0.0218793   1.0068482       4.815      37.939
   1.0013473  -0.0309081   0.0300992   1.0115994      13.327      37.859
   1.0144799  -0.0502946   0.0654573   1.0129739      17.874      44.639
   1.0031482  -0.0739047   0.0840942   1.0075082      47.495       7.462
   1.0066305  -0.0356853   0.0433975   1.0095091      51.063       5.138
   1.0006304  -0.1009397   0.1095119   1.0056760      42.634       3.270
   0.9947190  -0.1009470   0.0906727   0.9816227      35.635      -1.418
   0.9924511  -0.0722259   0.0681572   0.9799349      10.753      -8.907
   0.9983162  -0.0557009   0.0623383   0.9939854     -29.786      -2.311
   0.9900185   0.0055882   0.0030169   0.9941847     -32.109       0.356
   0.9897316  -0.0206517   0.0321120   0.9943364      -9.558     -32.751
   1.0102887  -0.0476754   0.0603958   1.0154932      -7.795     -22.127
   1.0107509  -0.0607539   0.0625600   1.0049107     -29.607     -45.315
   1.0084201  -0.0678830   0.0684741   1.0030861      -6.486     -57.987
   1.0047026  -0.0696774   0.0658499   0.9918949      16.686     -43.666
   1.0001030   0.0216442  -0.0194732   0.9900877      15.815     -52.619
   1.0084933   0.0037606  -0.0095793   1.0058568       0.870     -33.056
   0.9920590   0.0908802  -0.0950574   0.9947145       2.579     -31.149
   0.9714493   0.0470648  -0.0385928   0.9937592      -1.430     -11.262
   0.9752303   0.0904833  -0.0887789   0.9958359       0.663       8.467
   0.9966817   0.0895345  -0.0973333   1.0096269      22.468     -12.728
   1.0086380   0.0776390  -0.0865275   1.0169742       4.033     -11.150
   1.0118850   0.0852095  -0.0925904   1.0132899       7.811      -8.620
   0.9960798   0.1060945  -0.1100181   0.9972278       0.765       8.486
   0.9873817   0.1591520  -0.1714648   0.9926800      12.164       2.869
   0.9851207   0.0993169  -0.1116293   0.9926247      24.558      -7.958
   0.9623554   0.1320054  -0.1377281   0.9841254      21.219     -24.459
   0.9779515   0.1401014  -0.1501935   0.9963819      31.255     -30.130
   0.9596305   0.2144119  -0.2269930   0.9794030      23.856     -34.642
   0.9678538   0.2126746  -0.2219669   0.9849918      23.733     -67.039
   0.9901842   0.1840996  -0.1950372   1.0057974      19.186     -55.490
