   0.9952654   0.0234582  -0.0211322   1.0024540      11.168       2.326
   0.9999372   0.0041480  -0.0046720   0.9961227     -13.733      -4.241
   1.0077602  -0.0526503   0.0420621   0.9994134     -11.339      -3.589
   1.0032001  -0.0158492   0.0238033   1.0011685       3.820       0.539
   0.9964195  -0.0176152   0.0226954   0.9968957       7.621       3.566
   0.9992253   0.0430955  -0.0451251   1.0048304       6.025      15.409
   0.9908507   0.0599153  -0.0645146   0.9954607      10.963      -2.951
   0.9974148  -0.0148532   0.0140120   0.9951022       3.304      -0.608
   0.9955652  -0.0047046   0.0086415   0.9999766     -17.456     -12.599
   0.9992927  -0.0030354   0.0095916   0.9992721      -9.900      -8.149
   1.0086092  -0.0185432   0.0154990   1.0054855      -2.370     -16.312
   1.0115496   0.0086911  -0.0120585   1.0076308       4.959      15.405
   1.0067420   0.0085355  -0.0129985   1.0020915      11.608      21.478
   0.9834220  -0.0065645   0.0108786   0.9902347       8.614       5.472
   0.9927874  -0.0126635   0.0143782   0.9948170      -2.641      -9.450
   0.9960702  -0.0051061   0.0038740   0.9985563      -9.236      -5.167
   0.9941791   0.0101093  -0.0098398   0.9956184      -2.757     -14.777
   0.9937224   0.0151140  -0.0135984   0.9917563       4.416     -20.632
   1.0057181   0.0045282  -0.0048225   1.0083264       0.618      22.607
   1.0157849   0.0110377  -0.0121932   1.0104192      -4.702      12.816
   1.0087556   0.0059745  -0.0043907   1.0069791       4.267      17.810
   1.0043087  -0.0097480   0.0129093   1.0085604      12.792     -15.672
   0.9948724  -0.0167976   0.0141972   0.9944918       3.311     -16.079
   0.9975131  -0.0491153   0.0509330   0.9993181     -14.795      -7.714
   0.9875965  -0.0069202   0.0015199   0.9891717       3.464       0.326
   0.9965226   0.0408198  -0.0405941   0.9946401     -15.045      10.719
   0.9955839   0.0541089  -0.0511286   0.9880665       3.911      14.925
   0.9961918  -0.0235070   0.0189244   0.9974412       7.441       2.405
   1.0094192  -0.0004332  -0.0012280   1.0089463       3.117      -2.958
   1.0005493  -0.0005146   0.0022398   0.9981276       5.470      -6.378
   0.9992228  -0.0505476   0.0559243   1.0090202       2.172      -6.295
   0.9996567   0.0187682  -0.0098483   1.0045011      -8.651       2.578
   1.0075226   0.0260182  -0.0292655   1.0035381      -0.176       2.984
   1.0037925   0.0259943  -0.0338939   0.9995943     -11.787      -3.175
   0.9933480   0.0054123  -0.0138340   0.9884781      -1.176     -13.131
   0.9911867  -0.0516338   0.0518171   0.9903880       3.958       0.986
   0.9933534  -0.0223966   0.0236331   0.9985257       8.869      20.557
   1.0057271  -0.0123643   0.0184835   1.0129737       6.390      -5.527
   1.0025173   0.0231586  -0.0226313   1.0046244       0.683       3.196
   1.0016360   0.0209182  -0.0152288   0.9989721       0.797       6.621
   1.0009961   0.0393003  -0.0366903   0.9978502      -0.860      10.536
   1.0004990   0.0254826  -0.0306826   0.9934444     -15.130     -21.738
   0.9894418  -0.0194302   0.0139954   0.9883466     -21.007      -7.130
   1.0013263  -0.0430693   0.0403648   1.0007319       9.730      -0.658
   1.0090259  -0.0592415   0.0554470   1.0166938      24.529     -12.043
   1.0051403   0.0162986  -0.0122825   1.0080335       8.996      10.833
   0.9959217   0.0071295  -0.0019442   0.9938232      -0.539      12.523
   0.9877300  -0.0109618   0.0220542   0.9880742      -4.485       5.860
   0.9915886   0.0667148  -0.0705970   0.9911099     -25.232      -6.626
   0.9998934   0.0470024  -0.0514931   0.9966596       1.293      -7.773
   1.0043527  -0.0410172   0.0375664   1.0049883       0.902      -7.259
   1.0027678  -0.0388788   0.0369164   1.0067215      13.185      10.834
   0.9968541   0.0027730  -0.0032902   0.9972230       5.063      15.355
   1.0018411  -0.0155253   0.0173261   0.9984967       4.083      -8.513
   1.0074141   0.0369347  -0.0390432   1.0047874      -4.064      -1.893
   1.0063643  -0.0332977   0.0352909   1.0053452       4.773     -15.367
   1.0016553   0.0384831  -0.0303025   1.0021689     -10.659       3.171
   0.9942614   0.0059678   0.0036854   0.9973137       0.315      12.520
   0.9798951  -0.0418579   0.0390031   0.9813920      -4.237      -7.890
   0.9980454  -0.0042053  -0.0077249   0.9977830       5.102      10.798
   1.0041069   0.0276286  -0.0379154   1.0004635      -8.594      -5.564
   0.9983994   0.0285426  -0.0261648   1.0017982     -13.182       0.429
   1.0097880  -0.0137652   0.0174330   1.0105785       7.357      -2.703
   0.9977984  -0.0372311   0.0396193   0.9988227      17.599      -0.237
   1.0071583  -0.0075735   0.0079740   1.0071012       5.146       8.774
   0.9841883   0.0358782  -0.0408946   0.9839016       7.014      -5.945
   0.9998492   0.0090769  -0.0029100   0.9984558      -3.732      -4.473
   1.0012066  -0.0295534   0.0304257   1.0005134     -14.455      -5.406
   1.0155990  -0.0122633   0.0174795   1.0140929     -12.323       6.273
   0.9987125   0.0065956  -0.0055858   0.9999558      -2.652       6.660
   1.0070819  -0.0063305   0.0084844   1.0065554      19.569     -16.194
   0.9793653  -0.0021659  -0.0017302   0.9807554       6.607       0.098
   0.9980246   0.0298067  -0.0348279   0.9979384     -11.322       2.712
   0.9994377   0.0481628  -0.0542482   0.9988519      -3.486      24.862
   1.0027198   0.0036109  -0.0058163   1.0074496      -3.240       6.706
   0.9971513  -0.0128346   0.0186003   0.9977422      13.995     -15.749
   0.9995334  -0.0472492   0.0452508   1.0018548       7.416     -17.426
   0.9945805  -0.0425035   0.0388522   0.9982297      -4.300      -3.220
   1.0030284  -0.0141290   0.0197502   0.9900549     -13.623      21.872
   1.0031114  -0.0028539   0.0126953   1.0060729     -19.680      -0.752
   1.0016626   0.0514603  -0.0446071   1.0060097      10.686      -8.530
   1.0017725   0.0546701  -0.0526422   1.0002072      17.077       1.278
   0.9914748  -0.0262667   0.0139670   0.9893706       8.662      -7.458
   1.0022335  -0.0133900   0.0056468   1.0027914       3.990      -9.265
   1.0123420   0.0283974  -0.0300244   1.0121518     -12.475      28.841
   1.0013404  -0.0271339   0.0305976   1.0007865      -1.133       6.674
   1.0038952  -0.0022600   0.0085841   1.0009987      -7.248      -8.187
   0.9887660   0.0211749  -0.0157451   0.9847934      -3.589     -15.033
   0.9836119  -0.0117351   0.0039131   0.9840252       5.299      -8.397
   0.9914494  -0.0418405   0.0339581   0.9982667       4.781       6.989
   1.0024195  -0.0314519   0.0345829   1.0008550       9.902       5.632
   0.9979671   0.0362926  -0.0388592   1.0103768     -21.733       1.870
   1.0243124   0.0344750  -0.0279635   1.0166919     -11.719      -4.582
   1.0075135   0.0158921  -0.0133638   1.0014141      11.963       8.314
   0.9897531  -0.0020680   0.0055708   0.9894207      15.309      10.823
   0.9990219   0.0178377  -0.0151354   0.9958535       2.372      -0.625
   1.0028278  -0.0158005   0.0118215   1.0017049       2.062     -19.951
   0.9967980  -0.0230743   0.0141023   1.0008156       5.478     -17.126
   0.9869901  -0.0239097   0.0295498   0.9900666     -18.524       8.653
   0.9983225  -0.0066627   0.0118162   0.9931198     -18.341      12.525
   1.0101011  -0.0189275   0.0125613   1.0057622       1.180       2.588
   1.0047367   0.0279792  -0.0264880   1.0132189       8.065      -5.178
   0.9926870   0.0095403  -0.0102255   0.9973019      11.681       0.629
   1.0111440   0.0336074  -0.0342156   1.0101135       7.728       4.108
   0.9990305   0.0452745  -0.0457112   0.9989933       0.842      14.702
   0.9949175  -0.0314368   0.0294472   0.9936415      -3.527      -0.699
   0.9830279  -0.0526543   0.0614817   0.9784158      -0.592      -0.430
   1.0023657   0.0240320  -0.0197043   1.0008023      -4.197      -6.367
   1.0056839   0.0120471  -0.0152317   1.0060326      -0.794     -28.657
   1.0106206  -0.0186900   0.0132769   1.0129060       3.263      -1.998
   0.9924520  -0.0400584   0.0360175   0.9973788      -8.295      17.892
   0.9967395   0.0038735  -0.0091229   0.9905794       1.473      10.868
   1.0005114   0.0304975  -0.0201447   0.9967376      -6.011      16.290
   0.9932442   0.0289368  -0.0237249   0.9967601       7.042      -1.579
   1.0008961   0.0027359  -0.0002081   1.0073436       2.903     -31.921
   0.9963598   0.0078344  -0.0098476   0.9929161      -1.618     -17.497
   1.0082849  -0.0609068   0.0556889   1.0046684       6.104      14.862
   1.0110276   0.0089477  -0.0100187   1.0080926      -7.375      14.215
   1.0047171   0.0011423  -0.0146017   1.0094002      -5.269       3.088
   0.9933716   0.0131179  -0.0040177   0.9917620     -11.511      -4.477
   0.9978102  -0.0145765   0.0220959   0.9968023       5.845      21.540
   0.9836447   0.0289989  -0.0268866   0.9915972      27.893      -0.557
   0.9899543   0.0628834  -0.0574319   0.9856094       2.902     -13.907
   1.0134271  -0.0011678  -0.0004298   1.0097005      -5.268     -14.035
   1.0018277  -0.0770580   0.0706956   1.0020421      -7.567      -7.952
   1.0058291  -0.0421703   0.0377134   1.0094998     -12.860       8.511
   1.0024949  -0.0049984  -0.0006270   1.0038774      -0.384       4.058
   0.9922713   0.0458840  -0.0386569   0.9829983      -0.848       3.369
   0.9948620   0.0109672  -0.0060642   0.9893237       8.640       8.116
   1.0024641   0.0069956  -0.0095972   1.0064274      -3.657      -4.567
   1.0070791   0.0060393  -0.0068737   1.0145837       0.698       5.283
   0.9905775  -0.0377795   0.0403026   0.9961248      -7.443      -3.542
   0.9868158  -0.0014322   0.0027165   0.9870808       5.000      -8.382
   1.0095674   0.0111702  -0.0121856   1.0042197       2.317      -2.843
   1.0022743   0.0209066  -0.0189336   1.0005426       7.141       1.338
   1.0047340   0.0178430  -0.0251920   0.9992623       5.138      14.751
   1.0002981   0.0135343  -0.0153264   0.9986320       8.398      -1.688
   1.0005586  -0.0351070   0.0343201   1.0006002      -5.833      -7.300
   1.0099336  -0.0232171   0.0230870   1.0144531     -13.108      14.958
   0.9943085   0.0122513  -0.0100775   0.9989976     -17.807     -12.970
   0.9926338  -0.0031100   0.0069615   0.9947501      -1.518     -23.296
   0.9989460  -0.0086837   0.0151893   0.9983714      17.197      -6.600
   1.0082858  -0.0126793   0.0070630   0.9961652      24.545      18.292
   0.9852177   0.0062274  -0.0041762   0.9844724      -7.841      19.736
   0.9891948   0.0301425  -0.0307913   0.9877671     -17.225       4.473
   1.0077100  -0.0022793  -0.0064712   1.0175509      -1.181       1.600
   1.0152088  -0.0102309   0.0105169   1.0225132       2.570      -3.760
   1.0000786   0.0141604  -0.0063827   1.0034640     -19.580     -21.043
   1.0031765   0.0334371  -0.0324232   0.9954100       7.579     -13.455
   0.9918188  -0.0282807   0.0295509   0.9904029      15.204      15.670
   0.9948659  -0.0235388   0.0169641   0.9890553       9.298       7.954
   0.9996222  -0.0095111   0.0053999   0.9955046       2.506       3.585
   1.0049103   0.0167979  -0.0104977   1.0012244       0.965       9.632
   1.0057157  -0.0021855   0.0065173   1.0090580      -5.037      -5.669
   1.0003170  -0.0028793  -0.0016326   1.0046899      -5.894     -10.445
   0.9942162   0.0154073  -0.0193254   0.9989687      -5.722      -6.337
   0.9921417  -0.0130439   0.0087731   0.9955065     -23.010      -6.166
   0.9944646  -0.0013395   0.0079811   0.9976786       9.467       3.978
   1.0090675   0.0296151  -0.0221736   0.9971358      27.872      14.356
   1.0115836  -0.0036000   0.0063317   1.0044026       1.355       2.953
   0.9919357  -0.0199107   0.0170012   0.9987341       1.069      -0.266
   1.0051262  -0.0243292   0.0152931   1.0075012     -13.283       8.044
   0.9921137  -0.0062387  -0.0002088   0.9977467     -18.325     -13.157
   1.0066835   0.0116075  -0.0096260   1.0081111       0.990     -11.395
   0.9966410   0.0235794  -0.0187633   0.9930580       8.994       0.422
   0.9939615  -0.0059637   0.0131577   0.9886255      16.462       3.718
   1.0020453  -0.0000497   0.0010966   0.9924196       4.354       0.644
   1.0067834   0.0001509  -0.0108835   1.0085824      -4.794       5.699
   0.9886958   0.0082909  -0.0025023   0.9948257      -8.852     -10.211
   1.0060794  -0.0008426   0.0014089   1.0060363       1.067      10.718
   0.9963410   0.0092393  -0.0101820   1.0089259      -7.439       8.354
   1.0069635  -0.0026532  -0.0061718   1.0068603       8.194       4.052
   1.0053042  -0.0007252   0.0006086   1.0028862       5.061      -5.598
   1.0000730   0.0026909   0.0021457   0.9914647     -11.669       1.246
   0.9986944  -0.0071636   0.0133925   0.9927464      -5.327      -3.744
   0.9893171  -0.0057075   0.0070401   0.9896771       5.854      -7.246
   0.9930314  -0.0631382   0.0650103   0.9942591      11.046     -10.562
   1.0026379  -0.0121591   0.0069597   1.0086969      15.237       2.943
   1.0018016   0.0311000  -0.0352345   1.0066640      -9.663      -3.815
   1.0065671   0.0468567  -0.0506214   1.0063869     -28.904      -2.704
   1.0002102   0.0237682  -0.0312428   0.9986623      -0.986      16.971
   1.0027521   0.0202239  -0.0214719   1.0000772       4.781      -7.363
   0.9956108   0.0061002   0.0037599   0.9935299       1.261       9.111
   0.9960185  -0.0245176   0.0346125   0.9893565      20.603       3.575
   0.9872779  -0.0314719   0.0306324   0.9895681      -8.617       1.747
   1.0124331  -0.0350633   0.0309782   1.0081053      -0.642       4.931
   1.0122613   0.0103579  -0.0189080   1.0137752       0.536      -9.320
   0.9989255  -0.0019605  -0.0004389   1.0037832       6.114     -12.278
   0.9909922  -0.0066965   0.0134751   0.9971114       1.308       0.513
   0.9929078   0.0273311  -0.0229800   0.9971246     -11.300      -3.076
   0.9909406   0.0197082  -0.0349926   0.9946038       1.368      10.515
   1.0048792   0.0263354  -0.0228853   0.9962122      -3.012       1.953
   1.0081358   0.0044920   0.0030211   1.0024948     -15.573      -0.143
   1.0018287  -0.0523709   0.0648765   0.9907686       4.190      -5.186
   1.0116450  -0.0165997   0.0189680   0.9978685       3.316       7.538
   0.9881358   0.0250579  -0.0289031   0.9955347      10.108      -1.733
   0.9970374  -0.0155856   0.0087962   1.0155700       0.646      -6.820
   1.0016040   0.0092092  -0.0140340   1.0027418      -3.020      -2.131
   0.9937239   0.0206713  -0.0249128   0.9943049      -3.118       8.624
   1.0048146  -0.0142435   0.0215811   0.9984150       1.105      -3.229
