  -0.7305779   0.6864416  -0.6864416  -0.7305779      29.003     -14.127
   0.6998133   0.7160287  -0.7160287   0.6998133      13.216      -8.950
   0.6988618  -0.7158158   0.7158158   0.6988618       3.417      -9.214
   0.9999999  -0.0000001   0.0000001   0.9999999       0.000       0.000
   1.0000000  -0.0000001   0.0000001   1.0000000       0.000       0.000
  -0.0252155  -1.0000670   1.0000670  -0.0252155       3.172      -1.451
  -0.0258515  -1.0008061   1.0008061  -0.0258515      -2.562      20.687
  -0.0242059  -1.0000920   1.0000920  -0.0242059       3.248      -1.618
  -0.0250473   1.0003591  -1.0003591  -0.0250473      45.209      14.265
   1.0000666  -0.0001609   0.0001609   1.0000666       0.625      -0.237
   0.9998692   0.0003211  -0.0003211   0.9998692      -1.224       0.466
   1.0000640  -0.0001607   0.0001607   1.0000640       0.600      -0.229
  -0.0075892  -1.0006073   1.0006073  -0.0075892       6.025      -2.266
  -0.0226339   1.0004165  -1.0004165  -0.0226339      67.427      23.759
   1.0001812   0.0063932  -0.0063932   1.0001812       2.103      -0.659
   0.9997643  -0.0088196   0.0088196   0.9997643      -2.089       0.532
   0.9998035  -0.0015292   0.0015292   0.9998035      -1.968       0.853
   1.0001829   0.0039629  -0.0039629   1.0001829       1.956      -0.727
  -0.0286541  -1.0002258   1.0002258  -0.0286541       6.408      -3.031
   1.0000495  -0.0058477   0.0058477   1.0000495       0.587      -0.626
   0.9998009   0.0116923  -0.0116923   0.9998009      -1.168       1.211
   1.0000471  -0.0058483   0.0058483   1.0000471       0.581      -0.585
   0.7219845   0.6928282  -0.6928282   0.7219845       6.657      -3.634
   0.6955155   0.7200962  -0.7200962   0.6955155     -26.697     -45.398
   0.7222739   0.6921631  -0.6921631   0.7222739       4.087      -2.429
   0.7158700   0.6961095  -0.6961095   0.7158700      86.902      49.549
   0.0001685   0.9988325  -0.9988325   0.0001685      93.559      30.368
  -0.0279505   0.9988406  -0.9988406  -0.0279505      47.705      16.420
   0.9999999  -0.0000004   0.0000004   0.9999999      -0.000       0.000
   0.0152807  -1.0010084   1.0010084   0.0152807      76.586      31.261
