3
1024 1024 10 1 1.000000 1
102.400002  204.799988  5  102.400002  204.799988  5
0.995091  0.019849  -0.021197  0.995271  4.496 -2.053
  0.992  1.136  -0.630  -1.011  -1.160  1.623  0.309  -0.024
  -0.071  -1.312
  0.732  1.147  0.774  0.156  0.009  -0.462  -0.391  -1.019
  0.057  -0.170
  1.125  0.105  -1.092  0.293  0.435  -1.619  0.051  -0.349
  0.065  1.614
  -2.127  -1.098  -0.324  0.385  0.377  0.211  0.589  0.044
  -0.970  -0.135
  -0.173  -0.480  0.729  -1.186  -0.536  0.550  0.698  1.603
  0.532  -0.002
102.400002  204.799988  5  102.400002  204.799988  5
0.999483  0.001537  -0.001551  0.999161  -1.962 2.433
  0.037  0.978  -0.185  -0.791  -0.028  0.769  0.476  0.036
  -1.386  -0.186
  0.262  -1.438  -0.930  -1.107  0.626  1.012  0.462  -0.077
  -0.097  -0.158
  0.374  0.514  0.917  -0.111  -0.777  1.107  0.097  0.282
  0.351  -0.817
  0.433  0.034  0.185  0.379  0.565  -1.185  -0.369  0.275
  0.646  0.685
  -0.165  0.098  -1.564  -0.187  0.489  0.714  -1.388  -0.632
  0.970  -0.193
102.400002  204.799988  5  102.400002  204.799988  5
1.002500  -0.026699  0.027761  1.004139  -15.308 -2.809
  -0.424  -1.409  0.811  1.607  0.436  -0.944  -0.245  -0.414
  0.244  1.103
  0.427  -0.718  -0.686  0.838  -0.082  -0.216  0.979  1.171
  -0.402  -0.548
  -2.485  -0.730  0.101  -0.266  0.000  0.933  1.054  0.027
  -1.073  -1.352
  0.697  0.564  0.124  -0.303  -0.866  1.227  1.096  0.427
  -0.213  -0.410
  0.723  0.011  0.535  0.853  -0.654  -0.863  1.130  -0.517
  -1.227  -0.072
102.400002  204.799988  5  102.400002  204.799988  5
1.007124  0.000429  0.000700  1.005993  7.425 2.191
  -1.164  -1.132  0.741  0.610  0.558  -2.300  -1.196  1.503
  1.540  1.511
  -1.329  0.442  0.775  0.155  -0.600  -0.751  -0.494  0.845
  0.941  0.109
  -0.045  -0.100  0.078  -0.512  -0.019  -0.038  -0.826  0.446
  0.629  -0.671
  1.738  0.671  -0.102  -0.659  -0.764  -0.138  -1.026  -1.096
  0.737  -0.090
  0.530  1.168  0.347  1.646  0.615  -1.161  -0.383  -0.828
  -1.282  0.369
102.400002  204.799988  5  102.400002  204.799988  5
0.997728  -0.007088  0.007493  0.996274  12.950 3.928
  -0.617  -0.443  0.160  0.087  1.037  -1.373  0.114  -0.867
  0.703  -0.632
  -1.391  1.069  0.467  0.625  -0.086  0.457  -1.281  -0.360
  -0.186  1.862
  0.843  0.461  0.246  0.691  0.586  0.471  -1.146  -0.762
  -0.028  0.719
  1.426  0.187  -0.025  -0.586  -0.127  -0.212  -1.016  -0.446
  0.577  -0.088
  -1.298  -0.217  0.600  -0.410  0.222  -0.756  -0.070  -0.193
  0.288  0.715
102.400002  204.799988  5  102.400002  204.799988  5
1.000243  -0.012276  0.012490  0.999909  5.499 1.382
  -0.168  0.048  -0.746  -0.703  -0.762  0.219  0.206  -1.032
  1.007  -0.607
  0.292  2.068  -0.239  -0.629  -1.136  1.317  -0.316  -1.342
  0.480  0.915
  1.268  0.524  0.524  -0.310  -0.074  0.205  -0.848  0.878
  2.003  -0.279
  0.253  -0.854  -0.196  0.710  0.551  -0.628  -0.692  0.383
  -1.069  -0.249
  -0.398  -0.650  0.301  -0.370  0.687  -1.248  -0.733  0.725
  -0.195  0.909
102.400002  204.799988  5  102.400002  204.799988  5
0.996038  0.008170  -0.008754  0.996163  1.433 6.721
  0.854  0.423  -0.120  -0.551  -0.666  0.852  -0.476  0.058
  -0.224  -1.654
  0.648  1.074  -0.519  0.087  -0.019  -0.184  0.845  -0.319
  0.962  -0.015
  -0.243  0.621  -0.772  0.023  -0.011  0.973  0.279  0.012
  0.037  -0.205
  -1.084  -1.640  -0.383  0.077  -0.495  -0.827  1.348  0.563
  -1.183  0.651
  0.865  0.660  1.140  -1.937  -0.990  -1.027  0.222  2.478
  -0.019  -0.192
102.400002  204.799988  5  102.400002  204.799988  5
1.001660  -0.000273  0.000541  1.002082  1.620 8.733
  -0.190  -0.554  -0.585  0.185  0.990  0.615  0.426  0.599
  -0.180  -0.726
  -0.871  0.334  -0.772  0.339  -0.762  -0.597  1.466  0.204
  -0.343  -1.187
  0.759  -0.101  -0.016  -0.628  0.375  0.103  0.423  -0.832
  -0.801  1.660
  0.203  0.640  0.095  -0.585  -0.367  0.843  0.653  1.060
  -0.049  -0.052
  0.943  0.399  -0.456  -0.294  -0.523  -1.485  -0.519  0.097
  0.102  -0.036
102.400002  204.799988  5  102.400002  204.799988  5
1.004562  0.021157  -0.020712  1.004331  2.996 -2.798
  -0.411  -0.118  -0.060  0.206  -0.080  -0.701  -0.381  0.216
  0.689  0.971
  -0.155  -1.920  0.238  0.320  1.208  0.539  -0.187  0.595
  -0.795  0.177
  -0.380  0.270  -0.135  -0.146  0.679  -0.385  0.329  -0.025
  -0.484  -0.153
  -0.055  0.720  0.092  -0.710  0.863  0.254  -0.656  -0.528
  -0.204  -0.226
  -0.458  0.346  0.878  1.097  -0.716  1.091  -0.181  -1.342
  0.363  -0.549
102.400002  204.799988  5  102.400002  204.799988  5
0.997259  -0.016232  0.015877  0.997064  -5.226 -7.056
  0.218  0.274  0.745  0.088  -0.418  -0.349  0.080  0.050
  -0.270  0.643
  0.295  0.435  0.636  -0.499  -0.129  -0.527  -1.327  0.099
  0.442  0.229
  -0.272  -0.515  0.390  0.430  -0.587  -0.528  -0.467  0.670
  0.068  -0.891
  0.118  -0.045  -0.078  0.672  -0.437  -0.160  -0.268  -0.696
  1.233  -0.101
  -0.434  -0.563  -0.861  0.501  1.233  0.812  0.504  -0.529
  -0.414  0.503
