   0.9822249  -0.0173607   0.0090816   1.0042472     -34.328       7.964
   0.9577966   0.0381280  -0.0484228   0.9765841     -46.172       8.677
   0.9504061   0.0364045  -0.0460567   0.9704275     -24.084      19.147
   0.9533998   0.0154855  -0.0160415   0.9604575      -7.570       3.533
   0.9625852  -0.0093326   0.0015827   0.9620872     -11.208      20.911
   0.9771833   0.0256852  -0.0364825   0.9791797     -14.671      24.689
   0.9632793  -0.0067952  -0.0032446   0.9656062      -0.740      27.214
   0.9845880   0.0164693  -0.0238521   0.9726498      -8.306      13.794
   1.0047225   0.0485178  -0.0466473   0.9935325       8.814      -2.352
   1.0081294   0.0676329  -0.0671010   1.0079933      20.903       9.231
   1.0120956   0.0495223  -0.0492974   1.0198046      28.205      11.600
   1.0349534   0.0217739  -0.0062113   1.0273024      32.019      21.236
   1.0285292  -0.0107477   0.0224229   1.0264416      58.452     -15.227
   1.0319194   0.0203301  -0.0100670   1.0283334      60.883     -14.592
   1.0298277  -0.0544136   0.0668589   1.0274744      50.987     -12.920
   1.0228621  -0.0631556   0.0572395   1.0011519      42.399     -14.356
   1.0196967  -0.0419225   0.0431240   0.9986512      15.415     -18.355
   1.0263777  -0.0331819   0.0453402   1.0120903     -27.248      -8.206
   1.0169172   0.0210103  -0.0067611   1.0108455     -30.918      -3.130
   1.0164831  -0.0148530   0.0306682   1.0091949      -9.330     -34.482
   1.0369511  -0.0498354   0.0692031   1.0303932      -8.683     -21.268
   1.0374329  -0.0717006   0.0802441   1.0211663     -32.115     -42.849
   1.0327330  -0.0876359   0.0944593   1.0181214      -9.195     -52.939
   1.0245867  -0.0974976   0.0999541   1.0053525      13.128     -35.231
   1.0191956  -0.0129482   0.0211092   1.0061401      11.369     -41.830
   1.0242500  -0.0411532   0.0388436   1.0195092      -5.785     -20.177
   1.0095702   0.0387554  -0.0407000   1.0121499      -5.447     -15.817
   0.9835802  -0.0141595   0.0232195   1.0072591     -12.081       6.358
   0.9879866   0.0213196  -0.0187445   1.0101821     -12.900      28.631
   1.0085362   0.0102711  -0.0179875   1.0218995       8.925      11.236
   1.0152416  -0.0108583   0.0021915   1.0230860     -11.337      13.581
   1.0133562  -0.0114145   0.0048478   1.0146639      -9.487      18.655
   0.9983702   0.0022736  -0.0059033   0.9966283     -19.925      36.999
   0.9941664   0.0471713  -0.0586530   0.9925428      -9.889      34.722
   0.9805922  -0.0190621   0.0089957   0.9790953       1.666      27.715
   0.9572179   0.0067782  -0.0101952   0.9691209      -1.450      13.521
   0.9687996   0.0057305  -0.0112954   0.9764869       7.204      11.673
   0.9564352   0.0723581  -0.0783454   0.9654022      -1.194       8.614
   0.9589280   0.0622549  -0.0631878   0.9654896       1.507     -19.857
   0.9713509   0.0243658  -0.0252072   0.9754322      -6.208      -7.303
