3
1024 1024 10 1 1.000000 1
102.400002  204.799988  5  102.400002  204.799988  5
0.995107  0.019356  -0.020708  0.995328  2.156 -2.463
  0.978  1.119  -0.633  -0.978  -1.139  1.605  0.306  -0.037
  -0.069  -1.310
  0.733  1.147  0.774  0.155  0.006  -0.470  -0.384  -1.008
  0.058  -0.168
  1.127  0.104  -1.123  0.297  0.454  -1.637  0.047  -0.335
  0.063  1.632
  -2.139  -1.101  -0.298  0.404  0.381  0.207  0.591  0.042
  -0.989  -0.141
  -0.168  -0.479  0.742  -1.202  -0.556  0.570  0.713  1.611
  0.526  -0.029
102.400002  204.799988  5  102.400002  204.799988  5
0.999479  0.001138  -0.001153  0.999204  -3.933 2.090
  0.039  0.958  -0.184  -0.775  -0.020  0.766  0.459  0.036
  -1.385  -0.185
  0.254  -1.439  -0.909  -1.084  0.622  1.003  0.455  -0.075
  -0.098  -0.158
  0.380  0.516  0.915  -0.108  -0.767  1.095  0.097  0.272
  0.350  -0.815
  0.433  0.036  0.178  0.382  0.569  -1.196  -0.382  0.288
  0.653  0.689
  -0.167  0.099  -1.580  -0.190  0.510  0.724  -1.412  -0.649
  0.991  -0.189
102.400002  204.799988  5  102.400002  204.799988  5
1.002496  -0.026996  0.028077  1.004170  -16.904 -3.088
  -0.416  -1.391  0.802  1.582  0.429  -0.942  -0.239  -0.401
  0.245  1.103
  0.407  -0.711  -0.683  0.823  -0.074  -0.204  0.969  1.157
  -0.399  -0.546
  -2.460  -0.730  0.100  -0.258  0.008  0.926  1.039  0.018
  -1.067  -1.347
  0.695  0.561  0.117  -0.289  -0.848  1.217  1.089  0.422
  -0.207  -0.405
  0.722  0.009  0.535  0.860  -0.660  -0.877  1.116  -0.510
  -1.220  -0.067
102.400002  204.799988  5  102.400002  204.799988  5
1.007110  0.000228  0.000906  1.006021  6.197 1.990
  -1.154  -1.119  0.737  0.589  0.542  -2.276  -1.183  1.500
  1.536  1.508
  -1.315  0.439  0.763  0.147  -0.602  -0.741  -0.488  0.839
  0.937  0.107
  -0.042  -0.101  0.077  -0.509  -0.026  -0.035  -0.819  0.436
  0.628  -0.671
  1.725  0.666  -0.105  -0.651  -0.763  -0.145  -1.013  -1.090
  0.736  -0.090
  0.531  1.174  0.351  1.631  0.612  -1.158  -0.386  -0.820
  -1.280  0.370
102.400002  204.799988  5  102.400002  204.799988  5
0.996970  -0.002670  0.002798  0.995516  12.904 3.851
  -0.622  -0.448  0.172  0.071  1.018  -1.378  0.116  -0.861
  0.679  -0.628
  -1.385  1.080  0.475  0.625  -0.092  0.461  -1.269  -0.342
  -0.170  1.841
  0.833  0.458  0.242  0.704  0.578  0.470  -1.144  -0.753
  -0.008  0.702
  1.468  0.182  -0.027  -0.583  -0.124  -0.204  -1.023  -0.447
  0.568  -0.074
  -1.311  -0.209  0.591  -0.429  0.201  -0.760  -0.065  -0.199
  0.298  0.718
102.400002  204.799988  5  102.400002  204.799988  5
1.001190  -0.009526  0.009758  1.000662  0.780 -0.990
  -0.186  0.047  -0.751  -0.655  -0.741  0.201  0.217  -1.033
  0.974  -0.590
  0.303  1.984  -0.259  -0.554  -1.100  1.230  -0.311  -1.245
  0.522  0.878
  1.255  0.489  0.501  -0.282  -0.099  0.216  -0.780  0.842
  1.943  -0.300
  0.248  -0.806  -0.163  0.675  0.521  -0.617  -0.707  0.372
  -1.063  -0.234
  -0.374  -0.632  0.312  -0.394  0.655  -1.221  -0.722  0.732
  -0.192  0.897
102.400002  204.799988  5  102.400002  204.799988  5
0.996889  0.012496  -0.013012  0.997001  1.418 6.707
  0.844  0.397  -0.129  -0.527  -0.646  0.849  -0.470  0.036
  -0.237  -1.638
  0.658  1.063  -0.515  0.100  -0.013  -0.184  0.841  -0.320
  0.957  -0.024
  -0.230  0.645  -0.776  0.029  -0.019  0.975  0.288  0.006
  0.031  -0.193
  -1.102  -1.658  -0.380  0.098  -0.509  -0.835  1.362  0.556
  -1.181  0.654
  0.869  0.680  1.142  -1.958  -1.004  -1.058  0.239  2.512
  -0.020  -0.204
102.400002  204.799988  5  102.400002  204.799988  5
1.003025  0.006197  -0.005807  1.003414  1.635 8.729
  -0.202  -0.569  -0.563  0.209  1.010  0.611  0.434  0.571
  -0.215  -0.739
  -0.887  0.337  -0.779  0.360  -0.744  -0.588  1.456  0.180
  -0.349  -1.137
  0.761  -0.124  -0.032  -0.624  0.349  0.104  0.432  -0.834
  -0.758  1.654
  0.215  0.660  0.114  -0.590  -0.373  0.843  0.662  1.045
  -0.063  -0.035
  0.959  0.400  -0.481  -0.294  -0.528  -1.504  -0.523  0.117
  0.105  -0.053
102.400002  204.799988  5  102.400002  204.799988  5
1.006204  0.029823  -0.029198  1.005949  2.936 -2.825
  -0.428  -0.104  -0.065  0.207  -0.039  -0.675  -0.359  0.222
  0.621  0.947
  -0.158  -1.957  0.251  0.348  1.204  0.521  -0.166  0.593
  -0.777  0.180
  -0.395  0.252  -0.155  -0.132  0.630  -0.386  0.338  -0.049
  -0.446  -0.131
  -0.007  0.756  0.094  -0.731  0.877  0.247  -0.662  -0.558
  -0.222  -0.200
  -0.482  0.343  0.882  1.058  -0.704  1.154  -0.197  -1.331
  0.363  -0.573
102.400002  204.799988  5  102.400002  204.799988  5
0.999680  -0.005574  0.005439  0.999461  -5.354 -7.004
  0.205  0.218  0.713  0.112  -0.340  -0.325  0.063  0.039
  -0.310  0.639
  0.327  0.415  0.616  -0.473  -0.149  -0.529  -1.282  0.132
  0.448  0.195
  -0.301  -0.526  0.369  0.434  -0.668  -0.514  -0.436  0.634
  0.140  -0.853
  0.186  -0.004  -0.018  0.703  -0.455  -0.160  -0.288  -0.746
  1.163  -0.066
  -0.430  -0.571  -0.955  0.462  1.279  0.843  0.529  -0.527
  -0.406  0.469
