  -0.1385484   0.9722127  -0.9766052  -0.1497548      20.396     -69.752
   0.0461546   0.9818674  -0.9846359   0.0376957      23.152     -52.229
   0.2302197   0.9567744  -0.9622071   0.2242367      21.514     -39.120
   0.4071322   0.8965065  -0.9043720   0.4028229      21.490     -26.454
   0.5717939   0.8040406  -0.8138595   0.5684362      20.285     -17.757
   0.7166247   0.6818634  -0.6929504   0.7135962      14.262     -11.690
   0.8347150   0.5354618  -0.5449704   0.8329351      10.496      -6.630
   0.9230240   0.3690647  -0.3761557   0.9220964       5.130      -2.039
   0.9794983   0.1884508  -0.1923413   0.9791327       3.928      -2.624
   1.0000000   0.0000000   0.0000000   1.0000000       0.000       0.000
   0.9836546  -0.1892574   0.1936858   0.9839215       0.233       0.974
   0.9312926  -0.3725993   0.3817384   0.9304838      -1.385       5.129
   0.8436186  -0.5436620   0.5575853   0.8418303       2.688       9.584
   0.7238903  -0.6950231   0.7135836   0.7213272       3.201      12.747
   0.5761372  -0.8216211   0.8444539   0.5730790       7.160      14.113
   0.4055213  -0.9184102   0.9449345   0.4023126       9.682      21.251
   0.2180878  -0.9805735   1.0099852   0.2151223      13.612      30.792
   0.0206377  -1.0067741   1.0382564   0.0182518      14.837      38.277
  -0.1795471  -0.9944777   1.0269029  -0.1809599      15.118      47.508
  -0.3747529  -0.9439735   0.9761125  -0.3748328      13.632      57.684
  -0.5575724  -0.8571511   0.8877275  -0.5560150      12.024      70.147
  -0.7210405  -0.7370828   0.7649627  -0.7179827       5.581      79.579
  -0.8581049  -0.5868329   0.6109516  -0.8537381      -1.593      88.441
  -0.9635551  -0.4123631   0.4318182  -0.9581034     -10.607      97.637
  -1.0323102  -0.2197630   0.2338169  -1.0260307     -22.025     102.785
  -1.0610491  -0.0178138   0.0253790  -1.0554761     -36.218     110.175
  -1.0487289   0.1873320  -0.1865382  -1.0441054     -52.992     108.942
  -0.9948273   0.3873568  -0.3933562  -0.9913453     -66.723     103.771
  -0.9014514   0.5739561  -0.5865073  -0.8992451     -79.974      99.001
  -0.7720735   0.7400715  -0.7586873  -0.7712154     -74.639      86.492
  -0.6112051   0.8789062  -0.9028680  -0.6117095     -94.619      74.805
  -0.4247469   0.9845093  -1.0129523  -0.4266317    -101.969      71.909
  -0.2187214   1.0522432  -1.0841012  -0.2219355    -111.644      47.922
  -0.0022974   1.0790722  -1.1131388  -0.0067757    -115.849      34.948
   0.2163108   1.0637031  -1.0978036   0.2105025    -117.836      25.040
   0.4289610   1.0057594  -1.0385389   0.4219978    -114.924      11.664
   0.6267336   0.9066976  -0.9368154   0.6188328    -112.682       2.897
   0.8010020   0.7701617  -0.7963532   0.7924131    -106.664      -7.265
   0.9451410   0.6015408  -0.6226900   0.9361492     -96.331     -16.141
   1.0529317   0.4069060  -0.4220673   1.0438496     -90.325     -22.416
   1.1199204   0.1940251  -0.2024705   1.1110688     -84.464     -26.964
   1.1432441  -0.0287558   0.0275486   1.1349326     -78.223     -28.314
   1.1211137  -0.2531328   0.2594264   1.1136596     -70.022     -27.981
   1.0518935  -0.4712988   0.4850171   1.0476735     -66.472     -28.621
   0.9387693  -0.6726790   0.6934996   0.9380315     -64.949     -27.544
   0.7861203  -0.8484172   0.8757197   0.7890131     -63.233     -29.049
   0.5996149  -0.9918423   1.0247381   0.6061661     -59.175     -30.128
   0.3871403  -1.0968792   1.1342376   0.3972892     -61.028     -27.658
   0.1553427  -1.1587664   1.1992348   0.1688745     -60.549     -31.214
  -0.0869674  -1.1739765   1.2160203  -0.0703919     -61.182     -44.913
  -0.3293726  -1.1395438   1.1826907  -0.3103701     -61.232     -50.562
  -0.5609693  -1.0574696   1.0999274  -0.5400741     -58.638     -56.821
  -0.7726321  -0.9301985   0.9701418  -0.7504775     -51.265     -68.189
  -0.9542985  -0.7622042   0.7978044  -0.9315733     -43.233     -74.709
  -1.0980122  -0.5603992   0.5899402  -1.0754434     -34.662     -87.268
  -1.1985179  -0.3335389   0.3554971  -1.1768296     -18.193     -98.157
  -1.2519693  -0.0899718   0.1037882  -1.2304660       2.076    -103.488
  -1.2539499   0.1600263  -0.1554347  -1.2334179      20.514    -103.964
  -1.2023425   0.4076227  -0.4130074  -1.1836375      38.755     -99.954
  -1.0991836   0.6428311  -0.6585843  -1.0831692      61.858     -91.138
  -0.9474881   0.8548554  -0.8809991  -0.9350602      88.898     -77.666
