3
256 256 5 1 1.000000 1
0.818775  8.178828  32  0.818775  8.178828  32
0.997504  0.001222  -0.000561  1.000094  0.509 1.463
  0.859  0.099  0.865  0.180  0.874  0.262  0.873  0.318
  0.864  0.352  0.855  0.380  0.807  0.413  0.767  0.437
  0.718  0.462  0.677  0.477  0.628  0.493  0.572  0.509
  0.529  0.508  0.483  0.503  0.430  0.507  0.368  0.497
  0.302  0.486  0.223  0.477  0.129  0.467  0.055  0.458
  -0.008  0.432  -0.086  0.391  -0.130  0.296  -0.199  0.236
  -0.253  0.207  -0.294  0.194  -0.327  0.189  -0.361  0.166
  -0.405  0.127  -0.446  0.084  -0.463  0.041  -0.466  -0.016
  0.815  0.063  0.821  0.145  0.840  0.237  0.829  0.283
  0.819  0.319  0.805  0.345  0.765  0.375  0.717  0.404
  0.669  0.429  0.626  0.445  0.571  0.466  0.523  0.476
  0.481  0.474  0.433  0.472  0.382  0.468  0.327  0.461
  0.272  0.456  0.198  0.445  0.118  0.439  0.047  0.429
  -0.030  0.413  -0.107  0.364  -0.162  0.270  -0.226  0.219
  -0.287  0.184  -0.343  0.160  -0.374  0.140  -0.396  0.120
  -0.437  0.085  -0.472  0.039  -0.482  -0.012  -0.487  -0.081
  0.751  0.029  0.753  0.089  0.773  0.181  0.760  0.229
  0.773  0.276  0.738  0.306  0.700  0.336  0.651  0.368
  0.602  0.396  0.553  0.419  0.507  0.437  0.466  0.441
  0.420  0.447  0.377  0.443  0.330  0.429  0.282  0.424
  0.226  0.415  0.169  0.409  0.100  0.403  0.029  0.391
  -0.055  0.380  -0.134  0.349  -0.195  0.269  -0.255  0.211
  -0.327  0.158  -0.378  0.131  -0.425  0.098  -0.461  0.069
  -0.483  0.043  -0.511  0.003  -0.510  -0.049  -0.544  -0.127
  0.689  -0.017  0.693  0.053  0.712  0.140  0.707  0.185
  0.714  0.231  0.673  0.267  0.629  0.297  0.590  0.329
  0.529  0.365  0.484  0.389  0.438  0.410  0.405  0.412
  0.362  0.413  0.319  0.404  0.275  0.391  0.233  0.379
  0.181  0.369  0.127  0.361  0.070  0.358  -0.002  0.348
  -0.076  0.339  -0.154  0.311  -0.218  0.237  -0.286  0.179
  -0.368  0.128  -0.427  0.086  -0.477  0.044  -0.536  -0.000
  -0.571  -0.040  -0.580  -0.080  -0.551  -0.134  -0.600  -0.211
  0.612  -0.071  0.625  0.001  0.644  0.085  0.642  0.139
  0.651  0.182  0.610  0.221  0.565  0.253  0.509  0.293
  0.467  0.326  0.403  0.366  0.369  0.382  0.332  0.389
  0.296  0.384  0.260  0.372  0.222  0.355  0.181  0.336
  0.129  0.321  0.077  0.315  0.021  0.306  -0.040  0.298
  -0.108  0.291  -0.178  0.271  -0.247  0.223  -0.323  0.136
  -0.407  0.099  -0.485  0.043  -0.540  -0.008  -0.602  -0.056
  -0.642  -0.103  -0.651  -0.146  -0.645  -0.202  -0.666  -0.313
  0.548  -0.147  0.552  -0.053  0.578  0.030  0.576  0.086
  0.565  0.124  0.537  0.166  0.489  0.208  0.438  0.247
  0.382  0.290  0.341  0.324  0.306  0.345  0.267  0.355
  0.231  0.347  0.196  0.328  0.159  0.309  0.114  0.285
  0.070  0.269  0.020  0.260  -0.036  0.250  -0.096  0.238
  -0.160  0.228  -0.229  0.215  -0.306  0.171  -0.388  0.100
  -0.461  0.046  -0.544  -0.025  -0.615  -0.084  -0.667  -0.133
  -0.705  -0.179  -0.715  -0.249  -0.749  -0.316  -0.754  -0.395
  0.482  -0.206  0.500  -0.142  0.506  -0.052  0.491  0.023
  0.491  0.066  0.464  0.117  0.416  0.160  0.374  0.201
  0.315  0.248  0.272  0.285  0.236  0.319  0.201  0.325
  0.166  0.317  0.137  0.288  0.101  0.260  0.057  0.237
  0.012  0.220  -0.038  0.203  -0.091  0.193  -0.155  0.176
  -0.216  0.162  -0.291  0.143  -0.360  0.117  -0.409  0.053
  -0.472  -0.002  -0.543  -0.057  -0.628  -0.119  -0.686  -0.176
  -0.724  -0.231  -0.751  -0.301  -0.805  -0.369  -0.792  -0.456
  0.450  -0.264  0.445  -0.205  0.464  -0.129  0.437  -0.066
  0.419  -0.013  0.396  0.038  0.341  0.108  0.310  0.153
  0.254  0.203  0.202  0.250  0.168  0.283  0.134  0.298
  0.106  0.284  0.076  0.247  0.039  0.214  0.000  0.189
  -0.043  0.169  -0.101  0.146  -0.155  0.128  -0.210  0.116
  -0.248  0.106  -0.303  0.096  -0.363  0.073  -0.411  0.013
  -0.452  -0.042  -0.518  -0.082  -0.621  -0.150  -0.688  -0.212
  -0.727  -0.272  -0.774  -0.343  -0.813  -0.447  -0.797  -0.543
  0.395  -0.318  0.384  -0.260  0.413  -0.189  0.405  -0.134
  0.386  -0.083  0.340  -0.027  0.310  0.030  0.249  0.088
  0.187  0.149  0.140  0.202  0.107  0.239  0.068  0.264
  0.024  0.238  0.012  0.202  -0.030  0.168  -0.065  0.137
  -0.104  0.111  -0.159  0.088  -0.186  0.079  -0.233  0.065
  -0.261  0.062  -0.286  0.055  -0.327  0.042  -0.387  -0.001
  -0.431  -0.082  -0.496  -0.133  -0.593  -0.211  -0.665  -0.274
  -0.706  -0.347  -0.770  -0.417  -0.793  -0.510  -0.798  -0.595
  0.344  -0.371  0.354  -0.313  0.357  -0.250  0.354  -0.192
  0.345  -0.141  0.302  -0.091  0.269  -0.032  0.205  0.029
  0.149  0.089  0.099  0.144  0.060  0.190  0.026  0.212
  -0.063  0.197  -0.089  0.144  -0.091  0.118  -0.121  0.089
  -0.146  0.063  -0.180  0.041  -0.188  0.031  -0.216  0.029
  -0.229  0.027  -0.254  0.021  -0.284  0.009  -0.334  -0.033
  -0.392  -0.116  -0.479  -0.168  -0.549  -0.245  -0.588  -0.319
  -0.660  -0.386  -0.710  -0.494  -0.736  -0.590  -0.744  -0.679
  0.295  -0.413  0.303  -0.362  0.308  -0.305  0.298  -0.245
  0.291  -0.196  0.245  -0.143  0.207  -0.085  0.157  -0.025
  0.108  0.035  0.065  0.097  0.030  0.145  -0.044  0.160
  -0.134  0.162  -0.154  0.099  -0.157  0.066  -0.167  0.050
  -0.169  0.030  -0.174  0.017  -0.174  0.006  -0.190  0.008
  -0.198  0.004  -0.233  -0.004  -0.250  -0.014  -0.296  -0.054
  -0.338  -0.142  -0.414  -0.205  -0.473  -0.286  -0.510  -0.369
  -0.564  -0.446  -0.617  -0.537  -0.661  -0.625  -0.663  -0.725
  0.251  -0.445  0.221  -0.408  0.227  -0.355  0.245  -0.292
  0.235  -0.241  0.202  -0.187  0.166  -0.130  0.120  -0.060
  0.076  0.002  0.063  0.040  0.003  0.090  -0.122  0.132
  -0.201  0.130  -0.212  0.061  -0.206  0.019  -0.200  0.005
  -0.187  0.010  -0.178  0.005  -0.161  0.006  -0.160  0.004
  -0.173  -0.014  -0.195  -0.020  -0.222  -0.030  -0.253  -0.072
  -0.301  -0.153  -0.351  -0.211  -0.407  -0.297  -0.443  -0.380
  -0.502  -0.456  -0.542  -0.547  -0.570  -0.639  -0.595  -0.732
  0.180  -0.489  0.156  -0.451  0.169  -0.396  0.189  -0.333
  0.175  -0.278  0.164  -0.226  0.143  -0.161  0.119  -0.104
  0.072  -0.052  0.013  0.002  -0.105  0.066  -0.202  0.111
  -0.266  0.103  -0.265  0.027  -0.241  -0.017  -0.213  -0.027
  -0.187  -0.020  -0.163  -0.003  -0.152  -0.003  -0.155  -0.008
  -0.149  -0.013  -0.150  -0.022  -0.162  -0.036  -0.200  -0.076
  -0.231  -0.144  -0.284  -0.203  -0.337  -0.295  -0.390  -0.370
  -0.437  -0.487  -0.459  -0.584  -0.496  -0.672  -0.517  -0.736
  0.115  -0.530  0.107  -0.485  0.098  -0.431  0.126  -0.369
  0.128  -0.313  0.125  -0.262  0.110  -0.212  0.081  -0.152
  0.028  -0.096  -0.046  -0.032  -0.194  0.050  -0.279  0.092
  -0.328  0.081  -0.304  0.005  -0.254  -0.037  -0.208  -0.045
  -0.170  -0.039  -0.148  -0.029  -0.142  -0.021  -0.131  -0.014
  -0.121  -0.014  -0.115  -0.015  -0.121  -0.029  -0.142  -0.061
  -0.165  -0.135  -0.202  -0.204  -0.247  -0.313  -0.302  -0.398
  -0.347  -0.493  -0.372  -0.593  -0.395  -0.691  -0.421  -0.737
  0.053  -0.566  0.051  -0.519  0.055  -0.462  0.087  -0.405
  0.095  -0.349  0.104  -0.309  0.068  -0.258  0.024  -0.189
  -0.041  -0.118  -0.178  -0.028  -0.280  0.040  -0.353  0.077
  -0.377  0.070  -0.317  0.002  -0.247  -0.044  -0.189  -0.055
  -0.153  -0.055  -0.135  -0.054  -0.112  -0.031  -0.094  -0.020
  -0.083  -0.015  -0.081  -0.017  -0.088  -0.028  -0.102  -0.058
  -0.121  -0.108  -0.145  -0.197  -0.176  -0.281  -0.217  -0.420
  -0.243  -0.520  -0.265  -0.627  -0.295  -0.694  -0.309  -0.743
  -0.033  -0.615  -0.003  -0.558  0.013  -0.496  0.055  -0.452
  0.054  -0.393  0.046  -0.343  0.003  -0.287  -0.052  -0.220
  -0.113  -0.137  -0.265  -0.030  -0.355  0.036  -0.412  0.077
  -0.394  0.081  -0.307  0.018  -0.225  -0.041  -0.170  -0.065
  -0.137  -0.073  -0.102  -0.066  -0.071  -0.051  -0.048  -0.025
  -0.039  -0.020  -0.038  -0.022  -0.047  -0.034  -0.064  -0.059
  -0.081  -0.108  -0.101  -0.179  -0.125  -0.297  -0.152  -0.415
  -0.163  -0.516  -0.177  -0.626  -0.190  -0.683  -0.193  -0.731
  -0.086  -0.658  -0.068  -0.595  -0.045  -0.541  -0.032  -0.486
  -0.017  -0.427  -0.028  -0.368  -0.071  -0.304  -0.130  -0.232
  -0.249  -0.114  -0.339  -0.024  -0.406  0.052  -0.431  0.111
  -0.376  0.109  -0.280  0.044  -0.204  -0.036  -0.152  -0.078
  -0.100  -0.082  -0.055  -0.073  -0.023  -0.062  -0.001  -0.048
  0.012  -0.027  0.012  -0.029  0.000  -0.042  -0.015  -0.060
  -0.027  -0.105  -0.044  -0.178  -0.063  -0.261  -0.079  -0.395
  -0.086  -0.507  -0.090  -0.611  -0.094  -0.669  -0.084  -0.711
  -0.142  -0.706  -0.152  -0.652  -0.129  -0.582  -0.126  -0.512
  -0.116  -0.445  -0.112  -0.383  -0.150  -0.313  -0.205  -0.234
  -0.331  -0.104  -0.394  -0.009  -0.436  0.085  -0.435  0.165
  -0.350  0.141  -0.259  0.067  -0.187  -0.022  -0.113  -0.079
  -0.050  -0.086  -0.001  -0.080  0.032  -0.071  0.053  -0.061
  0.066  -0.050  0.071  -0.036  0.061  -0.048  0.049  -0.065
  0.043  -0.095  0.031  -0.181  0.023  -0.257  0.004  -0.405
  -0.001  -0.531  0.001  -0.604  -0.007  -0.662  0.014  -0.701
  -0.225  -0.739  -0.244  -0.692  -0.229  -0.612  -0.222  -0.533
  -0.216  -0.459  -0.205  -0.391  -0.233  -0.316  -0.339  -0.204
  -0.409  -0.098  -0.432  0.016  -0.443  0.130  -0.431  0.212
  -0.335  0.164  -0.246  0.085  -0.151  0.009  -0.063  -0.066
  0.009  -0.091  0.061  -0.086  0.094  -0.077  0.118  -0.066
  0.131  -0.059  0.139  -0.053  0.133  -0.052  0.129  -0.069
  0.125  -0.101  0.119  -0.161  0.110  -0.266  0.095  -0.394
  0.094  -0.544  0.086  -0.613  0.091  -0.664  0.125  -0.701
  -0.300  -0.754  -0.327  -0.709  -0.337  -0.636  -0.329  -0.552
  -0.316  -0.469  -0.298  -0.396  -0.315  -0.314  -0.419  -0.188
  -0.457  -0.077  -0.438  0.050  -0.413  0.150  -0.353  0.169
  -0.279  0.140  -0.184  0.102  -0.088  0.047  -0.001  -0.026
  0.077  -0.093  0.132  -0.093  0.167  -0.075  0.192  -0.061
  0.208  -0.055  0.215  -0.058  0.213  -0.068  0.217  -0.075
  0.222  -0.108  0.218  -0.171  0.202  -0.285  0.186  -0.431
  0.179  -0.538  0.172  -0.625  0.204  -0.676  0.232  -0.714
  -0.380  -0.765  -0.417  -0.718  -0.437  -0.649  -0.434  -0.565
  -0.409  -0.473  -0.384  -0.397  -0.438  -0.287  -0.476  -0.168
  -0.466  -0.051  -0.420  0.060  -0.340  0.126  -0.271  0.136
  -0.178  0.146  -0.077  0.147  0.013  0.123  0.093  0.070
  0.157  -0.020  0.205  -0.081  0.239  -0.058  0.266  -0.046
  0.287  -0.046  0.293  -0.060  0.295  -0.082  0.305  -0.101
  0.307  -0.120  0.291  -0.184  0.282  -0.316  0.272  -0.464
  0.278  -0.553  0.285  -0.634  0.312  -0.692  0.343  -0.720
  -0.458  -0.766  -0.497  -0.720  -0.528  -0.654  -0.527  -0.569
  -0.494  -0.470  -0.467  -0.386  -0.505  -0.264  -0.499  -0.145
  -0.445  -0.031  -0.387  0.038  -0.274  0.109  -0.173  0.156
  -0.074  0.192  0.023  0.216  0.113  0.223  0.194  0.209
  0.249  0.154  0.277  0.068  0.307  0.002  0.335  -0.017
  0.357  -0.035  0.373  -0.061  0.380  -0.095  0.383  -0.120
  0.375  -0.146  0.366  -0.215  0.368  -0.370  0.369  -0.473
  0.380  -0.561  0.393  -0.633  0.413  -0.690  0.435  -0.709
  -0.532  -0.760  -0.571  -0.717  -0.606  -0.650  -0.601  -0.570
  -0.571  -0.471  -0.542  -0.358  -0.528  -0.234  -0.513  -0.145
  -0.427  -0.048  -0.321  0.038  -0.206  0.120  -0.088  0.196
  0.012  0.252  0.105  0.295  0.189  0.322  0.258  0.329
  0.304  0.300  0.329  0.234  0.357  0.154  0.384  0.068
  0.414  -0.002  0.443  -0.049  0.453  -0.101  0.464  -0.135
  0.467  -0.173  0.476  -0.243  0.485  -0.392  0.478  -0.481
  0.476  -0.546  0.478  -0.611  0.487  -0.665  0.507  -0.690
  -0.585  -0.753  -0.628  -0.708  -0.654  -0.642  -0.663  -0.563
  -0.638  -0.472  -0.608  -0.353  -0.555  -0.238  -0.473  -0.138
  -0.364  -0.035  -0.258  0.057  -0.147  0.148  -0.029  0.239
  0.073  0.311  0.160  0.367  0.226  0.402  0.262  0.407
  0.300  0.398  0.320  0.357  0.354  0.300  0.390  0.219
  0.439  0.119  0.486  0.020  0.505  -0.060  0.530  -0.119
  0.549  -0.181  0.559  -0.243  0.567  -0.358  0.557  -0.448
  0.554  -0.503  0.548  -0.574  0.550  -0.620  0.561  -0.661
  -0.622  -0.737  -0.661  -0.692  -0.678  -0.628  -0.683  -0.551
  -0.661  -0.447  -0.605  -0.340  -0.521  -0.232  -0.413  -0.118
  -0.304  -0.008  -0.207  0.088  -0.109  0.179  -0.001  0.274
  0.096  0.356  0.169  0.415  0.213  0.449  0.238  0.464
  0.265  0.470  0.281  0.455  0.310  0.427  0.341  0.368
  0.391  0.276  0.445  0.166  0.501  0.066  0.559  -0.028
  0.586  -0.129  0.599  -0.215  0.611  -0.293  0.607  -0.383
  0.603  -0.441  0.595  -0.512  0.596  -0.560  0.599  -0.604
  -0.640  -0.709  -0.672  -0.669  -0.685  -0.605  -0.676  -0.532
  -0.634  -0.438  -0.565  -0.336  -0.477  -0.224  -0.362  -0.107
  -0.256  0.024  -0.164  0.127  -0.070  0.224  0.017  0.313
  0.106  0.399  0.156  0.453  0.180  0.485  0.207  0.515
  0.226  0.533  0.237  0.538  0.254  0.535  0.265  0.502
  0.301  0.427  0.366  0.327  0.444  0.224  0.526  0.122
  0.572  0.017  0.604  -0.081  0.626  -0.204  0.631  -0.295
  0.628  -0.362  0.618  -0.431  0.622  -0.485  0.626  -0.535
  -0.635  -0.681  -0.664  -0.642  -0.673  -0.576  -0.650  -0.499
  -0.596  -0.408  -0.520  -0.304  -0.432  -0.192  -0.319  -0.080
  -0.211  0.039  -0.122  0.143  -0.032  0.246  0.041  0.331
  0.107  0.410  0.140  0.458  0.166  0.501  0.185  0.573
  0.195  0.603  0.196  0.616  0.197  0.625  0.191  0.619
  0.208  0.581  0.282  0.489  0.370  0.383  0.465  0.244
  0.539  0.121  0.592  0.021  0.627  -0.091  0.644  -0.190
  0.645  -0.260  0.637  -0.336  0.645  -0.395  0.645  -0.438
  -0.622  -0.654  -0.643  -0.607  -0.642  -0.539  -0.615  -0.459
  -0.557  -0.369  -0.481  -0.264  -0.391  -0.150  -0.294  -0.041
  -0.181  0.066  -0.093  0.170  -0.009  0.278  0.051  0.370
  0.103  0.449  0.129  0.504  0.153  0.555  0.159  0.597
  0.166  0.629  0.157  0.657  0.140  0.687  0.126  0.700
  0.133  0.672  0.198  0.599  0.292  0.504  0.411  0.394
  0.506  0.245  0.573  0.141  0.621  0.016  0.643  -0.073
  0.651  -0.156  0.647  -0.231  0.653  -0.286  0.660  -0.342
  -0.598  -0.613  -0.614  -0.567  -0.615  -0.500  -0.591  -0.416
  -0.529  -0.320  -0.453  -0.216  -0.369  -0.113  -0.269  0.001
  -0.167  0.107  -0.081  0.219  -0.007  0.322  0.049  0.416
  0.091  0.499  0.110  0.564  0.127  0.624  0.125  0.662
  0.119  0.705  0.100  0.756  0.076  0.807  0.059  0.820
  0.056  0.796  0.120  0.734  0.228  0.651  0.358  0.511
  0.451  0.402  0.530  0.278  0.594  0.149  0.624  0.045
  0.643  -0.043  0.644  -0.119  0.649  -0.167  0.660  -0.233
  -0.575  -0.571  -0.587  -0.523  -0.589  -0.453  -0.563  -0.368
  -0.507  -0.266  -0.436  -0.154  -0.358  -0.048  -0.274  0.056
  -0.184  0.159  -0.103  0.264  -0.027  0.369  0.030  0.461
  0.066  0.553  0.082  0.628  0.079  0.718  0.071  0.772
  0.053  0.829  0.025  0.876  0.012  0.914  0.025  0.934
  0.032  0.914  0.092  0.844  0.201  0.745  0.317  0.653
  0.415  0.526  0.486  0.404  0.541  0.309  0.589  0.149
  0.623  0.078  0.636  0.002  0.644  -0.046  0.654  -0.111
  -0.559  -0.506  -0.570  -0.459  -0.563  -0.386  -0.529  -0.292
  -0.485  -0.194  -0.426  -0.086  -0.356  0.018  -0.275  0.114
  -0.203  0.221  -0.137  0.328  -0.085  0.439  -0.029  0.546
  -0.000  0.646  0.034  0.734  0.051  0.809  0.033  0.888
  0.021  0.950  -0.002  0.991  -0.013  1.020  0.007  1.016
  0.022  0.991  0.092  0.922  0.187  0.829  0.287  0.720
  0.378  0.632  0.449  0.523  0.507  0.436  0.554  0.296
  0.596  0.205  0.614  0.138  0.634  0.071  0.645  0.007
  -0.510  -0.434  -0.519  -0.386  -0.514  -0.304  -0.481  -0.208
  -0.448  -0.110  -0.411  -0.021  -0.356  0.092  -0.290  0.189
  -0.232  0.308  -0.191  0.422  -0.140  0.545  -0.087  0.660
  -0.050  0.758  0.004  0.839  0.038  0.915  0.022  0.998
  0.015  1.062  -0.002  1.097  -0.003  1.109  0.010  1.105
  0.036  1.032  0.121  0.967  0.208  0.912  0.298  0.815
  0.385  0.738  0.452  0.662  0.505  0.566  0.547  0.429
  0.587  0.314  0.603  0.236  0.622  0.178  0.627  0.124
0.818775  8.178828  32  0.818775  8.178828  32
1.001242  -0.001279  -0.002919  0.999438  -1.519 -1.704
  -1.924  -0.780  -1.900  -0.822  -1.856  -0.896  -1.799  -0.944
  -1.733  -0.960  -1.669  -0.963  -1.575  -0.966  -1.466  -0.964
  -1.356  -0.956  -1.250  -0.943  -1.145  -0.928  -1.035  -0.917
  -0.937  -0.893  -0.845  -0.859  -0.750  -0.834  -0.649  -0.804
  -0.533  -0.760  -0.404  -0.713  -0.273  -0.670  -0.160  -0.633
  -0.052  -0.573  0.065  -0.495  0.153  -0.358  0.265  -0.250
  0.375  -0.182  0.480  -0.131  0.554  -0.101  0.624  -0.054
  0.694  0.011  0.755  0.078  0.799  0.148  0.834  0.236
  -1.812  -0.691  -1.786  -0.735  -1.749  -0.819  -1.686  -0.861
  -1.613  -0.873  -1.545  -0.875  -1.453  -0.873  -1.340  -0.871
  -1.224  -0.865  -1.116  -0.852  -1.003  -0.841  -0.896  -0.825
  -0.803  -0.797  -0.714  -0.769  -0.626  -0.743  -0.539  -0.715
  -0.447  -0.688  -0.335  -0.650  -0.225  -0.616  -0.109  -0.575
  0.010  -0.529  0.115  -0.447  0.214  -0.304  0.320  -0.207
  0.428  -0.139  0.535  -0.084  0.612  -0.034  0.681  0.019
  0.750  0.080  0.804  0.149  0.839  0.227  0.866  0.325
  -1.680  -0.615  -1.652  -0.641  -1.612  -0.710  -1.551  -0.756
  -1.496  -0.778  -1.415  -0.785  -1.311  -0.784  -1.197  -0.784
  -1.077  -0.779  -0.960  -0.772  -0.850  -0.758  -0.752  -0.734
  -0.657  -0.712  -0.570  -0.686  -0.489  -0.650  -0.412  -0.623
  -0.332  -0.598  -0.249  -0.574  -0.155  -0.546  -0.046  -0.508
  0.062  -0.471  0.181  -0.409  0.287  -0.284  0.377  -0.182
  0.488  -0.093  0.586  -0.035  0.672  0.025  0.750  0.084
  0.811  0.140  0.865  0.205  0.891  0.283  0.927  0.387
  -1.562  -0.520  -1.533  -0.561  -1.493  -0.635  -1.440  -0.673
  -1.377  -0.687  -1.282  -0.695  -1.169  -0.695  -1.058  -0.692
  -0.931  -0.694  -0.809  -0.689  -0.698  -0.678  -0.604  -0.653
  -0.516  -0.623  -0.431  -0.590  -0.352  -0.554  -0.279  -0.520
  -0.204  -0.492  -0.128  -0.470  -0.053  -0.454  0.034  -0.429
  0.133  -0.395  0.245  -0.338  0.347  -0.220  0.445  -0.118
  0.557  -0.034  0.653  0.038  0.740  0.106  0.829  0.174
  0.894  0.240  0.933  0.307  0.930  0.389  0.969  0.491
  -1.417  -0.415  -1.394  -0.456  -1.359  -0.526  -1.305  -0.573
  -1.246  -0.589  -1.150  -0.598  -1.035  -0.600  -0.905  -0.605
  -0.785  -0.606  -0.652  -0.613  -0.542  -0.602  -0.447  -0.577
  -0.360  -0.544  -0.284  -0.504  -0.214  -0.462  -0.145  -0.421
  -0.071  -0.388  0.001  -0.367  0.075  -0.346  0.149  -0.327
  0.231  -0.303  0.320  -0.264  0.412  -0.188  0.513  -0.052
  0.613  0.009  0.716  0.095  0.806  0.173  0.890  0.242
  0.950  0.311  0.991  0.378  0.995  0.460  1.008  0.613
  -1.322  -0.289  -1.274  -0.351  -1.234  -0.427  -1.179  -0.471
  -1.092  -0.481  -0.995  -0.487  -0.875  -0.497  -0.749  -0.503
  -0.614  -0.514  -0.498  -0.516  -0.392  -0.504  -0.290  -0.481
  -0.202  -0.444  -0.127  -0.397  -0.060  -0.353  0.009  -0.309
  0.076  -0.273  0.144  -0.251  0.215  -0.232  0.288  -0.209
  0.362  -0.187  0.443  -0.160  0.525  -0.099  0.607  -0.003
  0.683  0.079  0.772  0.180  0.868  0.267  0.944  0.338
  0.996  0.403  1.013  0.495  1.045  0.583  1.051  0.693
  -1.205  -0.191  -1.189  -0.225  -1.135  -0.297  -1.045  -0.358
  -0.960  -0.375  -0.860  -0.391  -0.739  -0.406  -0.619  -0.413
  -0.484  -0.426  -0.358  -0.431  -0.244  -0.430  -0.144  -0.405
  -0.056  -0.365  0.011  -0.306  0.074  -0.250  0.139  -0.206
  0.204  -0.173  0.270  -0.143  0.337  -0.122  0.410  -0.099
  0.483  -0.075  0.559  -0.048  0.626  -0.014  0.653  0.072
  0.710  0.147  0.784  0.225  0.881  0.315  0.950  0.393
  0.998  0.466  1.024  0.559  1.071  0.645  1.043  0.755
  -1.137  -0.081  -1.088  -0.123  -1.049  -0.178  -0.964  -0.220
  -0.855  -0.246  -0.755  -0.268  -0.610  -0.303  -0.492  -0.321
  -0.359  -0.336  -0.221  -0.350  -0.104  -0.347  -0.001  -0.329
  0.082  -0.282  0.147  -0.214  0.208  -0.152  0.266  -0.106
  0.327  -0.070  0.395  -0.038  0.462  -0.010  0.524  0.009
  0.559  0.020  0.602  0.028  0.635  0.047  0.654  0.123
  0.696  0.209  0.764  0.265  0.882  0.362  0.943  0.442
  0.979  0.518  1.016  0.612  1.040  0.748  1.007  0.854
  -1.014  0.023  -0.968  -0.018  -0.938  -0.072  -0.883  -0.111
  -0.787  -0.133  -0.657  -0.159  -0.546  -0.182  -0.394  -0.208
  -0.239  -0.238  -0.101  -0.256  0.018  -0.257  0.133  -0.245
  0.242  -0.183  0.286  -0.115  0.346  -0.057  0.398  -0.006
  0.450  0.037  0.512  0.069  0.542  0.083  0.579  0.094
  0.582  0.084  0.568  0.075  0.583  0.081  0.638  0.142
  0.674  0.265  0.743  0.336  0.840  0.443  0.897  0.519
  0.923  0.611  0.969  0.700  0.969  0.815  0.970  0.909
  -0.913  0.128  -0.887  0.085  -0.832  0.038  -0.770  -0.006
  -0.688  -0.030  -0.575  -0.053  -0.453  -0.080  -0.301  -0.108
  -0.155  -0.135  -0.015  -0.156  0.117  -0.161  0.230  -0.142
  0.387  -0.097  0.456  -0.010  0.473  0.044  0.515  0.090
  0.546  0.130  0.577  0.158  0.557  0.159  0.553  0.142
  0.519  0.123  0.516  0.114  0.532  0.127  0.560  0.181
  0.619  0.304  0.715  0.376  0.769  0.478  0.782  0.568
  0.847  0.656  0.862  0.795  0.868  0.909  0.861  1.001
  -0.794  0.223  -0.765  0.185  -0.725  0.141  -0.657  0.095
  -0.575  0.072  -0.448  0.047  -0.325  0.019  -0.190  -0.011
  -0.054  -0.038  0.083  -0.058  0.208  -0.066  0.374  -0.041
  0.533  -0.012  0.590  0.087  0.610  0.152  0.621  0.177
  0.615  0.201  0.585  0.202  0.540  0.195  0.508  0.165
  0.473  0.149  0.497  0.153  0.477  0.150  0.505  0.205
  0.541  0.333  0.620  0.422  0.661  0.529  0.676  0.631
  0.705  0.727  0.736  0.840  0.754  0.947  0.725  1.050
  -0.678  0.311  -0.604  0.283  -0.566  0.241  -0.539  0.191
  -0.451  0.167  -0.343  0.140  -0.226  0.112  -0.085  0.078
  0.050  0.050  0.139  0.055  0.296  0.042  0.526  0.029
  0.678  0.065  0.724  0.179  0.727  0.253  0.703  0.270
  0.647  0.240  0.582  0.219  0.505  0.185  0.456  0.166
  0.447  0.181  0.429  0.166  0.426  0.165  0.442  0.224
  0.486  0.337  0.528  0.418  0.571  0.536  0.581  0.635
  0.615  0.732  0.628  0.844  0.623  0.949  0.622  1.046
  -0.522  0.419  -0.474  0.380  -0.446  0.333  -0.411  0.283
  -0.318  0.255  -0.240  0.230  -0.137  0.197  -0.034  0.179
  0.105  0.163  0.272  0.138  0.514  0.105  0.695  0.093
  0.821  0.139  0.843  0.260  0.800  0.322  0.720  0.317
  0.630  0.280  0.537  0.221  0.478  0.197  0.451  0.189
  0.391  0.168  0.344  0.157  0.321  0.160  0.354  0.216
  0.371  0.307  0.424  0.396  0.470  0.521  0.498  0.618
  0.514  0.765  0.506  0.874  0.511  0.969  0.508  1.029
  -0.374  0.525  -0.351  0.469  -0.287  0.424  -0.275  0.374
  -0.210  0.342  -0.140  0.317  -0.051  0.300  0.075  0.273
  0.224  0.251  0.407  0.217  0.678  0.162  0.853  0.155
  0.953  0.202  0.915  0.310  0.804  0.348  0.686  0.330
  0.575  0.289  0.500  0.254  0.460  0.225  0.389  0.186
  0.321  0.155  0.267  0.132  0.241  0.137  0.253  0.180
  0.264  0.282  0.289  0.382  0.329  0.531  0.371  0.639
  0.382  0.754  0.376  0.874  0.368  0.974  0.368  1.007
  -0.198  0.646  -0.210  0.565  -0.186  0.507  -0.178  0.467
  -0.118  0.430  -0.069  0.421  0.056  0.392  0.196  0.352
  0.363  0.307  0.647  0.237  0.845  0.208  1.000  0.207
  1.037  0.232  0.908  0.305  0.755  0.338  0.618  0.321
  0.526  0.301  0.471  0.285  0.384  0.221  0.301  0.174
  0.232  0.137  0.184  0.118  0.163  0.117  0.167  0.157
  0.171  0.224  0.184  0.349  0.208  0.472  0.235  0.654
  0.227  0.770  0.222  0.889  0.220  0.954  0.205  0.987
  0.038  0.803  -0.075  0.670  -0.065  0.605  -0.073  0.577
  -0.005  0.532  0.074  0.497  0.192  0.459  0.332  0.414
  0.495  0.353  0.776  0.267  0.968  0.235  1.082  0.213
  1.016  0.199  0.840  0.255  0.671  0.305  0.559  0.320
  0.486  0.319  0.383  0.279  0.283  0.225  0.196  0.157
  0.132  0.122  0.090  0.102  0.078  0.108  0.084  0.139
  0.088  0.204  0.099  0.304  0.114  0.468  0.122  0.623
  0.092  0.739  0.078  0.859  0.057  0.905  0.031  0.939
  0.180  0.921  0.118  0.791  0.087  0.719  0.127  0.662
  0.151  0.612  0.221  0.566  0.333  0.512  0.466  0.450
  0.721  0.335  0.878  0.270  1.007  0.203  1.028  0.127
  0.908  0.119  0.732  0.180  0.601  0.277  0.509  0.327
  0.386  0.304  0.268  0.259  0.167  0.210  0.085  0.160
  0.021  0.104  -0.017  0.086  -0.019  0.095  -0.015  0.115
  -0.022  0.168  -0.017  0.265  -0.009  0.384  -0.009  0.561
  -0.036  0.688  -0.068  0.796  -0.097  0.844  -0.137  0.867
  0.398  1.079  0.375  0.969  0.294  0.831  0.312  0.745
  0.341  0.674  0.378  0.620  0.474  0.552  0.596  0.471
  0.816  0.340  0.923  0.245  0.978  0.124  0.946  0.012
  0.795  0.034  0.656  0.126  0.547  0.242  0.400  0.296
  0.261  0.277  0.142  0.236  0.044  0.192  -0.035  0.148
  -0.098  0.103  -0.140  0.062  -0.145  0.069  -0.143  0.085
  -0.161  0.111  -0.158  0.224  -0.163  0.323  -0.152  0.526
  -0.172  0.669  -0.207  0.742  -0.227  0.792  -0.273  0.811
  0.631  1.198  0.610  1.091  0.549  0.949  0.511  0.824
  0.520  0.732  0.542  0.664  0.616  0.579  0.810  0.439
  0.885  0.326  0.909  0.182  0.891  0.022  0.849  -0.085
  0.723  -0.023  0.603  0.087  0.436  0.165  0.269  0.240
  0.122  0.246  0.000  0.208  -0.096  0.163  -0.177  0.114
  -0.237  0.074  -0.280  0.041  -0.285  0.031  -0.295  0.040
  -0.305  0.070  -0.307  0.149  -0.312  0.285  -0.299  0.464
  -0.314  0.641  -0.321  0.714  -0.344  0.761  -0.387  0.783
  0.810  1.278  0.813  1.174  0.794  1.052  0.732  0.906
  0.698  0.786  0.699  0.702  0.749  0.594  0.883  0.429
  0.886  0.275  0.820  0.094  0.747  -0.041  0.662  -0.045
  0.587  -0.002  0.438  0.024  0.276  0.073  0.117  0.141
  -0.034  0.201  -0.158  0.173  -0.257  0.114  -0.336  0.059
  -0.396  0.020  -0.430  0.001  -0.433  0.002  -0.447  -0.002
  -0.457  0.028  -0.454  0.107  -0.446  0.264  -0.424  0.456
  -0.420  0.603  -0.406  0.708  -0.441  0.757  -0.473  0.786
  0.992  1.347  1.011  1.244  1.003  1.128  0.953  0.987
  0.869  0.834  0.847  0.730  0.925  0.562  0.901  0.392
  0.807  0.201  0.683  0.033  0.565  -0.039  0.498  -0.039
  0.355  -0.073  0.199  -0.096  0.055  -0.083  -0.082  -0.035
  -0.205  0.058  -0.319  0.105  -0.413  0.047  -0.489  -0.007
  -0.545  -0.039  -0.563  -0.039  -0.559  -0.020  -0.570  -0.011
  -0.567  0.010  -0.542  0.101  -0.528  0.277  -0.498  0.480
  -0.485  0.602  -0.472  0.712  -0.510  0.768  -0.544  0.791
  1.155  1.397  1.179  1.298  1.187  1.187  1.136  1.046
  1.035  0.876  0.976  0.736  0.956  0.532  0.867  0.347
  0.701  0.149  0.616  0.068  0.428  -0.052  0.264  -0.140
  0.114  -0.205  -0.029  -0.249  -0.159  -0.268  -0.279  -0.258
  -0.382  -0.206  -0.469  -0.129  -0.552  -0.085  -0.615  -0.089
  -0.653  -0.090  -0.669  -0.073  -0.657  -0.035  -0.660  -0.009
  -0.637  0.025  -0.602  0.122  -0.587  0.327  -0.557  0.483
  -0.552  0.602  -0.547  0.701  -0.577  0.762  -0.612  0.776
  1.295  1.434  1.320  1.335  1.326  1.224  1.277  1.092
  1.180  0.919  1.077  0.715  0.947  0.501  0.897  0.384
  0.673  0.193  0.446  0.017  0.247  -0.128  0.069  -0.247
  -0.088  -0.340  -0.227  -0.409  -0.344  -0.450  -0.442  -0.463
  -0.524  -0.446  -0.584  -0.392  -0.646  -0.319  -0.686  -0.233
  -0.713  -0.160  -0.730  -0.109  -0.711  -0.044  -0.713  -0.002
  -0.691  0.051  -0.666  0.147  -0.651  0.352  -0.624  0.478
  -0.626  0.569  -0.620  0.660  -0.641  0.724  -0.674  0.743
  1.384  1.457  1.403  1.351  1.396  1.238  1.370  1.108
  1.288  0.952  1.176  0.754  1.008  0.560  0.785  0.359
  0.545  0.152  0.331  -0.027  0.130  -0.188  -0.055  -0.329
  -0.228  -0.452  -0.365  -0.541  -0.468  -0.598  -0.521  -0.612
  -0.597  -0.624  -0.626  -0.590  -0.670  -0.539  -0.700  -0.450
  -0.734  -0.333  -0.753  -0.211  -0.735  -0.098  -0.746  -0.025
  -0.732  0.057  -0.711  0.143  -0.712  0.304  -0.695  0.429
  -0.704  0.499  -0.695  0.594  -0.706  0.655  -0.725  0.699
  1.433  1.454  1.439  1.349  1.409  1.229  1.359  1.091
  1.264  0.913  1.102  0.729  0.906  0.532  0.671  0.314
  0.445  0.105  0.256  -0.069  0.063  -0.236  -0.113  -0.385
  -0.272  -0.514  -0.403  -0.618  -0.494  -0.687  -0.552  -0.726
  -0.613  -0.756  -0.636  -0.751  -0.670  -0.733  -0.686  -0.670
  -0.713  -0.558  -0.732  -0.416  -0.730  -0.268  -0.758  -0.147
  -0.750  -0.013  -0.738  0.101  -0.756  0.207  -0.752  0.331
  -0.765  0.404  -0.754  0.502  -0.762  0.563  -0.759  0.624
  1.423  1.418  1.421  1.320  1.375  1.192  1.295  1.056
  1.169  0.895  1.002  0.706  0.802  0.496  0.561  0.277
  0.351  0.044  0.170  -0.134  -0.016  -0.307  -0.160  -0.447
  -0.309  -0.583  -0.419  -0.687  -0.492  -0.760  -0.568  -0.829
  -0.617  -0.874  -0.635  -0.892  -0.658  -0.902  -0.641  -0.861
  -0.642  -0.769  -0.668  -0.634  -0.679  -0.481  -0.721  -0.346
  -0.729  -0.200  -0.741  -0.067  -0.775  0.081  -0.779  0.205
  -0.793  0.290  -0.781  0.389  -0.790  0.460  -0.781  0.529
  1.365  1.364  1.352  1.258  1.289  1.126  1.188  0.979
  1.056  0.815  0.882  0.623  0.691  0.423  0.468  0.221
  0.254  0.015  0.084  -0.161  -0.093  -0.339  -0.222  -0.477
  -0.353  -0.614  -0.436  -0.709  -0.527  -0.808  -0.588  -0.934
  -0.619  -0.990  -0.631  -1.023  -0.632  -1.042  -0.591  -1.028
  -0.552  -0.969  -0.590  -0.846  -0.612  -0.696  -0.667  -0.518
  -0.707  -0.358  -0.744  -0.227  -0.790  -0.082  -0.801  0.050
  -0.819  0.143  -0.808  0.251  -0.820  0.331  -0.805  0.400
  1.289  1.293  1.253  1.174  1.179  1.042  1.074  0.891
  0.937  0.725  0.772  0.536  0.588  0.343  0.392  0.148
  0.179  -0.039  0.013  -0.217  -0.154  -0.402  -0.271  -0.553
  -0.392  -0.695  -0.467  -0.799  -0.554  -0.904  -0.595  -0.980
  -0.634  -1.046  -0.631  -1.094  -0.596  -1.133  -0.548  -1.142
  -0.497  -1.093  -0.508  -0.992  -0.550  -0.864  -0.637  -0.729
  -0.703  -0.538  -0.751  -0.404  -0.803  -0.247  -0.818  -0.123
  -0.840  -0.015  -0.833  0.098  -0.841  0.180  -0.828  0.258
  1.198  1.207  1.161  1.094  1.090  0.959  0.980  0.802
  0.836  0.626  0.680  0.443  0.511  0.266  0.308  0.065
  0.119  -0.119  -0.039  -0.304  -0.196  -0.480  -0.311  -0.635
  -0.423  -0.786  -0.488  -0.900  -0.563  -1.013  -0.596  -1.085
  -0.627  -1.173  -0.608  -1.248  -0.563  -1.313  -0.500  -1.316
  -0.437  -1.270  -0.435  -1.176  -0.501  -1.071  -0.605  -0.900
  -0.672  -0.761  -0.730  -0.602  -0.795  -0.438  -0.817  -0.300
  -0.846  -0.181  -0.842  -0.067  -0.846  0.010  -0.840  0.105
  1.115  1.116  1.066  0.994  0.990  0.858  0.877  0.697
  0.752  0.523  0.601  0.333  0.441  0.154  0.274  -0.027
  0.099  -0.207  -0.053  -0.381  -0.214  -0.560  -0.332  -0.711
  -0.433  -0.874  -0.496  -1.000  -0.540  -1.153  -0.565  -1.246
  -0.580  -1.352  -0.551  -1.423  -0.507  -1.466  -0.487  -1.489
  -0.433  -1.447  -0.441  -1.347  -0.515  -1.225  -0.595  -1.113
  -0.666  -0.950  -0.719  -0.792  -0.770  -0.665  -0.808  -0.458
  -0.840  -0.355  -0.843  -0.237  -0.846  -0.161  -0.839  -0.065
  1.036  0.997  0.989  0.880  0.902  0.732  0.779  0.561
  0.664  0.395  0.530  0.221  0.379  0.047  0.217  -0.125
  0.071  -0.310  -0.053  -0.483  -0.180  -0.669  -0.298  -0.845
  -0.386  -1.011  -0.473  -1.154  -0.540  -1.280  -0.539  -1.409
  -0.556  -1.517  -0.529  -1.583  -0.497  -1.622  -0.481  -1.612
  -0.433  -1.564  -0.462  -1.472  -0.526  -1.358  -0.595  -1.224
  -0.658  -1.113  -0.710  -0.969  -0.753  -0.847  -0.789  -0.655
  -0.823  -0.525  -0.829  -0.420  -0.843  -0.323  -0.837  -0.229
  0.970  0.923  0.907  0.789  0.820  0.628  0.712  0.464
  0.598  0.294  0.487  0.138  0.351  -0.049  0.199  -0.226
  0.069  -0.425  -0.021  -0.607  -0.151  -0.813  -0.272  -1.001
  -0.350  -1.153  -0.450  -1.282  -0.521  -1.411  -0.518  -1.541
  -0.529  -1.646  -0.504  -1.704  -0.523  -1.744  -0.473  -1.726
  -0.472  -1.623  -0.524  -1.548  -0.577  -1.488  -0.632  -1.364
  -0.686  -1.269  -0.727  -1.163  -0.758  -1.027  -0.784  -0.838
  -0.809  -0.670  -0.813  -0.557  -0.824  -0.466  -0.811  -0.383
0.818775  8.178828  32  0.818775  8.178828  32
1.004803  -0.001313  0.007264  1.000951  1.564 -0.980
  1.172  1.415  1.166  1.411  1.069  1.302  0.962  1.186
  0.841  1.069  0.747  0.974  0.653  0.880  0.573  0.789
  0.492  0.697  0.417  0.608  0.347  0.526  0.289  0.448
  0.242  0.373  0.198  0.308  0.164  0.246  0.144  0.187
  0.125  0.126  0.098  0.047  0.108  -0.030  0.140  -0.093
  0.139  -0.158  0.135  -0.216  0.114  -0.246  0.083  -0.269
  0.037  -0.306  -0.037  -0.366  -0.086  -0.419  -0.122  -0.459
  -0.136  -0.483  -0.136  -0.495  -0.167  -0.511  -0.227  -0.528
  1.110  1.352  1.097  1.341  0.995  1.232  0.880  1.109
  0.760  0.996  0.663  0.899  0.572  0.806  0.483  0.710
  0.400  0.615  0.321  0.522  0.248  0.436  0.185  0.353
  0.132  0.281  0.091  0.218  0.067  0.165  0.057  0.119
  0.050  0.071  0.042  0.012  0.059  -0.048  0.070  -0.114
  0.070  -0.183  0.098  -0.233  0.089  -0.269  0.066  -0.299
  0.038  -0.331  0.000  -0.367  -0.054  -0.410  -0.125  -0.463
  -0.153  -0.493  -0.156  -0.502  -0.192  -0.516  -0.238  -0.520
  1.050  1.288  1.032  1.272  0.933  1.169  0.821  1.051
  0.705  0.941  0.585  0.828  0.496  0.732  0.405  0.634
  0.316  0.534  0.233  0.437  0.155  0.346  0.084  0.262
  0.026  0.191  -0.016  0.128  -0.042  0.077  -0.052  0.036
  -0.045  -0.001  -0.031  -0.037  -0.016  -0.085  -0.004  -0.143
  0.032  -0.200  0.056  -0.259  0.045  -0.307  0.047  -0.335
  0.043  -0.356  0.008  -0.388  -0.022  -0.411  -0.068  -0.446
  -0.125  -0.487  -0.157  -0.506  -0.212  -0.517  -0.199  -0.500
  1.006  1.235  0.979  1.210  0.872  1.100  0.759  0.986
  0.638  0.875  0.515  0.760  0.422  0.660  0.330  0.560
  0.236  0.456  0.151  0.357  0.067  0.261  -0.010  0.176
  -0.074  0.104  -0.118  0.044  -0.143  -0.003  -0.157  -0.044
  -0.158  -0.081  -0.143  -0.112  -0.117  -0.143  -0.074  -0.178
  -0.033  -0.228  -0.011  -0.284  -0.009  -0.328  0.005  -0.361
  0.031  -0.383  0.025  -0.401  0.001  -0.418  -0.002  -0.421
  -0.024  -0.436  -0.084  -0.462  -0.175  -0.479  -0.114  -0.460
  0.969  1.189  0.931  1.154  0.815  1.038  0.697  0.923
  0.573  0.809  0.449  0.695  0.350  0.590  0.256  0.487
  0.162  0.381  0.067  0.277  -0.021  0.178  -0.105  0.091
  -0.171  0.017  -0.220  -0.043  -0.250  -0.090  -0.266  -0.129
  -0.261  -0.159  -0.241  -0.187  -0.213  -0.214  -0.174  -0.242
  -0.127  -0.279  -0.083  -0.316  -0.044  -0.348  -0.015  -0.369
  0.049  -0.386  0.087  -0.391  0.068  -0.396  0.086  -0.394
  0.079  -0.396  0.014  -0.408  -0.025  -0.413  0.000  -0.392
  0.960  1.162  0.905  1.113  0.778  0.990  0.654  0.871
  0.523  0.751  0.391  0.632  0.279  0.520  0.177  0.411
  0.078  0.303  -0.020  0.196  -0.123  0.091  -0.215  -0.002
  -0.286  -0.077  -0.334  -0.134  -0.359  -0.176  -0.364  -0.208
  -0.360  -0.237  -0.344  -0.264  -0.310  -0.286  -0.268  -0.307
  -0.213  -0.332  -0.154  -0.357  -0.074  -0.364  0.017  -0.356
  0.088  -0.358  0.165  -0.348  0.188  -0.348  0.176  -0.352
  0.179  -0.351  0.165  -0.326  0.196  -0.312  0.170  -0.305
  0.924  1.113  0.878  1.069  0.766  0.960  0.638  0.837
  0.493  0.707  0.350  0.583  0.234  0.468  0.124  0.355
  0.017  0.243  -0.086  0.132  -0.197  0.020  -0.298  -0.079
  -0.376  -0.156  -0.426  -0.211  -0.448  -0.248  -0.449  -0.276
  -0.436  -0.300  -0.412  -0.320  -0.380  -0.340  -0.326  -0.349
  -0.273  -0.363  -0.186  -0.370  -0.104  -0.377  -0.024  -0.365
  0.055  -0.362  0.122  -0.366  0.191  -0.355  0.220  -0.342
  0.230  -0.326  0.256  -0.303  0.313  -0.274  0.296  -0.249
  0.867  1.051  0.821  1.004  0.711  0.899  0.597  0.789
  0.469  0.672  0.339  0.555  0.205  0.430  0.076  0.306
  -0.036  0.189  -0.148  0.071  -0.265  -0.045  -0.375  -0.149
  -0.460  -0.230  -0.509  -0.281  -0.525  -0.313  -0.521  -0.337
  -0.510  -0.361  -0.466  -0.368  -0.422  -0.378  -0.377  -0.390
  -0.325  -0.399  -0.243  -0.397  -0.125  -0.370  -0.019  -0.352
  0.018  -0.374  0.091  -0.375  0.179  -0.353  0.243  -0.332
  0.283  -0.308  0.349  -0.279  0.383  -0.233  0.374  -0.200
  0.819  0.989  0.763  0.935  0.654  0.831  0.542  0.726
  0.410  0.611  0.288  0.500  0.162  0.386  0.041  0.266
  -0.075  0.145  -0.197  0.022  -0.325  -0.101  -0.443  -0.216
  -0.527  -0.295  -0.573  -0.340  -0.586  -0.370  -0.578  -0.390
  -0.562  -0.408  -0.520  -0.414  -0.491  -0.430  -0.419  -0.419
  -0.332  -0.401  -0.234  -0.375  -0.140  -0.358  -0.062  -0.365
  0.002  -0.359  0.074  -0.356  0.176  -0.325  0.261  -0.297
  0.334  -0.269  0.424  -0.234  0.454  -0.187  0.450  -0.156
  0.757  0.917  0.689  0.855  0.591  0.761  0.489  0.663
  0.354  0.548  0.237  0.444  0.110  0.329  -0.014  0.211
  -0.135  0.090  -0.261  -0.035  -0.395  -0.165  -0.516  -0.278
  -0.576  -0.350  -0.602  -0.384  -0.636  -0.420  -0.642  -0.447
  -0.630  -0.464  -0.589  -0.465  -0.524  -0.448  -0.430  -0.420
  -0.326  -0.383  -0.233  -0.357  -0.171  -0.359  -0.075  -0.343
  -0.005  -0.343  0.080  -0.334  0.165  -0.305  0.253  -0.272
  0.348  -0.237  0.437  -0.189  0.484  -0.145  0.502  -0.111
  0.671  0.825  0.623  0.774  0.536  0.690  0.429  0.593
  0.293  0.481  0.168  0.372  0.043  0.261  -0.085  0.141
  -0.213  0.018  -0.357  -0.115  -0.493  -0.242  -0.590  -0.343
  -0.647  -0.416  -0.692  -0.457  -0.718  -0.488  -0.714  -0.511
  -0.694  -0.515  -0.627  -0.492  -0.536  -0.451  -0.424  -0.405
  -0.328  -0.372  -0.259  -0.365  -0.167  -0.342  -0.081  -0.329
  -0.025  -0.323  0.051  -0.315  0.137  -0.285  0.221  -0.249
  0.328  -0.210  0.416  -0.161  0.486  -0.108  0.521  -0.069
  0.588  0.731  0.558  0.691  0.473  0.613  0.354  0.513
  0.211  0.398  0.080  0.289  -0.052  0.173  -0.197  0.042
  -0.330  -0.081  -0.466  -0.198  -0.582  -0.315  -0.662  -0.415
  -0.723  -0.489  -0.780  -0.529  -0.806  -0.553  -0.780  -0.554
  -0.707  -0.530  -0.606  -0.483  -0.509  -0.435  -0.417  -0.397
  -0.355  -0.381  -0.250  -0.342  -0.155  -0.316  -0.092  -0.310
  -0.031  -0.300  0.037  -0.294  0.117  -0.267  0.209  -0.227
  0.312  -0.187  0.396  -0.136  0.477  -0.075  0.518  -0.039
  0.511  0.638  0.473  0.596  0.386  0.521  0.266  0.422
  0.125  0.310  -0.006  0.204  -0.151  0.082  -0.298  -0.042
  -0.428  -0.158  -0.549  -0.276  -0.646  -0.391  -0.733  -0.492
  -0.803  -0.563  -0.854  -0.589  -0.848  -0.584  -0.785  -0.552
  -0.690  -0.506  -0.581  -0.457  -0.488  -0.418  -0.421  -0.401
  -0.323  -0.353  -0.228  -0.313  -0.144  -0.288  -0.087  -0.282
  -0.028  -0.272  0.037  -0.268  0.110  -0.244  0.206  -0.201
  0.297  -0.149  0.381  -0.094  0.465  -0.036  0.510  -0.006
  0.396  0.516  0.376  0.492  0.297  0.422  0.175  0.327
  0.036  0.220  -0.093  0.120  -0.216  0.019  -0.362  -0.110
  -0.495  -0.230  -0.612  -0.350  -0.714  -0.470  -0.808  -0.570
  -0.868  -0.626  -0.879  -0.615  -0.829  -0.570  -0.745  -0.517
  -0.645  -0.462  -0.561  -0.428  -0.497  -0.415  -0.385  -0.363
  -0.275  -0.313  -0.186  -0.275  -0.111  -0.253  -0.069  -0.251
  -0.017  -0.238  0.047  -0.228  0.107  -0.205  0.193  -0.168
  0.287  -0.109  0.367  -0.051  0.452  0.009  0.500  0.039
  0.234  0.353  0.270  0.379  0.192  0.315  0.075  0.229
  -0.052  0.131  -0.175  0.038  -0.283  -0.057  -0.409  -0.174
  -0.540  -0.297  -0.639  -0.419  -0.767  -0.542  -0.862  -0.634
  -0.876  -0.649  -0.836  -0.591  -0.766  -0.522  -0.681  -0.463
  -0.611  -0.428  -0.555  -0.411  -0.446  -0.363  -0.334  -0.310
  -0.225  -0.261  -0.133  -0.224  -0.066  -0.207  -0.026  -0.204
  0.024  -0.193  0.071  -0.180  0.121  -0.164  0.187  -0.121
  0.274  -0.063  0.351  -0.004  0.435  0.057  0.486  0.094
  0.074  0.193  0.147  0.251  0.088  0.207  -0.017  0.131
  -0.130  0.044  -0.237  -0.044  -0.334  -0.131  -0.433  -0.226
  -0.554  -0.350  -0.658  -0.470  -0.775  -0.579  -0.832  -0.637
  -0.797  -0.604  -0.744  -0.532  -0.680  -0.459  -0.631  -0.420
  -0.591  -0.402  -0.492  -0.348  -0.382  -0.292  -0.273  -0.245
  -0.172  -0.199  -0.085  -0.166  -0.028  -0.155  0.014  -0.153
  0.059  -0.143  0.097  -0.130  0.138  -0.107  0.198  -0.066
  0.279  0.002  0.350  0.064  0.429  0.125  0.475  0.164
  -0.101  0.025  -0.024  0.083  -0.022  0.090  -0.097  0.029
  -0.196  -0.044  -0.292  -0.125  -0.375  -0.202  -0.455  -0.286
  -0.542  -0.398  -0.639  -0.490  -0.701  -0.554  -0.695  -0.561
  -0.662  -0.517  -0.628  -0.456  -0.611  -0.409  -0.595  -0.386
  -0.515  -0.333  -0.416  -0.274  -0.312  -0.217  -0.212  -0.167
  -0.116  -0.130  -0.035  -0.098  0.011  -0.094  0.054  -0.091
  0.106  -0.070  0.145  -0.053  0.182  -0.029  0.225  0.010
  0.295  0.080  0.364  0.150  0.431  0.212  0.475  0.255
  -0.308  -0.170  -0.219  -0.105  -0.161  -0.060  -0.182  -0.079
  -0.253  -0.134  -0.337  -0.204  -0.400  -0.268  -0.451  -0.333
  -0.509  -0.411  -0.568  -0.469  -0.565  -0.482  -0.533  -0.468
  -0.529  -0.433  -0.543  -0.404  -0.557  -0.377  -0.505  -0.312
  -0.428  -0.251  -0.338  -0.194  -0.243  -0.138  -0.149  -0.088
  -0.056  -0.043  0.020  -0.015  0.065  -0.007  0.104  -0.002
  0.159  0.025  0.189  0.052  0.222  0.079  0.248  0.112
  0.298  0.173  0.363  0.241  0.416  0.301  0.450  0.346
  -0.463  -0.331  -0.378  -0.273  -0.308  -0.222  -0.269  -0.194
  -0.307  -0.223  -0.371  -0.278  -0.408  -0.324  -0.411  -0.360
  -0.425  -0.381  -0.442  -0.402  -0.401  -0.381  -0.391  -0.374
  -0.433  -0.371  -0.475  -0.362  -0.454  -0.307  -0.403  -0.231
  -0.337  -0.163  -0.255  -0.102  -0.165  -0.046  -0.073  0.009
  0.012  0.056  0.083  0.092  0.116  0.096  0.157  0.112
  0.192  0.134  0.215  0.157  0.246  0.190  0.260  0.222
  0.289  0.279  0.326  0.322  0.354  0.374  0.362  0.411
  -0.575  -0.462  -0.500  -0.415  -0.435  -0.371  -0.373  -0.326
  -0.365  -0.317  -0.395  -0.347  -0.390  -0.361  -0.356  -0.356
  -0.312  -0.324  -0.275  -0.295  -0.257  -0.279  -0.304  -0.292
  -0.363  -0.307  -0.360  -0.272  -0.332  -0.214  -0.290  -0.144
  -0.238  -0.065  -0.164  0.003  -0.075  0.065  0.012  0.123
  0.088  0.172  0.140  0.205  0.162  0.213  0.186  0.228
  0.199  0.251  0.208  0.267  0.234  0.293  0.233  0.321
  0.240  0.359  0.230  0.380  0.222  0.420  0.212  0.448
  -0.670  -0.586  -0.601  -0.543  -0.547  -0.508  -0.481  -0.459
  -0.433  -0.418  -0.409  -0.408  -0.339  -0.373  -0.266  -0.318
  -0.178  -0.242  -0.127  -0.191  -0.160  -0.199  -0.218  -0.220
  -0.224  -0.198  -0.216  -0.162  -0.204  -0.121  -0.179  -0.065
  -0.141  0.010  -0.075  0.099  0.008  0.172  0.085  0.231
  0.144  0.281  0.167  0.305  0.164  0.313  0.164  0.331
  0.158  0.337  0.152  0.337  0.154  0.364  0.122  0.385
  0.089  0.396  0.049  0.410  0.034  0.446  0.027  0.467
  -0.747  -0.695  -0.683  -0.656  -0.634  -0.625  -0.567  -0.573
  -0.489  -0.510  -0.403  -0.449  -0.291  -0.370  -0.212  -0.305
  -0.103  -0.201  -0.094  -0.173  -0.073  -0.133  -0.063  -0.105
  -0.055  -0.077  -0.057  -0.054  -0.069  -0.036  -0.078  -0.011
  -0.056  0.046  0.008  0.147  0.080  0.248  0.129  0.317
  0.149  0.360  0.141  0.384  0.108  0.391  0.101  0.402
  0.083  0.390  0.048  0.382  0.013  0.414  -0.048  0.418
  -0.098  0.426  -0.145  0.434  -0.144  0.465  -0.141  0.482
  -0.794  -0.785  -0.730  -0.742  -0.683  -0.708  -0.625  -0.664
  -0.541  -0.600  -0.427  -0.513  -0.307  -0.414  -0.231  -0.342
  -0.104  -0.218  0.003  -0.110  0.062  -0.044  0.068  -0.020
  0.089  0.015  0.094  0.039  0.077  0.047  0.056  0.056
  0.064  0.102  0.092  0.184  0.127  0.280  0.130  0.353
  0.103  0.400  0.059  0.429  -0.006  0.434  -0.028  0.439
  -0.068  0.424  -0.133  0.421  -0.188  0.451  -0.233  0.450
  -0.240  0.463  -0.269  0.467  -0.265  0.484  -0.252  0.497
  -0.821  -0.859  -0.750  -0.803  -0.691  -0.756  -0.629  -0.710
  -0.550  -0.648  -0.450  -0.563  -0.336  -0.461  -0.207  -0.340
  -0.073  -0.213  0.043  -0.103  0.119  -0.026  0.142  0.008
  0.185  0.058  0.205  0.089  0.209  0.109  0.198  0.119
  0.218  0.169  0.210  0.219  0.195  0.286  0.150  0.346
  0.076  0.398  -0.022  0.435  -0.118  0.437  -0.168  0.449
  -0.244  0.447  -0.316  0.444  -0.353  0.471  -0.363  0.480
  -0.335  0.496  -0.342  0.498  -0.331  0.508  -0.327  0.513
  -0.814  -0.899  -0.733  -0.836  -0.661  -0.774  -0.590  -0.715
  -0.507  -0.642  -0.404  -0.549  -0.288  -0.442  -0.158  -0.324
  -0.038  -0.215  0.058  -0.124  0.152  -0.036  0.184  0.003
  0.211  0.038  0.257  0.087  0.302  0.134  0.335  0.173
  0.366  0.220  0.358  0.255  0.336  0.302  0.272  0.344
  0.172  0.387  0.041  0.422  -0.122  0.419  -0.237  0.439
  -0.342  0.453  -0.410  0.458  -0.417  0.485  -0.412  0.500
  -0.379  0.519  -0.379  0.523  -0.367  0.530  -0.385  0.521
  -0.758  -0.891  -0.667  -0.825  -0.584  -0.757  -0.515  -0.692
  -0.434  -0.612  -0.331  -0.516  -0.214  -0.408  -0.095  -0.298
  0.014  -0.205  0.104  -0.123  0.191  -0.043  0.230  -0.002
  0.267  0.038  0.340  0.104  0.409  0.165  0.473  0.224
  0.506  0.263  0.505  0.286  0.495  0.318  0.426  0.331
  0.318  0.356  0.171  0.378  -0.043  0.374  -0.214  0.401
  -0.347  0.418  -0.423  0.440  -0.431  0.488  -0.438  0.504
  -0.404  0.524  -0.403  0.524  -0.398  0.530  -0.424  0.514
  -0.664  -0.847  -0.566  -0.779  -0.474  -0.709  -0.403  -0.641
  -0.325  -0.561  -0.231  -0.470  -0.131  -0.377  -0.026  -0.277
  0.073  -0.185  0.154  -0.112  0.234  -0.040  0.286  0.009
  0.357  0.072  0.427  0.133  0.522  0.213  0.589  0.253
  0.618  0.279  0.636  0.307  0.632  0.324  0.570  0.311
  0.443  0.295  0.289  0.314  0.063  0.320  -0.129  0.368
  -0.284  0.403  -0.377  0.436  -0.403  0.487  -0.431  0.508
  -0.403  0.527  -0.403  0.524  -0.406  0.526  -0.439  0.507
  -0.571  -0.803  -0.465  -0.733  -0.361  -0.663  -0.281  -0.591
  -0.205  -0.509  -0.122  -0.426  -0.034  -0.342  0.063  -0.251
  0.146  -0.170  0.222  -0.102  0.308  -0.030  0.372  0.023
  0.460  0.095  0.532  0.154  0.627  0.227  0.688  0.268
  0.743  0.314  0.761  0.330  0.746  0.316  0.695  0.296
  0.573  0.272  0.393  0.276  0.186  0.295  -0.010  0.348
  -0.182  0.404  -0.298  0.443  -0.350  0.497  -0.390  0.516
  -0.374  0.535  -0.381  0.527  -0.390  0.525  -0.429  0.504
  -0.468  -0.754  -0.355  -0.685  -0.246  -0.616  -0.162  -0.551
  -0.086  -0.477  -0.007  -0.397  0.076  -0.313  0.166  -0.225
  0.245  -0.151  0.317  -0.090  0.407  -0.018  0.478  0.038
  0.573  0.110  0.649  0.162  0.744  0.221  0.816  0.265
  0.895  0.320  0.914  0.322  0.899  0.303  0.825  0.270
  0.710  0.242  0.500  0.235  0.297  0.269  0.097  0.343
  -0.065  0.390  -0.202  0.439  -0.278  0.495  -0.331  0.519
  -0.335  0.539  -0.351  0.526  -0.367  0.518  -0.413  0.500
  -0.363  -0.714  -0.259  -0.651  -0.143  -0.578  -0.046  -0.513
  0.036  -0.448  0.121  -0.374  0.202  -0.293  0.284  -0.208
  0.365  -0.138  0.438  -0.079  0.529  -0.015  0.600  0.039
  0.693  0.104  0.769  0.148  0.868  0.195  0.940  0.235
  1.025  0.288  1.051  0.298  1.000  0.278  0.915  0.269
  0.785  0.242  0.609  0.255  0.415  0.306  0.216  0.349
  0.049  0.399  -0.078  0.445  -0.161  0.483  -0.245  0.525
  -0.281  0.533  -0.316  0.518  -0.337  0.507  -0.383  0.489
  -0.329  -0.711  -0.204  -0.639  -0.089  -0.572  0.027  -0.499
  0.135  -0.427  0.229  -0.361  0.317  -0.286  0.409  -0.207
  0.493  -0.147  0.567  -0.095  0.663  -0.032  0.737  0.020
  0.815  0.074  0.875  0.114  0.948  0.166  1.013  0.196
  1.074  0.242  1.091  0.263  1.063  0.271  0.957  0.271
  0.822  0.253  0.653  0.280  0.485  0.327  0.312  0.378
  0.155  0.413  0.029  0.447  -0.070  0.467  -0.160  0.504
  -0.224  0.502  -0.272  0.492  -0.306  0.484  -0.352  0.467
  -0.323  -0.711  -0.185  -0.634  -0.076  -0.574  0.048  -0.502
  0.168  -0.425  0.270  -0.364  0.373  -0.296  0.482  -0.220
  0.574  -0.166  0.649  -0.114  0.745  -0.047  0.827  0.010
  0.871  0.044  0.907  0.078  0.956  0.123  1.013  0.149
  1.051  0.185  1.059  0.209  1.081  0.261  0.946  0.237
  0.850  0.271  0.682  0.307  0.529  0.338  0.359  0.380
  0.203  0.409  0.077  0.427  -0.030  0.443  -0.122  0.472
  -0.203  0.464  -0.251  0.459  -0.291  0.449  -0.335  0.431
0.818775  8.178828  32  0.818775  8.178828  32
0.997441  -0.005948  0.004188  1.003748  1.297 2.723
  1.109  0.639  1.111  0.642  1.087  0.626  1.038  0.599
  1.043  0.604  1.066  0.615  1.022  0.605  0.938  0.596
  0.836  0.591  0.722  0.589  0.603  0.585  0.493  0.581
  0.374  0.567  0.211  0.550  0.049  0.481  -0.035  0.343
  -0.070  0.223  -0.091  0.144  -0.126  0.074  -0.191  -0.006
  -0.242  -0.073  -0.304  -0.142  -0.373  -0.208  -0.407  -0.256
  -0.434  -0.295  -0.446  -0.326  -0.459  -0.340  -0.497  -0.349
  -0.549  -0.360  -0.617  -0.384  -0.683  -0.402  -0.733  -0.401
  1.050  0.603  1.056  0.606  1.029  0.584  0.984  0.558
  0.999  0.563  1.031  0.573  1.006  0.568  0.937  0.560
  0.847  0.557  0.744  0.555  0.635  0.552  0.525  0.544
  0.404  0.532  0.225  0.519  0.041  0.439  -0.049  0.299
  -0.069  0.198  -0.073  0.136  -0.102  0.063  -0.152  -0.006
  -0.203  -0.078  -0.270  -0.150  -0.344  -0.212  -0.388  -0.269
  -0.420  -0.309  -0.443  -0.344  -0.465  -0.363  -0.494  -0.364
  -0.538  -0.369  -0.605  -0.389  -0.673  -0.403  -0.721  -0.403
  0.976  0.585  0.979  0.587  0.957  0.552  0.915  0.520
  0.916  0.509  0.960  0.521  0.981  0.525  0.944  0.514
  0.874  0.509  0.787  0.507  0.688  0.504  0.582  0.500
  0.441  0.493  0.227  0.467  0.029  0.369  -0.045  0.245
  -0.043  0.172  -0.044  0.112  -0.058  0.051  -0.092  -0.013
  -0.143  -0.092  -0.215  -0.160  -0.293  -0.233  -0.349  -0.295
  -0.399  -0.342  -0.438  -0.380  -0.470  -0.405  -0.498  -0.409
  -0.533  -0.406  -0.587  -0.411  -0.648  -0.418  -0.698  -0.422
  0.887  0.560  0.894  0.564  0.890  0.519  0.853  0.485
  0.827  0.465  0.865  0.478  0.901  0.484  0.893  0.470
  0.841  0.464  0.772  0.460  0.687  0.459  0.573  0.462
  0.412  0.463  0.195  0.415  0.016  0.301  -0.022  0.204
  -0.005  0.146  -0.005  0.087  -0.018  0.025  -0.043  -0.042
  -0.090  -0.114  -0.157  -0.185  -0.234  -0.261  -0.304  -0.326
  -0.375  -0.380  -0.432  -0.420  -0.473  -0.447  -0.517  -0.465
  -0.561  -0.470  -0.608  -0.466  -0.647  -0.460  -0.704  -0.465
  0.744  0.538  0.754  0.540  0.777  0.489  0.770  0.449
  0.751  0.424  0.760  0.427  0.808  0.434  0.848  0.427
  0.817  0.419  0.770  0.412  0.685  0.418  0.547  0.429
  0.346  0.435  0.134  0.382  0.004  0.256  0.006  0.173
  0.027  0.119  0.026  0.056  0.010  -0.011  -0.014  -0.081
  -0.047  -0.153  -0.105  -0.220  -0.182  -0.289  -0.263  -0.357
  -0.358  -0.424  -0.441  -0.474  -0.497  -0.503  -0.556  -0.529
  -0.621  -0.550  -0.669  -0.547  -0.695  -0.530  -0.754  -0.533
  0.589  0.496  0.598  0.501  0.634  0.438  0.667  0.390
  0.657  0.373  0.638  0.362  0.695  0.377  0.749  0.373
  0.720  0.371  0.670  0.368  0.567  0.384  0.420  0.402
  0.199  0.400  -0.001  0.330  -0.027  0.191  0.007  0.131
  0.025  0.073  0.032  0.009  0.020  -0.061  -0.003  -0.136
  -0.033  -0.211  -0.092  -0.278  -0.168  -0.347  -0.262  -0.422
  -0.371  -0.494  -0.480  -0.552  -0.564  -0.592  -0.630  -0.617
  -0.698  -0.635  -0.754  -0.639  -0.803  -0.634  -0.860  -0.629
  0.448  0.432  0.457  0.435  0.482  0.362  0.515  0.314
  0.493  0.301  0.497  0.288  0.566  0.312  0.630  0.323
  0.630  0.329  0.566  0.335  0.454  0.355  0.308  0.376
  0.093  0.360  -0.071  0.264  -0.037  0.157  -0.009  0.102
  0.011  0.036  0.023  -0.036  0.015  -0.111  -0.006  -0.192
  -0.043  -0.276  -0.100  -0.355  -0.178  -0.431  -0.270  -0.500
  -0.375  -0.558  -0.494  -0.613  -0.608  -0.660  -0.693  -0.686
  -0.760  -0.703  -0.840  -0.717  -0.943  -0.737  -1.010  -0.734
  0.311  0.365  0.322  0.366  0.352  0.328  0.400  0.273
  0.387  0.240  0.388  0.220  0.419  0.237  0.483  0.269
  0.517  0.286  0.450  0.301  0.351  0.322  0.205  0.342
  0.007  0.320  -0.116  0.214  -0.083  0.129  -0.056  0.070
  -0.032  -0.000  -0.012  -0.080  -0.022  -0.169  -0.036  -0.256
  -0.061  -0.338  -0.101  -0.415  -0.167  -0.486  -0.257  -0.543
  -0.360  -0.593  -0.477  -0.640  -0.605  -0.682  -0.716  -0.716
  -0.794  -0.737  -0.902  -0.752  -1.038  -0.771  -1.122  -0.777
  0.155  0.301  0.175  0.306  0.232  0.291  0.290  0.232
  0.295  0.188  0.292  0.166  0.276  0.178  0.310  0.211
  0.328  0.237  0.274  0.261  0.194  0.281  0.053  0.306
  -0.126  0.284  -0.191  0.170  -0.140  0.093  -0.119  0.030
  -0.098  -0.046  -0.081  -0.131  -0.077  -0.219  -0.072  -0.302
  -0.081  -0.379  -0.097  -0.445  -0.139  -0.498  -0.214  -0.561
  -0.334  -0.613  -0.454  -0.650  -0.590  -0.693  -0.727  -0.732
  -0.846  -0.754  -1.002  -0.776  -1.134  -0.787  -1.218  -0.788
  0.023  0.245  0.046  0.248  0.107  0.239  0.161  0.201
  0.183  0.154  0.176  0.129  0.132  0.141  0.121  0.171
  0.137  0.198  0.116  0.226  0.046  0.249  -0.089  0.268
  -0.252  0.221  -0.295  0.107  -0.237  0.046  -0.197  -0.015
  -0.176  -0.087  -0.148  -0.169  -0.121  -0.248  -0.108  -0.316
  -0.097  -0.378  -0.088  -0.432  -0.104  -0.500  -0.160  -0.564
  -0.307  -0.611  -0.441  -0.648  -0.590  -0.693  -0.744  -0.726
  -0.896  -0.754  -1.077  -0.777  -1.216  -0.789  -1.314  -0.787
  -0.085  0.189  -0.069  0.189  -0.031  0.187  0.009  0.172
  0.029  0.136  0.021  0.115  -0.029  0.124  -0.072  0.151
  -0.065  0.182  -0.078  0.209  -0.136  0.235  -0.266  0.227
  -0.380  0.147  -0.362  0.068  -0.303  0.020  -0.257  -0.043
  -0.220  -0.111  -0.169  -0.175  -0.126  -0.234  -0.095  -0.289
  -0.070  -0.339  -0.038  -0.414  -0.036  -0.483  -0.099  -0.536
  -0.265  -0.581  -0.411  -0.625  -0.573  -0.662  -0.731  -0.692
  -0.906  -0.724  -1.077  -0.744  -1.246  -0.762  -1.349  -0.768
  -0.235  0.129  -0.224  0.136  -0.194  0.147  -0.154  0.142
  -0.152  0.119  -0.170  0.104  -0.210  0.116  -0.242  0.148
  -0.230  0.180  -0.225  0.202  -0.264  0.217  -0.400  0.180
  -0.472  0.094  -0.387  0.039  -0.315  -0.004  -0.256  -0.056
  -0.189  -0.107  -0.134  -0.154  -0.078  -0.197  -0.024  -0.240
  0.031  -0.315  0.072  -0.387  0.060  -0.441  -0.028  -0.492
  -0.204  -0.536  -0.363  -0.578  -0.531  -0.613  -0.705  -0.641
  -0.892  -0.666  -1.052  -0.691  -1.219  -0.712  -1.301  -0.723
  -0.391  0.072  -0.380  0.090  -0.346  0.111  -0.299  0.123
  -0.291  0.117  -0.296  0.103  -0.317  0.106  -0.347  0.132
  -0.353  0.160  -0.342  0.180  -0.370  0.189  -0.473  0.130
  -0.478  0.049  -0.376  0.008  -0.285  -0.023  -0.198  -0.049
  -0.116  -0.076  -0.039  -0.109  0.030  -0.144  0.106  -0.218
  0.176  -0.286  0.196  -0.337  0.161  -0.383  0.052  -0.434
  -0.129  -0.473  -0.306  -0.512  -0.499  -0.548  -0.683  -0.571
  -0.867  -0.596  -1.015  -0.627  -1.165  -0.644  -1.212  -0.662
  -0.521  0.007  -0.514  0.037  -0.485  0.071  -0.434  0.096
  -0.418  0.103  -0.408  0.090  -0.416  0.086  -0.453  0.107
  -0.467  0.137  -0.453  0.154  -0.467  0.143  -0.501  0.068
  -0.443  0.004  -0.327  -0.015  -0.209  -0.016  -0.098  -0.019
  0.002  -0.032  0.093  -0.051  0.193  -0.119  0.278  -0.183
  0.317  -0.231  0.316  -0.273  0.263  -0.314  0.140  -0.364
  -0.047  -0.401  -0.267  -0.434  -0.454  -0.470  -0.651  -0.492
  -0.835  -0.516  -0.982  -0.543  -1.103  -0.566  -1.095  -0.590
  -0.683  -0.104  -0.654  -0.022  -0.645  0.033  -0.600  0.071
  -0.554  0.096  -0.511  0.094  -0.498  0.082  -0.529  0.093
  -0.548  0.115  -0.523  0.126  -0.502  0.077  -0.477  -0.003
  -0.378  -0.029  -0.235  -0.006  -0.095  0.017  0.031  0.028
  0.147  0.028  0.272  -0.030  0.382  -0.082  0.441  -0.122
  0.457  -0.161  0.435  -0.201  0.362  -0.244  0.231  -0.286
  0.035  -0.320  -0.199  -0.348  -0.383  -0.386  -0.599  -0.412
  -0.790  -0.428  -0.932  -0.455  -0.997  -0.482  -0.959  -0.505
  -0.846  -0.147  -0.812  -0.062  -0.793  -0.001  -0.739  0.044
  -0.662  0.079  -0.595  0.085  -0.556  0.071  -0.573  0.072
  -0.592  0.088  -0.559  0.101  -0.547  0.029  -0.449  -0.037
  -0.277  -0.012  -0.108  0.035  0.045  0.070  0.187  0.091
  0.338  0.047  0.474  0.009  0.557  -0.018  0.599  -0.049
  0.601  -0.084  0.560  -0.124  0.470  -0.166  0.322  -0.208
  0.120  -0.238  -0.105  -0.264  -0.296  -0.299  -0.522  -0.328
  -0.721  -0.342  -0.849  -0.369  -0.866  -0.389  -0.868  -0.409
  -1.016  -0.197  -0.981  -0.128  -0.893  -0.035  -0.833  0.011
  -0.739  0.049  -0.665  0.062  -0.615  0.048  -0.625  0.049
  -0.625  0.069  -0.568  0.079  -0.485  0.006  -0.324  -0.005
  -0.133  0.046  0.045  0.100  0.211  0.137  0.386  0.109
  0.551  0.090  0.661  0.078  0.729  0.058  0.761  0.030
  0.750  -0.005  0.694  -0.043  0.584  -0.088  0.420  -0.127
  0.208  -0.158  -0.012  -0.185  -0.204  -0.220  -0.435  -0.240
  -0.634  -0.250  -0.762  -0.271  -0.790  -0.290  -0.808  -0.304
  -1.128  -0.242  -1.087  -0.174  -0.972  -0.095  -0.905  -0.029
  -0.797  0.015  -0.725  0.049  -0.650  0.048  -0.613  0.041
  -0.596  0.053  -0.537  0.038  -0.385  -0.001  -0.179  0.043
  0.024  0.111  0.214  0.166  0.413  0.155  0.606  0.156
  0.745  0.163  0.846  0.157  0.907  0.139  0.928  0.111
  0.906  0.078  0.836  0.041  0.711  -0.000  0.529  -0.039
  0.312  -0.059  0.096  -0.088  -0.098  -0.120  -0.328  -0.140
  -0.520  -0.151  -0.642  -0.167  -0.683  -0.183  -0.698  -0.193
  -1.161  -0.280  -1.125  -0.221  -1.038  -0.157  -0.957  -0.076
  -0.840  -0.023  -0.749  0.020  -0.646  0.037  -0.588  0.033
  -0.553  0.043  -0.462  0.014  -0.254  0.030  -0.030  0.099
  0.186  0.169  0.413  0.180  0.634  0.203  0.800  0.232
  0.936  0.246  1.038  0.243  1.093  0.223  1.104  0.195
  1.071  0.164  0.988  0.132  0.844  0.093  0.649  0.063
  0.432  0.044  0.215  0.017  0.022  -0.006  -0.192  -0.035
  -0.381  -0.060  -0.474  -0.068  -0.518  -0.088  -0.538  -0.085
  -1.187  -0.337  -1.154  -0.279  -1.079  -0.213  -0.975  -0.132
  -0.879  -0.054  -0.758  -0.007  -0.637  0.031  -0.543  0.047
  -0.489  0.058  -0.347  0.042  -0.108  0.082  0.122  0.147
  0.374  0.176  0.630  0.227  0.825  0.280  0.990  0.317
  1.134  0.338  1.240  0.339  1.293  0.319  1.297  0.292
  1.250  0.259  1.149  0.230  0.983  0.196  0.780  0.172
  0.568  0.148  0.352  0.121  0.153  0.098  -0.038  0.064
  -0.205  0.040  -0.304  0.013  -0.351  0.001  -0.361  0.001
  -1.217  -0.398  -1.179  -0.339  -1.084  -0.268  -0.957  -0.178
  -0.846  -0.085  -0.715  -0.027  -0.599  0.033  -0.492  0.074
  -0.400  0.084  -0.229  0.052  0.037  0.117  0.300  0.150
  0.579  0.218  0.808  0.305  1.010  0.373  1.190  0.423
  1.342  0.443  1.453  0.439  1.505  0.418  1.500  0.387
  1.438  0.359  1.308  0.331  1.123  0.299  0.921  0.273
  0.720  0.249  0.509  0.222  0.310  0.194  0.138  0.156
  -0.007  0.124  -0.120  0.088  -0.194  0.078  -0.224  0.079
  -1.223  -0.463  -1.177  -0.404  -1.070  -0.332  -0.928  -0.230
  -0.794  -0.122  -0.657  -0.024  -0.548  0.059  -0.439  0.085
  -0.308  0.089  -0.111  0.039  0.205  0.113  0.509  0.202
  0.742  0.293  0.967  0.379  1.185  0.458  1.381  0.518
  1.550  0.549  1.671  0.539  1.728  0.507  1.711  0.475
  1.616  0.450  1.457  0.422  1.265  0.387  1.069  0.359
  0.867  0.328  0.652  0.293  0.460  0.259  0.309  0.217
  0.180  0.184  0.055  0.154  -0.045  0.149  -0.091  0.143
  -1.212  -0.538  -1.152  -0.476  -1.032  -0.397  -0.898  -0.295
  -0.774  -0.176  -0.631  -0.052  -0.491  0.046  -0.358  0.078
  -0.177  0.068  0.080  0.055  0.388  0.121  0.655  0.255
  0.889  0.356  1.118  0.446  1.339  0.525  1.550  0.594
  1.724  0.628  1.851  0.614  1.914  0.579  1.873  0.547
  1.747  0.520  1.587  0.496  1.409  0.459  1.220  0.430
  1.016  0.398  0.805  0.356  0.615  0.318  0.486  0.276
  0.366  0.248  0.235  0.223  0.109  0.219  0.059  0.219
  -1.180  -0.622  -1.097  -0.557  -0.975  -0.473  -0.855  -0.363
  -0.737  -0.232  -0.600  -0.100  -0.434  0.001  -0.229  0.042
  0.014  0.023  0.284  0.029  0.528  0.127  0.792  0.257
  1.040  0.358  1.262  0.443  1.454  0.524  1.595  0.577
  1.708  0.622  1.794  0.624  1.837  0.610  1.804  0.590
  1.713  0.568  1.604  0.546  1.472  0.509  1.314  0.484
  1.138  0.457  0.962  0.420  0.783  0.386  0.667  0.346
  0.524  0.323  0.369  0.302  0.213  0.292  0.155  0.292
  -1.121  -0.713  -1.026  -0.652  -0.923  -0.571  -0.800  -0.459
  -0.651  -0.333  -0.484  -0.208  -0.290  -0.131  -0.059  -0.114
  0.194  -0.115  0.421  -0.056  0.626  0.030  0.850  0.152
  1.009  0.263  1.137  0.367  1.236  0.452  1.303  0.508
  1.355  0.562  1.393  0.591  1.413  0.608  1.416  0.610
  1.397  0.599  1.367  0.579  1.314  0.551  1.239  0.535
  1.144  0.507  1.030  0.472  0.901  0.447  0.788  0.415
  0.623  0.398  0.442  0.376  0.265  0.363  0.203  0.356
  -1.071  -0.817  -0.970  -0.769  -0.851  -0.687  -0.703  -0.597
  -0.526  -0.500  -0.317  -0.437  -0.090  -0.412  0.118  -0.378
  0.295  -0.303  0.441  -0.208  0.551  -0.096  0.627  0.021
  0.747  0.176  0.919  0.295  0.969  0.364  0.983  0.432
  0.975  0.497  0.961  0.542  0.954  0.582  0.951  0.598
  0.956  0.596  0.971  0.584  1.000  0.571  1.032  0.566
  1.037  0.544  0.996  0.515  0.922  0.501  0.810  0.482
  0.642  0.471  0.458  0.451  0.275  0.439  0.207  0.415
  -1.013  -0.927  -0.903  -0.879  -0.767  -0.825  -0.593  -0.768
  -0.396  -0.706  -0.183  -0.661  0.033  -0.640  0.202  -0.583
  0.303  -0.456  0.367  -0.325  0.419  -0.172  0.463  -0.034
  0.532  0.100  0.605  0.192  0.622  0.267  0.617  0.346
  0.579  0.419  0.531  0.479  0.497  0.531  0.482  0.560
  0.493  0.563  0.554  0.568  0.666  0.564  0.789  0.566
  0.863  0.555  0.875  0.542  0.836  0.538  0.736  0.526
  0.574  0.519  0.400  0.501  0.222  0.492  0.161  0.470
  -0.970  -1.042  -0.859  -1.009  -0.706  -0.970  -0.516  -0.924
  -0.310  -0.893  -0.109  -0.850  0.063  -0.775  0.184  -0.671
  0.258  -0.554  0.293  -0.432  0.296  -0.293  0.286  -0.169
  0.274  -0.021  0.285  0.066  0.259  0.162  0.211  0.248
  0.145  0.334  0.079  0.405  0.020  0.468  -0.003  0.516
  0.015  0.533  0.111  0.549  0.278  0.554  0.446  0.566
  0.563  0.572  0.621  0.573  0.624  0.576  0.568  0.566
  0.446  0.562  0.291  0.548  0.118  0.546  0.065  0.527
  -0.934  -1.148  -0.826  -1.121  -0.687  -1.091  -0.488  -1.070
  -0.290  -1.034  -0.108  -0.988  0.039  -0.914  0.130  -0.809
  0.174  -0.687  0.184  -0.560  0.149  -0.429  0.099  -0.320
  0.063  -0.182  -0.018  -0.084  -0.068  0.034  -0.146  0.137
  -0.257  0.240  -0.324  0.324  -0.366  0.401  -0.361  0.456
  -0.336  0.484  -0.246  0.505  -0.067  0.529  0.104  0.563
  0.231  0.585  0.310  0.597  0.340  0.607  0.316  0.603
  0.261  0.604  0.135  0.600  -0.020  0.606  -0.062  0.592
  -0.941  -1.248  -0.821  -1.214  -0.669  -1.196  -0.506  -1.172
  -0.336  -1.134  -0.174  -1.074  -0.059  -1.000  0.003  -0.908
  0.034  -0.795  0.023  -0.667  -0.044  -0.532  -0.108  -0.413
  -0.200  -0.299  -0.318  -0.193  -0.358  -0.065  -0.448  0.032
  -0.562  0.130  -0.645  0.220  -0.677  0.303  -0.640  0.375
  -0.611  0.413  -0.523  0.446  -0.348  0.497  -0.194  0.549
  -0.082  0.585  -0.008  0.607  0.028  0.624  0.017  0.626
  0.009  0.632  -0.073  0.634  -0.193  0.645  -0.226  0.631
  -0.928  -1.290  -0.812  -1.277  -0.672  -1.253  -0.525  -1.232
  -0.391  -1.201  -0.270  -1.136  -0.193  -1.064  -0.167  -0.978
  -0.168  -0.868  -0.194  -0.740  -0.264  -0.604  -0.376  -0.485
  -0.478  -0.376  -0.545  -0.256  -0.629  -0.138  -0.689  -0.045
  -0.743  0.042  -0.813  0.115  -0.866  0.188  -0.851  0.277
  -0.836  0.328  -0.721  0.387  -0.566  0.456  -0.449  0.519
  -0.356  0.570  -0.298  0.609  -0.275  0.638  -0.286  0.646
  -0.303  0.667  -0.298  0.678  -0.387  0.693  -0.418  0.683
  -0.916  -1.279  -0.795  -1.275  -0.663  -1.256  -0.519  -1.242
  -0.408  -1.222  -0.330  -1.157  -0.305  -1.097  -0.335  -1.017
  -0.384  -0.905  -0.429  -0.784  -0.499  -0.651  -0.613  -0.521
  -0.689  -0.413  -0.777  -0.310  -0.818  -0.190  -0.825  -0.095
  -0.834  -0.006  -0.904  0.049  -0.938  0.124  -0.953  0.186
  -0.958  0.254  -0.839  0.346  -0.717  0.428  -0.623  0.494
  -0.537  0.549  -0.495  0.610  -0.489  0.652  -0.509  0.672
  -0.548  0.702  -0.511  0.710  -0.570  0.722  -0.599  0.713
0.818775  8.178828  32  0.818775  8.178828  32
1.000144  0.004656  -0.005717  0.996863  -1.583 -1.906
  -1.680  -0.363  -1.689  -0.363  -1.698  -0.364  -1.633  -0.310
  -1.565  -0.268  -1.557  -0.253  -1.515  -0.227  -1.435  -0.191
  -1.332  -0.152  -1.218  -0.115  -1.094  -0.079  -0.968  -0.044
  -0.843  -0.012  -0.689  0.029  -0.501  0.070  -0.363  0.151
  -0.295  0.249  -0.239  0.285  -0.166  0.285  -0.081  0.279
  -0.005  0.265  0.066  0.255  0.161  0.251  0.235  0.246
  0.295  0.246  0.353  0.248  0.414  0.254  0.478  0.255
  0.541  0.252  0.617  0.249  0.697  0.246  0.764  0.244
  -1.541  -0.357  -1.554  -0.359  -1.562  -0.358  -1.498  -0.300
  -1.438  -0.261  -1.444  -0.244  -1.421  -0.222  -1.361  -0.190
  -1.268  -0.150  -1.161  -0.112  -1.042  -0.075  -0.920  -0.040
  -0.798  -0.007  -0.659  0.026  -0.464  0.060  -0.313  0.160
  -0.260  0.253  -0.222  0.268  -0.164  0.270  -0.087  0.264
  -0.016  0.254  0.069  0.248  0.160  0.241  0.240  0.238
  0.308  0.238  0.370  0.241  0.439  0.248  0.497  0.250
  0.556  0.250  0.632  0.248  0.709  0.244  0.778  0.244
  -1.431  -0.401  -1.442  -0.399  -1.443  -0.386  -1.398  -0.318
  -1.333  -0.267  -1.301  -0.231  -1.294  -0.213  -1.259  -0.185
  -1.186  -0.145  -1.093  -0.107  -0.988  -0.069  -0.873  -0.033
  -0.746  0.002  -0.585  0.041  -0.387  0.108  -0.243  0.210
  -0.203  0.264  -0.181  0.261  -0.143  0.257  -0.089  0.252
  -0.019  0.245  0.063  0.237  0.155  0.228  0.247  0.225
  0.325  0.223  0.394  0.224  0.470  0.229  0.525  0.232
  0.588  0.236  0.655  0.234  0.725  0.231  0.793  0.232
  -1.277  -0.403  -1.288  -0.395  -1.287  -0.375  -1.249  -0.310
  -1.190  -0.258  -1.157  -0.221  -1.154  -0.203  -1.137  -0.177
  -1.088  -0.140  -1.007  -0.099  -0.912  -0.059  -0.796  -0.023
  -0.653  0.012  -0.477  0.059  -0.298  0.147  -0.184  0.236
  -0.158  0.260  -0.137  0.257  -0.104  0.251  -0.064  0.244
  -0.009  0.236  0.061  0.225  0.156  0.218  0.253  0.214
  0.340  0.210  0.427  0.209  0.492  0.210  0.564  0.214
  0.632  0.218  0.700  0.221  0.763  0.222  0.819  0.222
  -1.082  -0.439  -1.099  -0.442  -1.113  -0.411  -1.111  -0.335
  -1.081  -0.270  -1.030  -0.222  -1.000  -0.194  -0.998  -0.171
  -0.967  -0.136  -0.899  -0.095  -0.813  -0.056  -0.691  -0.020
  -0.528  0.021  -0.341  0.078  -0.193  0.166  -0.123  0.243
  -0.108  0.256  -0.087  0.252  -0.055  0.247  -0.015  0.240
  0.025  0.231  0.081  0.219  0.163  0.210  0.255  0.203
  0.361  0.198  0.464  0.194  0.539  0.193  0.613  0.196
  0.691  0.198  0.765  0.201  0.822  0.205  0.872  0.205
  -0.899  -0.428  -0.914  -0.431  -0.925  -0.394  -0.931  -0.325
  -0.906  -0.265  -0.854  -0.211  -0.834  -0.178  -0.838  -0.155
  -0.808  -0.122  -0.740  -0.082  -0.641  -0.044  -0.509  -0.005
  -0.335  0.045  -0.150  0.119  -0.047  0.207  -0.035  0.254
  -0.025  0.253  -0.007  0.249  0.022  0.245  0.060  0.239
  0.097  0.231  0.150  0.220  0.223  0.209  0.307  0.199
  0.410  0.189  0.513  0.180  0.610  0.178  0.693  0.179
  0.766  0.178  0.841  0.182  0.910  0.190  0.964  0.187
  -0.729  -0.407  -0.744  -0.410  -0.747  -0.368  -0.751  -0.301
  -0.717  -0.245  -0.668  -0.193  -0.664  -0.168  -0.677  -0.148
  -0.666  -0.119  -0.599  -0.080  -0.491  -0.040  -0.355  0.002
  -0.180  0.061  -0.013  0.153  0.049  0.232  0.053  0.254
  0.062  0.251  0.074  0.246  0.100  0.241  0.134  0.236
  0.179  0.229  0.233  0.220  0.305  0.209  0.381  0.196
  0.457  0.179  0.546  0.163  0.651  0.154  0.743  0.151
  0.815  0.150  0.893  0.149  0.979  0.145  1.048  0.145
  -0.552  -0.386  -0.569  -0.389  -0.569  -0.375  -0.598  -0.315
  -0.578  -0.252  -0.537  -0.195  -0.500  -0.156  -0.496  -0.137
  -0.494  -0.115  -0.422  -0.078  -0.325  -0.035  -0.196  0.009
  -0.023  0.072  0.117  0.177  0.153  0.242  0.158  0.251
  0.169  0.247  0.168  0.243  0.198  0.237  0.226  0.231
  0.265  0.225  0.305  0.216  0.349  0.200  0.396  0.178
  0.467  0.160  0.562  0.147  0.661  0.134  0.761  0.126
  0.839  0.122  0.931  0.119  1.026  0.111  1.098  0.107
  -0.364  -0.364  -0.379  -0.366  -0.397  -0.360  -0.435  -0.299
  -0.415  -0.235  -0.380  -0.180  -0.319  -0.140  -0.295  -0.124
  -0.285  -0.101  -0.224  -0.072  -0.139  -0.026  -0.015  0.019
  0.160  0.086  0.266  0.200  0.267  0.245  0.273  0.247
  0.290  0.244  0.287  0.239  0.312  0.233  0.321  0.227
  0.333  0.216  0.333  0.199  0.335  0.177  0.373  0.159
  0.468  0.145  0.563  0.131  0.665  0.117  0.771  0.105
  0.865  0.098  0.980  0.088  1.082  0.079  1.152  0.078
  -0.198  -0.338  -0.213  -0.341  -0.228  -0.334  -0.246  -0.306
  -0.252  -0.251  -0.220  -0.192  -0.152  -0.147  -0.080  -0.112
  -0.057  -0.086  -0.013  -0.060  0.060  -0.014  0.175  0.031
  0.344  0.119  0.418  0.234  0.411  0.247  0.397  0.244
  0.414  0.241  0.409  0.234  0.405  0.226  0.383  0.213
  0.355  0.194  0.314  0.171  0.311  0.156  0.345  0.141
  0.446  0.123  0.553  0.108  0.663  0.095  0.765  0.078
  0.884  0.068  1.002  0.050  1.113  0.044  1.204  0.046
  -0.024  -0.311  -0.039  -0.315  -0.042  -0.313  -0.048  -0.292
  -0.036  -0.241  0.006  -0.182  0.056  -0.135  0.139  -0.096
  0.167  -0.070  0.206  -0.041  0.267  0.003  0.377  0.056
  0.528  0.173  0.538  0.246  0.529  0.245  0.510  0.240
  0.509  0.234  0.475  0.223  0.427  0.207  0.373  0.187
  0.314  0.163  0.276  0.147  0.262  0.133  0.283  0.112
  0.399  0.096  0.522  0.083  0.636  0.066  0.749  0.053
  0.869  0.037  0.979  0.019  1.114  0.012  1.206  0.007
  0.179  -0.285  0.168  -0.290  0.163  -0.292  0.152  -0.272
  0.172  -0.223  0.225  -0.165  0.273  -0.118  0.334  -0.079
  0.359  -0.052  0.385  -0.023  0.434  0.016  0.540  0.084
  0.666  0.206  0.631  0.243  0.602  0.241  0.576  0.234
  0.522  0.220  0.451  0.199  0.379  0.179  0.293  0.154
  0.235  0.137  0.189  0.122  0.166  0.102  0.214  0.085
  0.348  0.073  0.471  0.056  0.597  0.042  0.720  0.030
  0.837  0.008  0.953  -0.003  1.071  -0.017  1.139  -0.028
  0.381  -0.252  0.369  -0.263  0.355  -0.268  0.337  -0.257
  0.349  -0.226  0.375  -0.175  0.403  -0.121  0.457  -0.073
  0.508  -0.035  0.545  -0.005  0.596  0.034  0.682  0.114
  0.736  0.217  0.688  0.238  0.637  0.232  0.559  0.216
  0.462  0.194  0.361  0.168  0.260  0.142  0.185  0.125
  0.115  0.109  0.062  0.088  0.058  0.069  0.129  0.055
  0.263  0.041  0.402  0.027  0.549  0.016  0.674  -0.000
  0.800  -0.015  0.906  -0.031  0.997  -0.046  1.050  -0.061
  0.636  -0.196  0.583  -0.224  0.549  -0.241  0.526  -0.236
  0.527  -0.210  0.540  -0.159  0.567  -0.106  0.620  -0.060
  0.663  -0.022  0.686  0.011  0.718  0.061  0.768  0.149
  0.772  0.223  0.702  0.229  0.593  0.211  0.467  0.186
  0.341  0.159  0.219  0.131  0.124  0.113  0.036  0.095
  -0.037  0.072  -0.071  0.052  -0.056  0.035  0.033  0.024
  0.180  0.016  0.344  0.001  0.495  -0.011  0.636  -0.023
  0.753  -0.041  0.845  -0.055  0.930  -0.070  0.944  -0.101
  0.886  -0.156  0.801  -0.192  0.758  -0.214  0.732  -0.215
  0.708  -0.206  0.686  -0.174  0.678  -0.122  0.712  -0.070
  0.760  -0.021  0.783  0.021  0.810  0.095  0.826  0.183
  0.767  0.219  0.632  0.204  0.475  0.177  0.324  0.148
  0.181  0.120  0.068  0.102  -0.043  0.082  -0.138  0.057
  -0.194  0.034  -0.209  0.015  -0.172  0.000  -0.073  -0.010
  0.078  -0.019  0.255  -0.031  0.407  -0.044  0.575  -0.053
  0.695  -0.067  0.802  -0.078  0.846  -0.104  0.804  -0.138
  1.155  -0.111  1.067  -0.152  0.960  -0.187  0.906  -0.198
  0.853  -0.196  0.812  -0.167  0.788  -0.117  0.808  -0.065
  0.840  -0.015  0.843  0.027  0.849  0.113  0.800  0.182
  0.658  0.188  0.481  0.164  0.307  0.134  0.144  0.106
  0.014  0.088  -0.119  0.068  -0.235  0.042  -0.314  0.018
  -0.355  -0.004  -0.353  -0.022  -0.300  -0.036  -0.183  -0.043
  -0.026  -0.050  0.155  -0.058  0.307  -0.072  0.486  -0.081
  0.625  -0.092  0.711  -0.109  0.708  -0.143  0.689  -0.173
  1.411  -0.069  1.322  -0.107  1.144  -0.155  1.057  -0.178
  0.974  -0.182  0.923  -0.159  0.881  -0.107  0.885  -0.059
  0.889  -0.013  0.858  0.031  0.788  0.114  0.647  0.151
  0.466  0.141  0.280  0.114  0.106  0.088  -0.036  0.072
  -0.190  0.052  -0.328  0.025  -0.429  0.000  -0.495  -0.022
  -0.521  -0.042  -0.505  -0.058  -0.425  -0.067  -0.297  -0.075
  -0.128  -0.080  0.050  -0.088  0.208  -0.098  0.387  -0.110
  0.518  -0.126  0.606  -0.142  0.609  -0.180  0.618  -0.205
  1.555  -0.050  1.471  -0.085  1.332  -0.116  1.189  -0.155
  1.081  -0.170  1.023  -0.162  0.948  -0.133  0.889  -0.081
  0.863  -0.031  0.804  0.046  0.648  0.104  0.452  0.110
  0.255  0.090  0.072  0.067  -0.081  0.053  -0.254  0.032
  -0.412  0.006  -0.537  -0.019  -0.628  -0.042  -0.681  -0.062
  -0.695  -0.080  -0.664  -0.094  -0.572  -0.103  -0.425  -0.108
  -0.263  -0.119  -0.089  -0.126  0.068  -0.138  0.254  -0.146
  0.399  -0.154  0.487  -0.177  0.508  -0.207  0.503  -0.237
  1.656  -0.027  1.580  -0.061  1.466  -0.089  1.319  -0.125
  1.169  -0.158  1.077  -0.156  0.968  -0.135  0.892  -0.087
  0.821  -0.046  0.677  0.033  0.455  0.068  0.242  0.060
  0.050  0.042  -0.115  0.031  -0.308  0.010  -0.483  -0.015
  -0.631  -0.040  -0.751  -0.063  -0.831  -0.083  -0.874  -0.101
  -0.879  -0.119  -0.836  -0.133  -0.727  -0.139  -0.572  -0.144
  -0.407  -0.152  -0.233  -0.158  -0.079  -0.168  0.102  -0.175
  0.261  -0.185  0.323  -0.210  0.358  -0.239  0.364  -0.263
  1.742  0.001  1.671  -0.034  1.554  -0.067  1.405  -0.103
  1.237  -0.146  1.111  -0.157  0.970  -0.155  0.831  -0.123
  0.701  -0.076  0.478  -0.008  0.243  0.019  0.045  0.013
  -0.133  0.005  -0.350  -0.017  -0.541  -0.039  -0.706  -0.063
  -0.859  -0.088  -0.981  -0.111  -1.058  -0.130  -1.094  -0.147
  -1.081  -0.161  -1.023  -0.173  -0.889  -0.177  -0.730  -0.181
  -0.555  -0.183  -0.373  -0.185  -0.211  -0.194  -0.044  -0.202
  0.097  -0.214  0.185  -0.233  0.219  -0.258  0.229  -0.277
  1.804  0.031  1.730  -0.008  1.602  -0.042  1.441  -0.081
  1.247  -0.133  1.073  -0.164  0.907  -0.173  0.724  -0.151
  0.508  -0.111  0.339  -0.026  0.056  -0.024  -0.144  -0.028
  -0.377  -0.049  -0.595  -0.075  -0.781  -0.097  -0.954  -0.121
  -1.102  -0.141  -1.222  -0.161  -1.298  -0.180  -1.324  -0.195
  -1.298  -0.206  -1.207  -0.212  -1.056  -0.212  -0.884  -0.212
  -0.715  -0.212  -0.534  -0.211  -0.367  -0.219  -0.207  -0.225
  -0.070  -0.235  0.046  -0.247  0.121  -0.258  0.155  -0.269
  1.829  0.061  1.739  0.019  1.600  -0.021  1.449  -0.059
  1.259  -0.105  1.041  -0.146  0.804  -0.203  0.706  -0.146
  0.439  -0.106  0.185  -0.056  -0.131  -0.065  -0.406  -0.092
  -0.625  -0.116  -0.827  -0.137  -1.017  -0.158  -1.191  -0.178
  -1.344  -0.196  -1.466  -0.212  -1.541  -0.228  -1.552  -0.238
  -1.499  -0.246  -1.369  -0.244  -1.191  -0.237  -1.017  -0.233
  -0.837  -0.227  -0.646  -0.224  -0.472  -0.227  -0.312  -0.230
  -0.170  -0.234  -0.031  -0.237  0.068  -0.241  0.121  -0.253
  1.812  0.097  1.698  0.052  1.548  0.005  1.407  -0.043
  1.243  -0.099  1.047  -0.143  0.831  -0.165  0.572  -0.166
  0.282  -0.125  -0.041  -0.091  -0.358  -0.114  -0.618  -0.149
  -0.841  -0.176  -1.048  -0.200  -1.238  -0.218  -1.416  -0.235
  -1.565  -0.248  -1.684  -0.260  -1.754  -0.269  -1.740  -0.274
  -1.639  -0.272  -1.488  -0.264  -1.307  -0.252  -1.131  -0.245
  -0.938  -0.238  -0.722  -0.228  -0.535  -0.222  -0.383  -0.221
  -0.249  -0.223  -0.106  -0.222  0.001  -0.228  0.047  -0.243
  1.742  0.139  1.611  0.095  1.472  0.048  1.326  -0.002
  1.152  -0.068  0.959  -0.131  0.713  -0.151  0.403  -0.136
  0.076  -0.101  -0.237  -0.094  -0.516  -0.129  -0.783  -0.168
  -1.047  -0.201  -1.255  -0.219  -1.431  -0.237  -1.550  -0.252
  -1.666  -0.271  -1.737  -0.276  -1.786  -0.285  -1.746  -0.281
  -1.636  -0.272  -1.511  -0.265  -1.347  -0.249  -1.184  -0.244
  -1.004  -0.237  -0.813  -0.225  -0.621  -0.212  -0.477  -0.211
  -0.347  -0.217  -0.203  -0.220  -0.067  -0.225  -0.013  -0.242
  1.642  0.195  1.493  0.152  1.361  0.100  1.197  0.052
  0.999  -0.006  0.772  -0.069  0.489  -0.056  0.183  -0.035
  -0.114  -0.019  -0.375  -0.039  -0.621  -0.073  -0.861  -0.107
  -1.058  -0.137  -1.211  -0.165  -1.335  -0.193  -1.400  -0.209
  -1.483  -0.237  -1.506  -0.243  -1.517  -0.248  -1.485  -0.245
  -1.424  -0.239  -1.336  -0.228  -1.213  -0.215  -1.095  -0.212
  -0.959  -0.205  -0.808  -0.196  -0.663  -0.193  -0.539  -0.200
  -0.406  -0.211  -0.247  -0.217  -0.096  -0.223  -0.042  -0.241
  1.506  0.250  1.350  0.215  1.200  0.171  1.012  0.141
  0.787  0.108  0.508  0.111  0.228  0.132  -0.027  0.125
  -0.249  0.100  -0.442  0.069  -0.609  0.036  -0.731  0.003
  -0.882  -0.044  -1.071  -0.112  -1.158  -0.145  -1.207  -0.170
  -1.235  -0.193  -1.223  -0.203  -1.218  -0.213  -1.188  -0.213
  -1.143  -0.209  -1.085  -0.199  -1.009  -0.188  -0.950  -0.185
  -0.878  -0.181  -0.779  -0.181  -0.686  -0.191  -0.583  -0.206
  -0.453  -0.219  -0.295  -0.226  -0.135  -0.229  -0.049  -0.242
  1.383  0.327  1.220  0.303  1.036  0.270  0.815  0.256
  0.575  0.246  0.320  0.247  0.066  0.254  -0.147  0.240
  -0.307  0.206  -0.439  0.168  -0.554  0.123  -0.643  0.074
  -0.756  0.026  -0.858  -0.028  -0.923  -0.068  -0.967  -0.104
  -0.966  -0.133  -0.935  -0.155  -0.919  -0.178  -0.874  -0.185
  -0.829  -0.186  -0.800  -0.183  -0.777  -0.175  -0.779  -0.172
  -0.749  -0.169  -0.692  -0.172  -0.635  -0.186  -0.537  -0.201
  -0.408  -0.214  -0.256  -0.222  -0.103  -0.228  -0.017  -0.239
  1.258  0.399  1.092  0.382  0.892  0.365  0.662  0.361
  0.414  0.368  0.189  0.366  -0.027  0.341  -0.197  0.310
  -0.326  0.281  -0.431  0.249  -0.508  0.215  -0.559  0.180
  -0.605  0.123  -0.656  0.079  -0.696  0.031  -0.699  -0.010
  -0.673  -0.047  -0.628  -0.078  -0.582  -0.109  -0.529  -0.130
  -0.470  -0.137  -0.473  -0.150  -0.491  -0.151  -0.524  -0.149
  -0.528  -0.147  -0.512  -0.154  -0.483  -0.169  -0.412  -0.183
  -0.307  -0.198  -0.171  -0.212  -0.025  -0.220  0.056  -0.231
  1.159  0.480  0.981  0.462  0.778  0.448  0.556  0.460
  0.333  0.457  0.111  0.449  -0.074  0.435  -0.218  0.410
  -0.323  0.377  -0.403  0.340  -0.449  0.312  -0.474  0.286
  -0.506  0.234  -0.487  0.196  -0.506  0.137  -0.471  0.085
  -0.423  0.033  -0.371  -0.008  -0.320  -0.046  -0.287  -0.083
  -0.240  -0.105  -0.225  -0.119  -0.256  -0.128  -0.303  -0.131
  -0.328  -0.133  -0.328  -0.139  -0.315  -0.154  -0.266  -0.170
  -0.208  -0.193  -0.092  -0.206  0.049  -0.213  0.126  -0.224
  1.065  0.542  0.886  0.531  0.674  0.535  0.491  0.523
  0.284  0.522  0.082  0.510  -0.067  0.501  -0.187  0.484
  -0.276  0.456  -0.336  0.417  -0.356  0.384  -0.367  0.348
  -0.357  0.318  -0.310  0.280  -0.333  0.214  -0.290  0.163
  -0.243  0.112  -0.178  0.061  -0.133  0.010  -0.096  -0.030
  -0.040  -0.058  -0.009  -0.071  -0.046  -0.085  -0.095  -0.096
  -0.111  -0.102  -0.105  -0.109  -0.092  -0.121  -0.046  -0.135
  -0.015  -0.163  0.064  -0.189  0.173  -0.202  0.240  -0.213
  1.028  0.625  0.833  0.623  0.639  0.603  0.428  0.581
  0.262  0.582  0.095  0.562  -0.027  0.557  -0.124  0.542
  -0.182  0.517  -0.232  0.472  -0.242  0.434  -0.217  0.402
  -0.196  0.377  -0.187  0.323  -0.161  0.276  -0.137  0.224
  -0.126  0.170  -0.063  0.127  0.011  0.087  0.042  0.040
  0.115  0.011  0.119  -0.018  0.071  -0.045  0.049  -0.060
  0.047  -0.074  0.061  -0.089  0.082  -0.105  0.129  -0.117
  0.181  -0.135  0.214  -0.163  0.297  -0.180  0.360  -0.193
  1.017  0.624  0.823  0.621  0.635  0.614  0.425  0.611
  0.260  0.608  0.113  0.590  0.012  0.595  -0.054  0.585
  -0.080  0.562  -0.112  0.522  -0.118  0.485  -0.083  0.452
  -0.064  0.419  -0.031  0.384  -0.026  0.333  -0.038  0.270
  -0.051  0.212  0.013  0.178  0.061  0.142  0.113  0.109
  0.204  0.086  0.200  0.045  0.176  0.013  0.173  -0.007
  0.178  -0.024  0.207  -0.049  0.254  -0.070  0.315  -0.084
  0.377  -0.104  0.385  -0.135  0.438  -0.156  0.494  -0.169
