3
1024 1024 10 1 1.000000 1
102.400002  204.799988  5  102.400002  204.799988  5
0.996834  0.016518  -0.018381  0.997759  -16.116 -20.078
  0.281  6.860  0.779  -1.441  -2.252  0.900  1.326  -2.127
  -2.878  2.610
  0.804  -2.317  3.208  -0.991  1.564  -1.519  0.454  -2.636
  -2.096  -2.055
  -0.402  0.633  -0.556  3.147  1.918  1.228  0.516  -1.917
  -1.391  -1.217
  -3.964  -4.741  1.864  -1.797  1.753  1.935  -1.291  1.571
  0.598  1.423
  0.069  -2.919  -3.136  1.216  -1.768  4.450  3.370  0.620
  1.228  -0.915
102.400002  204.799988  5  102.400002  204.799988  5
1.000189  0.000195  -0.000547  1.000663  -17.531 -10.499
  -0.499  5.349  0.865  -1.413  -1.112  0.327  1.192  -1.623
  -3.311  2.827
  0.071  -3.714  1.384  -1.779  1.580  0.272  1.032  -1.526
  -1.661  -1.639
  -0.373  1.061  1.025  2.368  0.577  3.109  0.368  -1.224
  -0.600  -2.924
  -0.958  -3.001  1.661  -1.515  1.669  0.218  -2.000  1.427
  1.773  1.997
  -0.060  -1.773  -4.368  1.623  -0.434  3.291  0.713  -1.123
  1.464  -0.613
102.400002  204.799988  5  102.400002  204.799988  5
1.002369  -0.026020  0.026880  1.004715  -25.806 -10.644
  -0.875  2.265  1.527  0.691  -0.620  -1.348  0.495  -1.669
  -0.947  3.179
  -0.052  -2.078  0.898  -0.019  0.555  -0.540  1.447  -0.159
  -1.376  -1.444
  -2.683  -0.068  0.180  1.560  0.929  2.776  1.099  -1.144
  -1.539  -3.008
  -0.218  -1.911  1.177  -1.599  0.155  1.776  -0.330  1.300
  0.495  0.770
  0.830  -1.250  -1.244  2.000  -1.301  0.567  2.398  -0.535
  -0.999  -0.113
102.400002  204.799988  5  102.400002  204.799988  5
1.005778  0.003143  -0.002377  1.005595  1.974 -0.567
  -1.622  1.318  1.274  -0.172  -0.369  -2.620  -0.652  0.349
  1.140  2.772
  -1.730  0.023  1.719  -0.418  -0.519  -0.885  -0.041  -0.102
  0.542  -0.235
  -0.056  0.542  0.007  0.698  0.542  1.490  -0.802  -0.426
  0.500  -1.904
  1.344  -1.117  0.556  -1.665  -0.128  -0.008  -2.163  -0.381
  1.007  0.805
  0.668  0.489  -0.309  2.162  0.113  -0.893  0.343  -0.450
  -1.364  0.628
102.400002  204.799988  5  102.400002  204.799988  5
0.996139  -0.002823  0.003229  0.995693  10.122 5.916
  -1.127  0.743  0.432  -0.403  0.580  -1.631  0.565  -1.582
  0.807  0.071
  -2.128  1.116  0.769  0.318  -0.341  0.355  -0.664  -0.743
  -0.182  1.572
  1.038  0.925  0.111  1.255  0.814  1.550  -1.071  -1.327
  -0.109  0.086
  1.748  -0.515  0.338  -1.324  0.230  -0.317  -1.937  0.005
  0.654  0.637
  -0.947  -0.371  0.568  -0.311  -0.122  -1.310  -0.110  0.148
  0.084  1.053
102.400002  204.799988  5  102.400002  204.799988  5
0.998066  -0.000131  0.000033  0.999050  5.390 5.067
  -0.642  0.208  -0.675  -0.941  -1.144  0.016  0.491  -1.298
  1.745  -0.445
  -0.332  2.523  -0.236  -0.616  -1.526  1.241  0.144  -1.276
  0.774  1.031
  1.620  0.665  0.044  -0.336  -0.064  0.513  -0.623  0.331
  1.784  -0.223
  0.653  -0.765  -0.142  0.485  0.808  -1.022  -1.418  0.738
  -1.042  -0.079
  -0.147  -0.363  1.350  -0.558  0.434  -2.301  -1.135  1.394
  -0.723  1.077
102.400002  204.799988  5  102.400002  204.799988  5
0.991026  0.027703  -0.029119  0.992602  3.876 11.592
  0.653  -0.011  -0.257  -0.831  -1.043  1.151  -0.239  0.081
  0.623  -2.065
  0.402  1.725  -0.578  0.083  -0.584  -0.112  0.668  0.039
  1.412  0.343
  0.686  0.714  -1.411  -0.304  -0.394  0.052  0.501  0.013
  0.363  0.366
  -0.820  -0.677  -0.640  0.221  -0.314  -1.300  0.696  0.087
  -1.339  0.614
  0.762  1.263  2.343  -2.534  -0.775  -2.162  -0.422  2.547
  -0.292  0.700
102.400002  204.799988  5  102.400002  204.799988  5
0.994262  0.026921  -0.028173  0.996631  2.245 13.315
  0.092  -1.555  -1.022  -0.051  0.525  1.921  0.926  0.833
  0.567  -1.733
  -0.795  0.812  -1.476  0.390  -0.908  -0.384  1.178  0.990
  0.416  -0.431
  1.414  -0.760  -1.049  -1.295  -0.530  -1.875  1.111  -0.456
  -0.586  2.184
  0.324  2.834  -0.147  0.143  -0.130  -0.331  0.646  0.166
  -1.005  -0.013
  0.989  1.241  1.108  -1.712  -0.306  -1.741  -1.408  0.574
  0.067  0.248
102.400002  204.799988  5  102.400002  204.799988  5
0.993770  0.055870  -0.057624  0.996245  1.389 1.584
  0.199  -1.314  -0.975  0.116  -0.604  1.574  0.364  0.688
  1.186  -0.852
  0.611  -1.775  -0.834  0.214  0.898  0.437  -0.191  1.810
  0.152  0.778
  0.313  -1.037  -1.383  -1.210  -0.544  -3.069  1.340  0.481
  -0.573  1.532
  -0.130  4.097  -0.412  0.680  0.889  -1.082  0.254  -1.315
  -1.513  -0.756
  -0.565  1.394  2.573  -1.180  0.012  0.944  -1.579  -0.616
  0.513  -0.539
102.400002  204.799988  5  102.400002  204.799988  5
0.985404  0.026182  -0.029114  0.988454  -8.853 -2.506
  1.200  -1.949  -0.592  0.145  -0.958  2.990  1.170  0.831
  -0.072  -1.909
  1.724  0.625  -0.987  -0.381  -0.134  -0.558  -1.313  1.806
  1.467  0.746
  0.315  -2.003  -1.193  -1.349  -2.109  -4.179  0.966  1.345
  -0.264  1.647
  -0.276  4.101  -0.491  2.536  -0.346  -1.434  1.011  -1.777
  -0.575  -1.082
  -0.428  0.653  0.989  -2.105  1.538  0.946  -1.011  0.030
  0.369  0.324
