3
1024 1024 10 1 1.000000 1
102.400002  204.799988  5  102.400002  204.799988  5
1.000987  0.000309  -0.000277  1.001191  -0.112 -1.099
  -0.056  -0.412  0.164  0.357  -0.069  -0.376  -0.399  0.210
  0.579  0.300
  -0.010  0.465  0.383  0.391  -0.275  -0.520  -0.076  0.159
  0.182  -0.138
  -0.258  -0.222  -0.376  -0.100  0.233  -0.468  0.023  0.073
  -0.047  0.119
  -0.193  -0.047  -0.087  -0.135  -0.307  0.458  0.175  -0.177
  -0.221  -0.279
  0.268  0.126  0.584  0.257  -0.198  -0.327  0.520  0.258
  -0.536  0.028
102.400002  204.799988  5  102.400002  204.799988  5
0.998473  0.003813  -0.003903  0.997667  3.086 3.130
  0.012  1.051  -0.381  -0.988  0.126  0.661  0.665  -0.132
  -1.143  -0.534
  -0.209  -0.924  -0.687  -1.022  0.590  1.101  0.022  -0.428
  -0.150  0.287
  0.938  0.611  0.845  0.129  -0.474  0.893  -0.298  0.016
  0.384  -0.184
  0.572  0.026  0.185  0.275  0.675  -1.166  -0.675  0.099
  0.661  0.614
  -0.544  -0.087  -1.361  -0.406  0.499  0.657  -1.365  -0.493
  1.114  -0.054
102.400002  204.799988  5  102.400002  204.799988  5
0.998560  -0.013283  0.013357  0.999835  -8.459 -2.759
  0.058  -0.508  0.266  0.766  -0.058  0.065  0.243  -0.782
  0.066  -0.121
  0.615  0.110  -0.227  0.890  0.002  -0.169  0.495  0.192
  -0.540  -0.191
  -1.260  -0.430  -0.439  0.120  0.371  0.100  0.812  -0.370
  -0.979  -0.002
  -0.403  -0.143  0.037  -0.044  -0.357  1.094  0.988  0.498
  -0.605  -0.392
  0.202  -0.513  0.769  -0.257  -0.788  -0.284  1.097  0.370
  -0.365  0.003
102.400002  204.799988  5  102.400002  204.799988  5
1.003193  0.011529  -0.011519  1.002461  5.344 0.813
  -0.371  0.184  0.025  -0.402  -0.462  -0.273  -0.486  1.135
  0.519  0.380
  -0.077  0.255  0.455  -0.558  -0.358  -0.188  -0.116  -0.006
  0.791  -0.326
  0.642  0.144  -0.063  -0.388  -0.313  -0.433  -0.466  0.620
  0.953  -0.253
  0.186  -0.173  -0.118  0.118  0.078  -0.544  -0.719  -0.548
  0.087  0.159
  0.440  0.598  -0.224  0.509  0.537  -0.081  -0.653  -0.036
  -0.285  0.106
102.400002  204.799988  5  102.400002  204.799988  5
0.996187  -0.002371  0.002180  0.996079  0.802 1.572
  0.162  0.053  0.153  0.169  0.671  -0.071  0.269  -0.645
  -0.699  -0.640
  -0.225  -0.240  -0.033  0.494  0.494  0.015  -0.224  0.158
  -0.461  0.530
  -0.190  0.042  -0.024  0.583  0.248  0.319  0.070  -0.643
  -0.896  0.442
  0.084  0.071  0.083  -0.323  -0.174  0.172  0.257  0.166
  0.459  0.108
  -0.444  -0.200  -0.129  -0.634  -0.449  0.163  0.373  -0.007
  0.627  -0.082
102.400002  204.799988  5  102.400002  204.799988  5
1.003290  -0.006022  0.006390  1.003593  -1.656 -2.315
  -0.315  -0.151  -0.421  -0.067  -0.410  0.175  0.209  -0.135
  0.485  0.596
  0.240  0.317  -0.195  -0.515  -0.606  0.581  0.219  -0.421
  0.014  -0.208
  0.372  -0.297  0.388  -0.529  -0.170  -0.320  -0.095  0.740
  1.057  -0.372
  0.153  0.199  0.073  0.618  0.502  -0.008  -0.536  0.260
  -0.508  -0.433
  0.121  -0.316  -0.227  0.674  0.492  -0.321  -0.531  -0.216
  -0.311  0.148
102.400002  204.799988  5  102.400002  204.799988  5
0.997294  0.009610  -0.010035  0.997091  0.349 0.296
  0.484  0.300  0.360  -0.094  -0.270  -0.092  -0.514  0.218
  -0.235  -0.428
  0.330  -0.240  0.191  0.305  0.683  -0.348  -0.174  0.348
  0.414  0.149
  -0.674  0.322  -0.534  0.382  -0.033  0.356  0.184  -0.197
  -0.516  -0.362
  -0.518  -0.680  -0.122  -0.223  -0.329  -0.474  0.560  -0.371
  -0.076  0.509
  0.045  0.419  0.663  -0.727  -0.518  0.485  0.559  0.736
  0.041  -0.292
102.400002  204.799988  5  102.400002  204.799988  5
1.000285  -0.012614  0.012762  1.000542  -1.040 2.532
  -0.236  -0.275  -0.267  0.174  0.541  0.282  0.482  0.082
  -0.164  -0.121
  -0.388  0.536  -0.297  -0.134  -0.792  -0.290  0.363  -0.097
  -0.172  -0.556
  0.684  -0.336  0.410  -0.283  -0.017  -0.159  -0.049  -0.199
  -0.141  0.764
  0.395  0.529  0.057  0.079  -0.281  0.549  0.045  0.586
  0.443  -0.245
  0.229  -0.203  -0.910  0.109  0.418  -0.848  -0.276  -0.283
  -0.076  0.338
102.400002  204.799988  5  102.400002  204.799988  5
1.003732  0.014449  -0.014013  1.003498  2.670 -4.106
  -0.332  -0.034  -0.137  0.028  -0.312  -0.523  -0.286  -0.308
  0.730  0.907
  0.145  -1.314  0.274  0.045  0.991  0.999  -0.573  0.078
  -0.642  0.624
  -0.257  0.256  0.037  -0.093  0.514  -0.385  0.061  0.349
  0.157  -0.534
  -0.102  0.379  0.105  -0.274  0.953  -0.048  -0.825  -0.473
  -0.381  -0.311
  -0.688  0.017  0.853  0.992  -0.474  1.015  -0.151  -1.069
  0.340  -0.326
102.400002  204.799988  5  102.400002  204.799988  5
0.998007  -0.005088  0.004850  0.998071  -1.148 1.647
  0.304  0.045  0.085  -0.049  0.018  0.304  -0.014  0.190
  -0.331  -0.495
  0.108  0.632  -0.137  -0.027  -0.263  -0.451  0.074  -0.008
  0.404  -0.218
  0.054  -0.119  -0.071  0.024  -0.129  0.127  -0.021  -0.048
  -0.182  0.052
  -0.216  -0.303  -0.060  0.201  -0.526  -0.078  0.547  0.159
  0.152  0.195
  0.304  0.050  -0.255  -0.523  0.065  -0.382  0.193  0.573
  -0.102  0.149
