  -0.1795869  -0.9837418   0.9837418  -0.1795869      46.771      -7.777
   0.0705522   0.9975078  -0.9975078   0.0705522      41.265     -10.682
  -0.0252296  -0.9996814   0.9996814  -0.0252296      30.619     -10.749
   0.0444162   0.9990128  -0.9990128   0.0444162      22.818      -9.919
  -0.1278556  -0.9917926   0.9917926  -0.1278556      19.686     -11.742
   0.2730475   0.9620004  -0.9620004   0.2730475      17.041     -15.330
  -0.4701755  -0.8825727   0.8825727  -0.4701755      10.247     -13.468
   0.6939761   0.7199978  -0.7199978   0.6939761       9.398     -12.818
  -0.8952898  -0.4454839   0.4454839  -0.8952898       3.568     -13.700
   0.9984849   0.0550252  -0.0550252   0.9984849       5.643      -4.872
  -0.9146375   0.4042748  -0.4042748  -0.9146375       2.393      -7.193
   0.5800536  -0.8145784   0.8145784   0.5800536      -7.842      -6.394
  -0.0184001   0.9998306  -0.9998306  -0.0184001      -5.232      -4.120
  -0.6024517  -0.7981552   0.7981552  -0.6024517       1.859     -10.139
   0.9811097   0.1934519  -0.1934519   0.9811097       1.614     -11.753
  -0.8256487   0.5641847  -0.5641847  -0.8256487      -2.965     -12.609
   0.1124109  -0.9936619   0.9936619   0.1124109      -9.569      -9.762
   0.7247215   0.6890419  -0.6890419   0.7247215     -10.285     -13.373
  -0.9741904   0.2257280  -0.2257280  -0.9741904     -12.523     -13.699
   0.2865967  -0.9580514   0.9580514   0.2865967      -2.875      -9.891
   0.5496891   0.8353693  -0.8353693   0.5496891      -2.837     -10.371
  -0.9967024  -0.0811438   0.0811438  -0.9967024       0.927      -8.530
   0.6514937  -0.7586541   0.7586541   0.6514937      -9.062      -2.016
   0.2646421   0.9643468  -0.9643468   0.2646421     -14.093      -3.787
  -0.9580514  -0.2865968   0.2865968  -0.9580514     -22.008       5.074
   0.7272258  -0.6863984   0.6863984   0.7272258     -16.177       8.962
   0.2646420   0.9643470  -0.9643470   0.2646420     -15.925       0.652
  -0.9827607  -0.1848832   0.1848832  -0.9827607     -15.394       5.257
   0.5686240  -0.8225978   0.8225978   0.5686240     -20.966      14.634
   0.5496892   0.8353696  -0.8353696   0.5496892     -21.797      17.905
  -0.9729954   0.2308257  -0.2308257  -0.9729954     -13.747      20.950
   0.0811439  -0.9967026   0.9967026   0.0811439     -14.235      14.397
   0.9357257   0.3527290  -0.3527290   0.9357257      -8.243      10.144
  -0.5686240   0.8225978  -0.8225978  -0.5686240      -1.342       9.105
  -0.6863985  -0.7272259   0.7272259  -0.6863985       2.040      14.373
   0.8353696  -0.5496891   0.5496891   0.8353696       1.941      20.102
   0.4280786   0.9037418  -0.9037418   0.4280786       7.237      15.812
  -0.9435375   0.3312668  -0.3312668  -0.9435375       9.916      13.736
  -0.2646420  -0.9643471   0.9643471  -0.2646420      10.127      15.180
   0.9729955  -0.2308255   0.2308255   0.9729955       3.829      12.847
