   1.0000000   0.0000000   0.0000000   1.0000000       0.000       0.000
   0.9999999  -0.0000000   0.0000000   1.0000000      -0.000      -0.000
   1.0000000   0.0000000   0.0000000   0.9999999       0.000       0.000
   0.9999999   0.0000000   0.0000000   1.0000001       0.000      -0.000
   0.9999999   0.0000000   0.0000000   1.0000000       0.000       0.000
   0.9999999   0.0000000  -0.0000000   1.0000000       0.000       0.000
   1.0000000   0.0000000   0.0000000   1.0000000       0.000       0.000
   0.9999999   0.0000000   0.0000000   0.9999999       0.000       0.000
   1.0000002   0.0000000   0.0000000   1.0000002       0.000       0.000
   1.0000001   0.0000000  -0.0000000   1.0000000       0.000       0.000
   1.0000000   0.0000000   0.0000000   0.9999998       0.000       0.000
   1.0000001   0.0000000   0.0000000   1.0000001       0.000       0.000
   0.9999999   0.0000000  -0.0000000   1.0000000       0.000       0.000
   1.0000000   0.0000000   0.0000000   0.9999999       0.000       0.000
   1.0000000  -0.0000000   0.0000000   1.0000001       0.000       0.000
   1.0000000  -0.0000000   0.0000000   0.9999999       0.000       0.000
   0.9999998   0.0000000   0.0000000   0.9999999       0.000      -0.000
   0.9999999   0.0000000   0.0000000   0.9999999      -0.000       0.000
   0.9999999   0.0000000   0.0000000   0.9999999       0.000       0.000
   1.0000000   0.0000000   0.0000000   1.0000001       0.000       0.000
   1.0000000   0.0000000  -0.0000000   1.0000000      -0.000       0.000
   1.0000000   0.0000000  -0.0000000   1.0000000       0.000       0.000
   1.0000000   0.0000000  -0.0000000   1.0000000       0.000       0.000
   0.9999999   0.0000000  -0.0000000   1.0000000       0.000       0.000
   0.9999999   0.0000000   0.0000000   0.9999999       0.000       0.000
   1.0000000   0.0000000   0.0000000   1.0000000       0.000       0.000
   0.9999999  -0.0000000   0.0000000   0.9999998       0.000       0.000
   1.0000000  -0.0000000  -0.0000000   1.0000001       0.000       0.000
   0.9999999  -0.0000000   0.0000000   0.9999999       0.000       0.000
   1.0000000   0.0000000   0.0000000   1.0000000       0.000       0.000
   1.0000000   0.0000000   0.0000000   0.9999999       0.000       0.000
   1.0000000   0.0000000   0.0000000   1.0000000       0.000       0.000
   1.0000000   0.0000000   0.0000000   0.9999999       0.000       0.000
   1.0000000  -0.0000000   0.0000000   1.0000000       0.000       0.000
   1.0000001  -0.0000000   0.0000000   1.0000002       0.000       0.000
   0.9999999   0.0000000   0.0000000   0.9999999       0.000       0.000
   0.9999999   0.0000000   0.0000000   0.9999998      -0.000       0.000
   1.0000000   0.0000000  -0.0000000   1.0000001       0.000       0.000
   0.9999999   0.0000000   0.0000000   1.0000001       0.000       0.000
   1.0000001   0.0000000  -0.0000001   1.0000000       0.000       0.000
