   1.0174100  -0.0352887   0.0339945   1.0164479     -57.986      62.557
   0.9933535   0.0242053  -0.0263013   0.9941677     -69.407      60.214
   0.9859113   0.0240374  -0.0255159   0.9921946     -45.763      68.645
   0.9888858   0.0039908   0.0038898   0.9858730     -27.493      50.230
   0.9977021  -0.0266279   0.0270197   0.9914050     -30.896      65.052
   1.0064794   0.0078851  -0.0124002   1.0073606     -33.459      65.644
   0.9829022  -0.0292332   0.0238186   0.9868132     -18.299      65.150
   0.9964315  -0.0101686   0.0078654   0.9859025     -24.686      47.710
   1.0069848   0.0170570  -0.0133228   0.9986153      -5.920      28.717
   1.0035751   0.0407379  -0.0420056   1.0066102       7.067      37.578
   0.9974601   0.0183741  -0.0230237   1.0089165      15.094      36.992
   1.0122818   0.0009347   0.0070613   1.0075638      20.023      43.254
   1.0033944  -0.0147895   0.0202910   1.0053412      47.710       4.417
   1.0051676   0.0310882  -0.0272794   1.0082648      51.183       1.542
   1.0025364  -0.0300432   0.0348355   1.0103248      42.617       0.093
   0.9980028  -0.0391755   0.0257453   0.9870825      35.460      -3.739
   0.9962566  -0.0179813   0.0107742   0.9863995      10.260      -9.551
   1.0019385   0.0004755   0.0016857   0.9989134     -29.920      -0.502
   0.9897688   0.0556117  -0.0510715   0.9959633     -32.078       2.111
   0.9889510   0.0238074  -0.0191551   0.9930702     -10.999     -32.180
   1.0092880  -0.0015493   0.0096881   1.0140404      -8.768     -21.654
   1.0112592  -0.0260447   0.0239357   1.0071088     -31.120     -44.178
   1.0064714  -0.0329350   0.0316254   1.0038966      -8.462     -57.654
   0.9993552  -0.0506478   0.0476044   0.9911048      15.760     -43.876
   0.9984749   0.0269090  -0.0234082   0.9912962      15.509     -52.749
   1.0114785  -0.0133043   0.0077182   1.0075214       1.434     -33.094
   0.9996667   0.0518771  -0.0548286   0.9987754       3.822     -31.056
   0.9765359  -0.0128695   0.0218523   0.9927520      -0.753     -11.306
   0.9817080   0.0221470  -0.0172702   0.9944459       0.082       8.448
   1.0060284   0.0050274  -0.0103065   1.0093542      23.562     -10.682
   1.0146483  -0.0174460   0.0123544   1.0131340       5.066     -10.634
   1.0133101  -0.0171706   0.0171148   1.0087546       8.615      -7.667
   1.0028579  -0.0013787   0.0050924   0.9968836      -0.149       8.468
   1.0045376   0.0445847  -0.0489121   0.9997513      11.803       4.317
   0.9983909  -0.0346613   0.0311000   0.9929758      25.586      -4.328
   0.9822384  -0.0190096   0.0210379   0.9900000      24.941     -20.619
   0.9979966  -0.0236148   0.0232076   1.0004272      36.041     -24.071
   0.9915497   0.0395163  -0.0417479   0.9944575      29.774     -29.296
   0.9977406   0.0231707  -0.0218275   0.9970614      36.149     -60.230
   1.0129701  -0.0227240   0.0222872   1.0083424      30.101     -49.400
