   1.0453740  -0.1258062   0.1288632   1.0571389     112.597      52.099
   1.0375777  -0.1160117   0.1168079   1.0533922      99.374      31.266
   1.0346779  -0.1062839   0.1064378   1.0503762      87.551      12.266
   1.0311227  -0.0963068   0.0967391   1.0466135      74.024       0.579
   1.0287199  -0.0873461   0.0887630   1.0436194      63.040      -8.771
   1.0265136  -0.0782197   0.0809980   1.0401967      50.512     -19.666
   1.0227852  -0.0682151   0.0731595   1.0369743      39.187     -25.408
   1.0194124  -0.0582571   0.0659282   1.0329534      26.666     -28.776
   1.0178758  -0.0492328   0.0596698   1.0295200      20.100     -32.459
   1.0165418  -0.0406821   0.0533677   1.0251169      10.273     -31.561
   1.0155113  -0.0328528   0.0468217   1.0201437       5.649     -30.517
   1.0151775  -0.0264673   0.0399311   1.0141935       1.113     -25.316
   1.0147161  -0.0221192   0.0332224   1.0085351       3.767     -22.526
   1.0138302  -0.0186100   0.0257803   1.0035655       3.686     -20.416
   1.0126499  -0.0162418   0.0184315   0.9999279       4.909     -23.120
   1.0110506  -0.0144411   0.0112867   0.9977808       9.546     -23.361
   1.0081472  -0.0125096   0.0043987   0.9962450      16.415     -27.227
   1.0054945  -0.0105922  -0.0014622   0.9964464      19.517     -31.998
   1.0021027  -0.0081466  -0.0062895   0.9970348      22.789     -38.368
   0.9985300  -0.0049924  -0.0099595   0.9978825      25.324     -45.876
   0.9955031  -0.0010550  -0.0125330   0.9989678      27.215     -56.830
   0.9936049   0.0034135  -0.0143740   1.0003260      26.458     -64.579
   0.9918580   0.0079454  -0.0154153   1.0005542      23.506     -73.228
   0.9910948   0.0123204  -0.0159957   1.0002570      19.465     -82.593
   0.9907093   0.0161382  -0.0163080   0.9988233      13.679     -88.664
   0.9905590   0.0203358  -0.0173265   0.9975429       8.372     -97.563
   0.9908817   0.0234311  -0.0180847   0.9955754       3.527     -99.940
   0.9911784   0.0253581  -0.0188965   0.9928425      -3.789     -99.578
   0.9915810   0.0263894  -0.0202188   0.9900132     -11.991    -100.205
   0.9922353   0.0264035  -0.0218909   0.9877932     -28.041     -83.967
   0.9928099   0.0256333  -0.0238970   0.9863540     -26.395     -85.829
   0.9930068   0.0244934  -0.0261587   0.9857323     -39.058     -83.295
   0.9924270   0.0223907  -0.0275686   0.9856900     -32.949     -77.608
   0.9916269   0.0207238  -0.0289831   0.9867167     -36.959     -72.178
   0.9900145   0.0198348  -0.0299526   0.9886626     -42.895     -65.445
   0.9882481   0.0192817  -0.0297732   0.9908698     -43.499     -56.270
   0.9863344   0.0192240  -0.0285515   0.9927359     -46.415     -47.458
   0.9844252   0.0198594  -0.0266776   0.9938244     -44.743     -38.206
   0.9833314   0.0206983  -0.0240664   0.9944929     -39.189     -28.414
   0.9830399   0.0213374  -0.0208596   0.9944599     -36.495     -21.549
   0.9839879   0.0216819  -0.0175719   0.9941335     -33.396     -15.321
   0.9863222   0.0216871  -0.0147048   0.9938523     -29.186      -8.324
   0.9895464   0.0209530  -0.0123129   0.9935107     -21.915      -2.604
   0.9923194   0.0186581  -0.0091200   0.9939355     -17.943       0.836
   0.9951408   0.0160086  -0.0065213   0.9942247     -14.216       4.854
   0.9976792   0.0133957  -0.0049002   0.9944277     -11.311       5.786
   1.0000691   0.0103233  -0.0035965   0.9950181      -7.367       4.276
   1.0025326   0.0075486  -0.0030833   0.9964743      -3.421       7.336
   1.0044267   0.0040480  -0.0019859   0.9982772      -3.412       6.270
   1.0057669  -0.0002929   0.0001937   1.0004389     -12.176       7.124
   1.0065864  -0.0052406   0.0031765   1.0018941     -14.010       9.453
   1.0069587  -0.0099597   0.0064426   1.0036101     -16.667      11.035
   1.0070430  -0.0149843   0.0107772   1.0054942     -24.697      13.580
   1.0065497  -0.0198419   0.0158503   1.0069226     -29.761      16.394
   1.0059644  -0.0245434   0.0216677   1.0080168     -37.064      26.026
   1.0066671  -0.0290236   0.0280192   1.0098267     -46.966      35.716
   1.0093813  -0.0335098   0.0343965   1.0115964     -56.414      45.394
   1.0126399  -0.0377564   0.0402640   1.0132143     -62.056      56.167
   1.0154876  -0.0433096   0.0469550   1.0138736     -65.904      67.442
   1.0191127  -0.0505842   0.0547535   1.0150075     -72.308      80.879
   1.0234069  -0.0589676   0.0630284   1.0167847     -79.903      98.586
