   1.0258799  -0.0731478   0.0766389   1.0273250     -12.775      -7.039
   1.0057199  -0.0060544   0.0070221   1.0046370     -23.991      -9.496
   0.9999999   0.0000000   0.0000000   0.9999999       0.000       0.000
   1.0042542  -0.0141119   0.0220075   0.9906044      19.226     -17.984
   1.0157375  -0.0328473   0.0314395   0.9933648      16.238      -2.895
   1.0340794   0.0113867  -0.0167835   1.0138317      13.910      -1.737
   1.0210091  -0.0152110   0.0081127   1.0010424      30.072      -1.592
   1.0457377   0.0170585  -0.0224816   1.0103099      23.514     -18.316
   1.0688820   0.0590153  -0.0558671   1.0334336      42.963     -37.962
   1.0738612   0.0875684  -0.0870351   1.0494792      57.288     -29.009
   1.0799273   0.0766229  -0.0784483   1.0633684      66.514     -29.743
   1.1072040   0.0553722  -0.0441634   1.0734260      72.300     -22.887
   1.1032079   0.0287226  -0.0240044   1.0754528     100.684     -65.399
   1.1072056   0.0703739  -0.0683239   1.0773779     104.557     -68.292
   1.1107521  -0.0017293   0.0024346   1.0827105      95.248     -69.331
   1.1047137  -0.0046073  -0.0172320   1.0576773      87.143     -73.539
   1.1021836   0.0261044  -0.0418843   1.0552030      58.974     -78.706
   1.1112486   0.0446460  -0.0502682   1.0702393      14.870     -66.932
   1.0980750   0.1112730  -0.1144458   1.0647771      12.508     -63.751
   1.1022742   0.0805924  -0.0850242   1.0681401      34.052    -101.895
   1.1297326   0.0531603  -0.0569961   1.0962138      37.092     -90.768
   1.1330292   0.0368336  -0.0557324   1.0909772      10.361    -113.202
   1.1311760   0.0275190  -0.0503709   1.0917873      34.878    -129.779
   1.1245935   0.0234981  -0.0536344   1.0815902      62.193    -117.255
   1.1094443   0.1236411  -0.1467455   1.0702300      60.356    -126.957
   1.1182529   0.1032646  -0.1391416   1.0903152      45.783    -103.907
   1.0908922   0.1974149  -0.2313762   1.0687499      47.908    -102.116
   1.0730106   0.1475309  -0.1686155   1.0742081      45.408     -80.005
   1.0711265   0.1949978  -0.2242438   1.0707155      49.614     -58.830
   1.0936278   0.1935133  -0.2380428   1.0858946      71.742     -84.768
   1.1046203   0.1793069  -0.2284464   1.0923181      51.496     -80.576
   1.1030896   0.1856375  -0.2356228   1.0839822      55.871     -78.313
   1.0845287   0.2053777  -0.2538215   1.0618056      49.670     -58.894
   1.0685135   0.2617170  -0.3192987   1.0460832      61.674     -66.523
   1.0678688   0.1951132  -0.2538148   1.0492314      74.244     -79.817
   1.0377548   0.2291857  -0.2779276   1.0316994      69.101     -96.926
   1.0495013   0.2379925  -0.2923925   1.0398399      79.435    -104.211
   1.0189158   0.3158614  -0.3702725   1.0079706      70.920    -107.858
   1.0241364   0.3130671  -0.3648315   1.0103651      67.943    -141.873
   1.0462769   0.2827668  -0.3383005   1.0323213      63.968    -128.852
