3
1024 1024 10 1 1.000000 1
102.400002  204.799988  5  102.400002  204.799988  5
1.000277  0.003759  -0.004651  1.000119  -11.583 -19.622
  0.281  6.860  0.779  -1.441  -2.252  0.900  1.326  -2.127
  -2.878  2.610
  0.804  -2.317  3.208  -0.991  1.564  -1.519  0.454  -2.636
  -2.096  -2.055
  -0.402  0.633  -0.556  3.147  1.918  1.228  0.516  -1.917
  -1.391  -1.217
  -3.964  -4.741  1.864  -1.797  1.753  1.935  -1.291  1.571
  0.598  1.423
  0.069  -2.919  -3.136  1.215  -1.768  4.450  3.370  0.620
  1.228  -0.916
102.400002  204.799988  5  102.400002  204.799988  5
1.003409  -0.012661  0.013246  1.002793  -13.124 -10.042
  -0.500  5.278  0.775  -1.380  -1.031  0.290  1.198  -1.616
  -3.338  2.798
  0.149  -3.677  1.379  -1.892  1.541  0.299  1.041  -1.486
  -1.673  -1.559
  -0.325  1.128  1.082  2.352  0.520  3.131  0.339  -1.152
  -0.594  -3.011
  -1.034  -2.962  1.650  -1.503  1.689  0.193  -1.980  1.437
  1.805  2.014
  -0.088  -1.777  -4.355  1.594  -0.437  3.297  0.729  -1.171
  1.457  -0.625
102.400002  204.799988  5  102.400002  204.799988  5
1.005227  -0.039048  0.040753  1.006488  -21.422 -10.299
  -0.847  2.092  1.408  0.936  -0.417  -1.458  0.312  -1.720
  -0.904  3.187
  -0.039  -2.131  0.899  -0.068  0.474  -0.615  1.444  -0.039
  -1.350  -1.358
  -2.564  0.023  0.228  1.533  0.874  2.784  1.096  -1.051
  -1.537  -3.058
  -0.299  -1.865  1.198  -1.599  0.109  1.776  -0.279  1.331
  0.572  0.697
  0.817  -1.236  -1.270  1.990  -1.272  0.572  2.388  -0.562
  -1.041  -0.162
102.400002  204.799988  5  102.400002  204.799988  5
1.009049  -0.009836  0.011516  1.007791  6.325 0.180
  -1.633  1.199  1.163  0.100  -0.030  -2.925  -1.022  0.459
  1.234  2.764
  -1.706  -0.034  1.788  -0.476  -0.556  -0.989  -0.163  -0.068
  0.572  -0.113
  0.076  0.681  0.061  0.680  0.555  1.445  -0.918  -0.313
  0.562  -1.868
  1.212  -1.036  0.584  -1.668  -0.146  -0.016  -2.112  -0.429
  1.132  0.729
  0.629  0.480  -0.340  2.151  0.142  -0.858  0.328  -0.490
  -1.411  0.595
102.400002  204.799988  5  102.400002  204.799988  5
0.999309  -0.015673  0.017025  0.997793  14.413 6.794
  -1.101  0.665  0.223  -0.208  0.871  -1.776  0.330  -1.415
  0.940  -0.076
  -2.062  1.041  0.792  0.217  -0.371  0.342  -0.786  -0.807
  -0.186  1.684
  1.165  1.078  0.147  1.245  0.836  1.544  -1.179  -1.316
  -0.076  0.214
  1.565  -0.466  0.368  -1.348  0.223  -0.321  -1.865  -0.027
  0.712  0.547
  -0.946  -0.425  0.569  -0.296  -0.085  -1.267  -0.124  0.114
  0.043  1.056
102.400002  204.799988  5  102.400002  204.799988  5
1.001318  -0.013025  0.013852  1.001211  9.675 5.874
  -0.511  0.205  -0.846  -0.893  -0.957  -0.097  0.187  -1.079
  1.911  -0.587
  -0.241  2.500  -0.184  -0.824  -1.648  1.265  0.042  -1.376
  0.744  1.137
  1.699  0.844  0.102  -0.319  -0.067  0.420  -0.795  0.422
  1.974  -0.051
  0.495  -0.733  -0.142  0.454  0.807  -1.031  -1.288  0.722
  -1.004  -0.223
  -0.164  -0.406  1.342  -0.537  0.472  -2.238  -1.168  1.350
  -0.758  1.073
102.400002  204.799988  5  102.400002  204.799988  5
0.994638  0.014980  -0.015483  0.995145  8.071 12.392
  0.811  -0.023  -0.428  -0.817  -0.830  1.002  -0.555  0.455
  0.743  -2.266
  0.494  1.686  -0.601  -0.054  -0.667  -0.193  0.533  0.055
  1.469  0.405
  0.750  0.887  -1.369  -0.296  -0.430  -0.050  0.383  0.100
  0.506  0.498
  -0.936  -0.616  -0.625  0.175  -0.347  -1.323  0.902  0.039
  -1.340  0.502
  0.723  1.208  2.341  -2.479  -0.736  -2.105  -0.469  2.512
  -0.322  0.696
102.400002  204.799988  5  102.400002  204.799988  5
0.997849  0.014152  -0.014519  0.999157  6.409 14.097
  0.271  -1.640  -1.329  -0.039  0.738  1.800  0.671  1.242
  0.695  -1.892
  -0.644  0.707  -1.505  0.258  -1.030  -0.519  1.082  1.117
  0.472  -0.492
  1.522  -0.443  -0.978  -1.246  -0.565  -2.023  1.049  -0.445
  -0.528  2.385
  0.156  2.854  -0.138  0.109  -0.175  -0.340  0.861  0.166
  -1.008  -0.142
  0.945  1.207  1.112  -1.673  -0.277  -1.695  -1.434  0.513
  0.037  0.231
102.400002  204.799988  5  102.400002  204.799988  5
0.997748  0.043208  -0.044057  0.999140  5.701 2.332
  0.408  -1.466  -1.217  0.170  -0.413  1.451  0.054  1.028
  1.335  -1.011
  0.751  -1.858  -0.931  0.070  0.900  0.347  -0.377  1.899
  0.181  0.779
  0.420  -0.691  -1.324  -1.125  -0.575  -3.270  1.285  0.589
  -0.478  1.730
  -0.346  4.095  -0.406  0.654  0.875  -1.095  0.488  -1.345
  -1.539  -0.903
  -0.584  1.342  2.566  -1.105  0.008  0.974  -1.584  -0.693
  0.503  -0.566
102.400002  204.799988  5  102.400002  204.799988  5
0.989007  0.013532  -0.015588  0.990946  -4.520 -1.908
  1.438  -2.021  -0.803  0.104  -0.866  2.909  1.019  1.253
  0.008  -2.124
  1.832  0.544  -1.049  -0.516  -0.108  -0.707  -1.613  1.858
  1.546  0.758
  0.418  -1.653  -1.101  -1.217  -2.155  -4.455  0.862  1.499
  -0.189  1.878
  -0.491  4.072  -0.514  2.501  -0.392  -1.463  1.262  -1.817
  -0.540  -1.253
  -0.462  0.601  1.013  -2.042  1.538  1.007  -1.015  -0.026
  0.360  0.311
