   0.9999404   0.0000440  -0.0000444   0.9999535       7.003       0.565
   1.0001916  -0.0001225   0.0001220   1.0001334     -15.349      -1.265
   0.9997836   0.0001025  -0.0001003   0.9998792       3.855       1.539
   1.0001289  -0.0000575   0.0000572   1.0000809       1.774      -1.176
   0.9999604  -0.0000239   0.0000245   0.9999599      -0.927       0.402
   1.0001149   0.0000616  -0.0000739   0.9999068      -0.417      -0.378
   0.9997666  -0.0000047   0.0000162   1.0001796       0.385       0.944
   1.0001156  -0.0000320   0.0000319   0.9999108      -4.758      -0.234
   0.9999753   0.0000102  -0.0000104   0.9999751       9.572      -1.111
   1.0001259   0.0000149  -0.0000151   1.0001264      -4.527       0.463
   0.9999345  -0.0000073   0.0000088   0.9997728      -3.853      -2.122
   0.9998928   0.0000139  -0.0000162   1.0002105       6.682       4.419
   1.0000862  -0.0000255   0.0000255   0.9999298      -2.493      -2.077
   1.0000048   0.0000332  -0.0000331   1.0000050      -0.521      -0.028
   0.9999772  -0.0000341   0.0000342   0.9999772      -0.913       0.665
   1.0000355   0.0000030  -0.0000031   1.0000353       1.153      -0.873
   0.9999257   0.0000096  -0.0000097   0.9999256       0.577       0.272
   1.0000957   0.0000038  -0.0000062   1.0000563      -1.718       0.543
   0.9999592  -0.0000306   0.0000328   1.0000371       0.428      -1.462
   0.9999970   0.0000632  -0.0000631   0.9999588       1.098       1.268
   0.9999621  -0.0000520   0.0000522   0.9999626      -0.898      -0.323
   1.0000380   0.0000254  -0.0000253   1.0000384       0.045       0.251
   1.0000191  -0.0000370   0.0000454   1.0000186       0.472      -0.402
   0.9999836   0.0000606  -0.0000692   0.9999837      -0.446       0.419
   1.0000081  -0.0000567   0.0000553   0.9999840      -0.345      -0.685
   0.9999787   0.0000211  -0.0000197   1.0000262       0.872       0.345
   1.0000201   0.0000179  -0.0000177   0.9999970      -0.588       0.409
   0.9999800  -0.0000221   0.0000224   0.9999801       0.431      -0.483
   0.9999996  -0.0000079   0.0000077   0.9999996      -0.809       0.038
   1.0000167   0.0000442  -0.0000439   1.0000168       1.032       0.491
   0.9999930  -0.0000699   0.0000698   0.9999928       0.096      -0.828
   0.9999572   0.0000525  -0.0000527   0.9999576      -1.857       0.297
   1.0000858   0.0000103  -0.0000097   1.0000858       1.965       0.658
   0.9999148  -0.0000457   0.0000559   1.0001605      -0.647      -0.317
   1.0000581   0.0000433  -0.0000535   0.9995759       0.198      -0.215
   1.0000087  -0.0000457   0.0000458   1.0002444      -0.627      -0.396
   0.9999808   0.0000271  -0.0000273   0.9999809      -0.333       0.445
   1.0000015   0.0000062  -0.0000062   1.0000015       2.432      -0.348
   1.0000343   0.0000079  -0.0000079   1.0000346      -2.671       0.995
   0.9998088  -0.0000343   0.0000345   0.9998081      -2.512      -1.338
   1.0002913   0.0000251  -0.0000251   1.0002921       7.435       0.928
   0.9998301  -0.0000233   0.0000235   0.9998297      -3.860      -0.450
   0.9999985   0.0000153  -0.0000060   1.0001379      -0.611       0.585
   1.0000476  -0.0000440   0.0000350   0.9997743       0.752      -0.823
   1.0000592   0.0001586  -0.0001594   1.0001931       0.094       0.751
   0.9998884  -0.0001467   0.0001729   0.9998860      -0.017      -0.543
   1.0000236   0.0000321  -0.0000580   1.0000232      -0.854       0.589
   1.0000265   0.0000125  -0.0000127   1.0000266       0.200      -0.785
   0.9999807  -0.0000781   0.0000785   0.9999800      -1.008       0.605
   1.0000277   0.0001329  -0.0001338   1.0000280       1.984      -0.250
   0.9999781  -0.0000319   0.0000347   1.0000226       3.824       0.061
   0.9999562  -0.0001693   0.0001650   0.9998682     -11.211       1.271
   1.0000740   0.0002390  -0.0002359   1.0001165       9.654      -3.105
   1.0000160  -0.0001641   0.0001627   1.0000159      -3.562       2.594
   0.9999725   0.0000909  -0.0000915   0.9999723      -0.200      -1.169
   0.9999594  -0.0000469   0.0000473   0.9999591       2.469       0.547
   1.0000125   0.0000215  -0.0000277   1.0000129      -2.248      -0.097
   1.0000756   0.0000073  -0.0000019   1.0000762       1.617      -0.121
   0.9998834  -0.0000261   0.0000221   0.9998209      -6.302       2.040
   1.0001042   0.0000127  -0.0000088   1.0002242      11.594      -3.800
   0.9999407   0.0000060  -0.0000060   0.9998823      -9.880       0.548
   0.9999698   0.0000105  -0.0000095   0.9999702       6.534       2.844
   1.0000404  -0.0000426   0.0000417   1.0000401      -4.135      -2.050
   1.0000300   0.0000547  -0.0000544   1.0000303       0.599       0.033
   1.0000424  -0.0002511   0.0002489   1.0000343      -0.339       0.252
   0.9999592   0.0003800  -0.0004015   0.9997106       5.459       4.554
   0.9999406  -0.0001736   0.0001951   1.0004265     -10.125      -8.281
   0.9999351   0.0000777  -0.0000740   0.9997048      10.105       3.812
   1.0001543  -0.0001144   0.0001085   1.0001545      -9.496      -2.965
   0.9999556   0.0000604  -0.0000559   0.9999535      10.880       6.117
   1.0000020  -0.0000589   0.0000474   0.9998734     -13.118      -3.639
   1.0000181   0.0000896  -0.0000798   1.0002637      12.874       0.789
   0.9999638  -0.0000590   0.0000606   0.9998440      -7.241      -0.760
   0.9998789   0.0000249  -0.0000219   0.9998821       6.050       1.927
   1.0001979  -0.0000615   0.0000539   1.0001976      -9.917      -2.326
   0.9998081   0.0001080  -0.0000945   0.9999151       8.542       2.094
   1.0002090  -0.0000359   0.0000269   1.0000079      -4.026      -2.188
   0.9998727   0.0000132  -0.0000044   0.9999690       0.689       2.296
   1.0001359   0.0000387  -0.0000384   1.0001349      -0.016      -1.989
   0.9997383  -0.0002424   0.0002215   0.9997501       1.219       0.226
   1.0001061   0.0001136  -0.0001058   1.0001003      -0.573       0.236
