3
960 1050 9 1 396.000000 1
5.772974  58.917572  17  5.772974  60.745949  18
1.000185  0.012209  -0.018845  1.002219  12.118 -51.928
  -0.000  -0.000  -0.000  -0.000  0.000  -0.000  -0.000  -0.000
  0.000  -0.000  0.000  -0.000  0.000  -0.000  0.000  -0.000
  0.000  0.000  0.000  -0.000  0.000  -0.000  0.000  -0.000
  0.000  -0.000  0.000  -0.000  0.000  -0.000  0.000  -0.000
  0.000  -0.000
  -0.000  0.000  0.000  0.000  -0.000  0.000  -0.000  0.000
  0.000  0.000  0.000  0.000  0.000  0.000  0.000  -0.000
  0.000  0.000  0.000  0.000  0.000  0.000  0.000  0.000
  0.000  0.000  -0.000  -0.000  0.000  -0.000  0.000  0.000
  0.000  0.000
  -0.000  0.000  0.000  -0.000  -0.000  -0.000  -0.000  -0.000
  0.000  -0.000  0.000  -0.000  0.000  0.000  0.000  -0.000
  0.000  -0.000  0.000  -0.000  0.000  -0.000  0.000  -0.000
  0.000  -0.000  0.000  -0.000  -0.000  -0.000  0.000  0.000
  0.000  -0.000
  -0.000  0.000  -0.000  -0.000  -0.000  0.000  0.000  0.000
  0.000  0.000  0.000  0.000  -0.000  -0.000  -0.000  0.000
  0.000  0.000  0.000  0.000  0.000  0.000  0.000  0.000
  0.000  -0.000  0.000  0.000  0.000  -0.000  0.000  0.000
  0.000  0.000
  -0.000  -0.000  -0.000  0.000  -0.000  -0.000  -0.000  -0.000
  0.000  -0.000  0.000  -0.000  0.000  -0.000  0.000  -0.000
  0.000  -0.000  0.000  -0.000  0.000  0.000  0.000  -0.000
  0.000  -0.000  0.000  -0.000  0.000  0.000  -0.000  0.000
  0.000  -0.000
  -0.000  0.000  -0.000  0.000  -0.000  0.000  -0.000  -0.000
  0.000  -0.000  0.000  -0.000  0.000  -0.000  0.000  0.000
  0.000  -0.000  0.000  0.000  0.000  -0.000  0.000  -0.000
  0.000  0.000  0.000  0.000  -0.000  -0.000  0.000  -0.000
  0.000  -0.000
  -0.000  -0.000  0.000  0.000  -0.000  0.000  -0.000  -0.000
  0.000  0.000  0.000  -0.000  0.000  0.000  0.000  -0.000
  0.000  -0.000  0.000  0.000  0.000  -0.000  0.000  0.000
  0.000  0.000  0.000  -0.000  -0.000  0.000  0.000  -0.000
  0.000  0.000
  -0.000  0.000  -0.000  0.000  -0.000  0.000  0.000  0.000
  0.000  0.000  0.000  0.000  0.000  0.000  0.000  0.000
  -0.000  0.000  0.000  0.000  0.000  0.000  0.000  0.000
  0.000  0.000  0.000  0.000  0.000  0.000  0.000  0.000
  -0.000  0.000
  -0.000  0.000  -0.000  -0.000  -0.000  0.000  -0.000  -0.000
  -0.000  0.000  0.000  0.000  0.000  0.000  0.000  0.000
  0.000  -0.000  0.000  0.000  0.000  -0.000  0.000  0.000
  0.000  0.000  0.000  -0.000  0.000  0.000  0.000  0.000
  0.000  0.000
  -0.000  0.000  0.000  0.000  0.000  0.000  -0.000  -0.000
  -0.000  0.000  0.000  0.000  -0.000  0.000  0.000  0.000
  0.000  0.000  0.000  0.000  0.000  0.000  0.000  0.000
  0.000  0.000  0.000  -0.000  0.000  0.000  0.000  0.000
  0.000  0.000
  -0.000  0.000  0.000  0.000  -0.000  -0.000  -0.000  0.000
  -0.000  0.000  0.000  0.000  0.000  0.000  0.000  0.000
  0.000  0.000  0.000  0.000  0.000  0.000  0.000  0.000
  0.000  0.000  0.000  0.000  -0.000  0.000  0.000  0.000
  0.000  0.000
  0.000  0.000  -0.000  0.000  -0.000  0.000  0.000  0.000
  -0.000  0.000  0.000  0.000  -0.000  0.000  0.000  0.000
  0.000  0.000  0.000  0.000  0.000  0.000  0.000  0.000
  0.000  0.000  0.000  0.000  0.000  0.000  0.000  0.000
  0.000  0.000
  -0.000  0.000  -0.000  0.000  -0.000  0.000  -0.000  0.000
  -0.000  0.000  0.000  0.000  0.000  0.000  0.000  0.000
  -0.000  0.000  0.000  0.000  0.000  0.000  0.000  0.000
  0.000  0.000  0.000  0.000  0.000  0.000  0.000  0.000
  -0.000  0.000
  -0.000  0.000  0.000  0.000  0.000  0.000  -0.000  0.000
  0.000  0.000  0.000  0.000  -0.000  0.000  0.000  0.000
  0.000  0.000  -0.000  0.000  0.000  0.000  0.000  0.000
  0.000  0.000  0.000  0.000  0.000  -0.000  0.000  0.000
  0.000  0.000
  -0.000  0.000  0.000  0.000  -0.000  0.000  -0.000  0.000
  -0.000  0.000  0.000  0.000  0.000  0.000  0.000  0.000
  0.000  0.000  0.000  0.000  0.000  0.000  0.000  0.000
  0.000  0.000  0.000  0.000  -0.000  0.000  0.000  0.000
  0.000  0.000
  0.000  0.000  -0.000  0.000  -0.000  0.000  0.000  0.000
  -0.000  0.000  0.000  0.000  -0.000  0.000  0.000  0.000
  0.000  0.000  0.000  0.000  0.000  0.000  0.000  0.000
  0.000  0.000  0.000  0.000  0.000  0.000  0.000  0.000
  0.000  0.000
  -0.000  0.000  -0.000  0.000  -0.000  0.000  -0.000  0.000
  -0.000  0.000  -0.000  0.000  0.000  0.000  0.000  0.000
  0.000  0.000  0.000  0.000  0.000  0.000  0.000  0.000
  0.000  0.000  0.000  0.000  0.000  0.000  0.000  0.000
  -0.000  0.000
  -0.000  0.000  0.000  0.000  0.000  0.000  -0.000  0.000
  -0.000  0.000  0.000  0.000  -0.000  0.000  0.000  0.000
  0.000  0.000  0.000  0.000  0.000  0.000  0.000  0.000
  0.000  0.000  0.000  0.000  0.000  0.000  0.000  0.000
  -0.000  0.000
5.772974  58.917572  17  5.772974  60.745949  18
0.989596  -0.007640  0.006156  0.992297  2.332 -4.661
  -0.000  0.000  0.000  -0.000  0.000  0.000  -0.000  0.000
  0.000  -0.000  0.000  0.000  0.000  -0.000  0.000  0.000
  0.000  -0.000  0.000  -0.000  0.000  0.000  0.000  -0.000
  0.000  0.000  0.000  0.000  0.000  0.000  0.000  0.000
  0.000  0.000
  0.000  -0.000  -0.000  -0.000  0.000  -0.000  -0.000  -0.000
  -0.000  -0.000  0.000  -0.000  0.000  -0.000  0.000  -0.000
  0.000  -0.000  0.000  -0.000  0.000  -0.000  0.000  -0.000
  -0.000  -0.000  0.000  -0.000  0.000  -0.000  0.000  -0.000
  0.000  0.000
  -0.000  -0.000  -0.000  -0.000  0.000  -0.000  -0.000  -0.000
  -0.000  -0.000  0.000  -0.000  0.000  -0.000  0.000  -0.000
  0.000  -0.000  0.000  -0.000  0.000  -0.000  0.000  -0.000
  0.000  -0.000  0.000  -0.000  -0.000  -0.000  0.000  -0.000
  0.000  -0.000
  0.000  -0.000  -0.000  -0.000  0.000  0.000  0.000  -0.000
  0.000  -0.000  0.000  -0.000  0.000  0.000  0.000  -0.000
  0.000  -0.000  0.000  -0.000  -0.000  0.000  -0.000  -0.000
  -0.000  -0.000  -0.000  0.000  -0.000  -0.000  -0.000  0.000
  0.000  0.000
  0.000  -0.000  0.000  -0.000  -0.000  -0.000  0.000  -0.000
  0.000  -0.000  0.000  0.000  -0.000  0.000  0.000  -0.000
  0.000  -0.000  0.000  0.000  -0.000  0.000  0.000  0.000
  0.000  -0.000  0.000  0.000  -0.000  0.000  0.000  -0.000
  0.000  0.000
  0.000  -0.000  0.000  0.000  -0.000  -0.000  0.000  -0.000
  -0.000  0.000  0.000  -0.000  -0.000  -0.000  0.000  0.000
  0.000  -0.000  0.000  0.000  0.000  -0.000  0.000  -0.000
  -0.000  0.000  -0.000  -0.000  -0.000  0.000  -0.000  -0.000
  0.000  -0.000
  -0.000  0.000  -0.000  -0.000  -0.000  0.000  0.000  -0.000
  0.000  -0.000  0.000  -0.000  0.000  -0.000  0.000  0.000
  0.000  0.000  0.000  0.000  0.000  0.000  0.000  0.000
  0.000  0.000  0.000  -0.000  -0.000  -0.000  0.000  0.000
  0.000  0.000
  -0.000  0.000  -0.000  -0.000  -0.000  -0.000  0.000  0.000
  0.000  0.000  0.000  0.000  0.000  0.000  0.000  0.000
  0.000  0.000  0.000  0.000  0.000  -0.000  0.000  0.000
  0.000  0.000  -0.000  0.000  0.000  0.000  -0.000  -0.000
  0.000  0.000
  0.000  0.000  -0.000  -0.000  -0.000  0.000  -0.000  0.000
  0.000  -0.000  0.000  0.000  0.000  0.000  -0.000  0.000
  0.000  0.000  0.000  0.000  0.000  0.000  0.000  0.000
  0.000  0.000  0.000  0.000  -0.000  0.000  0.000  0.000
  0.000  0.000
  -0.000  0.000  0.000  0.000  -0.000  0.000  -0.000  0.000
  -0.000  0.000  0.000  0.000  0.000  0.000  0.000  0.000
  0.000  0.000  0.000  0.000  0.000  0.000  0.000  0.000
  0.000  0.000  -0.000  0.000  -0.000  0.000  0.000  0.000
  -0.000  0.000
  0.000  0.000  -0.000  0.000  0.000  0.000  0.000  -0.000
  0.000  0.000  0.000  0.000  0.000  0.000  0.000  0.000
  0.000  0.000  0.000  0.000  0.000  0.000  0.000  0.000
  0.000  0.000  0.000  0.000  -0.000  0.000  0.000  0.000
  0.000  0.000
  0.000  0.000  0.000  -0.000  -0.000  0.000  0.000  0.000
  0.000  0.000  0.000  0.000  0.000  0.000  0.000  -0.000
  0.000  0.000  0.000  0.000  0.000  0.000  0.000  0.000
  0.000  0.000  0.000  0.000  0.000  0.000  0.000  0.000
  0.000  0.000
  -0.000  0.000  0.000  0.000  -0.000  0.000  0.000  0.000
  0.000  0.000  0.000  0.000  0.000  -0.000  0.000  0.000
  0.000  0.000  0.000  0.000  0.000  0.000  0.000  0.000
  0.000  0.000  0.000  0.000  -0.000  0.000  0.000  0.000
  -0.000  0.000
  0.000  0.000  0.000  0.000  -0.000  0.000  0.000  -0.000
  0.000  0.000  -0.000  0.000  0.000  -0.000  0.000  0.000
  0.000  0.000  0.000  0.000  0.000  -0.000  0.000  0.000
  0.000  -0.000  -0.000  0.000  0.000  0.000  -0.000  -0.000
  0.000  -0.000
  -0.000  -0.000  0.000  0.000  -0.000  -0.000  0.000  0.000
  0.000  0.000  -0.000  0.000  0.000  -0.000  0.000  -0.000
  0.000  0.000  0.000  0.000  0.000  0.000  0.000  -0.000
  0.000  -0.000  0.000  -0.000  -0.000  0.000  -0.000  0.000
  0.000  0.000
  -0.000  0.000  0.000  0.000  -0.000  0.000  -0.000  0.000
  0.000  0.000  0.000  0.000  0.000  0.000  0.000  0.000
  0.000  -0.000  0.000  0.000  0.000  -0.000  0.000  0.000
  -0.000  0.000  -0.000  0.000  0.000  0.000  -0.000  0.000
  0.000  0.000
  -0.000  0.000  0.000  0.000  -0.000  0.000  -0.000  0.000
  0.000  0.000  0.000  0.000  0.000  0.000  0.000  0.000
  0.000  0.000  0.000  0.000  0.000  -0.000  0.000  -0.000
  0.000  -0.000  0.000  0.000  -0.000  0.000  0.000  0.000
  -0.000  0.000
  0.000  0.000  0.000  0.000  -0.000  0.000  -0.000  0.000
  -0.000  0.000  0.000  0.000  0.000  0.000  0.000  -0.000
  0.000  0.000  0.000  0.000  0.000  0.000  0.000  0.000
  0.000  0.000  0.000  0.000  -0.000  0.000  0.000  0.000
  0.000  0.000
5.772974  58.917572  17  5.772974  60.745949  18
0.989549  -0.013339  0.014360  0.993236  -12.819 32.909
  -0.000  -0.000  0.000  0.000  0.000  -0.000  0.000  0.000
  0.000  -0.000  0.000  -0.000  -0.000  -0.000  0.000  -0.000
  -0.000  -0.000  0.000  -0.000  0.000  -0.000  -0.000  -0.000
  0.000  -0.000  0.000  -0.000  0.000  -0.000  -0.000  -0.000
  0.000  -0.000
  0.000  -0.000  0.000  -0.000  0.000  -0.000  0.000  -0.000
  0.000  0.000  0.000  -0.000  0.000  0.000  0.000  0.000
  0.000  0.000  0.000  0.000  0.000  0.000  -0.000  0.000
  0.000  0.000  0.000  0.000  -0.000  -0.000  0.000  0.000
  -0.000  0.000
  -0.000  0.000  0.000  -0.000  0.000  0.000  -0.000  -0.000
  0.000  -0.000  0.000  -0.000  0.000  -0.000  0.000  -0.000
  0.000  0.000  0.000  0.000  0.000  0.000  0.000  0.000
  -0.000  0.000  0.000  -0.000  0.000  0.000  0.000  -0.000
  -0.000  -0.000
  0.000  0.000  0.000  0.000  0.000  -0.000  0.000  -0.000
  0.000  -0.000  0.000  0.000  -0.000  0.000  -0.000  0.000
  0.000  -0.000  0.000  -0.000  0.000  -0.000  0.000  0.000
  0.000  -0.000  0.000  -0.000  0.000  -0.000  0.000  0.000
  0.000  -0.000
  -0.000  -0.000  -0.000  0.000  -0.000  0.000  0.000  0.000
  0.000  0.000  0.000  0.000  0.000  0.000  0.000  0.000
  0.000  0.000  0.000  0.000  0.000  0.000  0.000  0.000
  0.000  0.000  0.000  -0.000  0.000  0.000  0.000  0.000
  0.000  0.000
  0.000  0.000  0.000  -0.000  0.000  0.000  0.000  0.000
  0.000  0.000  0.000  0.000  0.000  0.000  0.000  0.000
  0.000  -0.000  0.000  0.000  -0.000  0.000  0.000  0.000
  0.000  0.000  0.000  0.000  0.000  -0.000  0.000  0.000
  0.000  -0.000
  -0.000  0.000  -0.000  -0.000  -0.000  0.000  0.000  0.000
  0.000  -0.000  0.000  0.000  -0.000  0.000  -0.000  -0.000
  0.000  0.000  -0.000  0.000  0.000  -0.000  -0.000  0.000
  0.000  -0.000  0.000  0.000  -0.000  -0.000  0.000  0.000
  -0.000  0.000
  -0.000  0.000  0.000  0.000  0.000  0.000  0.000  0.000
  0.000  -0.000  0.000  0.000  0.000  -0.000  0.000  0.000
  0.000  0.000  0.000  0.000  0.000  0.000  0.000  -0.000
  0.000  0.000  -0.000  0.000  -0.000  0.000  0.000  0.000
  0.000  0.000
  -0.000  0.000  -0.000  0.000  -0.000  0.000  0.000  0.000
  -0.000  0.000  0.000  0.000  0.000  -0.000  0.000  0.000
  0.000  0.000  0.000  0.000  -0.000  -0.000  0.000  0.000
  0.000  -0.000  0.000  0.000  -0.000  -0.000  0.000  0.000
  0.000  -0.000
  -0.000  0.000  0.000  0.000  0.000  0.000  -0.000  0.000
  0.000  0.000  0.000  -0.000  -0.000  0.000  -0.000  0.000
  0.000  0.000  0.000  0.000  0.000  0.000  0.000  0.000
  0.000  0.000  0.000  0.000  -0.000  0.000  0.000  0.000
  0.000  -0.000
  -0.000  0.000  0.000  0.000  -0.000  0.000  0.000  -0.000
  -0.000  0.000  0.000  0.000  0.000  0.000  0.000  0.000
  0.000  0.000  0.000  0.000  0.000  0.000  0.000  0.000
  0.000  0.000  -0.000  -0.000  -0.000  0.000  0.000  0.000
  0.000  0.000
  -0.000  0.000  0.000  0.000  -0.000  0.000  0.000  -0.000
  0.000  0.000  0.000  0.000  0.000  0.000  -0.000  0.000
  0.000  0.000  0.000  0.000  -0.000  0.000  0.000  0.000
  0.000  -0.000  0.000  -0.000  0.000  0.000  0.000  0.000
  0.000  0.000
  0.000  0.000  0.000  -0.000  0.000  -0.000  0.000  -0.000
  -0.000  0.000  0.000  0.000  -0.000  0.000  0.000  0.000
  0.000  0.000  0.000  0.000  0.000  0.000  -0.000  0.000
  0.000  0.000  0.000  0.000  -0.000  0.000  0.000  0.000
  0.000  -0.000
  0.000  0.000  0.000  -0.000  0.000  -0.000  0.000  0.000
  0.000  0.000  0.000  0.000  0.000  0.000  0.000  -0.000
  -0.000  0.000  0.000  -0.000  0.000  -0.000  0.000  0.000
  0.000  -0.000  -0.000  -0.000  -0.000  0.000  0.000  0.000
  -0.000  -0.000
  -0.000  -0.000  0.000  -0.000  -0.000  -0.000  -0.000  0.000
  -0.000  -0.000  0.000  -0.000  0.000  0.000  0.000  0.000
  0.000  0.000  0.000  0.000  0.000  0.000  0.000  0.000
  0.000  0.000  0.000  -0.000  0.000  0.000  -0.000  0.000
  0.000  0.000
  -0.000  0.000  -0.000  0.000  0.000  0.000  -0.000  0.000
  0.000  0.000  0.000  0.000  -0.000  0.000  0.000  0.000
  0.000  0.000  0.000  0.000  0.000  0.000  -0.000  0.000
  0.000  0.000  0.000  -0.000  0.000  0.000  0.000  -0.000
  0.000  0.000
  -0.000  0.000  0.000  -0.000  0.000  0.000  0.000  0.000
  0.000  -0.000  0.000  0.000  0.000  0.000  0.000  0.000
  0.000  0.000  0.000  -0.000  0.000  0.000  0.000  0.000
  0.000  0.000  0.000  0.000  -0.000  0.000  0.000  0.000
  -0.000  0.000
  -0.000  0.000  0.000  0.000  0.000  0.000  0.000  0.000
  0.000  0.000  0.000  0.000  0.000  -0.000  0.000  0.000
  0.000  0.000  0.000  0.000  -0.000  0.000  0.000  0.000
  -0.000  0.000  -0.000  0.000  -0.000  0.000  0.000  0.000
  0.000  0.000
5.772974  58.917572  17  5.772974  60.745949  18
1.008122  0.001691  0.009875  1.003391  -1.834 31.148
  -0.000  -0.000  -0.000  -0.000  0.000  -0.000  -0.000  -0.000
  0.000  0.000  0.000  -0.000  0.000  -0.000  0.000  -0.000
  0.000  -0.000  0.000  -0.000  0.000  -0.000  0.000  -0.000
  0.000  -0.000  0.000  -0.000  -0.000  -0.000  0.000  -0.000
  0.000  -0.000
  0.000  0.000  -0.000  0.000  0.000  0.000  0.000  0.000
  -0.000  0.000  0.000  0.000  0.000  0.000  0.000  0.000
  0.000  0.000  0.000  0.000  0.000  0.000  0.000  -0.000
  -0.000  -0.000  0.000  0.000  0.000  -0.000  0.000  0.000
  0.000  0.000
  0.000  -0.000  -0.000  -0.000  0.000  -0.000  0.000  -0.000
  0.000  -0.000  0.000  -0.000  0.000  -0.000  0.000  -0.000
  0.000  0.000  0.000  -0.000  0.000  -0.000  0.000  -0.000
  0.000  -0.000  0.000  -0.000  0.000  -0.000  0.000  -0.000
  0.000  -0.000
  -0.000  0.000  0.000  0.000  0.000  0.000  0.000  0.000
  0.000  -0.000  0.000  -0.000  0.000  -0.000  -0.000  0.000
  0.000  -0.000  0.000  0.000  -0.000  0.000  -0.000  0.000
  0.000  -0.000  0.000  -0.000  -0.000  0.000  0.000  -0.000
  0.000  0.000
  0.000  -0.000  0.000  0.000  0.000  0.000  0.000  0.000
  0.000  0.000  0.000  -0.000  0.000  -0.000  0.000  0.000
  0.000  -0.000  0.000  -0.000  -0.000  -0.000  0.000  0.000
  -0.000  0.000  0.000  0.000  0.000  0.000  0.000  0.000
  0.000  0.000
  0.000  -0.000  0.000  -0.000  0.000  -0.000  -0.000  0.000
  -0.000  -0.000  0.000  0.000  0.000  0.000  0.000  0.000
  0.000  0.000  0.000  0.000  0.000  -0.000  -0.000  0.000
  0.000  0.000  0.000  0.000  0.000  -0.000  0.000  0.000
  0.000  0.000
  0.000  0.000  0.000  0.000  0.000  0.000  0.000  -0.000
  0.000  -0.000  0.000  0.000  0.000  0.000  0.000  -0.000
  0.000  0.000  0.000  0.000  0.000  -0.000  0.000  0.000
  0.000  -0.000  -0.000  0.000  -0.000  0.000  0.000  -0.000
  0.000  0.000
  0.000  -0.000  -0.000  -0.000  0.000  0.000  0.000  0.000
  0.000  -0.000  -0.000  0.000  0.000  -0.000  0.000  0.000
  0.000  0.000  0.000  0.000  -0.000  0.000  0.000  0.000
  -0.000  0.000  0.000  0.000  0.000  0.000  -0.000  0.000
  0.000  -0.000
  0.000  -0.000  0.000  -0.000  0.000  0.000  -0.000  0.000
  0.000  0.000  0.000  0.000  0.000  0.000  -0.000  0.000
  -0.000  0.000  0.000  -0.000  0.000  0.000  0.000  0.000
  0.000  0.000  0.000  0.000  0.000  -0.000  0.000  -0.000
  0.000  0.000
  0.000  0.000  -0.000  0.000  0.000  0.000  0.000  0.000
  -0.000  0.000  0.000  0.000  -0.000  0.000  -0.000  0.000
  -0.000  0.000  0.000  0.000  0.000  0.000  0.000  0.000
  0.000  0.000  0.000  0.000  -0.000  0.000  0.000  0.000
  0.000  0.000
  0.000  0.000  -0.000  0.000  -0.000  0.000  0.000  0.000
  0.000  0.000  0.000  0.000  -0.000  0.000  0.000  0.000
  0.000  0.000  0.000  0.000  -0.000  0.000  0.000  0.000
  0.000  0.000  0.000  -0.000  0.000  -0.000  0.000  0.000
  -0.000  0.000
  0.000  0.000  0.000  0.000  0.000  0.000  0.000  0.000
  0.000  0.000  0.000  0.000  0.000  0.000  0.000  -0.000
  0.000  0.000  0.000  0.000  0.000  0.000  -0.000  0.000
  0.000  0.000  0.000  -0.000  0.000  0.000  0.000  0.000
  0.000  0.000
  0.000  0.000  -0.000  0.000  -0.000  0.000  0.000  0.000
  0.000  0.000  0.000  0.000  -0.000  0.000  -0.000  0.000
  0.000  0.000  0.000  0.000  0.000  0.000  0.000  0.000
  0.000  0.000  0.000  0.000  -0.000  0.000  0.000  0.000
  0.000  0.000
  0.000  0.000  -0.000  -0.000  0.000  0.000  0.000  -0.000
  0.000  -0.000  0.000  -0.000  -0.000  -0.000  0.000  0.000
  0.000  0.000  0.000  -0.000  0.000  0.000  0.000  0.000
  0.000  -0.000  0.000  0.000  0.000  0.000  0.000  0.000
  0.000  -0.000
  0.000  -0.000  -0.000  0.000  0.000  -0.000  0.000  0.000
  0.000  0.000  -0.000  -0.000  0.000  0.000  0.000  0.000
  -0.000  0.000  0.000  0.000  0.000  0.000  -0.000  -0.000
  0.000  -0.000  0.000  0.000  0.000  0.000  0.000  0.000
  0.000  0.000
  0.000  0.000  -0.000  0.000  -0.000  0.000  -0.000  0.000
  0.000  0.000  0.000  0.000  0.000  0.000  0.000  0.000
  0.000  0.000  0.000  0.000  0.000  0.000  0.000  0.000
  0.000  0.000  -0.000  0.000  0.000  0.000  0.000  0.000
  0.000  0.000
  -0.000  0.000  -0.000  0.000  0.000  0.000  0.000  0.000
  0.000  0.000  0.000  0.000  0.000  0.000  0.000  0.000
  0.000  0.000  0.000  -0.000  0.000  0.000  0.000  0.000
  -0.000  0.000  0.000  0.000  -0.000  0.000  -0.000  0.000
  -0.000  0.000
  -0.000  0.000  -0.000  0.000  0.000  0.000  0.000  0.000
  0.000  -0.000  0.000  0.000  0.000  0.000  0.000  0.000
  0.000  0.000  0.000  0.000  0.000  0.000  0.000  0.000
  0.000  0.000  0.000  0.000  -0.000  0.000  0.000  0.000
  -0.000  0.000
5.772974  58.917572  17  5.772974  60.745949  18
1.037630  0.013240  -0.003972  1.028638  1.059 68.440
  0.056  -1.515  0.057  -1.483  0.059  -1.452  0.060  -1.411
  0.058  -1.327  0.059  -1.292  0.060  -1.210  0.056  -1.077
  0.052  -0.899  0.048  -0.710  0.042  -0.541  0.031  -0.366
  0.033  -0.269  0.026  -0.129  0.027  -0.025  0.024  0.068
  0.034  0.029
  0.049  -1.390  0.047  -1.306  0.046  -1.223  0.044  -1.139
  0.041  -1.055  0.042  -1.022  0.040  -0.984  0.035  -0.913
  0.030  -0.751  0.025  -0.551  0.020  -0.393  0.011  -0.216
  0.005  -0.059  0.003  0.057  0.004  0.136  0.005  0.197
  0.011  0.178
  0.032  -1.119  0.030  -1.035  0.027  -0.951  0.025  -0.868
  0.022  -0.780  0.021  -0.736  0.019  -0.718  0.014  -0.681
  0.010  -0.593  0.007  -0.433  0.002  -0.241  -0.003  -0.055
  -0.007  0.102  -0.009  0.221  -0.010  0.315  -0.009  0.375
  -0.004  0.368
  0.013  -0.842  0.010  -0.755  0.007  -0.667  0.005  -0.580
  0.002  -0.460  0.001  -0.372  0.001  -0.368  0.002  -0.401
  0.001  -0.365  -0.002  -0.271  -0.006  -0.108  -0.010  0.101
  -0.014  0.284  -0.016  0.406  -0.018  0.492  -0.017  0.526
  -0.011  0.509
  -0.007  -0.505  -0.010  -0.382  -0.012  -0.259  -0.015  -0.135
  -0.015  -0.044  -0.014  0.025  -0.011  0.012  -0.008  -0.046
  -0.008  -0.040  -0.009  -0.010  -0.009  0.045  -0.014  0.278
  -0.018  0.484  -0.020  0.576  -0.021  0.633  -0.020  0.627
  -0.013  0.594
  -0.023  -0.108  -0.023  -0.023  -0.023  0.061  -0.022  0.145
  -0.022  0.230  -0.022  0.314  -0.018  0.331  -0.017  0.332
  -0.017  0.362  -0.017  0.361  -0.015  0.326  -0.018  0.470
  -0.020  0.602  -0.021  0.693  -0.022  0.709  -0.020  0.674
  -0.013  0.642
  -0.030  0.166  -0.030  0.250  -0.030  0.335  -0.030  0.419
  -0.029  0.503  -0.028  0.588  -0.024  0.620  -0.022  0.631
  -0.022  0.638  -0.022  0.638  -0.022  0.632  -0.022  0.655
  -0.022  0.703  -0.022  0.746  -0.021  0.712  -0.018  0.653
  -0.011  0.615
  -0.037  0.440  -0.036  0.524  -0.036  0.609  -0.035  0.693
  -0.034  0.777  -0.032  0.861  -0.029  0.897  -0.026  0.876
  -0.025  0.849  -0.024  0.804  -0.023  0.760  -0.023  0.711
  -0.022  0.670  -0.020  0.640  -0.018  0.604  -0.015  0.546
  -0.008  0.509
  -0.041  0.714  -0.040  0.798  -0.039  0.882  -0.037  0.966
  -0.035  1.027  -0.032  1.063  -0.029  1.059  -0.026  0.971
  -0.025  0.894  -0.023  0.800  -0.021  0.700  -0.019  0.591
  -0.017  0.482  -0.015  0.413  -0.014  0.418  -0.011  0.362
  -0.004  0.329
  -0.042  0.942  -0.039  0.977  -0.036  1.013  -0.033  1.048
  -0.030  1.061  -0.026  1.035  -0.022  0.995  -0.021  0.865
  -0.019  0.752  -0.018  0.630  -0.016  0.502  -0.014  0.378
  -0.012  0.264  -0.010  0.190  -0.008  0.185  -0.006  0.137
  0.001  0.107
  -0.037  0.947  -0.033  0.921  -0.029  0.894  -0.025  0.868
  -0.021  0.840  -0.017  0.807  -0.013  0.774  -0.012  0.654
  -0.011  0.525  -0.010  0.397  -0.009  0.270  -0.008  0.143
  -0.006  0.059  -0.004  0.028  -0.003  -0.043  -0.001  -0.089
  0.006  -0.120
  -0.027  0.723  -0.023  0.690  -0.019  0.657  -0.015  0.625
  -0.011  0.592  -0.007  0.559  -0.004  0.526  -0.003  0.425
  -0.003  0.295  -0.003  0.165  -0.003  0.036  -0.002  -0.092
  -0.000  -0.160  0.001  -0.206  0.001  -0.273  0.004  -0.319
  0.010  -0.350
  -0.018  0.475  -0.014  0.442  -0.010  0.409  -0.006  0.376
  -0.002  0.344  0.001  0.311  0.005  0.278  0.007  0.196
  0.005  0.064  0.005  -0.067  0.004  -0.197  0.005  -0.326
  0.005  -0.396  0.006  -0.439  0.006  -0.521  0.009  -0.573
  0.016  -0.605
  -0.009  0.227  -0.005  0.194  -0.001  0.161  0.002  0.128
  0.006  0.095  0.010  0.079  0.014  0.067  0.017  0.010
  0.014  -0.165  0.013  -0.296  0.012  -0.429  0.011  -0.557
  0.011  -0.639  0.012  -0.662  0.011  -0.742  0.011  -0.748
  0.016  -0.704
  -0.000  -0.016  0.004  -0.028  0.008  -0.040  0.012  -0.052
  0.016  -0.064  0.020  -0.084  0.024  -0.108  0.027  -0.145
  0.024  -0.337  0.021  -0.486  0.017  -0.591  0.013  -0.663
  0.011  -0.703  0.010  -0.639  0.009  -0.706  0.007  -0.726
  0.012  -0.682
  0.009  -0.173  0.013  -0.197  0.017  -0.221  0.021  -0.244
  0.025  -0.268  0.027  -0.261  0.028  -0.232  0.030  -0.204
  0.024  -0.320  0.019  -0.432  0.015  -0.539  0.011  -0.617
  0.009  -0.668  0.008  -0.616  0.007  -0.661  0.005  -0.692
  0.009  -0.660
  0.018  -0.378  0.019  -0.350  0.020  -0.321  0.021  -0.293
  0.023  -0.264  0.024  -0.235  0.025  -0.207  0.027  -0.178
  0.023  -0.260  0.018  -0.378  0.013  -0.485  0.010  -0.570
  0.007  -0.627  0.005  -0.599  0.004  -0.616  0.003  -0.656
  0.005  -0.637
  0.015  -0.353  0.016  -0.324  0.017  -0.296  0.019  -0.267
  0.020  -0.239  0.021  -0.210  0.022  -0.181  0.024  -0.153
  0.022  -0.199  0.016  -0.324  0.012  -0.431  0.008  -0.524
  0.005  -0.585  0.003  -0.582  0.002  -0.570  0.000  -0.619
  0.001  -0.615
5.772974  58.917572  17  5.772974  60.745949  18
0.994156  -0.004496  0.027385  0.976844  16.464 20.240
  -0.028  -3.555  -0.024  -3.350  -0.020  -3.145  -0.016  -2.940
  -0.013  -2.716  -0.008  -2.512  0.002  -2.417  0.006  -2.278
  0.004  -2.126  -0.005  -1.933  -0.001  -1.632  0.005  -1.192
  0.017  -0.726  0.028  -0.275  0.039  0.108  0.048  0.437
  0.054  0.667
  -0.034  -2.963  -0.032  -2.736  -0.029  -2.509  -0.026  -2.282
  -0.024  -2.026  -0.022  -1.762  -0.014  -1.795  -0.012  -1.683
  -0.010  -1.504  -0.012  -1.389  -0.007  -1.193  -0.003  -0.915
  0.009  -0.449  0.025  0.028  0.039  0.480  0.048  0.796
  0.054  1.012
  -0.045  -2.283  -0.043  -2.020  -0.041  -1.756  -0.039  -1.492
  -0.035  -1.255  -0.029  -1.030  -0.019  -0.915  -0.011  -0.750
  -0.006  -0.700  -0.003  -0.668  0.001  -0.544  0.005  -0.395
  0.013  -0.122  0.028  0.340  0.043  0.799  0.052  1.104
  0.057  1.260
  -0.057  -1.501  -0.052  -1.276  -0.046  -1.051  -0.041  -0.826
  -0.036  -0.613  -0.031  -0.407  -0.020  -0.233  -0.004  -0.102
  0.007  0.011  0.013  0.102  0.018  0.239  0.021  0.372
  0.025  0.467  0.035  0.756  0.047  1.082  0.055  1.342
  0.057  1.415
  -0.058  -0.854  -0.053  -0.648  -0.048  -0.443  -0.042  -0.238
  -0.037  -0.032  -0.032  0.173  -0.023  0.367  0.002  0.499
  0.019  0.632  0.029  0.763  0.033  0.882  0.036  0.998
  0.039  1.095  0.042  1.191  0.047  1.315  0.050  1.414
  0.053  1.418
  -0.059  -0.273  -0.054  -0.068  -0.048  0.138  -0.043  0.343
  -0.038  0.547  -0.032  0.750  -0.026  0.952  0.008  1.098
  0.032  1.230  0.043  1.331  0.045  1.377  0.046  1.416
  0.045  1.419  0.043  1.376  0.040  1.285  0.035  1.152
  0.038  1.150
  -0.060  0.307  -0.054  0.510  -0.048  0.712  -0.043  0.914
  -0.037  1.109  -0.033  1.286  -0.028  1.462  0.007  1.654
  0.044  1.776  0.053  1.733  0.050  1.632  0.046  1.539
  0.041  1.412  0.033  1.216  0.025  0.989  0.018  0.782
  0.018  0.732
  -0.059  0.876  -0.054  1.053  -0.050  1.229  -0.045  1.405
  -0.040  1.568  -0.032  1.663  -0.024  1.757  0.002  1.880
  0.045  1.949  0.054  1.766  0.046  1.538  0.037  1.326
  0.028  1.098  0.017  0.844  0.008  0.603  0.003  0.432
  0.001  0.345
  -0.062  1.349  -0.055  1.453  -0.047  1.547  -0.039  1.641
  -0.030  1.733  -0.017  1.721  -0.003  1.708  0.014  1.698
  0.049  1.665  0.047  1.459  0.036  1.203  0.024  0.947
  0.012  0.692  0.001  0.437  -0.010  0.184  -0.013  0.075
  -0.015  -0.015
  -0.053  1.526  -0.041  1.541  -0.027  1.529  -0.014  1.516
  -0.000  1.504  0.011  1.474  0.022  1.440  0.033  1.407
  0.047  1.290  0.039  1.062  0.025  0.804  0.011  0.546
  -0.002  0.287  -0.015  0.030  -0.027  -0.227  -0.030  -0.325
  -0.035  -0.443
  -0.025  1.324  -0.012  1.300  -0.001  1.266  0.010  1.233
  0.021  1.200  0.030  1.158  0.038  1.112  0.046  1.066
  0.046  0.920  0.031  0.669  0.015  0.407  -0.000  0.145
  -0.015  -0.116  -0.030  -0.376  -0.044  -0.635  -0.049  -0.762
  -0.053  -0.853
  -0.003  1.026  0.007  0.988  0.015  0.942  0.024  0.896
  0.032  0.850  0.038  0.796  0.042  0.735  0.046  0.673
  0.043  0.545  0.027  0.316  0.010  0.061  -0.011  -0.254
  -0.028  -0.518  -0.044  -0.777  -0.060  -1.039  -0.069  -1.213
  -0.070  -1.249
  0.009  0.680  0.016  0.631  0.020  0.569  0.025  0.508
  0.029  0.446  0.035  0.414  0.045  0.434  0.054  0.454
  0.062  0.455  0.040  0.169  0.011  -0.179  -0.016  -0.566
  -0.035  -0.843  -0.053  -1.114  -0.068  -1.337  -0.080  -1.531
  -0.087  -1.659
  0.007  0.280  0.012  0.225  0.021  0.245  0.031  0.266
  0.041  0.286  0.049  0.290  0.054  0.232  0.059  0.175
  0.064  0.117  0.045  -0.130  0.013  -0.464  -0.015  -0.793
  -0.034  -1.042  -0.051  -1.226  -0.068  -1.378  -0.083  -1.538
  -0.093  -1.635
  0.018  0.097  0.027  0.117  0.033  0.065  0.037  0.008
  0.042  -0.049  0.047  -0.107  0.052  -0.162  0.057  -0.217
  0.062  -0.272  0.049  -0.451  0.016  -0.655  -0.014  -0.844
  -0.036  -0.997  -0.054  -1.133  -0.070  -1.279  -0.086  -1.438
  -0.098  -1.558
  0.020  -0.216  0.025  -0.274  0.030  -0.330  0.035  -0.385
  0.041  -0.440  0.046  -0.495  0.049  -0.450  0.053  -0.389
  0.056  -0.329  0.050  -0.343  0.018  -0.540  -0.015  -0.742
  -0.038  -0.903  -0.056  -1.040  -0.073  -1.179  -0.089  -1.338
  -0.102  -1.482
  0.019  -0.607  0.024  -0.663  0.028  -0.650  0.031  -0.590
  0.035  -0.529  0.038  -0.468  0.041  -0.408  0.045  -0.347
  0.048  -0.286  0.050  -0.234  0.021  -0.426  -0.015  -0.641
  -0.040  -0.808  -0.059  -0.947  -0.076  -1.081  -0.092  -1.238
  -0.107  -1.398
  0.013  -0.729  0.017  -0.669  0.020  -0.608  0.023  -0.547
  0.027  -0.487  0.030  -0.426  0.034  -0.365  0.037  -0.305
  0.040  -0.244  0.044  -0.183  0.022  -0.318  -0.013  -0.526
  -0.041  -0.706  -0.061  -0.853  -0.078  -0.988  -0.095  -1.138
  -0.110  -1.298
5.772974  58.917572  17  5.772974  60.745949  18
0.996074  0.006199  0.012963  0.997743  -14.978 18.579
  -0.017  -5.668  -0.013  -5.397  -0.009  -5.051  -0.005  -4.706
  -0.001  -4.347  0.000  -3.960  0.008  -3.661  0.018  -3.494
  0.018  -3.252  0.007  -2.995  -0.007  -2.675  0.001  -2.194
  0.012  -1.530  0.028  -0.734  0.047  -0.028  0.066  0.621
  0.076  1.114
  -0.027  -4.841  -0.025  -4.474  -0.023  -4.087  -0.021  -3.700
  -0.020  -3.299  -0.020  -2.842  -0.019  -2.429  -0.011  -2.544
  -0.005  -2.187  -0.004  -1.937  -0.009  -1.834  -0.000  -1.476
  0.004  -1.061  0.020  -0.433  0.046  0.419  0.067  1.149
  0.078  1.602
  -0.044  -3.826  -0.044  -3.411  -0.044  -2.955  -0.044  -2.498
  -0.043  -2.048  -0.037  -1.664  -0.031  -1.281  -0.015  -1.016
  -0.001  -0.804  0.007  -0.694  0.010  -0.594  0.015  -0.373
  0.021  -0.118  0.031  0.255  0.052  0.929  0.070  1.566
  0.082  1.976
  -0.067  -2.610  -0.065  -2.175  -0.059  -1.791  -0.053  -1.408
  -0.047  -1.024  -0.041  -0.677  -0.035  -0.330  -0.019  -0.038
  0.008  0.191  0.025  0.396  0.035  0.608  0.042  0.874
  0.045  1.037  0.051  1.253  0.060  1.616  0.071  1.916
  0.077  2.158
  -0.075  -1.535  -0.069  -1.158  -0.063  -0.811  -0.058  -0.465
  -0.052  -0.118  -0.046  0.229  -0.039  0.576  -0.028  0.904
  0.016  1.132  0.044  1.361  0.058  1.587  0.063  1.771
  0.064  1.879  0.066  2.013  0.068  2.159  0.064  2.098
  0.056  1.928
  -0.080  -0.599  -0.074  -0.253  -0.068  0.094  -0.061  0.441
  -0.055  0.787  -0.048  1.130  -0.041  1.471  -0.035  1.811
  0.019  2.065  0.062  2.298  0.078  2.447  0.079  2.489
  0.072  2.359  0.066  2.265  0.058  2.126  0.044  1.796
  0.030  1.415
  -0.083  0.306  -0.077  0.653  -0.070  0.994  -0.064  1.335
  -0.057  1.676  -0.051  1.987  -0.046  2.279  -0.041  2.571
  0.008  2.859  0.072  2.983  0.089  2.900  0.080  2.700
  0.065  2.351  0.050  1.999  0.034  1.612  0.016  1.178
  0.002  0.812
  -0.086  1.199  -0.079  1.539  -0.073  1.841  -0.068  2.133
  -0.063  2.424  -0.055  2.645  -0.044  2.783  -0.033  2.922
  -0.004  3.069  0.071  3.039  0.084  2.722  0.066  2.320
  0.047  1.887  0.027  1.427  0.006  0.967  -0.014  0.511
  -0.025  0.216
  -0.091  1.987  -0.086  2.278  -0.076  2.467  -0.065  2.606
  -0.054  2.744  -0.039  2.822  -0.018  2.764  0.004  2.705
  0.026  2.646  0.072  2.516  0.070  2.152  0.049  1.696
  0.025  1.233  0.002  0.769  -0.020  0.306  -0.042  -0.156
  -0.053  -0.414
  -0.086  2.428  -0.075  2.567  -0.058  2.604  -0.037  2.546
  -0.015  2.487  0.006  2.424  0.023  2.326  0.040  2.229
  0.057  2.131  0.069  1.910  0.057  1.512  0.032  1.050
  0.006  0.581  -0.020  0.113  -0.046  -0.354  -0.070  -0.820
  -0.085  -1.133
  -0.056  2.328  -0.034  2.269  -0.014  2.198  0.003  2.101
  0.020  2.003  0.037  1.905  0.049  1.787  0.061  1.667
  0.072  1.547  0.073  1.332  0.047  0.879  0.017  0.405
  -0.013  -0.068  -0.041  -0.540  -0.070  -1.012  -0.097  -1.482
  -0.120  -1.901
  -0.017  1.875  0.000  1.777  0.017  1.677  0.028  1.557
  0.040  1.437  0.051  1.316  0.058  1.176  0.062  1.026
  0.066  0.877  0.073  0.768  0.049  0.413  0.015  -0.043
  -0.027  -0.685  -0.058  -1.156  -0.089  -1.632  -0.121  -2.133
  -0.145  -2.530
  0.007  1.327  0.019  1.206  0.030  1.086  0.035  0.939
  0.040  0.790  0.044  0.641  0.053  0.563  0.067  0.564
  0.081  0.565  0.095  0.555  0.070  0.140  0.023  -0.434
  -0.026  -1.065  -0.064  -1.607  -0.095  -2.038  -0.123  -2.429
  -0.148  -2.803
  0.013  0.703  0.017  0.554  0.021  0.404  0.032  0.357
  0.047  0.358  0.061  0.360  0.073  0.320  0.078  0.178
  0.084  0.036  0.089  -0.106  0.078  -0.377  0.030  -0.924
  -0.024  -1.494  -0.064  -1.893  -0.096  -2.134  -0.125  -2.378
  -0.154  -2.653
  0.012  0.152  0.026  0.153  0.040  0.154  0.050  0.085
  0.056  -0.057  0.062  -0.199  0.067  -0.341  0.073  -0.479
  0.079  -0.616  0.085  -0.754  0.086  -0.768  0.036  -1.096
  -0.024  -1.461  -0.068  -1.752  -0.100  -1.997  -0.130  -2.233
  -0.159  -2.504
  0.028  -0.150  0.034  -0.292  0.039  -0.434  0.045  -0.575
  0.051  -0.713  0.057  -0.850  0.062  -0.988  0.065  -0.942
  0.068  -0.866  0.071  -0.789  0.073  -0.713  0.038  -0.931
  -0.020  -1.285  -0.068  -1.599  -0.104  -1.859  -0.135  -2.097
  -0.164  -2.356
  0.023  -0.809  0.028  -0.947  0.034  -1.084  0.040  -1.208
  0.043  -1.132  0.045  -1.056  0.048  -0.980  0.051  -0.903
  0.053  -0.827  0.056  -0.750  0.059  -0.674  0.039  -0.766
  -0.015  -1.108  -0.069  -1.446  -0.108  -1.720  -0.140  -1.961
  -0.169  -2.207
  0.017  -1.399  0.020  -1.322  0.022  -1.246  0.025  -1.170
  0.028  -1.093  0.030  -1.017  0.033  -0.941  0.036  -0.864
  0.038  -0.788  0.041  -0.712  0.044  -0.635  0.041  -0.601
  -0.010  -0.932  -0.069  -1.293  -0.112  -1.582  -0.144  -1.825
  -0.174  -2.060
5.772974  58.917572  17  5.772974  60.745949  18
1.017280  0.000581  -0.006358  1.023150  -0.753 37.234
  3.961  3.631  3.871  3.552  3.633  3.331  3.376  3.098
  3.118  2.864  2.830  2.599  2.540  2.333  2.355  2.180
  2.222  2.057  2.047  1.889  1.871  1.705  1.633  1.483
  1.303  1.188  0.876  0.803  0.317  0.322  -0.248  -0.163
  -0.738  -0.592
  3.528  3.217  3.270  2.984  2.989  2.725  2.699  2.459
  2.409  2.193  2.074  1.883  1.728  1.564  1.474  1.338
  1.445  1.319  1.171  1.076  1.047  0.959  0.973  0.890
  0.715  0.661  0.508  0.474  0.078  0.101  -0.557  -0.440
  -1.037  -0.858
  2.858  2.585  2.567  2.319  2.244  2.020  1.898  1.700
  1.552  1.381  1.243  1.101  0.953  0.841  0.662  0.581
  0.458  0.414  0.297  0.286  0.169  0.178  0.059  0.082
  -0.152  -0.103  -0.307  -0.244  -0.527  -0.432  -0.917  -0.766
  -1.272  -1.073
  2.068  1.837  1.722  1.517  1.402  1.226  1.112  0.966
  0.821  0.706  0.547  0.460  0.287  0.227  0.027  -0.006
  -0.200  -0.195  -0.391  -0.333  -0.571  -0.476  -0.754  -0.630
  -0.917  -0.773  -1.070  -0.911  -1.206  -1.033  -1.323  -1.137
  -1.446  -1.247
  1.270  1.090  0.980  0.830  0.700  0.579  0.440  0.346
  0.180  0.113  -0.080  -0.120  -0.340  -0.352  -0.600  -0.584
  -0.852  -0.807  -1.055  -0.933  -1.247  -1.070  -1.412  -1.206
  -1.488  -1.277  -1.543  -1.331  -1.558  -1.351  -1.465  -1.278
  -1.297  -1.142
  0.593  0.465  0.333  0.233  0.073  -0.000  -0.187  -0.233
  -0.448  -0.465  -0.707  -0.697  -0.962  -0.924  -1.218  -1.152
  -1.462  -1.371  -1.688  -1.517  -1.911  -1.658  -1.973  -1.705
  -1.839  -1.594  -1.703  -1.482  -1.545  -1.356  -1.244  -1.105
  -0.899  -0.814
  -0.034  -0.113  -0.295  -0.346  -0.555  -0.578  -0.810  -0.806
  -1.066  -1.034  -1.318  -1.259  -1.533  -1.452  -1.747  -1.645
  -1.947  -1.827  -2.078  -1.898  -2.234  -1.961  -2.159  -1.878
  -1.815  -1.585  -1.497  -1.316  -1.179  -1.051  -0.798  -0.731
  -0.423  -0.414
  -0.658  -0.688  -0.914  -0.915  -1.170  -1.143  -1.389  -1.341
  -1.604  -1.533  -1.818  -1.726  -1.920  -1.813  -2.014  -1.887
  -2.108  -1.961  -2.056  -1.891  -2.066  -1.806  -1.830  -1.587
  -1.460  -1.279  -1.077  -0.959  -0.694  -0.638  -0.310  -0.317
  0.073  0.003
  -1.245  -1.229  -1.460  -1.422  -1.674  -1.615  -1.800  -1.725
  -1.894  -1.799  -1.988  -1.873  -1.969  -1.838  -1.909  -1.757
  -1.851  -1.676  -1.767  -1.579  -1.642  -1.431  -1.364  -1.180
  -0.989  -0.868  -0.600  -0.546  -0.212  -0.225  0.176  0.097
  0.563  0.418
  -1.680  -1.636  -1.774  -1.711  -1.868  -1.784  -1.878  -1.780
  -1.819  -1.699  -1.760  -1.619  -1.684  -1.526  -1.591  -1.420
  -1.497  -1.315  -1.394  -1.204  -1.234  -1.054  -0.909  -0.776
  -0.520  -0.457  -0.126  -0.134  0.268  0.188  0.660  0.510
  1.052  0.832
  -1.788  -1.722  -1.729  -1.642  -1.670  -1.561  -1.601  -1.473
  -1.507  -1.368  -1.414  -1.262  -1.314  -1.153  -1.199  -1.036
  -1.084  -0.918  -0.962  -0.797  -0.818  -0.663  -0.453  -0.369
  -0.063  -0.054  0.331  0.265  0.743  0.600  1.141  0.923
  1.533  1.243
  -1.517  -1.421  -1.424  -1.315  -1.330  -1.209  -1.235  -1.103
  -1.120  -0.985  -1.005  -0.867  -0.889  -0.749  -0.745  -0.616
  -0.601  -0.483  -0.457  -0.349  -0.437  -0.315  -0.248  -0.160
  0.138  0.147  0.658  0.563  1.129  0.942  1.543  1.276
  1.909  1.569
  -1.153  -1.051  -1.041  -0.935  -0.925  -0.817  -0.810  -0.699
  -0.671  -0.569  -0.527  -0.435  -0.384  -0.302  -0.338  -0.247
  -0.323  -0.217  -0.308  -0.187  -0.202  -0.083  -0.001  0.089
  0.442  0.438  0.940  0.825  1.409  1.196  1.756  1.471
  2.012  1.664
  -0.731  -0.649  -0.598  -0.522  -0.454  -0.388  -0.310  -0.255
  -0.239  -0.180  -0.224  -0.150  -0.209  -0.119  -0.127  -0.035
  0.010  0.094  0.147  0.223  0.282  0.350  0.415  0.476
  0.813  0.791  1.227  1.092  1.492  1.272  1.714  1.426
  1.921  1.573
  -0.237  -0.208  -0.141  -0.112  -0.125  -0.082  -0.110  -0.052
  -0.052  0.013  0.085  0.142  0.222  0.271  0.358  0.399
  0.491  0.525  0.624  0.651  0.717  0.736  0.679  0.701
  0.798  0.779  1.095  0.979  1.384  1.172  1.620  1.335
  1.829  1.483
  -0.011  0.016  0.022  0.061  0.159  0.190  0.297  0.319
  0.433  0.448  0.567  0.574  0.700  0.700  0.826  0.816
  0.788  0.781  0.751  0.746  0.713  0.711  0.675  0.676
  0.677  0.671  0.963  0.865  1.275  1.072  1.526  1.243
  1.737  1.392
  0.371  0.367  0.509  0.496  0.642  0.622  0.775  0.748
  0.909  0.874  0.897  0.862  0.860  0.827  0.822  0.792
  0.785  0.757  0.747  0.722  0.709  0.687  0.672  0.652
  0.634  0.617  0.840  0.756  1.146  0.961  1.417  1.144
  1.643  1.301
  0.851  0.797  0.984  0.923  1.007  0.942  0.969  0.907
  0.931  0.872  0.894  0.837  0.856  0.802  0.819  0.767
  0.781  0.732  0.743  0.697  0.706  0.662  0.668  0.627
  0.631  0.592  0.720  0.649  1.014  0.848  1.309  1.044
  1.549  1.209
5.772974  58.917572  17  5.772974  60.745949  18
0.977329  -0.007368  -0.013608  0.984090  -4.629 -70.741
  4.332  1.348  4.248  1.322  4.093  1.263  3.796  1.172
  3.498  1.081  3.172  0.979  2.832  0.873  2.490  0.764
  2.312  0.730  2.176  0.675  1.930  0.592  1.699  0.518
  1.494  0.449  1.143  0.345  0.736  0.226  0.209  0.087
  -0.501  -0.103
  4.005  1.228  3.708  1.138  3.404  1.043  3.064  0.937
  2.723  0.831  2.346  0.712  1.934  0.583  1.522  0.454
  1.286  0.393  1.094  0.339  0.833  0.263  0.744  0.236
  0.622  0.198  0.352  0.119  0.151  0.057  -0.234  -0.045
  -0.815  -0.196
  3.295  1.001  2.955  0.895  2.615  0.789  2.203  0.659
  1.791  0.530  1.406  0.412  1.069  0.312  0.732  0.212
  0.422  0.119  0.203  0.067  -0.005  0.017  -0.171  -0.027
  -0.371  -0.083  -0.618  -0.155  -0.753  -0.199  -1.004  -0.266
  -1.209  -0.326
  2.472  0.734  2.060  0.606  1.647  0.477  1.299  0.373
  0.962  0.273  0.632  0.174  0.333  0.085  0.034  -0.004
  -0.265  -0.093  -0.523  -0.162  -0.733  -0.200  -0.942  -0.246
  -1.144  -0.301  -1.304  -0.351  -1.390  -0.379  -1.494  -0.412
  -1.485  -0.425
  1.529  0.434  1.192  0.334  0.854  0.234  0.543  0.141
  0.244  0.051  -0.055  -0.038  -0.354  -0.127  -0.653  -0.216
  -0.950  -0.304  -1.239  -0.395  -1.460  -0.417  -1.670  -0.453
  -1.812  -0.494  -1.851  -0.521  -1.710  -0.486  -1.589  -0.457
  -1.363  -0.412
  0.753  0.196  0.454  0.107  0.155  0.017  -0.144  -0.072
  -0.443  -0.161  -0.742  -0.250  -1.036  -0.337  -1.329  -0.423
  -1.611  -0.509  -1.854  -0.582  -2.116  -0.622  -2.278  -0.642
  -2.200  -0.621  -2.012  -0.575  -1.668  -0.490  -1.302  -0.395
  -0.901  -0.293
  0.066  -0.017  -0.233  -0.106  -0.532  -0.194  -0.829  -0.283
  -1.122  -0.369  -1.416  -0.456  -1.673  -0.535  -1.915  -0.608
  -2.151  -0.688  -2.237  -0.708  -2.336  -0.713  -2.437  -0.715
  -2.127  -0.613  -1.721  -0.504  -1.295  -0.394  -0.834  -0.272
  -0.371  -0.151
  -0.621  -0.228  -0.915  -0.315  -1.209  -0.402  -1.493  -0.488
  -1.735  -0.561  -1.977  -0.635  -2.138  -0.689  -2.224  -0.709
  -2.310  -0.729  -2.234  -0.702  -2.122  -0.650  -2.010  -0.575
  -1.682  -0.484  -1.239  -0.369  -0.774  -0.249  -0.309  -0.128
  0.156  -0.007
  -1.295  -0.434  -1.554  -0.514  -1.797  -0.588  -2.038  -0.668
  -2.125  -0.690  -2.211  -0.710  -2.238  -0.719  -2.126  -0.668
  -2.014  -0.616  -1.881  -0.562  -1.729  -0.503  -1.537  -0.438
  -1.181  -0.338  -0.725  -0.222  -0.256  -0.102  0.213  0.017
  0.682  0.137
  -1.858  -0.614  -2.026  -0.670  -2.112  -0.690  -2.198  -0.710
  -2.130  -0.686  -2.018  -0.634  -1.905  -0.584  -1.753  -0.525
  -1.601  -0.466  -1.443  -0.407  -1.267  -0.346  -1.091  -0.285
  -0.685  -0.190  -0.215  -0.073  0.258  0.045  0.731  0.164
  1.204  0.282
  -2.099  -0.691  -2.133  -0.704  -2.022  -0.652  -1.910  -0.601
  -1.778  -0.547  -1.626  -0.488  -1.474  -0.428  -1.304  -0.369
  -1.128  -0.308  -0.952  -0.248  -0.746  -0.186  -0.539  -0.124
  -0.222  -0.048  0.158  0.044  0.661  0.167  1.225  0.305
  1.678  0.417
  -1.914  -0.619  -1.802  -0.568  -1.651  -0.509  -1.499  -0.450
  -1.341  -0.391  -1.165  -0.331  -0.989  -0.270  -0.799  -0.209
  -0.592  -0.147  -0.385  -0.085  -0.286  -0.047  -0.234  -0.021
  -0.140  0.004  0.390  0.132  0.955  0.264  1.561  0.413
  2.006  0.515
  -1.523  -0.472  -1.371  -0.413  -1.202  -0.354  -1.026  -0.293
  -0.850  -0.232  -0.645  -0.170  -0.438  -0.108  -0.259  -0.051
  -0.206  -0.026  -0.154  -0.000  -0.036  0.041  0.164  0.102
  0.363  0.164  0.778  0.263  1.328  0.388  1.852  0.504
  2.141  0.551
  -1.063  -0.316  -0.887  -0.255  -0.698  -0.194  -0.492  -0.132
  -0.285  -0.070  -0.180  -0.030  -0.127  -0.005  -0.074  0.021
  0.114  0.079  0.314  0.141  0.512  0.202  0.707  0.262
  0.901  0.322  1.113  0.373  1.432  0.423  1.762  0.471
  2.035  0.515
  -0.545  -0.155  -0.338  -0.093  -0.153  -0.034  -0.100  -0.009
  -0.047  0.017  0.065  0.056  0.264  0.118  0.464  0.179
  0.660  0.240  0.855  0.300  1.049  0.360  1.056  0.355
  1.036  0.346  1.015  0.336  1.288  0.383  1.626  0.435
  1.918  0.480
  -0.073  -0.013  -0.020  0.012  0.033  0.038  0.215  0.095
  0.414  0.156  0.613  0.217  0.808  0.278  1.002  0.338
  1.122  0.369  1.101  0.360  1.080  0.350  1.059  0.341
  1.039  0.331  1.018  0.322  1.153  0.344  1.477  0.395
  1.796  0.442
  0.166  0.072  0.365  0.133  0.564  0.194  0.761  0.255
  0.956  0.315  1.150  0.375  1.166  0.373  1.145  0.364
  1.125  0.354  1.104  0.345  1.083  0.335  1.062  0.326
  1.042  0.316  1.021  0.307  1.017  0.304  1.328  0.354
  1.671  0.406
  0.714  0.232  0.909  0.293  1.103  0.353  1.231  0.387
  1.211  0.378  1.190  0.368  1.169  0.359  1.149  0.349
  1.128  0.340  1.107  0.330  1.086  0.321  1.066  0.311
  1.045  0.302  1.024  0.292  1.003  0.283  1.192  0.314
  1.522  0.366
