3
1024 1024 2 1 1.000000 1
102.400002  204.799988  5  102.400002  204.799988  5
1.000806  -0.004111  0.005138  1.000598  0.766 2.866
  -0.205  -0.213  -0.566  -0.279  -0.380  -0.022  -1.434  -0.082
  0.417  -0.433
  0.157  0.386  -0.597  0.877  1.956  -0.517  -1.058  0.973
  0.490  -0.647
  0.983  0.309  0.522  -0.147  1.213  -0.909  -0.037  -0.416
  0.224  1.438
  -0.233  0.729  -0.230  0.419  0.133  -0.012  -0.558  -0.690
  0.887  -0.055
  -1.273  -0.563  0.481  -0.057  0.315  -0.797  0.147  -0.325
  -1.355  1.031
102.400002  204.799988  5  102.400002  204.799988  5
0.999148  0.004123  -0.005127  0.999384  -0.765 -2.864
  0.206  0.216  0.555  0.285  0.379  0.034  1.399  0.098
  -0.392  0.425
  -0.146  -0.385  0.606  -0.863  -1.951  0.511  1.028  -0.918
  -0.481  0.613
  -0.975  -0.319  -0.495  0.121  -1.252  0.893  0.058  0.371
  -0.218  -1.373
  0.243  -0.735  0.234  -0.408  -0.160  0.039  0.532  0.687
  -0.859  -0.026
  1.276  0.565  -0.455  0.052  -0.307  0.769  -0.107  0.332
  1.282  -0.979
