   0.9174266  -0.4051142   0.4058240   0.9142857      31.333      81.308
   0.8212929  -0.5711088   0.5674931   0.8207737      14.680      74.142
   0.6996220  -0.7166603   0.7118783   0.6983899       4.282      65.611
   0.5518869  -0.8355848   0.8308689   0.5506472      -6.577      58.725
   0.3833221  -0.9256309   0.9217345   0.3830276     -13.369      52.982
   0.1995749  -0.9807292   0.9792629   0.2017949     -15.259      44.554
   0.0079938  -0.9998654   0.9998997   0.0144459     -17.505      38.617
  -0.1840265  -0.9817029   0.9845989  -0.1733789     -18.455      31.593
  -0.3699774  -0.9281965   0.9350310  -0.3561643     -17.273      30.868
  -0.5418828  -0.8399985   0.8508742  -0.5267211     -17.305      26.138
  -0.6930419  -0.7208658   0.7348220  -0.6788964     -18.180      25.817
  -0.8182864  -0.5749315   0.5907474  -0.8065645     -20.684      22.236
  -0.9132862  -0.4081932   0.4225338  -0.9050919     -26.446      23.314
  -0.9744011  -0.2277267   0.2370515  -0.9694008     -29.193      22.018
  -1.0002086  -0.0394740   0.0409506  -0.9967499     -32.255      24.551
  -0.9899406   0.1500581  -0.1577318  -0.9853903     -39.292      22.774
  -0.9429878   0.3340274  -0.3502455  -0.9348538     -49.015      20.879
  -0.8617043   0.5068069  -0.5293923  -0.8484067     -55.622      17.798
  -0.7472322   0.6613661  -0.6872828  -0.7289482     -63.156      13.050
  -0.6035125   0.7916672  -0.8179932  -0.5820617     -70.526       6.432
  -0.4356723   0.8923690  -0.9171100  -0.4140312     -79.634      -1.354
  -0.2501757   0.9595677  -0.9818462  -0.2313327     -83.717     -11.383
  -0.0536084   0.9889790  -1.0090568  -0.0400389     -86.874     -21.569
   0.1457622   0.9795380  -0.9986227   0.1527302     -89.254     -33.293
   0.3396442   0.9308317  -0.9503281   0.3401636     -87.082     -44.822
   0.5192070   0.8465447  -0.8660457   0.5149168     -85.247     -59.669
   0.6782427   0.7287935  -0.7481862   0.6713896     -75.279     -72.242
   0.8099973   0.5823467  -0.6003544   0.8028731     -63.863     -80.409
   0.9094450   0.4137983  -0.4282864   0.9036498     -53.153     -88.373
   0.9735411   0.2298942  -0.2384585   0.9697349     -45.860     -77.694
   1.0000663   0.0376163  -0.0381973   0.9976825     -26.774     -87.509
   0.9881766  -0.1557751   0.1642114   0.9855995     -20.899     -91.537
   0.9377714  -0.3439345   0.3608913   0.9331689       2.204     -86.918
   0.8512942  -0.5189924   0.5425580   0.8434198      14.064     -83.372
   0.7310716  -0.6745176   0.7016320   0.7205891      22.465     -79.597
   0.5811993  -0.8045900   0.8324200   0.5693208      31.120     -70.409
   0.4069562  -0.9031594   0.9295871   0.3959058      36.588     -64.076
   0.2154188  -0.9653195   0.9894478   0.2077418      41.270     -54.314
   0.0143671  -0.9884439   1.0107392   0.0120431      42.865     -42.044
  -0.1877991  -0.9709210   0.9926105  -0.1840726      44.517     -34.413
  -0.3822969  -0.9137909   0.9359117  -0.3731733      44.892     -27.784
  -0.5609233  -0.8197773   0.8427777  -0.5481482      42.682     -22.413
  -0.7164501  -0.6927062   0.7160078  -0.7023892      38.312     -16.389
  -0.8425229  -0.5377416   0.5581801  -0.8304960      36.849     -13.404
  -0.9336040  -0.3615974   0.3767691  -0.9251664      35.100     -12.708
  -0.9863819  -0.1721275   0.1795341  -0.9819694      35.123     -10.685
  -0.9998049   0.0234957  -0.0257492  -0.9987653      33.783      -7.152
  -0.9740091   0.2171682  -0.2300690  -0.9753125      32.653      -9.540
  -0.9094057   0.4026233  -0.4260704  -0.9116301      34.713      -7.513
  -0.8079846   0.5728006  -0.6055351  -0.8097984      44.322      -1.768
  -0.6734996   0.7200236  -0.7602540  -0.6731873      48.013       0.756
  -0.5114223   0.8382447  -0.8832627  -0.5090470      50.943       5.382
  -0.3273428   0.9226356  -0.9697706  -0.3237298      55.266      15.548
  -0.1288101   0.9683425  -1.0155500  -0.1252371      55.935      23.917
   0.0755925   0.9732394  -1.0189444   0.0779489      60.434      35.170
   0.2771258   0.9380730  -0.9812424   0.2775379      60.310      51.013
   0.4674710   0.8634443  -0.9045024   0.4657962      54.781      66.898
   0.6378735   0.7525622  -0.7903371   0.6347291      46.825      79.281
   0.7815730   0.6089165  -0.6419629   0.7778282      36.068      89.494
   0.8934577   0.4393151  -0.4656545   0.8897151      20.272     100.861
   0.9682045   0.2508663  -0.2685439   0.9649852       0.032     112.812
