   0.0324220  -0.9994743   0.9994743   0.0324220      -0.975       0.134
   0.6925841   0.7213371  -0.7213371   0.6925841       2.229       0.414
  -0.9384229   0.3454890  -0.3454890  -0.9384229       0.066      -1.108
  -0.2969069  -0.9549065   0.9549065  -0.2969069       2.626      -1.575
   0.8189935  -0.5738028   0.5738028   0.8189935       1.190      -0.046
   0.9585387   0.2849627  -0.2849627   0.9585387       3.514       1.259
   0.7056720   0.7085387  -0.7085387   0.7056720       2.142       2.024
   0.9999999   0.0000003  -0.0000003   0.9999999       1.428       2.380
   1.0000000   0.0000004  -0.0000004   1.0000000       0.318       1.425
   1.0000000   0.0000001  -0.0000001   1.0000000       2.306       3.800
   1.0000000  -0.0000009   0.0000009   1.0000000       0.194      -1.015
   1.0000000  -0.0000007   0.0000007   1.0000000      -6.236      12.433
   1.0000000  -0.0000002   0.0000002   1.0000000      -4.117      -9.187
   1.0000000  -0.0000007   0.0000007   1.0000000      -1.610      -0.776
   1.0000001   0.0000001  -0.0000001   1.0000001       6.418       0.303
   1.0000001  -0.0000019   0.0000019   1.0000001      -1.430       2.512
   0.9995814  -0.0289356   0.0289356   0.9995814       1.648       3.454
   0.9989244  -0.0463673   0.0463673   0.9989244      -1.227      -3.217
   0.9999484  -0.0101588   0.0101588   0.9999484       5.925      -0.634
   0.9914949  -0.1301457   0.1301457   0.9914949       3.909      -3.235
   0.9977839  -0.0665381   0.0665381   0.9977839       2.787       2.042
   0.9983866  -0.0567818   0.0567818   0.9983866      -7.710       0.614
   0.9999988  -0.0015635   0.0015635   0.9999988       1.869       4.298
   0.9998321   0.0183218  -0.0183218   0.9998321       3.330      -4.413
   1.0000000   0.0000046  -0.0000046   1.0000000       8.652      -1.505
   1.0000000   0.0000004  -0.0000004   1.0000000       6.238       7.756
   1.0000001   0.0000004  -0.0000004   1.0000001      10.871       1.597
   0.9999999   0.0000047  -0.0000047   0.9999999      -7.421       7.576
   1.0000000  -0.0000039   0.0000039   1.0000000       0.335       3.460
   1.0000000   0.0000004  -0.0000004   1.0000000      -6.591      -2.359
   1.0000001   0.0000003  -0.0000003   1.0000001      -5.080      -6.029
   1.0000000   0.0000004  -0.0000004   1.0000000      -1.889      -0.916
   0.9999999   0.0000046  -0.0000046   0.9999999       1.644      -4.171
   0.9999999   0.0000046  -0.0000046   0.9999999       2.743       3.751
   0.9999999   0.0000004  -0.0000004   0.9999999       2.203      -1.513
   1.0000000   0.0000004  -0.0000004   1.0000000       2.310       8.735
   1.0000000   0.0000004  -0.0000004   1.0000000      -3.278       2.563
   0.9999999   0.0000004  -0.0000004   0.9999999      -3.211      -0.308
   1.0000001   0.0000005  -0.0000005   1.0000001       0.813      -3.668
   1.0000002   0.0000005  -0.0000005   1.0000002      -2.362      -1.530
