
 RO image file on unit   1 : bm.st     Size=        127 K

 Number of columns, rows, sections .....      64      56      18
 Map mode ..............................    1   (16-bit integer)           
 Start cols, rows, sects, grid x,y,z ...    0     0     0      64     56     18
 Pixel spacing (Angstroms)..............   1.000      1.000      1.000    
 Cell angles ...........................   90.000   90.000   90.000
 Fast, medium, slow axes ...............    X    Y    Z
 Origin on x,y,z .......................    0.000       0.000       0.000    
 Minimum density .......................   430.00    
 Maximum density .......................   823.00    
 Mean density ..........................   502.66    
 tilt angles (original,current) ........   0.0   0.0   0.0   0.0   0.0   0.0
 Space group,# extra bytes,idtype,lens .        0        0        0        0

     1 Titles :
raw2mrc: Converted to mrc format.                       25-Sep-26  19:28:32    

 Input file:
    152 total X pixels in   3 pieces of    64 pixels, with overlap of   20
    128 total Y pixels in   3 pieces of    56 pixels, with overlap of   20
 Output file:
    152 total X pixels in   1 pieces of   152 pixels, with overlap of    2
    128 total Y pixels in   1 pieces of   128 pixels, with overlap of    2
Starting coordinates of output in X and Y =      0      0
Allocated    0 MB of memory for main image array

 NEW image file on unit   2 : o.st
 working on section #    0
           1           1           1           6
           1           2           1           6
           1           1           2           6
           1           2           2           6
           1           1           3           6
           1           2           3           6
           2           1           1           7
           2           2           1           7
           2           3           1           8
           2           1           2           8
           2           2           2           7
           2           3           2           7
Intensity gradient over full piece extent in X and Y (%): -5.9465  4.2607
Intensity min&max diffs before:  0.0604  0.1331  after scaling:  0.0007  0.0018
   12 edges, mean&max error before:    3.7    6.0, after by xcorr:   0.18   0.30
 working on section #    1
           1           1           1           6
           1           2           1           6
           1           1           2           6
           1           2           2           6
           1           1           3           6
           1           2           3           6
           2           1           1           7
           2           2           1           8
           2           3           1           7
           2           1           2           7
           2           2           2           7
           2           3           2           7
Intensity gradient over full piece extent in X and Y (%):  1.6009 -3.2558
Intensity min&max diffs before:  0.0629  0.1281  after scaling:  0.0007  0.0011
   12 edges, mean&max error before:    3.8    5.7, after by edges:   0.16   0.28

 FORMATTED  new  file opened: old.ecd
