
 RO image file on unit   1 : bm.st     Size=        127 K

 Number of columns, rows, sections .....      64      56      18
 Map mode ..............................    1   (16-bit integer)           
 Start cols, rows, sects, grid x,y,z ...    0     0     0      64     56     18
 Pixel spacing (Angstroms)..............   1.000      1.000      1.000    
 Cell angles ...........................   90.000   90.000   90.000
 Fast, medium, slow axes ...............    X    Y    Z
 Origin on x,y,z .......................    0.000       0.000       0.000    
 Minimum density .......................   430.00    
 Maximum density .......................   823.00    
 Mean density ..........................   502.66    
 tilt angles (original,current) ........   0.0   0.0   0.0   0.0   0.0   0.0
 Space group,# extra bytes,idtype,lens .        0        0        0        0

     1 Titles :
raw2mrc: Converted to mrc format.                       25-Sep-26  19:28:32    

 Input file:
    152 total X pixels in   3 pieces of    64 pixels, with overlap of   20
    128 total Y pixels in   3 pieces of    56 pixels, with overlap of   20
 Output file:
    152 total X pixels in   1 pieces of   152 pixels, with overlap of    2
    128 total Y pixels in   1 pieces of   128 pixels, with overlap of    2
Starting coordinates of output in X and Y =      0      0

      3 edges will be given zero edge functions and
   excluded when solving for shifts
Allocated    0 MB of memory for main image array

 NEW image file on unit   2 : o.st
 working on section #    0
   10 edges, mean&max error before:    3.6    5.7, after by xcorr:   0.06   0.14
 working on section #    1
   11 edges, mean&max error before:    3.6    5.6, after by edges:   0.12   0.20

 FORMATTED  new  file opened: e.ecd
