Input volume: tx.st
 Dimensions:     96     88     13   Pixel size:         1          1          1
Mode:  1               Min, max, mean:          493         5487       1633.5
raw2mrc: Converted to mrc format.                       25-Sep-26  02:29:20


Opened OLD file: tx.tlt

Binning is 2; padded, reduced size is 60 by 54
idir = 1,  mStretch = 1.01543,  ivRef = 7,  ivCur = 8
  1    2.54    4.68    7.88855e+06   -0.46   -0.32   -0.46   -0.32
peak usdx,usdy,xpeak,ypeak 2.511680 4.681444 2.542496 4.678205
View   8, shifts      5.02      9.36      peak    7.88855e+06
idir = 1,  mStretch = 1.04801,  ivRef = 8,  ivCur = 9
  1   -1.28    0.21    9.49934e+06   -0.28    0.21   -0.28    0.21
peak usdx,usdy,xpeak,ypeak -1.218441 0.203096 -1.277313 0.209284
View   9, shifts      2.40      9.79      peak    9.49934e+06
idir = 1,  mStretch = 1.08506,  ivRef = 9,  ivCur = 10
  1    2.56    1.93    1.00483e+07   -0.44   -0.07   -0.44   -0.07
peak usdx,usdy,xpeak,ypeak 2.377838 1.944225 2.560703 1.925006
View  10, shifts      7.05     13.69      peak    1.00483e+07
idir = 1,  mStretch = 1.13052,  ivRef = 10,  ivCur = 11
  1   -3.25   -1.48    1.07276e+07   -0.25   -0.48   -0.25   -0.48
peak usdx,usdy,xpeak,ypeak -2.898239 -1.512847 -3.251846 -1.475681
View  11, shifts      0.62     10.73      peak    1.07276e+07
idir = 1,  mStretch = 1.19175,  ivRef = 11,  ivCur = 12
  1   -2.06    0.96    1.29909e+07   -0.06   -0.04   -0.06   -0.04
peak usdx,usdy,xpeak,ypeak -1.717911 0.921824 -2.062103 0.957999
View  12, shifts     -2.74     12.56      peak    1.29909e+07
idir = 1,  mStretch = 1.28558,  ivRef = 12,  ivCur = 13
  1    2.31   -4.90    1.42243e+07    0.31    0.10    0.31    0.10
peak usdx,usdy,xpeak,ypeak 1.685943 -4.833354 2.305635 -4.898487
View  13, shifts      1.52      2.80      peak    1.42243e+07
idir = 1,  mStretch = 1.01543,  ivRef = 7,  ivCur = 6
  1    0.28    6.80    7.57934e+06    0.28   -0.20    0.28   -0.20
peak usdx,usdy,xpeak,ypeak 0.291417 6.800867 0.284957 6.801546
View   6, shifts      0.58     13.60      peak    7.57934e+06
idir = 1,  mStretch = 1.04801,  ivRef = 6,  ivCur = 5
  1    0.45   -1.02    8.40587e+06    0.45   -0.02    0.45   -0.02
peak usdx,usdy,xpeak,ypeak 0.424551 -1.016864 0.449786 -1.019516
View   5, shifts      1.47     11.56      peak    8.40587e+06
idir = 1,  mStretch = 1.08506,  ivRef = 5,  ivCur = 4
  1    0.37    1.75    9.06618e+06    0.37   -0.25    0.37   -0.25
peak usdx,usdy,xpeak,ypeak 0.351365 1.746855 0.365480 1.745372
View   4, shifts      2.15     15.06      peak    9.06618e+06
idir = 1,  mStretch = 1.13052,  ivRef = 4,  ivCur = 3
  1    1.75   -4.11    9.71154e+06   -0.25   -0.11   -0.25   -0.11
peak usdx,usdy,xpeak,ypeak 1.496520 -4.081285 1.745080 -4.107410
View   3, shifts      5.08      6.90      peak    9.71154e+06
idir = 1,  mStretch = 1.19175,  ivRef = 3,  ivCur = 2
  1   -1.15    1.41    1.27968e+07   -0.15    0.41   -0.15    0.41
peak usdx,usdy,xpeak,ypeak -0.944486 1.392927 -1.151382 1.414673
View   2, shifts      2.50      9.76      peak    1.27968e+07
idir = 1,  mStretch = 1.28558,  ivRef = 2,  ivCur = 1
  1   -0.09    0.02    1.48374e+07   -0.09    0.02   -0.09    0.02
peak usdx,usdy,xpeak,ypeak -0.070217 0.020018 -0.090644 0.022165
View   1, shifts      2.03      9.84      peak    1.48374e+07
interp 0.003   fft 0.001   peak 0.000   mask 0.000   load/extract 0.001 read/copy 0.000 CCC 0.000 SD 0.000
