Input volume: tx.st
 Dimensions:     96     88     13   Pixel size:         1          1          1
Mode:  1               Min, max, mean:          493         5487       1633.5
raw2mrc: Converted to mrc format.                       25-Sep-26  02:29:20


Opened OLD file: tx.tlt
Use of a GPU was requested but none is available; using the CPU
4 patches will be tracked  [TXC1]

Binning is 1; padded, reduced size is 48 by 48
View   7 processed
View   8 processed
View   9 processed
View  10 processed
View  11 processed
View  12 processed
View  13 processed
View   5 processed
View   4 processed
View   3 processed
View   2 processed
View   1 processed
