Input volume: tx.st
 Dimensions:     96     88     13   Pixel size:         1          1          1
Mode:  1               Min, max, mean:          493         5487       1633.5
raw2mrc: Converted to mrc format.                       25-Sep-26  02:29:20


Opened OLD file: tx.tlt
numDomains = 2,  totalOverlap = 2,  baseOverlap = 2,  overlapRem = 0
domain starts:  0 1
0 0 1
1 2 3
assigns:  0 0 1 1
numDomains = 2,  totalOverlap = 2,  baseOverlap = 2,  overlapRem = 0
domain starts:  0 1
0 0 1
1 2 3
assigns:  0 0 1 1
0 0 at 10, 10  domain 0
1 0 at 35, 10  domain 0
2 0 at 61, 10  domain 1
3 0 at 86, 10  domain 1
0 1 at 10, 33  domain 0
1 1 at 35, 33  domain 0
2 1 at 61, 33  domain 1
3 1 at 86, 33  domain 1
0 2 at 10, 55  domain 2
1 2 at 35, 55  domain 2
2 2 at 61, 55  domain 3
3 2 at 86, 55  domain 3
0 3 at 10, 78  domain 2
1 3 at 35, 78  domain 2
2 3 at 61, 78  domain 3
3 3 at 86, 78  domain 3
red 1 min 13.312 max 20.137 mean 15.497 sd 1.677 pix min 5.850 pct1 6.325  cv 10.82 18.29  mmr 1.51 1.98
red 2 min 9.789 max 26.875 mean 18.736 sd 4.532 pix min 4.650 pct1 5.231  cv 24.19 33.56  mmr 2.75 4.75
Minimum and maximum variations (x 100): 18.29  33.56; chosen reduction 2
Summed SD to match: 12.82  mode of summed SD: 15.95  elimination criterion: 0.00
Expanded patch 1 at 13 13 to 26 x 26 (1.25 of criterion); moved from 10 10
Expanded patch 2 at 35 13 to 26 x 26 (1.13 of criterion); moved from 35 10
Expanded patch 4 at 84 12 to 24 x 24 (1.19 of criterion); moved from 86 10
Expanded patch 8 at 85 33 to 22 x 22 (1.16 of criterion); moved from 86 33
Expanded patch 9 at 11 55 to 22 x 22 (1.10 of criterion); moved from 10 55
Expanded patch 10 at 35 55 to 22 x 22 (1.14 of criterion)
Expanded patch 14 at 35 77 to 22 x 22 (1.08 of criterion); moved from 35 78
16 patches will be tracked  [TXC1]

Binning is 1; maximum padded, reduced size is 36 by 36
idir = 1,  mStretch = 0.984808,  ivRef = 6,  ivCur = 7
  1    0.39  -11.64         789036    0.39    0.36    0.39    0.36
peak usdx,usdy,xpeak,ypeak 0.412715 -11.642626 0.388126 -11.640041
  1   15.34    1.00    1.04828e+06    0.34   -0.00    0.34   -0.00
peak usdx,usdy,xpeak,ypeak 15.575235 0.974723 15.342737 0.999159
  1   -0.09  -10.00    1.73921e+06   -0.09   -0.00   -0.09   -0.00
peak usdx,usdy,xpeak,ypeak -0.071935 -10.003544 -0.086653 -10.001997
  1    6.99   -6.26         864264   -0.01   -0.26   -0.01   -0.26
peak usdx,usdy,xpeak,ypeak 7.107039 -6.271774 6.990342 -6.259508
  1    8.84    4.84    1.34113e+06   -0.16   -0.16   -0.16   -0.16
peak usdx,usdy,xpeak,ypeak 8.965849 4.825799 8.838747 4.839157
  1   -8.16   -2.80         523539   -0.16    0.20   -0.16    0.20
peak usdx,usdy,xpeak,ypeak -8.279906 -2.790173 -8.159897 -2.802786
  1   -0.12  -10.73         939573   -0.12    0.27   -0.12    0.27
peak usdx,usdy,xpeak,ypeak -0.106578 -10.727433 -0.121919 -10.725821
  1   -1.18   13.26         517345   -0.18    0.26   -0.18    0.26
peak usdx,usdy,xpeak,ypeak -1.218200 13.263886 -1.178947 13.259760
  1   -0.79    1.31    1.34871e+06    0.21    0.31    0.21    0.31
peak usdx,usdy,xpeak,ypeak -0.806381 1.314009 -0.792189 1.312517
  1   -6.84  -10.25         296695    0.16   -0.25    0.16   -0.25
peak usdx,usdy,xpeak,ypeak -6.925612 -10.245253 -6.837727 -10.254490
  1    0.87   -9.33         138089   -0.13   -0.33   -0.13   -0.33
peak usdx,usdy,xpeak,ypeak 0.897623 -9.332362 0.869396 -9.329395
  1   -2.79   -6.83    1.05212e+06    0.21    0.17    0.21    0.17
peak usdx,usdy,xpeak,ypeak -2.817356 -6.821854 -2.785795 -6.825171
  1   -5.72   -3.66         775806    0.28    0.34    0.28    0.34
peak usdx,usdy,xpeak,ypeak -5.801239 -3.653014 -5.719837 -3.661570
  1    2.23    8.88         324531    0.23   -0.12    0.23   -0.12
peak usdx,usdy,xpeak,ypeak 2.245475 8.875273 2.225750 8.877346
  1    3.15   -8.77         890110    0.15    0.23    0.15    0.23
peak usdx,usdy,xpeak,ypeak 3.209955 -8.771639 3.147868 -8.765114
  1    0.58   -9.96         304870   -0.42    0.04   -0.42    0.04
peak usdx,usdy,xpeak,ypeak 0.601035 -9.960324 0.576273 -9.957722
View   7 processed
idir = 1,  mStretch = 1.01543,  ivRef = 7,  ivCur = 8
meanAvg = 0.192353
  1    4.08    9.15    2.00617e+06    0.08    0.15    0.08    0.15
peak usdx,usdy,xpeak,ypeak 4.035557 9.154724 4.082451 9.149796
  1    3.80    9.13    1.08142e+06   -0.20    0.13   -0.20    0.13
peak usdx,usdy,xpeak,ypeak 3.760335 9.131082 3.803067 9.126591
  1    7.03    5.28    1.08866e+06    0.03    0.28    0.03    0.28
peak usdx,usdy,xpeak,ypeak 6.933967 5.285687 7.031290 5.275458
  1   -4.79    2.07    1.44149e+06    0.21    0.07    0.21    0.07
peak usdx,usdy,xpeak,ypeak -4.713118 2.065426 -4.788343 2.073333
  1   -6.25   -2.30     1.5859e+06   -0.25   -0.30   -0.25   -0.30
peak usdx,usdy,xpeak,ypeak -6.155170 -2.312294 -6.245378 -2.302813
  1   -1.78    4.05     2.0959e+06    0.22    0.05    0.22    0.05
peak usdx,usdy,xpeak,ypeak -1.750744 4.041952 -1.783939 4.045441
  1    1.56   -0.81         746661   -0.44    0.19   -0.44    0.19
peak usdx,usdy,xpeak,ypeak 1.531585 -0.811113 1.556255 -0.813705
  1    3.93    8.48    1.61756e+06   -0.07    0.48   -0.07    0.48
peak usdx,usdy,xpeak,ypeak 3.887392 8.480818 3.933105 8.476013
  1    6.91   -7.38    1.15908e+06   -0.09   -0.38   -0.09   -0.38
peak usdx,usdy,xpeak,ypeak 6.796712 -7.368855 6.912235 -7.380997
  1  -11.47  -15.31         532907   -0.47   -0.31   -0.47   -0.31
peak usdx,usdy,xpeak,ypeak -11.319512 -15.322412 -11.467655 -15.306841
  1    0.35    2.76         596547    0.35   -0.24    0.35   -0.24
peak usdx,usdy,xpeak,ypeak 0.345297 2.757813 0.346142 2.757724
  1    2.18    3.17         621859    0.18    0.17    0.18    0.17
peak usdx,usdy,xpeak,ypeak 2.150261 3.174372 2.177980 3.171458
  1    8.06    4.21         425747    0.06    0.21    0.06    0.21
peak usdx,usdy,xpeak,ypeak 7.946399 4.218621 8.060882 4.206589
  1    2.14    6.64         426383    0.14   -0.36    0.14   -0.36
peak usdx,usdy,xpeak,ypeak 2.119061 6.644857 2.140738 6.642579
  1    3.74    5.88       1.45e+06   -0.26   -0.12   -0.26   -0.12
peak usdx,usdy,xpeak,ypeak 3.696981 5.884703 3.743953 5.879766
Skipping patch # 16; it cannot expand enough
dom 0 n=9 xform 1.0150 0.0239 0.1260 1.2157 -1.2 2.6 dev avg, sd, max 5.19 2.52 8.44
dom 1 n=9 xform 1.0467 -0.0183 0.1078 1.1501 -1.5 -0.3 dev avg, sd, max 6.55 3.36 11.67
dom 2 n=9 xform 1.0372 0.0305 -0.1568 0.8841 0.7 1.5 dev avg, sd, max 4.42 3.08 8.82
dropped ind  4 patch 9  dev 26.75
dom 3 n=8 xform 0.9225 0.0077 -0.1083 1.0479 0.6 -3.7 dev avg, sd, max 6.27 3.89 11.35
Eliminated 1 outlier points
Prediction fit error: mean 5.61  max 11.7
View   8 processed
idir = 1,  mStretch = 1.04801,  ivRef = 8,  ivCur = 9
meanAvg = 0.20757
  1   -2.04    0.73    2.85141e+06   -0.04   -0.27   -0.04   -0.27
peak usdx,usdy,xpeak,ypeak -1.946318 0.723226 -2.042351 0.733319
  1   -1.87    0.81    1.47862e+06    0.13   -0.19    0.13   -0.19
peak usdx,usdy,xpeak,ypeak -1.777812 0.804631 -1.866249 0.813926
  1   -1.19   -0.11    1.99408e+06   -0.19   -0.11   -0.19   -0.11
peak usdx,usdy,xpeak,ypeak -1.136293 -0.110955 -1.189697 -0.105342
  1   -2.75    0.43    2.77785e+06    0.25    0.43    0.25    0.43
peak usdx,usdy,xpeak,ypeak -2.628031 0.415969 -2.754902 0.429304
  1   -2.68   -0.04         836998    0.32   -0.04    0.32   -0.04
peak usdx,usdy,xpeak,ypeak -2.555405 -0.054023 -2.676481 -0.041298
  1   -2.36    0.88    2.76462e+06   -0.36   -0.12   -0.36   -0.12
peak usdx,usdy,xpeak,ypeak -2.249369 0.864443 -2.360497 0.876123
  1   -2.66    0.14         590338    0.34    0.14    0.34    0.14
peak usdx,usdy,xpeak,ypeak -2.542288 0.127894 -2.663649 0.140650
  1   -2.55    0.21    2.41954e+06    0.45    0.21    0.45    0.21
peak usdx,usdy,xpeak,ypeak -2.435626 0.197040 -2.552267 0.209300
  1   -1.36    0.16    3.73972e+06   -0.36    0.16   -0.36    0.16
peak usdx,usdy,xpeak,ypeak -1.295713 0.150053 -1.357990 0.156599
Patch 10 tracking to reference 7
  1  -11.71  -14.11         440863    0.29   -0.11    0.29   -0.11
peak usdx,usdy,xpeak,ypeak -11.101015 -14.176897 -11.711086 -14.112776
  1   -0.43    0.21         204386   -0.43    0.21   -0.43    0.21
peak usdx,usdy,xpeak,ypeak -0.401917 0.211439 -0.428840 0.214268
  1   -2.51   -1.56         889360    0.49    0.44    0.49    0.44
peak usdx,usdy,xpeak,ypeak -2.367987 -1.572368 -2.507809 -1.557673
  1   -2.41   -0.12    1.01794e+06   -0.41   -0.12   -0.41   -0.12
peak usdx,usdy,xpeak,ypeak -2.262498 -0.136486 -2.405203 -0.121488
  1   -2.94    0.80         692726    0.06   -0.20    0.06   -0.20
peak usdx,usdy,xpeak,ypeak -2.763107 0.777575 -2.943687 0.796555
  1   -0.28    0.63     3.0995e+06   -0.28   -0.37   -0.28   -0.37
peak usdx,usdy,xpeak,ypeak -0.263616 0.623351 -0.284509 0.625547
Patch 16 tracking to reference 7
Skipping patch # 16; it cannot expand enough
dom 0 n=9 xform 0.9176 -0.0871 -0.0700 0.9559 1.6 -4.4 dev avg, sd, max 3.35 2.19 6.45
dom 1 n=9 xform 0.9125 0.0658 -0.0631 0.8210 3.2 -4.3 dev avg, sd, max 4.56 1.75 6.78
dom 2 n=9 xform 0.9385 -0.1185 0.0069 0.9338 1.7 -2.2 dev avg, sd, max 3.54 2.30 8.40
dropped ind  4 patch 9  dev 24.29
dom 3 n=8 xform 0.9570 -0.0871 0.0137 0.8023 2.3 1.8 dev avg, sd, max 4.56 2.25 7.34
Eliminated 1 outlier points
Prediction fit error: mean 4.00  max 8.4
View   9 processed
idir = 1,  mStretch = 1.08506,  ivRef = 9,  ivCur = 10
meanAvg = 0.207181
  1    3.90    3.76    1.72662e+06   -0.10   -0.24   -0.10   -0.24
peak usdx,usdy,xpeak,ypeak 3.629017 3.788756 3.900838 3.760187
  1    3.58    3.43    1.20801e+06   -0.42    0.43   -0.42    0.43
peak usdx,usdy,xpeak,ypeak 3.327735 3.454333 3.577166 3.428117
  1    3.86    2.10         905905   -0.14    0.10   -0.14    0.10
peak usdx,usdy,xpeak,ypeak 3.575835 2.130759 3.857843 2.101118
  1    4.41    3.12    3.10347e+06    0.41    0.12    0.41    0.12
peak usdx,usdy,xpeak,ypeak 4.097817 3.151345 4.414717 3.118037
  1    1.48    2.85         757795    0.48   -0.15    0.48   -0.15
peak usdx,usdy,xpeak,ypeak 1.387606 2.860847 1.479053 2.851235
  1    2.31    2.50    3.79207e+06    0.31   -0.50    0.31   -0.50
peak usdx,usdy,xpeak,ypeak 2.148903 2.516897 2.307442 2.500234
  1    3.33    3.44         373506    0.33    0.44    0.33    0.44
peak usdx,usdy,xpeak,ypeak 3.095640 3.461645 3.325478 3.437488
  1    4.18    3.19    2.86808e+06    0.18    0.19    0.18    0.19
peak usdx,usdy,xpeak,ypeak 3.882464 3.221494 4.180625 3.190156
  1    5.03    2.33    3.69833e+06    0.03    0.33    0.03    0.33
peak usdx,usdy,xpeak,ypeak 4.656227 2.369147 5.027025 2.330174
Patch 10 tracking to reference 7
  1    4.80    0.20         759510   -0.20    0.20   -0.20    0.20
peak usdx,usdy,xpeak,ypeak 4.165867 0.264861 4.799028 0.198313
  1    2.99    1.14         224686   -0.01    0.14   -0.01    0.14
peak usdx,usdy,xpeak,ypeak 2.611927 1.176730 2.992654 1.136714
  1    1.73    1.51         645533   -0.27   -0.49   -0.27   -0.49
peak usdx,usdy,xpeak,ypeak 1.525744 1.536059 1.734496 1.514118
  1    2.12    2.12         511614    0.12    0.12    0.12    0.12
peak usdx,usdy,xpeak,ypeak 1.870624 2.142076 2.122400 2.115613
  1    2.88    2.69    1.02557e+06   -0.12   -0.31   -0.12   -0.31
peak usdx,usdy,xpeak,ypeak 2.535939 2.729721 2.880064 2.693552
  1    3.20    1.48    1.02906e+06    0.20    0.48    0.20    0.48
peak usdx,usdy,xpeak,ypeak 2.792827 1.521248 3.195693 1.478904
Patch 16 tracking to reference 7
Skipping patch # 16; it cannot expand enough
dom 0 n=9 xform 0.9450 -0.0438 -0.0561 0.9302 -2.9 -5.0 dev avg, sd, max 2.76 1.61 4.40
dom 1 n=9 xform 0.9058 -0.1541 -0.0202 1.0475 -1.4 -1.5 dev avg, sd, max 3.37 1.69 6.16
dropped ind  5 patch 7  dev 15.47
dom 2 n=9 xform 0.9569 -0.0669 0.0561 0.9782 -3.0 -3.2 dev avg, sd, max 3.13 2.44 7.73
dropped ind  4 patch 9  dev 8.00
dom 3 n=8 xform 0.9851 -0.1290 0.0422 0.8629 -2.3 2.6 dev avg, sd, max 3.01 1.96 6.80
Eliminated 2 outlier points
Prediction fit error: mean 3.07  max 7.7
View  10 processed
idir = 1,  mStretch = 1.13052,  ivRef = 10,  ivCur = 11
meanAvg = 0.198601
  1   -4.34   -2.22    2.53307e+06   -0.34   -0.22   -0.34   -0.22
peak usdx,usdy,xpeak,ypeak -3.871798 -2.266288 -4.340858 -2.216988
  1   -4.20   -0.99    1.22367e+06   -0.20    0.01   -0.20    0.01
peak usdx,usdy,xpeak,ypeak -3.729579 -1.036273 -4.196970 -0.987148
  1   -5.05   -2.27         712347   -0.05   -0.27   -0.05   -0.27
peak usdx,usdy,xpeak,ypeak -4.499218 -2.326453 -5.048456 -2.268726
  1   -6.49   -3.45    1.23222e+06   -0.49   -0.45   -0.49   -0.45
peak usdx,usdy,xpeak,ypeak -5.793857 -3.527575 -6.493923 -3.453995
  1   -7.02   -2.67         379347   -0.02    0.33   -0.02    0.33
peak usdx,usdy,xpeak,ypeak -6.248354 -2.752227 -7.017611 -2.671375
  1   -4.69   -1.96    1.44154e+06    0.31    0.04    0.31    0.04
peak usdx,usdy,xpeak,ypeak -4.176419 -2.016236 -4.688196 -1.962446
  1   -3.24   -0.57         509996   -0.24    0.43   -0.24    0.43
peak usdx,usdy,xpeak,ypeak -2.873982 -0.606645 -3.236753 -0.568516
Patch 8 tracking to reference 9
  1   -2.12    0.86    1.29913e+06   -0.12   -0.14   -0.12   -0.14
peak usdx,usdy,xpeak,ypeak -1.714499 0.813034 -2.118057 0.855450
  1   -4.86   -1.82    3.07243e+06    0.14    0.18    0.14    0.18
peak usdx,usdy,xpeak,ypeak -4.004664 -1.912861 -4.857452 -1.823229
Patch 10 tracking to reference 7
  1   -1.04   -1.30         417151   -0.04   -0.30   -0.04   -0.30
peak usdx,usdy,xpeak,ypeak -0.829291 -1.320676 -1.037865 -1.298754
  1   -3.10    0.75         217760   -0.10   -0.25   -0.10   -0.25
peak usdx,usdy,xpeak,ypeak -2.366421 0.671866 -3.102577 0.749240
  1   -7.48   -2.32      1.297e+06   -0.48   -0.32   -0.48   -0.32
peak usdx,usdy,xpeak,ypeak -5.803018 -2.498078 -7.476627 -2.322174
  1   -5.31   -0.05         932887   -0.31   -0.05   -0.31   -0.05
peak usdx,usdy,xpeak,ypeak -4.083983 -0.181710 -5.311865 -0.052655
  1    2.06   -0.04         489407    0.06   -0.04    0.06   -0.04
peak usdx,usdy,xpeak,ypeak 1.579835 0.009263 2.056762 -0.040864
  1   -3.14   -1.71    2.05323e+06   -0.14    0.29   -0.14    0.29
peak usdx,usdy,xpeak,ypeak -2.455657 -1.785578 -3.140749 -1.713572
Patch 16 tracking to reference 7
Skipping patch # 16; it cannot expand enough
dom 0 n=9 xform 0.9799 -0.0746 0.0578 0.8819 3.9 -1.9 dev avg, sd, max 3.37 1.49 5.09
dom 1 n=9 xform 1.0759 -0.1194 0.0369 0.9595 3.5 1.3 dev avg, sd, max 4.12 1.22 5.68
dropped ind  5 patch 7  dev 17.50
dom 2 n=9 xform 0.9427 -0.0598 0.0181 0.9661 2.3 1.0 dev avg, sd, max 4.46 1.78 7.60
dom 3 n=8 xform 1.1881 -0.1413 0.0363 0.7562 0.9 6.2 dev avg, sd, max 4.02 2.58 9.21
Eliminated 1 outlier points
Prediction fit error: mean 3.99  max 9.2
View  11 processed
idir = 1,  mStretch = 1.19175,  ivRef = 11,  ivCur = 12
meanAvg = 0.192592
  1   -3.22    2.43    2.37421e+06   -0.22    0.43   -0.22    0.43
peak usdx,usdy,xpeak,ypeak -2.668231 2.368855 -3.221504 2.427006
  1   -3.08    2.84    1.31164e+06   -0.08   -0.16   -0.08   -0.16
peak usdx,usdy,xpeak,ypeak -2.545845 2.787482 -3.084251 2.844071
  1   -0.52    1.14         567523    0.48    0.14    0.48    0.14
peak usdx,usdy,xpeak,ypeak -0.414071 1.133941 -0.515207 1.144571
  1   -3.09    1.66     1.5083e+06   -0.09   -0.34   -0.09   -0.34
peak usdx,usdy,xpeak,ypeak -2.574143 1.601189 -3.094269 1.655856
  1   -3.70    1.96         851637    0.30   -0.04    0.30   -0.04
peak usdx,usdy,xpeak,ypeak -3.079448 1.894313 -3.701252 1.959668
  1   -3.18    2.18    1.43433e+06   -0.18    0.18   -0.18    0.18
peak usdx,usdy,xpeak,ypeak -2.634316 2.124559 -3.176287 2.181522
  1   -4.34    0.47         519090   -0.34    0.47   -0.34    0.47
peak usdx,usdy,xpeak,ypeak -3.641497 0.401407 -4.340139 0.474837
Patch 8 tracking to reference 9
  1   -4.73    2.15    1.61459e+06    0.27    0.15    0.27    0.15
peak usdx,usdy,xpeak,ypeak -3.178355 1.983363 -4.725639 2.145989
  1   -3.21    1.97    3.62602e+06   -0.21   -0.03   -0.21   -0.03
peak usdx,usdy,xpeak,ypeak -2.145184 1.853090 -3.214203 1.965448
  1   -0.95    0.90    3.69576e+06    0.05   -0.10    0.05   -0.10
peak usdx,usdy,xpeak,ypeak -0.622991 0.868924 -0.949331 0.903224
  1   -1.36    0.88         679092   -0.36   -0.12   -0.36   -0.12
peak usdx,usdy,xpeak,ypeak -0.907056 0.831975 -1.361399 0.879728
  1   -5.41    1.84    1.29804e+06   -0.41   -0.16   -0.41   -0.16
peak usdx,usdy,xpeak,ypeak -3.660678 1.658082 -5.412695 1.842226
  1   -3.93    1.64    1.15925e+06    0.07   -0.36    0.07   -0.36
peak usdx,usdy,xpeak,ypeak -2.650568 1.503466 -3.933687 1.638327
  1   -1.78    1.15    1.78307e+06    0.22    0.15    0.22    0.15
peak usdx,usdy,xpeak,ypeak -1.187343 1.091308 -1.782188 1.153829
  1   -0.81    0.28     2.9179e+06    0.19    0.28    0.19    0.28
peak usdx,usdy,xpeak,ypeak -0.547173 0.252986 -0.809299 0.280537
Patch 16 tracking to reference 7
Skipping patch # 16; it cannot expand enough
dom 0 n=9 xform 1.0120 -0.0372 0.0518 0.9119 -0.0 -1.9 dev avg, sd, max 1.96 0.96 3.49
dropped ind  4 patch 5  dev 6.35
dom 1 n=9 xform 1.0388 -0.0399 0.0478 0.9224 0.5 -1.4 dev avg, sd, max 2.25 1.64 5.79
dropped ind  5 patch 7  dev 23.32
dom 2 n=9 xform 0.9626 -0.0609 -0.1098 0.9902 2.9 -0.8 dev avg, sd, max 2.58 1.66 6.02
dom 3 n=8 xform 1.0084 0.0077 -0.0945 0.7442 2.6 3.2 dev avg, sd, max 4.39 2.84 7.68
Eliminated 2 outlier points
Prediction fit error: mean 2.80  max 7.7
View  12 processed
idir = 1,  mStretch = 1.28558,  ivRef = 12,  ivCur = 13
meanAvg = 0.181619
  1  -13.27   -5.40     1.3865e+06   -0.27   -0.40   -0.27   -0.40
peak usdx,usdy,xpeak,ypeak -10.476479 -5.688568 -13.266737 -5.395300
  1    4.03    5.07    1.05914e+06    0.03    0.07    0.03    0.07
peak usdx,usdy,xpeak,ypeak 3.258379 5.150249 4.025828 5.069588
  1    3.01   -8.92         994562    0.01    0.08    0.01    0.08
peak usdx,usdy,xpeak,ypeak 2.143665 -8.827610 3.011222 -8.918795
  1    4.68   -9.72         877232   -0.32    0.28   -0.32    0.28
peak usdx,usdy,xpeak,ypeak 3.426085 -9.592190 4.678566 -9.723831
  1    2.40   -1.24    1.07275e+06    0.40   -0.24    0.40   -0.24
peak usdx,usdy,xpeak,ypeak 1.842696 -1.180964 2.398235 -1.239353
Patch 6 tracking to reference 11
  1    8.09   -5.47         698069    0.09   -0.47    0.09   -0.47
peak usdx,usdy,xpeak,ypeak 5.115268 -5.156367 8.092525 -5.469290
  1   -3.00    0.02    1.36259e+06    0.00    0.02    0.00    0.02
peak usdx,usdy,xpeak,ypeak -1.966170 -0.085187 -2.996204 0.023074
Patch 8 tracking to reference 9
  1   -0.99   -7.39    2.78934e+06    0.01   -0.39    0.01   -0.39
peak usdx,usdy,xpeak,ypeak -0.893758 -7.404008 -0.994274 -7.393444
  1   11.79   -2.17    1.22362e+06   -0.21   -0.17   -0.21   -0.17
peak usdx,usdy,xpeak,ypeak 6.227671 -1.588165 11.789541 -2.172741
  1    0.74    0.02         708929   -0.26    0.02   -0.26    0.02
peak usdx,usdy,xpeak,ypeak 0.396126 0.051770 0.735934 0.016055
  1    2.86   -5.12         506875   -0.14   -0.12   -0.14   -0.12
peak usdx,usdy,xpeak,ypeak 1.286427 -4.953173 2.858138 -5.118366
  1    1.32   -6.42    1.42686e+06    0.32   -0.42    0.32   -0.42
peak usdx,usdy,xpeak,ypeak 0.396899 -6.322595 1.320107 -6.419628
  1    1.48   -7.03         964601    0.48   -0.03    0.48   -0.03
peak usdx,usdy,xpeak,ypeak 0.451836 -6.925700 1.477961 -7.033550
  1  -10.58   12.16         904188    0.42    0.16    0.42    0.16
peak usdx,usdy,xpeak,ypeak -5.092097 11.579309 -10.579636 12.156073
  1   -1.94   -2.97         811276    0.06    0.03    0.06    0.03
peak usdx,usdy,xpeak,ypeak -1.189100 -3.047503 -1.944757 -2.968081
Patch 16 tracking to reference 7
Skipping patch # 16; it cannot expand enough
dom 0 n=9 xform 1.3043 0.0394 0.0858 0.9256 -4.5 1.8 dev avg, sd, max 3.95 2.02 7.77
dropped ind  0 patch 0  dev 18.64
dom 1 n=9 xform 0.8766 0.1829 0.1292 0.9047 -2.4 1.4 dev avg, sd, max 3.86 2.09 6.82
dropped ind  5 patch 7  dev 36.82
dom 2 n=9 xform 1.2516 -0.0991 0.0072 1.0031 -3.9 2.6 dev avg, sd, max 4.31 1.61 6.39
dropped ind  7 patch 13  dev 14.71
dom 3 n=8 xform 0.8250 0.3114 -0.1178 0.5431 1.5 3.2 dev avg, sd, max 4.90 2.76 9.83
dropped ind  7 patch 14  dev 14.21
Eliminated 4 outlier points
Prediction fit error: mean 4.26  max 9.8
View  13 processed
idir = 1,  mStretch = 1.04801,  ivRef = 6,  ivCur = 5
meanAvg = 0.164679
  1   -0.08   -2.04    3.12103e+06   -0.08   -0.04   -0.08   -0.04
peak usdx,usdy,xpeak,ypeak -0.086938 -2.035465 -0.080907 -2.036098
  1    0.34   -1.27    2.12288e+06    0.34   -0.27    0.34   -0.27
peak usdx,usdy,xpeak,ypeak 0.322572 -1.263543 0.344196 -1.265816
  1   -0.15   -1.16    2.50693e+06   -0.15   -0.16   -0.15   -0.16
peak usdx,usdy,xpeak,ypeak -0.151062 -1.156071 -0.152465 -1.155924
Skipping patch # 4; it cannot expand enough
  1    1.71   -1.86    2.50825e+06   -0.29    0.14   -0.29    0.14
peak usdx,usdy,xpeak,ypeak 1.625302 -1.848039 1.711705 -1.857121
  1    0.32   -1.97         730107    0.32    0.03    0.32    0.03
peak usdx,usdy,xpeak,ypeak 0.292463 -1.964701 0.316157 -1.967192
  1    1.01   -1.43    1.31226e+06    0.01   -0.43    0.01   -0.43
peak usdx,usdy,xpeak,ypeak 0.957520 -1.421235 1.010082 -1.426760
  1   -0.42   -1.06         997835   -0.42   -0.06   -0.42   -0.06
peak usdx,usdy,xpeak,ypeak -0.410674 -1.062790 -0.424871 -1.061298
  1    0.56   -0.92    4.77738e+06   -0.44    0.08   -0.44    0.08
peak usdx,usdy,xpeak,ypeak 0.532230 -0.917078 0.562081 -0.920216
  1    0.69   -1.13         310541   -0.31   -0.13   -0.31   -0.13
peak usdx,usdy,xpeak,ypeak 0.650813 -1.124751 0.687331 -1.128590
  1    0.87   -0.78         385248   -0.13    0.22   -0.13    0.22
peak usdx,usdy,xpeak,ypeak 0.824938 -0.780357 0.868006 -0.784883
  1    1.00   -1.54    1.79635e+06   -0.00    0.46   -0.00    0.46
peak usdx,usdy,xpeak,ypeak 0.945900 -1.531581 0.998461 -1.537106
Skipping patch # 13; it cannot expand enough
  1    0.39   -0.93    1.01836e+06    0.39    0.07    0.39    0.07
peak usdx,usdy,xpeak,ypeak 0.366291 -0.932219 0.388337 -0.934536
  1   -0.34   -1.33    1.40279e+06   -0.34   -0.33   -0.34   -0.33
peak usdx,usdy,xpeak,ypeak -0.328258 -1.333851 -0.337188 -1.332912
  1    0.48   -1.05         734049    0.48   -0.05    0.48   -0.05
peak usdx,usdy,xpeak,ypeak 0.451373 -1.046160 0.478028 -1.048962
dom 0 n=9 xform 0.9556 -0.1125 0.0920 0.9712 -2.8 -2.1 dev avg, sd, max 3.33 2.67 7.57
dom 1 n=8 xform 0.9853 -0.0263 0.1189 0.9596 -3.2 -2.2 dev avg, sd, max 2.51 1.10 4.03
dom 2 n=8 xform 0.9039 -0.1841 -0.0164 1.0590 -1.1 -1.9 dev avg, sd, max 2.22 1.15 3.84
dropped ind  3 patch 8  dev 8.20
dom 3 n=9 xform 0.8886 -0.0686 -0.0767 1.0380 0.5 -1.3 dev avg, sd, max 2.41 0.82 3.75
dropped ind  8 patch 15  dev 6.72
Eliminated 2 outlier points
Prediction fit error: mean 2.62  max 7.6
View   5 processed
idir = 1,  mStretch = 1.08506,  ivRef = 5,  ivCur = 4
meanAvg = 0.205039
  1    0.09    3.34     2.7051e+06    0.09    0.34    0.09    0.34
peak usdx,usdy,xpeak,ypeak 0.110762 3.334170 0.090597 3.336290
  1    1.15    1.79    3.22356e+06    0.15   -0.21    0.15   -0.21
peak usdx,usdy,xpeak,ypeak 1.075800 1.800887 1.150386 1.793048
  1   -0.18    2.47    1.73318e+06   -0.18    0.47   -0.18    0.47
peak usdx,usdy,xpeak,ypeak -0.142859 2.464672 -0.176673 2.468226
Patch 4 tracking to reference 6
  1    1.68    0.49    1.69333e+06   -0.32    0.49   -0.32    0.49
peak usdx,usdy,xpeak,ypeak 1.489745 0.505991 1.684628 0.485508
  1    0.74    2.77    1.42363e+06   -0.26   -0.23   -0.26   -0.23
peak usdx,usdy,xpeak,ypeak 0.683385 2.774034 0.736540 2.768447
  1    0.61    2.64         775877   -0.39   -0.36   -0.39   -0.36
peak usdx,usdy,xpeak,ypeak 0.573407 2.648517 0.613431 2.644310
  1    0.37    1.69         773249    0.37   -0.31    0.37   -0.31
peak usdx,usdy,xpeak,ypeak 0.350736 1.691247 0.374202 1.688780
  1   -0.90    2.78         589131    0.10   -0.22    0.10   -0.22
peak usdx,usdy,xpeak,ypeak -0.760749 2.767789 -0.903416 2.782784
Patch 9 tracking to reference 6
  1    0.70    1.10    3.75033e+06   -0.30    0.10   -0.30    0.10
peak usdx,usdy,xpeak,ypeak 0.627455 1.104274 0.696831 1.096982
  1    0.21    2.47         415504    0.21    0.47    0.21    0.47
peak usdx,usdy,xpeak,ypeak 0.215466 2.471278 0.209460 2.471909
  1    1.50    2.05         543515   -0.50    0.05   -0.50    0.05
peak usdx,usdy,xpeak,ypeak 1.350169 2.062868 1.503919 2.046708
  1    1.54    1.80         625546   -0.46   -0.20   -0.46   -0.20
peak usdx,usdy,xpeak,ypeak 1.381481 1.821731 1.542917 1.804764
Patch 13 tracking to reference 6
  1    2.35    1.81         389466    0.35   -0.19    0.35   -0.19
peak usdx,usdy,xpeak,ypeak 2.088171 1.840987 2.345202 1.813972
  1    1.25    1.78         974112    0.25   -0.22    0.25   -0.22
peak usdx,usdy,xpeak,ypeak 1.121950 1.794565 1.248565 1.781258
  1   -2.46    0.49    1.17746e+06   -0.46    0.49   -0.46    0.49
peak usdx,usdy,xpeak,ypeak -2.159544 0.461728 -2.459089 0.493212
Patch 16 tracking to reference 6
  1    0.06    0.12         408291    0.06    0.12    0.06    0.12
peak usdx,usdy,xpeak,ypeak 0.058363 0.124566 0.064504 0.123921
dom 0 n=9 xform 0.9246 -0.0079 0.1927 1.0296 -1.1 -3.0 dev avg, sd, max 3.81 2.48 7.78
dom 1 n=9 xform 0.8828 -0.0455 0.0544 1.0000 1.0 -3.6 dev avg, sd, max 2.80 1.98 7.21
dom 2 n=9 xform 1.0591 0.0034 -0.1304 0.9778 0.1 -2.5 dev avg, sd, max 3.61 1.50 5.65
dropped ind  3 patch 8  dev 12.05
dom 3 n=9 xform 0.9286 0.0189 -0.0581 0.9729 1.1 -3.0 dev avg, sd, max 2.17 0.89 3.81
Eliminated 1 outlier points
Prediction fit error: mean 3.10  max 7.8
View   4 processed
idir = 1,  mStretch = 1.13052,  ivRef = 4,  ivCur = 3
meanAvg = 0.201487
  1    2.75   -8.00    3.30286e+06   -0.25   -0.00   -0.25   -0.00
peak usdx,usdy,xpeak,ypeak 2.342884 -7.958329 2.753304 -8.001467
  1    0.12   -0.27    2.20104e+06    0.12   -0.27    0.12   -0.27
peak usdx,usdy,xpeak,ypeak 0.101665 -0.268697 0.118435 -0.270460
  1    2.12   -7.71    2.15297e+06    0.12    0.29    0.12    0.29
peak usdx,usdy,xpeak,ypeak 1.787604 -7.677339 2.122530 -7.712542
  1    2.58   -8.09    1.30816e+06   -0.42   -0.09   -0.42   -0.09
peak usdx,usdy,xpeak,ypeak 2.188510 -8.049950 2.580245 -8.091124
  1    3.21   -5.72         428934    0.21    0.28    0.21    0.28
peak usdx,usdy,xpeak,ypeak 2.776581 -5.677918 3.212047 -5.723688
  1    1.32   -6.01    2.23843e+06    0.32   -0.01    0.32   -0.01
peak usdx,usdy,xpeak,ypeak 1.096031 -5.989041 1.318776 -6.012453
  1    2.44   -4.64         895415    0.44    0.36    0.44    0.36
peak usdx,usdy,xpeak,ypeak 2.102086 -4.601871 2.435881 -4.636955
  1    1.75   -6.53         289277   -0.25    0.47   -0.25    0.47
peak usdx,usdy,xpeak,ypeak 1.469315 -6.502634 1.747216 -6.531843
Patch 9 tracking to reference 6
  1    3.10    2.60    1.39022e+06    0.10   -0.40    0.10   -0.40
peak usdx,usdy,xpeak,ypeak 2.479997 2.660767 3.101493 2.595445
  1   -2.51    0.14         232126    0.49    0.14    0.49    0.14
peak usdx,usdy,xpeak,ypeak -1.957422 0.078692 -2.512642 0.137048
  1    2.13   -2.32         620466    0.13   -0.32    0.13   -0.32
peak usdx,usdy,xpeak,ypeak 1.607801 -2.265320 2.129184 -2.320120
  1   -5.16    0.84         570998   -0.16   -0.16   -0.16   -0.16
peak usdx,usdy,xpeak,ypeak -4.008936 0.716654 -5.162556 0.837904
  1   -5.08    2.38         627971   -0.08    0.38   -0.08    0.38
peak usdx,usdy,xpeak,ypeak -3.911796 2.253346 -5.083597 2.376508
  1    0.09    5.31         537551    0.09    0.31    0.09    0.31
peak usdx,usdy,xpeak,ypeak 0.195102 5.303890 0.092752 5.314647
  1    2.64   -4.65         905393   -0.36    0.35   -0.36    0.35
peak usdx,usdy,xpeak,ypeak 1.953047 -4.580918 2.640690 -4.653193
  1    2.23   -5.44         602280    0.23   -0.44    0.23   -0.44
peak usdx,usdy,xpeak,ypeak 1.616161 -5.370788 2.232097 -5.435526
dom 0 n=9 xform 1.0186 -0.0012 0.1372 0.9617 0.4 2.0 dev avg, sd, max 4.49 2.46 10.06
dom 1 n=9 xform 0.9277 -0.0734 0.1282 0.8190 2.4 1.6 dev avg, sd, max 2.85 1.57 4.71
dom 2 n=9 xform 0.9163 0.1312 0.0097 0.7950 -1.0 3.8 dev avg, sd, max 4.41 2.44 7.81
dropped ind  3 patch 8  dev 22.64
dom 3 n=9 xform 0.9472 0.1137 -0.0753 0.9030 1.8 0.9 dev avg, sd, max 5.74 2.77 8.93
Eliminated 1 outlier points
Prediction fit error: mean 4.37  max 10.1
View   3 processed
idir = 1,  mStretch = 1.19175,  ivRef = 3,  ivCur = 2
meanAvg = 0.202227
  1   -2.27    2.69    4.75589e+06   -0.27   -0.31   -0.27   -0.31
peak usdx,usdy,xpeak,ypeak -1.864697 2.651831 -2.271214 2.694558
  1   -2.37    1.51    2.42795e+06   -0.37   -0.49   -0.37   -0.49
peak usdx,usdy,xpeak,ypeak -1.971370 1.467416 -2.374508 1.509787
  1   -1.39    1.79    2.42608e+06   -0.39   -0.21   -0.39   -0.21
peak usdx,usdy,xpeak,ypeak -1.138730 1.760593 -1.389795 1.786981
  1   -0.86    1.80    2.59972e+06    0.14   -0.20    0.14   -0.20
peak usdx,usdy,xpeak,ypeak -0.690123 1.784297 -0.856579 1.801792
  1   -1.58    2.02    1.07206e+06    0.42    0.02    0.42    0.02
peak usdx,usdy,xpeak,ypeak -1.296169 1.987900 -1.581625 2.017902
  1   -0.94    1.66    4.85478e+06    0.06   -0.34    0.06   -0.34
peak usdx,usdy,xpeak,ypeak -0.765937 1.642496 -0.943945 1.661206
  1   -1.05    1.12    2.40853e+06   -0.05    0.12   -0.05    0.12
peak usdx,usdy,xpeak,ypeak -0.860414 1.100519 -1.045536 1.119976
  1   -3.79    2.27         399130    0.21    0.27    0.21    0.27
peak usdx,usdy,xpeak,ypeak -3.145348 2.199428 -3.785732 2.266735
Patch 9 tracking to reference 6
  1   -0.48    3.66    1.34284e+06   -0.48   -0.34   -0.48   -0.34
peak usdx,usdy,xpeak,ypeak -0.181317 3.630759 -0.477570 3.661896
  1   -0.95    2.73         533449    0.05   -0.27    0.05   -0.27
peak usdx,usdy,xpeak,ypeak -0.522103 2.682927 -0.945276 2.727404
  1    0.25    1.23         947764    0.25    0.23    0.25    0.23
peak usdx,usdy,xpeak,ypeak 0.211180 1.231982 0.254174 1.227463
  1   -0.66    1.43         440475    0.34    0.43    0.34    0.43
peak usdx,usdy,xpeak,ypeak -0.384935 1.397080 -0.664795 1.426494
  1   -2.97    2.12    2.17147e+06    0.03    0.12    0.03    0.12
peak usdx,usdy,xpeak,ypeak -1.874027 2.008383 -2.971373 2.123719
  1   -0.70    2.29         614506    0.30    0.29    0.30    0.29
peak usdx,usdy,xpeak,ypeak -0.373825 2.258093 -0.695463 2.291898
  1   -4.85    2.52    3.11598e+06    0.15   -0.48    0.15   -0.48
peak usdx,usdy,xpeak,ypeak -3.095918 2.335246 -4.854393 2.520069
  1   -4.18    2.15         667960   -0.18    0.15   -0.18    0.15
peak usdx,usdy,xpeak,ypeak -2.669056 1.986152 -4.183575 2.145334
dom 0 n=9 xform 1.0388 0.0889 -0.0484 1.0169 1.6 1.4 dev avg, sd, max 2.52 2.29 7.18
dom 1 n=9 xform 0.9892 0.0703 -0.0160 1.0164 1.6 0.3 dev avg, sd, max 2.56 2.06 6.17
dropped ind  5 patch 7  dev 11.77
dom 2 n=9 xform 1.0226 0.1499 0.0108 0.8261 1.6 2.0 dev avg, sd, max 2.54 2.08 6.79
dropped ind  3 patch 8  dev 30.68
dom 3 n=9 xform 1.0307 0.1948 -0.0152 0.8222 1.7 1.1 dev avg, sd, max 2.72 1.82 5.27
Eliminated 2 outlier points
Prediction fit error: mean 2.59  max 7.2
View   2 processed
idir = 1,  mStretch = 1.28558,  ivRef = 2,  ivCur = 1
meanAvg = 0.195291
  1   -0.22    0.30    5.35494e+06   -0.22    0.30   -0.22    0.30
peak usdx,usdy,xpeak,ypeak -0.161652 0.295529 -0.216086 0.301251
  1   -0.68   -0.06    3.85911e+06    0.32   -0.06    0.32   -0.06
peak usdx,usdy,xpeak,ypeak -0.532406 -0.078955 -0.680443 -0.063396
  1    0.44   -0.03    3.04027e+06    0.44   -0.03    0.44   -0.03
peak usdx,usdy,xpeak,ypeak 0.344526 -0.017495 0.442358 -0.027777
  1   -0.41   -0.14    4.19659e+06   -0.41   -0.14   -0.41   -0.14
peak usdx,usdy,xpeak,ypeak -0.326486 -0.149721 -0.414259 -0.140495
  1    0.49    0.14    1.58837e+06    0.49    0.14    0.49    0.14
peak usdx,usdy,xpeak,ypeak 0.385168 0.154674 0.489369 0.143722
  1    1.28    0.03    6.69898e+06    0.28    0.03    0.28    0.03
peak usdx,usdy,xpeak,ypeak 1.003102 0.055336 1.284791 0.025729
  1    0.00   -0.65    3.38133e+06    0.00    0.35    0.00    0.35
peak usdx,usdy,xpeak,ypeak -0.011437 -0.643677 0.004442 -0.645346
Patch 8 tracking to reference 3
  1   -5.15    4.91         189159   -0.15   -0.09   -0.15   -0.09
peak usdx,usdy,xpeak,ypeak -3.204794 4.702376 -5.151505 4.906984
Patch 9 tracking to reference 6
  1   -3.70    5.16         943613    0.30    0.16    0.30    0.16
peak usdx,usdy,xpeak,ypeak -1.636106 4.941427 -3.703249 5.158692
  1   -0.17    0.97    1.50298e+06   -0.17   -0.03   -0.17   -0.03
peak usdx,usdy,xpeak,ypeak -0.038337 0.959676 -0.171835 0.973707
  1    1.05    0.71         785130    0.05   -0.29    0.05   -0.29
peak usdx,usdy,xpeak,ypeak 0.574686 0.758307 1.049386 0.708414
  1   -0.26   -0.36         513349   -0.26   -0.36   -0.26   -0.36
peak usdx,usdy,xpeak,ypeak -0.154140 -0.367706 -0.264900 -0.356065
  1    0.76    0.57    2.78043e+06   -0.24   -0.43   -0.24   -0.43
peak usdx,usdy,xpeak,ypeak 0.419330 0.602328 0.760764 0.566442
  1    0.01    0.66    1.03074e+06    0.01   -0.34    0.01   -0.34
peak usdx,usdy,xpeak,ypeak 0.037423 0.660312 0.006755 0.663536
  1   -4.17    0.87    2.74358e+06   -0.17   -0.13   -0.17   -0.13
peak usdx,usdy,xpeak,ypeak -2.095945 0.656250 -4.172150 0.874468
  1   -2.24   -0.13         528863   -0.24   -0.13   -0.24   -0.13
peak usdx,usdy,xpeak,ypeak -1.153860 -0.240325 -2.236212 -0.126566
dom 0 n=9 xform 0.9993 0.1524 -0.0956 1.0191 1.1 2.0 dev avg, sd, max 2.35 1.59 4.55
dom 1 n=9 xform 0.8876 0.0829 -0.0614 1.0469 0.9 1.2 dev avg, sd, max 2.54 1.35 4.29
dropped ind  5 patch 7  dev 20.40
dom 2 n=9 xform 1.1084 0.1808 -0.0136 0.8728 1.7 1.9 dev avg, sd, max 2.46 1.31 4.34
dropped ind  3 patch 8  dev 41.17
dom 3 n=9 xform 0.9680 0.1797 0.0374 0.8594 0.5 1.4 dev avg, sd, max 2.68 0.88 3.65
Eliminated 2 outlier points
Prediction fit error: mean 2.51  max 4.5
View   1 processed
interp 0.003   fft 0.009   peak 0.003   mask 0.000   load/extract 0.001 read/copy 0.001 CCC 0.000 SD 0.008
