
 RO image file on unit   1 : f.mrc     Size=         19 K

 Number of columns, rows, sections .....      32      24       6
 Map mode ..............................    2   (32-bit float)             
 Start cols, rows, sects, grid x,y,z ...    0     0     0      32     24      6
 Pixel spacing (Angstroms)..............   1.000      1.000      1.000    
 Cell angles ...........................   90.000   90.000   90.000
 Fast, medium, slow axes ...............    X    Y    Z
 Origin on x,y,z .......................    0.000       0.000       0.000    
 Minimum density .......................   29.460    
 Maximum density .......................   165.07    
 Mean density ..........................   102.99    
 tilt angles (original,current) ........   0.0   0.0   0.0   0.0   0.0   0.0
 Space group,# extra bytes,idtype,lens .        0        0        0        0

     1 Titles :
raw2mrc: Converted to mrc format.                       25-Sep-26  01:20:31    


 NEW image file on unit   2 : o.mrc
 section   input min&max       output min&max  &  mean
       0     36.94    162.94     70.35    165.01    122.93
       1     34.22    162.20     68.31    164.46    124.14
       2     38.92    159.65     71.84    162.55    121.71
       3     35.24    165.07     69.07    166.61    117.70
       4     29.46    162.66     64.73    164.80    115.56
       5     39.41    160.98     72.21    163.54    117.79
Running densmatch to find scaling to mean and SD...

 OLD image file on unit   2 : f.mrc     Size=         19 K

 Number of columns, rows, sections .....      32      24       6
 Map mode ..............................    2   (32-bit float)             
 Start cols, rows, sects, grid x,y,z ...    0     0     0      32     24      6
 Pixel spacing (Angstroms)..............   1.000      1.000      1.000    
 Cell angles ...........................   90.000   90.000   90.000
 Fast, medium, slow axes ...............    X    Y    Z
 Origin on x,y,z .......................    0.000       0.000       0.000    
 Minimum density .......................   29.460    
 Maximum density .......................   165.07    
 Mean density ..........................   102.99    
 tilt angles (original,current) ........   0.0   0.0   0.0   0.0   0.0   0.0
 Space group,# extra bytes,idtype,lens .        0        0        0        0

     1 Titles :
raw2mrc: Converted to mrc format.                       25-Sep-26  01:20:31    

 Volume 1: mean =    103.0257,  SD =     26.6201
Scale factors to multiply by then add:  0.751313       42.5955    
 
The newstack command was:
newstack -siz 32,24 -off 0,0  -ori -mode 0 -multadd 0.751313,42.5955  "f.mrc" "o.mrc"
