
 RO image file on unit   1 : f.mrc     Size=         19 K

 Number of columns, rows, sections .....      32      24       6
 Map mode ..............................    2   (32-bit float)             
 Start cols, rows, sects, grid x,y,z ...    0     0     0      32     24      6
 Pixel spacing (Angstroms)..............   1.000      1.000      1.000    
 Cell angles ...........................   90.000   90.000   90.000
 Fast, medium, slow axes ...............    X    Y    Z
 Origin on x,y,z .......................    0.000       0.000       0.000    
 Minimum density .......................   29.460    
 Maximum density .......................   165.07    
 Mean density ..........................   102.99    
 tilt angles (original,current) ........   0.0   0.0   0.0   0.0   0.0   0.0
 Space group,# extra bytes,idtype,lens .        0        0        0        0

     1 Titles :
raw2mrc: Converted to mrc format.                       25-Sep-26  01:20:31    


 NEW image file on unit   2 : o.mrc
 section   input min&max       output min&max  &  mean
       0     36.94    162.94     36.94    162.94    106.93
       1     34.22    162.20     34.22    162.20    108.53
       2     38.92    159.65     38.92    159.65    105.30
       3     35.24    165.07     35.24    165.07     99.97
       4     29.46    162.66     29.46    162.66     97.12
       5     39.41    160.98     39.41    160.98    100.09
 
The newstack command was:
newstack -siz 32,24 -off 0,0  -ori   "f.mrc" "o.mrc"
