
 RO image file on unit   1 : f.mrc     Size=         19 K

 Number of columns, rows, sections .....      32      24       6
 Map mode ..............................    2   (32-bit float)             
 Start cols, rows, sects, grid x,y,z ...    0     0     0      32     24      6
 Pixel spacing (Angstroms)..............   1.000      1.000      1.000    
 Cell angles ...........................   90.000   90.000   90.000
 Fast, medium, slow axes ...............    X    Y    Z
 Origin on x,y,z .......................    0.000       0.000       0.000    
 Minimum density .......................   29.460    
 Maximum density .......................   165.07    
 Mean density ..........................   102.99    
 tilt angles (original,current) ........   0.0   0.0   0.0   0.0   0.0   0.0
 Space group,# extra bytes,idtype,lens .        0        0        0        0

     1 Titles :
raw2mrc: Converted to mrc format.                       25-Sep-26  01:20:31    


 NEW image file on unit   2 : o.mrc
 section   input min&max       output min&max  &  mean
       0     36.94    162.94      0.00    255.00    143.61
       1     34.22    162.20      0.00    255.00    146.94
       2     38.92    159.65      3.07    252.60    140.26
       3     35.24    165.07      0.00    255.00    129.23
       4     29.46    162.66      0.00    255.00    123.38
       5     39.41    160.98      4.08    255.00    129.49
 TRUNCATIONS OCCURRED:          8 at low end,         12 at high end of range
Determining byte scaling of f.mrc...
findcontrast -slice 2,5    "f.mrc"

RO image file on unit   1 : f.mrc     Size=         19 K

Number of columns, rows, sections .....      32      24       6
Map mode ..............................    2   (32-bit float)
Start cols, rows, sects, grid x,y,z ...    0     0     0      32     24      6
Pixel spacing (Angstroms)..............   1.000      1.000      1.000
Cell angles ...........................   90.000   90.000   90.000
Fast, medium, slow axes ...............    X    Y    Z
Origin on x,y,z .......................    0.000       0.000       0.000
Minimum density .......................   29.460
Maximum density .......................   165.07
Mean density ..........................   102.99
tilt angles (original,current) ........   0.0   0.0   0.0   0.0   0.0   0.0
Space group,# extra bytes,idtype,lens .        0        0        0        0

1 Titles :
raw2mrc: Converted to mrc format.                       25-Sep-26  01:20:31

Analyzing X:     3    28  Y:     2    21  Z:     1     4
Min and max densities in the analyzed volume are   34.221     and   165.07
Min and max densities with truncation are   37.721     and   160.72
Implied black and white contrast levels are  15 and 247
Contrast black/white levels determined from file were 15,247
 
The newstack command was:
newstack -siz 32,24 -off 0,0  -ori -mode 0 -con 15,247  "f.mrc" "o.mrc"
