
 RO image file on unit   1 : s.mrc     Size=         10 K

 Number of columns, rows, sections .....      32      24       6
 Map mode ..............................    1   (16-bit integer)           
 Start cols, rows, sects, grid x,y,z ...    0     0     0      32     24      6
 Pixel spacing (Angstroms)..............   1.000      1.000      1.000    
 Cell angles ...........................   90.000   90.000   90.000
 Fast, medium, slow axes ...............    X    Y    Z
 Origin on x,y,z .......................    0.000       0.000       0.000    
 Minimum density .......................   38.000    
 Maximum density .......................   445.00    
 Mean density ..........................   258.47    
 tilt angles (original,current) ........   0.0   0.0   0.0   0.0   0.0   0.0
 Space group,# extra bytes,idtype,lens .        0        0        0        0

     1 Titles :
raw2mrc: Converted to mrc format.                       25-Sep-26  01:20:31    


 NEW image file on unit   2 : s.mrc.tmp.1293754
 section   input min&max       output min&max  &  mean
       0     52.00    436.00     52.00    436.00    275.08
       1     66.00    428.00     66.00    428.00    265.39
       2     55.00    445.00     55.00    445.00    249.40
       3     38.00    437.00     38.00    437.00    240.88
 
The newstack command was:
newstack -siz 32,24 -off 0,0  -ori  -sec 1-4 "s.mrc" "s.mrc.tmp.1293754"
Running clip flipyz
