Analyzing X 4 67  Y 3 60  Z 0 29
Extents edge 32 29 2  center 21 19 12
0 cen s-e x 5 8  y 4 7  z 9 19
edge boxes 4 10 3 8 0 27 0 27
AND  boxes 4 10 3 8 28 28
edge: 42    10.027    0.242

               center   center SDs      edge     edge SDs      distinct-
scale  binning  mean   median  MADN     mean   median  MADN      ness
  1    1,1,1      3.7   10.04  0.26       2.7   10.03  0.24     0.250
numhigh 195
mSpreadNorms[0] = 1.48258,  mSpreadNorms[1] = 1.48258
mSpreadNorms[2] = 17.1338,  mStructArea = 2672,  mBeadArea = 1360
numBins = 30,  binWidth = 1,  maxBin = 70.75,  indMax = 7
mult = 1,  numDips[mult] = 0
bestMult = 1
Low:  rise after bin -1
numBins = 30,  binWidth = 1,  maxBin = 76,  indMax = 22
mult = 1,  numDips[mult] = 0
bestMult = 1
High: rise after bin 25
Iterations 89  spread measure 0.50
Thickness = 25.0  boundaries (from 1) = 1 26  alpha = -1.38  beta = -2.32
