   1.0000000   0.0000000   0.0000000   1.0000000       0.000       0.000
   0.0000000   0.0000000   0.0000000   0.0000000    -275.000    -275.000
   0.9581710  -0.0037580  -0.0004735   0.9999641      -0.981      -0.008
   0.9607822  -0.0035027  -0.0003073   0.9999095      -0.942       0.039
   0.9616337  -0.0034892  -0.0001646   1.0002058      -0.868       0.021
   0.9642705  -0.0032896  -0.0002871   0.9997947      -0.963      -0.000
   0.9661349  -0.0032111  -0.0003013   1.0000530      -0.888       0.002
   0.9686266  -0.0029839  -0.0003187   1.0000727      -0.889       0.015
   0.9703408  -0.0029925  -0.0002067   1.0000691      -0.848       0.030
   0.9723488  -0.0028885  -0.0003100   1.0000277      -0.882      -0.008
   0.9738855  -0.0024655   0.0001813   0.9998491      -0.867       0.011
   0.9757803  -0.0028007  -0.0002975   0.9999080      -0.820      -0.018
   0.9768129  -0.0023612   0.0000763   1.0000073      -0.813       0.022
   0.9783506  -0.0025666  -0.0003005   1.0000820      -0.841       0.011
   0.9797705  -0.0024858   0.0000515   1.0000279      -0.774       0.009
   0.9813543  -0.0021230   0.0001707   0.9999399      -0.821       0.004
   0.9826615  -0.0021626   0.0000328   1.0000740      -0.797      -0.006
   0.9842851  -0.0021272  -0.0000540   0.9999138      -0.784       0.001
   0.9854774  -0.0021438  -0.0000593   1.0000473      -0.762       0.002
   0.9868765  -0.0021352  -0.0000046   0.9998754      -0.763      -0.003
   0.9880430  -0.0020495   0.0000070   1.0000343      -0.769      -0.013
   0.9892763  -0.0019041   0.0001165   1.0002126      -0.750      -0.013
   0.9910192  -0.0019644   0.0000598   0.9997882      -0.750       0.016
   0.9916153  -0.0021543  -0.0001656   1.0001264      -0.767       0.012
   0.9926955  -0.0018024   0.0000914   1.0000224      -0.761       0.007
   0.9941899  -0.0017289   0.0000581   0.9997848      -0.724       0.016
   0.9950674  -0.0019455  -0.0001454   1.0002115      -0.759      -0.019
   0.9964641  -0.0016641   0.0000550   0.9997660      -0.751      -0.010
   0.9973735  -0.0019028  -0.0001023   1.0002367      -0.775      -0.001
   0.9987253  -0.0017928  -0.0000517   0.9999488      -0.722      -0.004
   0.9997209  -0.0016596  -0.0000348   1.0000823      -0.752       0.005
   1.0009227  -0.0016662   0.0000256   1.0001028      -0.770      -0.017
   1.0021598  -0.0014307   0.0001786   0.9996846      -0.762       0.008
   1.0031700  -0.0017898  -0.0000551   1.0000314      -0.767       0.024
   1.0043188  -0.0017171  -0.0000029   1.0000097      -0.764      -0.013
   1.0055400  -0.0017636  -0.0000016   1.0000296      -0.779      -0.001
   1.0067533  -0.0016919   0.0000339   1.0000509      -0.796      -0.017
   1.0078136  -0.0015425   0.0000768   0.9998514      -0.797       0.004
   1.0090921  -0.0015759  -0.0000007   0.9999771      -0.787       0.009
   1.0101089  -0.0018394  -0.0001635   1.0001254      -0.802       0.002
   1.0114610  -0.0016479   0.0000871   1.0000646      -0.826       0.007
   1.0129791  -0.0015514   0.0001708   0.9998990      -0.840       0.016
   1.0141770  -0.0016672  -0.0000215   1.0000165      -0.864      -0.032
   1.0152199  -0.0017206  -0.0000847   0.9999704      -0.864       0.005
   1.0168142  -0.0018717  -0.0001902   1.0001965      -0.885       0.010
   1.0181019  -0.0016008   0.0000988   0.9998589      -0.900      -0.016
   1.0196141  -0.0014923   0.0000890   0.9999760      -0.928      -0.004
   1.0211993  -0.0016503  -0.0001039   0.9999028      -0.942       0.000
   1.0223984  -0.0016352   0.0000569   1.0001023      -0.982       0.011
   1.0241563  -0.0015376   0.0000036   1.0001283      -0.991      -0.016
   1.0258397  -0.0016754   0.0000623   1.0000197      -1.009      -0.011
   1.0277725  -0.0016563  -0.0000524   0.9998688      -1.070       0.002
   1.0293857  -0.0018031  -0.0001501   1.0000283      -1.076      -0.011
   1.0308487  -0.0016663  -0.0000135   1.0000871      -1.112      -0.000
   1.0333852  -0.0015212   0.0002543   0.9997830      -1.166       0.005
   1.0347542  -0.0015510   0.0002776   1.0000491      -1.182      -0.002
   1.0370128  -0.0016148  -0.0002024   1.0000464      -1.284      -0.020
   1.0394306  -0.0017081  -0.0000704   0.9999301      -1.335      -0.005
   1.0416297  -0.0015983  -0.0000112   0.9999210      -1.344       0.002
   1.0436484  -0.0015312  -0.0000056   1.0001757      -1.395      -0.010
   1.0472207  -0.0016101  -0.0002903   0.9997747      -1.526       0.012
