Using model header to determine center coordinates:   275.0   275.0
                                        Deviations between transformed points on
                                         section and points on previous section
                                Mean     Max  @object & point #   X-Y Position
  58 points, section #   1       0.00     0.00     1     2         0.00     0.00
  58 points, section #   2       1.65     4.52    46     3       201.30   292.25
  58 points, section #   3       1.60     4.30    46     4       194.46   292.32
  58 points, section #   4       1.54     4.14    46     5       187.74   292.35
  58 points, section #   5       1.56     4.09    46     6       180.93   292.39
  58 points, section #   6       1.50     3.90    46     7       174.26   292.44
  58 points, section #   7       1.46     3.74    46     8       167.67   292.47
  58 points, section #   8       1.36     3.48    46     9       161.30   292.47
  58 points, section #   9       1.36     3.41    46    10       155.17   292.44
  58 points, section #  10       1.34     3.32    46    11       149.22   292.44
  58 points, section #  11       1.30     3.20    46    12       143.36   292.48
  58 points, section #  12       1.30     3.17    46    13       137.71   292.48
  58 points, section #  13       1.27     3.06    46    14       132.08   292.49
  58 points, section #  14       1.27     3.01    46    15       126.69   292.45
  58 points, section #  15       1.24     2.91    46    16       121.39   292.44
  58 points, section #  16       1.22     2.84    46    17       116.39   292.46
  58 points, section #  17       1.20     2.76    46    18       111.55   292.47
  58 points, section #  18       1.20     2.72    46    19       106.96   292.46
  58 points, section #  19       1.19     2.66    46    20       102.54   292.45
  58 points, section #  20       1.17     2.60    46    21        98.36   292.45
  58 points, section #  21       1.17     2.58    46    22        94.40   292.46
  58 points, section #  22       1.15     2.51    46    23        90.62   292.50
  58 points, section #  23       1.16     2.51    46    24        87.21   292.51
  58 points, section #  24       1.15     2.46    46    25        83.90   292.48
  58 points, section #  25       1.15     2.44    46    26        80.82   292.50
  58 points, section #  26       1.15     2.41    46    27        77.99   292.51
  58 points, section #  27       1.15     2.40    46    28        75.38   292.51
  58 points, section #  28       1.15     2.36    46    29        73.05   292.54
  58 points, section #  29       1.15     2.34    46    30        70.96   292.52
  58 points, section #  30       1.16     2.33    46    31        69.11   292.51
  58 points, section #  31       1.16     2.31    46    32        67.50   292.49
  58 points, section #  32       1.16     2.32    46    33        66.18   292.51
  58 points, section #  33       1.16     2.25    46    34        65.10   292.54
  58 points, section #  34       1.17     2.27    46    35        64.32   292.51
  58 points, section #  35       1.17     2.25    46    36        63.76   292.52
  58 points, section #  36       1.20     2.27    46    37        63.49   292.52
  58 points, section #  37       1.20     2.26    46    38        63.48   292.54
  58 points, section #  38       1.22     2.27    46    39        63.70   292.56
  58 points, section #  39       1.23     2.26    46    40        64.16   292.54
  58 points, section #  40       1.25     2.27    46    41        64.86   292.51
  58 points, section #  41       1.28     2.30    46    42        65.84   292.51
  58 points, section #  42       1.30     2.31    46    43        67.11   292.52
  58 points, section #  43       1.30     2.29    46    44        68.61   292.55
  58 points, section #  44       1.34     2.32    46    45        70.33   292.53
  58 points, section #  45       1.36     2.33    46    46        72.34   292.48
  58 points, section #  46       1.39     2.35    46    47        74.57   292.51
  58 points, section #  47       1.43     2.38    46    48        77.06   292.52
  58 points, section #  48       1.45     2.37     2    49       115.02   337.45
  58 points, section #  49       1.49     2.42    18    50        74.17   179.37
  58 points, section #  50       1.54     2.43    24    51       139.14   292.65
  58 points, section #  51       1.59     2.47     2    52       122.36   337.41
  58 points, section #  52       1.64     2.50    24    53       143.50   292.64
  58 points, section #  53       1.67     2.51    24    54       145.90   292.62
  58 points, section #  54       1.75     2.58    24    55       148.43   292.61
  58 points, section #  55       1.79     2.61    24    56       151.18   292.62
  58 points, section #  56       1.89     2.77    32    57       262.79   508.19
  58 points, section #  57       1.95     2.82    16    58       295.28   223.91
  58 points, section #  58       2.03     2.99    22    59       384.95   388.89
  58 points, section #  59       2.10     3.13    19    60       315.30    41.09
  58 points, section #  60       2.24     3.44    19    61       311.61    41.12

 FORMATTED  new  file opened: o.xf
