   1.0135970  -0.0009070   0.0009070   1.0135970       6.124      -2.552
   0.9946960   0.0077600  -0.0077600   0.9946960       2.849      -0.280
   0.9813390  -0.0191910   0.0191910   0.9813390       7.833      -0.482
   0.9607822  -0.0035027  -0.0003073   0.9999095      -0.942       0.039
   0.9616337  -0.0034892  -0.0001646   1.0002058      -0.868       0.021
   0.9642705  -0.0032896  -0.0002871   0.9997947      -0.963      -0.000
   0.9906060   0.0498440  -0.0498440   0.9906060      -2.338      -5.966
   0.9996030   0.0390770  -0.0390770   0.9996030       4.486      -1.166
   1.0036600   0.0195410  -0.0195410   1.0036600       3.586      -1.500
   1.0103260  -0.0144080   0.0144080   1.0103260      -1.035      -4.068
   1.0024340  -0.0091240   0.0091240   1.0024340       5.494      -6.423
   0.9914700   0.0171750  -0.0171750   0.9914700      -8.670       0.632
   0.9925170  -0.0137150   0.0137150   0.9925170       6.928       4.110
   1.0038821  -0.0164900   0.0164900   1.0038821       4.778      -6.660
   1.0058980  -0.0161690   0.0161690   1.0058980      -8.839       1.735
   1.0077940   0.0066070  -0.0066070   1.0077940      -2.195      -0.091
   0.9911970  -0.0088970   0.0088970   0.9911970       2.993      -0.525
   0.9946990  -0.0128260   0.0128260   0.9946990       5.431       3.026
   1.0063090   0.0046900  -0.0046900   1.0063090       6.299       8.956
   1.0079750   0.0415480  -0.0415480   1.0079750       2.325      -0.469
   1.0122200   0.0266830  -0.0266830   1.0122200      -6.309       2.835
   0.9834320  -0.0335310   0.0335310   0.9834320      -1.513      -6.546
   1.0151230  -0.0064860   0.0064860   1.0151230      10.118      -8.891
   1.0069211   0.0151570  -0.0151570   1.0069211       7.897       2.106
   1.0027800   0.0195910  -0.0195910   1.0027800      -0.083      -1.019
   1.0036870   0.0193020  -0.0193020   1.0036870       1.539      -0.465
   0.9871340   0.0057290  -0.0057290   0.9871340      -2.431       6.032
   0.9855910   0.0049170  -0.0049170   0.9855910       6.672       2.651
   0.9991020  -0.0551960   0.0551960   0.9991020      -2.307      -7.238
   1.0250790  -0.0355410   0.0355410   1.0250790      -4.105      -3.235
   0.9915760  -0.0154780   0.0154780   0.9915760      -1.353      -1.749
   1.0109349  -0.0050800   0.0050800   1.0109349       0.110       4.595
   1.0032170   0.0110280  -0.0110280   1.0032170     -10.691      -7.250
   0.9938830  -0.0207120   0.0207120   0.9938830       2.900       2.712
   1.0075150  -0.0348910   0.0348910   1.0075150       5.085      -0.558
   0.9925190   0.0181460  -0.0181460   0.9925190      -2.440      -5.649
   0.9989720   0.0143180  -0.0143180   0.9989720       1.258      -1.694
   0.9980100   0.0503040  -0.0503040   0.9980100       1.127       5.422
   0.9934510  -0.0150310   0.0150310   0.9934510      -3.619      10.053
   1.0181150  -0.0201700   0.0201700   1.0181150      10.647      -4.090
   1.0045310  -0.0101320   0.0101320   1.0045310       2.798       2.710
   1.0017270  -0.0052990   0.0052990   1.0017270      -7.512      -0.827
   1.0010689   0.0195960  -0.0195960   1.0010689      -2.338       3.093
   1.0028560  -0.0215080   0.0215080   1.0028560       1.581       0.465
   0.9982860   0.0117040  -0.0117040   0.9982860      -2.478       1.940
   1.0058130  -0.0003720   0.0003720   1.0058130      -6.643       4.439
   0.9924590   0.0198190  -0.0198190   0.9924590      -0.987      -2.817
   0.9942290  -0.0075780   0.0075780   0.9942290      -5.347      -4.229
   0.9998520  -0.0343560   0.0343560   0.9998520      -5.838       0.042
   1.0170510   0.0414520  -0.0414520   1.0170510      -7.622       2.394
   0.9854000  -0.0140250   0.0140250   0.9854000       1.501       4.986
   1.0025350  -0.0122730   0.0122730   1.0025350       4.745       0.805
   0.9986940  -0.0087960   0.0087960   0.9986940       3.159      -4.707
   0.9947330  -0.0206220   0.0206220   0.9947330      -5.453       1.826
   1.0086250  -0.0447330   0.0447330   1.0086250      -2.578       3.490
   0.9986890   0.0118760  -0.0118760   0.9986890       0.448     -11.586
   0.9896910  -0.0049650   0.0049650   0.9896910      -3.487      -7.372
   0.9897870   0.0393190  -0.0393190   0.9897870       4.128       8.330
   1.0109180   0.0006670  -0.0006670   1.0109180      -1.320      -9.560
   1.0044490  -0.0039420   0.0039420   1.0044490      -2.143       1.511
   0.9912550  -0.0148600   0.0148600   0.9912550      -7.384      -1.106
