   1.0000000   0.0000000   0.0000000   1.0000000       0.000       0.000
   1.0000000   0.0000000   0.0000000   1.0000000       0.000       0.000
   1.0000000   0.0000000   0.0000000   1.0000000       0.000       0.000
   1.0000000   0.0000000   0.0000000   1.0000000       0.000       0.000
   1.0000000   0.0000000   0.0000000   1.0000000       0.000       0.000
   1.0000000   0.0000000   0.0000000   1.0000000       0.000       0.000
   1.0000000   0.0000000   0.0000000   1.0000000       0.000       0.000
   1.0000000   0.0000000   0.0000000   1.0000000       0.000       0.000
   1.0000000   0.0000000   0.0000000   1.0000000       0.000       0.000
   1.0000000   0.0000000   0.0000000   1.0000000       0.000       0.000
   0.9895344  -0.0034786   0.0034786   0.9895344      -0.253       0.134
   0.9899578  -0.0033766   0.0033766   0.9899578      -0.262       0.121
   0.9902233  -0.0032070   0.0032070   0.9902233      -0.283       0.141
   0.9906176  -0.0030679   0.0030679   0.9906176      -0.356       0.139
   0.9910131  -0.0030621   0.0030621   0.9910131      -0.329       0.123
   0.9915144  -0.0027797   0.0027797   0.9915144      -0.421       0.102
   0.9919983  -0.0026480   0.0026480   0.9919983      -0.430       0.093
   0.9925154  -0.0024431   0.0024431   0.9925154      -0.462       0.094
   0.9930245  -0.0023616   0.0023616   0.9930245      -0.468       0.093
   0.9935054  -0.0022487   0.0022487   0.9935054      -0.506       0.081
   0.9940758  -0.0021220   0.0021220   0.9940758      -0.537       0.065
   1.0000000   0.0000000   0.0000000   1.0000000       0.000       0.000
   1.0000000   0.0000000   0.0000000   1.0000000       0.000       0.000
   1.0000000   0.0000000   0.0000000   1.0000000       0.000       0.000
   1.0000000   0.0000000   0.0000000   1.0000000       0.000       0.000
   1.0000000   0.0000000   0.0000000   1.0000000       0.000       0.000
   1.0000000   0.0000000   0.0000000   1.0000000       0.000       0.000
   1.0000000   0.0000000   0.0000000   1.0000000       0.000       0.000
   1.0000000   0.0000000   0.0000000   1.0000000       0.000       0.000
   1.0000000   0.0000000   0.0000000   1.0000000       0.000       0.000
   0.9997330  -0.0008297   0.0008297   0.9997330      -0.751       0.033
