   1.0000000   0.0000000   0.0000000   1.0000000       0.000       0.000
   1.0000000   0.0000000   0.0000000   1.0000000       0.000       0.000
   1.0000000   0.0000000   0.0000000   1.0000000       0.000       0.000
   1.0000000   0.0000000   0.0000000   1.0000000       0.000       0.000
   1.0000000   0.0000000   0.0000000   1.0000000       0.000       0.000
   1.0000000   0.0000000   0.0000000   1.0000000       0.000       0.000
   1.0000000   0.0000000   0.0000000   1.0000000       0.000       0.000
   1.0000000   0.0000000   0.0000000   1.0000000       0.000       0.000
   1.0000000   0.0000000   0.0000000   1.0000000       0.000       0.000
   1.0000000   0.0000000   0.0000000   1.0000000       0.000       0.000
   1.0000000   0.0000000   0.0000000   1.0000000       0.000       0.000
   1.0000000   0.0000000   0.0000000   1.0000000       0.000       0.000
   1.0000000   0.0000000   0.0000000   1.0000000       0.000       0.000
   1.0000000   0.0000000   0.0000000   1.0000000       0.000       0.000
   1.0000000   0.0000000   0.0000000   1.0000000       0.000       0.000
   1.0000000   0.0000000   0.0000000   1.0000000       0.000       0.000
   1.0000000   0.0000000   0.0000000   1.0000000       0.000       0.000
   1.0000000   0.0000000   0.0000000   1.0000000       0.000       0.000
   1.0000000   0.0000000   0.0000000   1.0000000       0.000       0.000
   1.0000000   0.0000000   0.0000000   1.0000000       0.000       0.000
   1.0000000   0.0000000   0.0000000   1.0000000       0.000       0.000
   1.0000000   0.0000000   0.0000000   1.0000000       0.000       0.000
   1.0000000   0.0000000   0.0000000   1.0000000       0.000       0.000
   1.0000000   0.0000000   0.0000000   1.0000000       0.000       0.000
   1.0000000   0.0000000   0.0000000   1.0000000       0.000       0.000
   1.0114174   0.0092646   0.0002814   0.9997562       3.732       0.030
   1.0068766   0.0072113   0.0001343   0.9999672       2.979       0.011
   1.0036707   0.0054660   0.0001889   0.9997331       2.236       0.000
   1.0012959   0.0035060   0.0000863   0.9999692       1.467      -0.001
   1.0001926   0.0016769   0.0000347   0.9999179       0.750      -0.005
   1.0000000   0.0000000   0.0000000   1.0000000       0.000       0.000
   1.0009227  -0.0016662   0.0000256   1.0001028      -0.770      -0.017
   1.0029973  -0.0030805   0.0002043   0.9997875      -1.536      -0.009
   1.0060039  -0.0048408   0.0001496   0.9998184      -2.310       0.015
   1.0100845  -0.0065144   0.0001470   0.9998281      -3.086       0.002
   1.0153244  -0.0082236   0.0001461   0.9998572      -3.883       0.000
