   0.0000000   0.0000000   0.0000000   0.0000000     -32.917      -0.588
   1.5860597   0.0980252   0.0036508   0.9999992      23.991      -0.090
   1.5363799   0.0907879   0.0029479   0.9999558      23.042      -0.105
   1.4898978   0.0842512   0.0024665   0.9998597      22.107      -0.071
   1.4442644   0.0780224   0.0021630   1.0000610      21.247      -0.054
   1.4025944   0.0723023   0.0017651   0.9998518      20.233      -0.057
   1.3634460   0.0669445   0.0013789   0.9999017      19.308      -0.058
   1.3277235   0.0621160   0.0009983   0.9999723      18.369      -0.044
   1.2942369   0.0574676   0.0007481   1.0000401      17.475      -0.016
   1.2635728   0.0531170   0.0004073   1.0000668      16.534      -0.024
   1.2350458   0.0494259   0.0005704   0.9999161      15.614      -0.014
   1.2089727   0.0454581   0.0002542   0.9998231      14.752      -0.033
   1.1843647   0.0421318   0.0003212   0.9998302      13.906      -0.011
   1.1616813   0.0386761   0.0000122   0.9999116      13.027      -0.000
   1.1407840   0.0354193   0.0000627   0.9999396      12.231       0.009
   1.1217933   0.0326595   0.0002314   0.9998793      11.384       0.013
   1.1043366   0.0299311   0.0002594   0.9999528      10.568       0.007
   1.0887214   0.0273081   0.0002006   0.9998664       9.770       0.008
   1.0744457   0.0247285   0.0001375   0.9999133       9.001       0.010
   1.0616914   0.0222109   0.0001300   0.9997885       8.233       0.007
   1.0501719   0.0198356   0.0001341   0.9998229       7.461      -0.006
   1.0399394   0.0176602   0.0002478   1.0000354       6.712      -0.020
   1.0314852   0.0154559   0.0003044   0.9998232       5.965      -0.004
   1.0236043   0.0130937   0.0001353   0.9999491       5.203       0.007
   1.0167785   0.0111276   0.0002250   0.9999716       4.447       0.015
   1.0114174   0.0092646   0.0002814   0.9997562       3.732       0.030
   1.0068766   0.0072113   0.0001343   0.9999672       2.979       0.011
   1.0036707   0.0054660   0.0001889   0.9997331       2.236       0.000
   1.0012959   0.0035060   0.0000863   0.9999692       1.467      -0.001
   1.0001926   0.0016769   0.0000347   0.9999179       0.750      -0.005
   1.0000000   0.0000000   0.0000000   1.0000000       0.000       0.000
   1.0009227  -0.0016662   0.0000256   1.0001028      -0.770      -0.017
   1.0029973  -0.0030805   0.0002043   0.9997875      -1.536      -0.009
   1.0060039  -0.0048408   0.0001496   0.9998184      -2.310       0.015
   1.0100845  -0.0065144   0.0001470   0.9998281      -3.086       0.002
   1.0153244  -0.0082236   0.0001461   0.9998572      -3.883       0.000
   1.0217217  -0.0098485   0.0001807   0.9999079      -4.703      -0.017
   1.0291418  -0.0113098   0.0002585   0.9997592      -5.532      -0.013
   1.0378171  -0.0127935   0.0002595   0.9997360      -6.359      -0.004
   1.0475055  -0.0145385   0.0000979   0.9998609      -7.212      -0.002
   1.0585713  -0.0160775   0.0001855   0.9999253      -8.099       0.005
   1.0712082  -0.0175025   0.0003578   0.9998243      -9.012       0.021
   1.0851216  -0.0190329   0.0003397   0.9998404      -9.964      -0.012
   1.1001916  -0.0206106   0.0002584   0.9998105     -10.931      -0.007
   1.1170181  -0.0223393   0.0000709   1.0000068     -11.936       0.003
   1.1353236  -0.0237568   0.0001694   0.9998659     -12.974      -0.013
   1.1553905  -0.0250345   0.0002595   0.9998419     -14.063      -0.018
   1.1773490  -0.0264557   0.0001576   0.9997451     -15.190      -0.018
   1.2008325  -0.0278496   0.0002141   0.9998479     -16.385      -0.007
   1.2264948  -0.0290885   0.0002178   0.9999768     -17.617      -0.023
   1.2543083  -0.0304475   0.0002791   0.9999973     -18.897      -0.034
   1.2846293  -0.0317179   0.0002261   0.9998670     -20.283      -0.032
   1.3171191  -0.0331105   0.0000731   0.9998963     -21.710      -0.044
   1.3516821  -0.0342716   0.0000514   0.9999853     -23.218      -0.044
   1.3895777  -0.0351429   0.0002948   0.9997702     -24.836      -0.040
   1.4293996  -0.0359410   0.0005644   0.9998219     -26.516      -0.042
   1.4720621  -0.0366097   0.0003591   0.9998713     -28.382      -0.063
   1.5179517  -0.0372468   0.0002772   0.9998045     -30.367      -0.068
   1.5664973  -0.0374903   0.0002468   0.9997296     -32.411      -0.067
   1.6171952  -0.0373386   0.0002136   0.9999104     -34.576      -0.077
   1.6714394  -0.0368301  -0.0001143   0.9996914     -36.989      -0.065
