 Image file (or Return to enter Xcen, Ycen directly):  Be SURE to enter CENTER coordinates, NOT NX and NY
 Xcen, Ycen:  Input model file:  Enter 0 to find transformations, 2 to find X/Y translations only,
    3 to find translations and rotations only,
    4 to find translation, rotation and mag change only,
    1 to transform model, or -1 to back-transform model:  Model built on raw sections (0) or prealigned ones(1):  Name of old file of f transforms to edit (Return if none):  Name of new file of f transforms:  Enter / to find transforms for all section pairs,
      or -999 to find transforms relative to a single section,
      or a list of the section numbers to find transforms for
         (enter number of second section of each pair, ranges are ok)
 1 for full reports of deviations for sections with bad fits, 0 for none:  Enter criterion mean deviation and max deviation; full reports will be given      for sections with mean OR max greater than these criteria:                                         Deviations between transformed points on
                                         section and points on previous section
                                Mean     Max  @object & point #   X-Y Position
  58 points, section #   1       0.00     0.00     1     2         0.00     0.00
  58 points, section #   2       1.65     4.52    46     3       201.30   292.25
    Object  Point       position        deviation vector   angle   magnitude
        1.    3.    249.98    108.74     -2.43      0.05     179.      2.43
        2.    3.    219.50    337.20      4.27     -0.09      -1.      4.27
        3.    3.    211.83     49.12     -1.68      0.04     178.      1.68
        4.    3.    210.65    186.85     -1.49      0.03     179.      1.50
        5.    3.    206.19    508.08     -1.11      0.03     178.      1.11
        6.    3.    247.48    237.73     -2.35      0.04     179.      2.35
        7.    3.    259.68    494.96      3.28     -0.04      -1.      3.28
        8.    3.    170.03     66.05     -0.80      0.03     178.      0.80
        9.    3.    213.38    103.32     -1.64      0.04     179.      1.64
       10.    3.    284.53    119.18      2.40     -0.04      -1.      2.40
       11.    3.    360.10    209.60      0.84     -0.01      -1.      0.84
       12.    3.    295.56    261.14      2.60     -0.06      -1.      2.60
       13.    3.    320.00    507.66     -3.39      0.07     179.      3.39
       14.    3.    170.81    139.74     -0.71      0.02     178.      0.71
       15.    3.    122.20    431.99      0.73     -0.01      -1.      0.73
       16.    3.    329.83    223.68      1.71     -0.03      -1.      1.71
       17.    3.    182.73    251.55     -0.84      0.01     179.      0.84
       18.    3.    200.36    179.22      4.32     -0.08      -1.      4.32
       19.    3.    354.34     40.98      0.76     -0.01      -1.      0.76
       20.    3.    197.43    504.16     -0.81      0.03     178.      0.81
       21.    3.    337.01    316.73     -4.31      0.07     179.      4.31
       22.    3.    385.23    388.61      0.60     -0.02      -2.      0.60
       23.    3.    362.14    292.76      0.96     -0.03      -2.      0.96
       24.    3.    233.09    292.38      3.98     -0.09      -1.      3.98
       25.    3.    210.17    121.08     -1.55      0.04     179.      1.55
       26.    3.    229.55    117.70     -1.93      0.04     179.      1.93
       27.    3.    207.77    110.67     -1.49      0.04     179.      1.49
       28.    3.    282.16    170.27      2.63     -0.05      -1.      2.63
       29.    3.    399.37    364.27      0.12     -0.01      -6.      0.12
       30.    3.    151.55    266.99     -0.25     -0.01    -179.      0.25
       31.    3.    186.57    493.95     -0.46      0.02     177.      0.46
       32.    3.    294.95    508.12      2.94     -0.03      -1.      2.94
       33.    3.    167.10    246.61     -0.47      0.00     180.      0.47
       34.    3.    350.86    449.51      1.42     -0.02      -1.      1.42
       35.    3.    236.68    365.26     -2.01      0.02     179.      2.01
       36.    3.    177.52    326.64     -0.70     -0.00    -180.      0.70
       37.    3.    168.71    328.67     -0.57     -0.01    -179.      0.57
       38.    3.    144.21    164.82     -0.14      0.01     176.      0.14
       39.    3.    195.40    309.31     -1.07      0.00     180.      1.07
       40.    3.    117.18    236.29      0.45     -0.01      -2.      0.45
       41.    3.    243.51    501.30     -1.97      0.04     179.      1.97
       42.    3.    194.65    186.56     -1.15      0.03     179.      1.15
       43.    3.    359.70    203.68      0.84     -0.01      -1.      0.84
       44.    3.    356.42    280.40      1.03     -0.03      -2.      1.03
       45.    3.    362.54    194.71      0.66     -0.01      -1.      0.66
       46.    3.    201.30    292.25      4.52     -0.10      -1.      4.52
       47.    3.    114.17    267.70      0.52     -0.02      -2.      0.52
       48.    3.    188.54    491.53     -0.55      0.02     178.      0.55
       49.    3.    384.15    262.41      0.15     -0.01      -3.      0.15
       50.    3.    301.22    294.38     -3.46      0.05     179.      3.46
       51.    3.    296.84    543.70     -2.79      0.07     179.      2.80
       52.    3.    245.69    408.66     -2.21      0.03     179.      2.21
       53.    3.    219.18    127.55     -1.65      0.04     179.      1.65
       54.    3.    107.75    335.14      0.70     -0.03      -2.      0.70
       55.    3.    191.77    223.60      4.47     -0.09      -1.      4.47
       56.    3.    123.82    111.63      0.30      0.00       1.      0.30
       57.    3.    228.76    129.63     -1.89      0.04     179.      1.89
       58.    3.    106.38    242.29      0.72     -0.02      -2.      0.72
  58 points, section #   3       1.60     4.30    46     4       194.46   292.32
    Object  Point       position        deviation vector   angle   magnitude
        1.    4.    251.80    108.68     -2.30      0.05     179.      2.30
        2.    4.    213.88    337.28      4.07     -0.09      -1.      4.07
        3.    4.    210.97     49.04     -1.63      0.03     179.      1.63
        4.    4.    210.08    186.79     -1.46      0.03     179.      1.46
        5.    4.    206.28    508.03     -1.10      0.03     178.      1.10
        6.    4.    249.61    237.68     -2.23      0.04     179.      2.23
        7.    4.    257.48    495.01      3.11     -0.04      -1.      3.11
        8.    4.    166.49     65.97     -0.81      0.02     179.      0.81
        9.    4.    212.76    103.25     -1.59      0.03     179.      1.59
       10.    4.    282.85    119.23      2.30     -0.05      -1.      2.31
       11.    4.    363.71    209.65      0.89     -0.00      -0.      0.89
       12.    4.    294.72    261.22      2.49     -0.06      -1.      2.49
       13.    4.    327.44    507.64     -3.19      0.06     179.      3.19
       14.    4.    167.50    139.67     -0.72      0.02     178.      0.72
       15.    4.    116.41    431.94      0.65     -0.00      -0.      0.65
       16.    4.    331.26    223.75      1.70     -0.03      -1.      1.70
       17.    4.    180.51    251.51     -0.85      0.01     180.      0.85
       18.    4.    193.25    179.27      4.11     -0.08      -1.      4.11
       19.    4.    357.12     41.03      0.83     -0.01      -1.      0.83
       20.    4.    196.80    504.11     -0.82      0.03     178.      0.82
       21.    4.    345.41    316.70     -4.04      0.05     179.      4.04
       22.    4.    390.89    388.69      0.65     -0.03      -2.      0.65
       23.    4.    366.04    292.83      1.00     -0.03      -1.      1.00
       24.    4.    228.20    292.45      3.79     -0.09      -1.      3.79
       25.    4.    209.38    121.02     -1.51      0.03     179.      1.51
       26.    4.    229.99    117.64     -1.85      0.04     179.      1.85
       27.    4.    206.77    110.60     -1.45      0.03     179.      1.45
       28.    4.    280.34    170.32      2.52     -0.05      -1.      2.52
       29.    4.    406.05    364.36      0.21     -0.02      -6.      0.21
       30.    4.    147.42    266.95     -0.29     -0.00    -179.      0.29
       31.    4.    185.07    493.90     -0.49      0.02     178.      0.49
       32.    4.    294.69    508.18      2.81     -0.03      -1.      2.81
       33.    4.    163.80    246.56     -0.50      0.00     180.      0.50
       34.    4.    354.40    449.58      1.41     -0.02      -1.      1.41
       35.    4.    238.49    365.24     -1.93      0.01     180.      1.93
       36.    4.    175.22    326.61     -0.71     -0.01    -179.      0.71
       37.    4.    165.90    328.64     -0.59     -0.01    -179.      0.59
       38.    4.    139.23    164.75     -0.18      0.01     176.      0.18
       39.    4.    194.20    309.28     -1.06     -0.00    -180.      1.06
       40.    4.    110.69    236.23      0.38     -0.00      -1.      0.38
       41.    4.    246.10    501.26     -1.90      0.04     179.      1.90
       42.    4.    193.02    186.49     -1.15      0.03     179.      1.15
       43.    4.    363.27    203.74      0.89     -0.00      -0.      0.89
       44.    4.    359.94    280.48      1.06     -0.02      -1.      1.06
       45.    4.    366.38    194.77      0.73      0.00       0.      0.73
       46.    4.    194.46    292.32      4.30     -0.09      -1.      4.30
       47.    4.    107.60    267.65      0.44     -0.01      -2.      0.44
       48.    4.    187.21    491.48     -0.57      0.02     178.      0.57
       49.    4.    389.74    262.48      0.24     -0.01      -1.      0.24
       50.    4.    307.08    294.35     -3.25      0.05     179.      3.25
       51.    4.    302.79    543.66     -2.64      0.06     179.      2.64
       52.    4.    248.27    408.63     -2.12      0.03     179.      2.12
       53.    4.    218.91    127.48     -1.60      0.03     179.      1.60
       54.    4.    100.98    335.09      0.62     -0.02      -2.      0.62
       55.    4.    184.30    223.66      4.25     -0.08      -1.      4.25
       56.    4.    117.29    111.55      0.25      0.01       1.      0.25
       57.    4.    229.16    129.57     -1.81      0.04     179.      1.81
       58.    4.     99.17    242.23      0.63     -0.01      -1.      0.63
  58 points, section #   4       1.54     4.14    46     5       187.74   292.35
    Object  Point       position        deviation vector   angle   magnitude
        1.    5.    253.62    108.57     -2.23      0.06     179.      2.24
        2.    5.    208.36    337.31      3.93     -0.07      -1.      3.93
        3.    5.    210.20     48.93     -1.55      0.05     178.      1.55
        4.    5.    209.61    186.69     -1.39      0.01     180.      1.39
        5.    5.    206.45    507.96     -1.09      0.03     179.      1.09
        6.    5.    251.75    237.59     -2.17      0.03     179.      2.17
        7.    5.    255.31    495.03      3.02     -0.04      -1.      3.02
        8.    5.    163.11     65.86     -0.79      0.04     177.      0.80
        9.    5.    212.22    103.14     -1.52      0.04     179.      1.52
       10.    5.    281.18    119.23      2.29     -0.05      -1.      2.29
       11.    5.    367.14    209.64      0.91     -0.02      -1.      0.91
       12.    5.    293.86    261.25      2.45     -0.07      -2.      2.45
       13.    5.    334.73    507.57     -3.01      0.05     179.      3.01
       14.    5.    164.36    139.57     -0.71      0.01     179.      0.71
       15.    5.    110.82    431.87      0.56      0.02       2.      0.56
       16.    5.    332.58    223.75      1.66     -0.04      -1.      1.66
       17.    5.    178.44    251.43     -0.82     -0.01    -179.      0.82
       18.    5.    186.26    179.27      3.94     -0.08      -1.      3.94
       19.    5.    359.73     41.00      0.82      0.02       2.      0.82
       20.    5.    196.28    504.04     -0.82      0.02     179.      0.82
       21.    5.    353.62    316.64     -3.82      0.06     179.      3.82
       22.    5.    396.34    388.73      0.68     -0.00      -0.      0.68
       23.    5.    369.77    292.85      1.00     -0.02      -1.      1.00
       24.    5.    223.39    292.49      3.68     -0.08      -1.      3.68
       25.    5.    208.69    120.91     -1.44      0.03     179.      1.44
       26.    5.    230.48    117.53     -1.79      0.04     179.      1.79
       27.    5.    205.87    110.49     -1.37      0.03     179.      1.37
       28.    5.    278.54    170.33      2.51     -0.06      -1.      2.51
       29.    5.    412.49    364.39      0.27     -0.00      -1.      0.27
       30.    5.    143.46    266.87     -0.33     -0.01    -179.      0.33
       31.    5.    183.69    493.83     -0.50      0.02     178.      0.50
       32.    5.    294.40    508.20      2.73     -0.04      -1.      2.73
       33.    5.    160.65    246.48     -0.50     -0.01    -179.      0.51
       34.    5.    357.79    449.60      1.39     -0.01      -0.      1.39
       35.    5.    240.32    365.18     -1.89      0.04     179.      1.89
       36.    5.    173.06    326.55     -0.71      0.00     180.      0.71
       37.    5.    163.24    328.58     -0.61      0.01     180.      0.61
       38.    5.    134.46    164.65     -0.24      0.00     179.      0.24
       39.    5.    193.11    309.22     -1.04      0.00     180.      1.04
       40.    5.    104.43    236.14      0.26     -0.01      -3.      0.26
       41.    5.    248.70    501.19     -1.83      0.04     179.      1.83
       42.    5.    191.52    186.39     -1.07      0.00     180.      1.07
       43.    5.    366.66    203.73      0.91     -0.02      -1.      0.91
       44.    5.    363.30    280.49      1.06     -0.02      -1.      1.06
       45.    5.    370.04    194.75      0.76     -0.01      -1.      0.76
       46.    5.    187.74    292.35      4.13     -0.08      -1.      4.14
       47.    5.    101.26    267.57      0.32     -0.01      -2.      0.32
       48.    5.    186.00    491.41     -0.59      0.02     178.      0.59
       49.    5.    395.11    262.48      0.32     -0.02      -3.      0.32
       50.    5.    312.83    294.28     -3.11      0.05     179.      3.11
       51.    5.    308.63    543.59     -2.50      0.04     179.      2.50
       52.    5.    250.85    408.57     -2.06      0.05     179.      2.06
       53.    5.    218.73    127.38     -1.53      0.03     179.      1.53
       54.    5.     94.43    335.03      0.51      0.01       1.      0.51
       55.    5.    176.97    223.66      4.06     -0.09      -1.      4.06
       56.    5.    110.98    111.44      0.13      0.02       8.      0.13
       57.    5.    229.63    129.46     -1.74      0.04     179.      1.74
       58.    5.     92.20    242.14      0.48     -0.01      -2.      0.49
  58 points, section #   5       1.56     4.09    46     6       180.93   292.39
    Object  Point       position        deviation vector   angle   magnitude
        1.    6.    255.39    108.52     -2.19      0.03     179.      2.19
        2.    6.    202.74    337.33      3.84     -0.08      -1.      3.84
        3.    6.    209.31     48.90     -1.59      0.02     179.      1.59
        4.    6.    209.03    186.67     -1.44      0.03     179.      1.44
        5.    6.    206.60    507.85     -1.15      0.03     178.      1.15
        6.    6.    253.85    237.54     -2.14      0.03     179.      2.14
        7.    6.    253.08    495.00      2.91     -0.02      -0.      2.91
        8.    6.    159.62     65.82     -0.81      0.01     179.      0.81
        9.    6.    211.57    103.11     -1.56      0.03     179.      1.56
       10.    6.    279.38    119.29      2.23     -0.03      -1.      2.23
       11.    6.    370.54    209.67      0.98      0.00       0.      0.98
       12.    6.    292.92    261.30      2.39     -0.04      -1.      2.39
       13.    6.    341.99    507.47     -2.86      0.05     179.      2.86
       14.    6.    161.09    139.54     -0.74      0.02     178.      0.74
       15.    6.    105.16    431.77      0.48     -0.01      -1.      0.48
       16.    6.    333.87    223.79      1.69     -0.02      -1.      1.69
       17.    6.    176.26    251.41     -0.89      0.01     179.      0.89
       18.    6.    179.18    179.34      3.95     -0.05      -1.      3.95
       19.    6.    362.32     41.02      0.92     -0.02      -1.      0.92
       20.    6.    195.72    503.94     -0.89      0.03     178.      0.89
       21.    6.    361.78    316.56     -3.67      0.03     179.      3.67
       22.    6.    401.79    388.71      0.81     -0.03      -2.      0.81
       23.    6.    373.47    292.86      1.07     -0.02      -1.      1.08
       24.    6.    218.47    292.54      3.60     -0.07      -1.      3.60
       25.    6.    207.88    120.88     -1.49      0.03     179.      1.49
       26.    6.    230.90    117.49     -1.79      0.03     179.      1.79
       27.    6.    204.85    110.46     -1.43      0.03     179.      1.43
       28.    6.    276.59    170.39      2.43     -0.03      -1.      2.43
       29.    6.    418.92    364.38      0.42     -0.03      -4.      0.42
       30.    6.    139.43    266.84     -0.36     -0.00    -180.      0.36
       31.    6.    182.26    493.74     -0.58      0.02     178.      0.58
       32.    6.    294.09    508.17      2.64     -0.02      -0.      2.64
       33.    6.    157.41    246.46     -0.55      0.01     179.      0.55
       34.    6.    361.19    449.57      1.45     -0.02      -1.      1.45
       35.    6.    242.12    365.09     -1.88     -0.01    -180.      1.88
       36.    6.    170.82    326.50     -0.77     -0.01    -179.      0.77
       37.    6.    160.51    328.52     -0.66     -0.02    -179.      0.66
       38.    6.    129.60    164.62     -0.22      0.02     175.      0.22
       39.    6.    191.95    309.18     -1.10     -0.01    -180.      1.10
       40.    6.     98.11    236.11      0.30      0.00       0.      0.30
       41.    6.    251.28    501.08     -1.83      0.04     179.      1.83
       42.    6.    189.89    186.38     -1.15      0.03     178.      1.15
       43.    6.    370.02    203.76      0.98      0.00       0.      0.98
       44.    6.    366.64    280.51      1.13     -0.02      -1.      1.13
       45.    6.    373.66    194.77      0.82      0.00       0.      0.82
       46.    6.    180.93    292.39      4.09     -0.07      -1.      4.09
       47.    6.     94.87    267.53      0.34     -0.01      -2.      0.34
       48.    6.    184.74    491.32     -0.66      0.02     178.      0.66
       49.    6.    400.43    262.50      0.38     -0.00      -1.      0.38
       50.    6.    318.54    294.21     -2.99      0.03     179.      2.99
       51.    6.    314.45    543.48     -2.39      0.06     179.      2.39
       52.    6.    253.42    408.47     -2.04      0.01     180.      2.04
       53.    6.    218.44    127.35     -1.56      0.03     179.      1.56
       54.    6.     87.82    334.96      0.47     -0.03      -4.      0.47
       55.    6.    169.55    223.73      4.07     -0.05      -1.      4.07
       56.    6.    104.61    111.41      0.20      0.01       2.      0.20
       57.    6.    230.00    129.43     -1.76      0.03     179.      1.76
       58.    6.     85.18    242.11      0.54     -0.00      -0.      0.54

 FORMATTED  new  file opened: o.xf
