 Image file (or Return to enter Xcen, Ycen directly): 
 RO image file on unit   1 : img7.mrc     Size=          9 K

 Number of columns, rows, sections .....      40      30       7
 Map mode ..............................    0   (bytes - signed in file)   
 Start cols, rows, sects, grid x,y,z ...    0     0     0      40     30      7
 Pixel spacing (Angstroms)..............   1.000      1.000      1.000    
 Cell angles ...........................   90.000   90.000   90.000
 Fast, medium, slow axes ...............    X    Y    Z
 Origin on x,y,z .......................    0.000       0.000       0.000    
 Minimum density .......................   0.0000     (  -128.00     in file)
 Maximum density .......................   254.00     (   126.00     in file)
 Mean density ..........................   127.42     ( -0.57786     in file)
 tilt angles (original,current) ........   0.0   0.0   0.0   0.0   0.0   0.0
 Space group,# extra bytes,idtype,lens .        0        0        0        0

     1 Titles :
raw2mrc: Converted to mrc format.                       25-Sep-26  02:35:52    

 Piece list file if image is a montage, otherwise Return: 
 FORMATTED  ro  file opened: gap.pl
 There are   1 gaps in section Z values
 Enter 0 for xform lists that have xforms only for existing sections,
    or 1 for xform lists that have xforms for all Z values in range:  Input model file:  Enter 0 to find transformations, 2 to find X/Y translations only,
    3 to find translations and rotations only,
    4 to find translation, rotation and mag change only,
    1 to transform model, or -1 to back-transform model:  Model built on raw sections (0) or prealigned ones(1):  New model file name:  File for list of g transforms to apply: 
 FORMATTED  ro  file opened: x8.xf
Transforming model with transforms from x8.xf
           1  points with Z values out of range of transforms
