 Image file (or Return to enter Xcen, Ycen directly):  Be SURE to enter CENTER coordinates, NOT NX and NY
 Xcen, Ycen:  Input model file:  Enter 0 to find transformations, 2 to find X/Y translations only,
    3 to find translations and rotations only,
    4 to find translation, rotation and mag change only,
    1 to transform model, or -1 to back-transform model:  Model built on raw sections (0) or prealigned ones(1):  File of old g transforms used in prealignment:  Name of old file of f transforms to edit (Return if none):  Name of new file of f transforms:  Enter / to find transforms for all section pairs,
      or -999 to find transforms relative to a single section,
      or a list of the section numbers to find transforms for
         (enter number of second section of each pair, ranges are ok)
 Number of single section to find transforms relative to:  Now enter list of sections to find transforms for (/ for all)
 1 for full reports of deviations for sections with bad fits, 0 for none: 
 FORMATTED  ro  file opened: BBa.xf
Back-transforming model with inverse of transforms from BBa.xf

 FORMATTED  ro  file opened: BBb.xf
                                        Deviations between transformed points on
                                         section and points on previous section
                                Mean     Max  @object & point #   X-Y Position
  58 points, section #  25       5.70    12.08    46    26        56.64   342.89
  58 points, section #  26       4.56     9.57    46    27        56.64   342.89
  58 points, section #  27       3.43     7.11    46    28        56.64   342.89
  58 points, section #  28       2.29     4.70    46    29        56.64   342.89
  58 points, section #  29       1.15     2.34    46    30        56.64   342.89
 less than           4  points for section #           30
  58 points, section #  31       1.15     2.30    46    32        56.64   342.89
  58 points, section #  32       2.32     4.60    46    33        56.64   342.89
  58 points, section #  33       3.48     6.82    46    34        56.64   342.89
  58 points, section #  34       4.66     9.04    46    35        56.64   342.89
  58 points, section #  35       5.85    11.23    46    36        56.64   342.89

 FORMATTED  new  file opened: o.xf
