   0.9787406  -0.1898027   0.1861717   0.9824202     -20.199       1.220
   1.0000000   0.0000000   0.0000000   1.0000000    -239.142    -274.633
   1.0000000   0.0000000   0.0000000   1.0000000       0.543       0.009
   1.0000000   0.0000000   0.0000000   1.0000000       0.507       0.050
   1.0000000   0.0000000   0.0000000   1.0000000       0.571       0.027
   1.0000000   0.0000000   0.0000000   1.0000000       0.392       0.011
   1.0000000   0.0000000   0.0000000   1.0000000       0.410       0.014
   1.0000000   0.0000000   0.0000000   1.0000000       0.323       0.028
   1.0000000   0.0000000   0.0000000   1.0000000       0.308       0.038
   1.0000000   0.0000000   0.0000000   1.0000000       0.201       0.005
   1.0000000   0.0000000   0.0000000   1.0000000       0.160       0.004
   1.0000000   0.0000000   0.0000000   1.0000000       0.136      -0.006
   1.0000000   0.0000000   0.0000000   1.0000000       0.105       0.019
   1.0000000   0.0000000   0.0000000   1.0000000       0.016       0.023
   1.0000000   0.0000000   0.0000000   1.0000000       0.028       0.007
   1.0000000   0.0000000   0.0000000   1.0000000      -0.084      -0.003
   1.0000000   0.0000000   0.0000000   1.0000000      -0.113      -0.007
   1.0000000   0.0000000   0.0000000   1.0000000      -0.167       0.003
   1.0000000   0.0000000   0.0000000   1.0000000      -0.194       0.005
   1.0000000   0.0000000   0.0000000   1.0000000      -0.253      -0.002
   1.0000000   0.0000000   0.0000000   1.0000000      -0.308      -0.013
   1.0000000   0.0000000   0.0000000   1.0000000      -0.341      -0.018
   1.0000000   0.0000000   0.0000000   1.0000000      -0.411       0.014
   1.0000000   0.0000000   0.0000000   1.0000000      -0.454       0.018
   1.0000000   0.0000000   0.0000000   1.0000000      -0.492       0.004
   1.0000000   0.0000000   0.0000000   1.0000000      -0.512       0.014
   1.0000000   0.0000000   0.0000000   1.0000000      -0.582      -0.014
   1.0000000   0.0000000   0.0000000   1.0000000      -0.626      -0.012
   1.0000000   0.0000000   0.0000000   1.0000000      -0.683       0.002
   1.0000000   0.0000000   0.0000000   1.0000000      -0.678      -0.002
   1.0000000   0.0000000   0.0000000   1.0000000      -0.742       0.006
   1.0000000   0.0000000   0.0000000   1.0000000      -0.799      -0.018
   1.0000000   0.0000000   0.0000000   1.0000000      -0.829       0.003
   1.0000000   0.0000000   0.0000000   1.0000000      -0.862       0.025
   1.0000000   0.0000000   0.0000000   1.0000000      -0.890      -0.012
   1.0000000   0.0000000   0.0000000   1.0000000      -0.936      -0.001
   1.0000000   0.0000000   0.0000000   1.0000000      -0.981      -0.018
   1.0000000   0.0000000   0.0000000   1.0000000      -1.004       0.002
   1.0000000   0.0000000   0.0000000   1.0000000      -1.019       0.009
   1.0000000   0.0000000   0.0000000   1.0000000      -1.050       0.006
   1.0000000   0.0000000   0.0000000   1.0000000      -1.094       0.005
   1.0000000   0.0000000   0.0000000   1.0000000      -1.128       0.013
   1.0000000   0.0000000   0.0000000   1.0000000      -1.163      -0.032
   1.0000000   0.0000000   0.0000000   1.0000000      -1.168       0.007
   1.0000000   0.0000000   0.0000000   1.0000000      -1.200       0.014
   1.0000000   0.0000000   0.0000000   1.0000000      -1.217      -0.018
   1.0000000   0.0000000   0.0000000   1.0000000      -1.247      -0.005
   1.0000000   0.0000000   0.0000000   1.0000000      -1.261       0.002
   1.0000000   0.0000000   0.0000000   1.0000000      -1.289       0.010
   1.0000000   0.0000000   0.0000000   1.0000000      -1.292      -0.016
   1.0000000   0.0000000   0.0000000   1.0000000      -1.297      -0.012
   1.0000000   0.0000000   0.0000000   1.0000000      -1.343       0.003
   1.0000000   0.0000000   0.0000000   1.0000000      -1.325      -0.010
   1.0000000   0.0000000   0.0000000   1.0000000      -1.333      -0.000
   1.0000000   0.0000000   0.0000000   1.0000000      -1.360       0.004
   1.0000000   0.0000000   0.0000000   1.0000000      -1.338      -0.003
   1.0000000   0.0000000   0.0000000   1.0000000      -1.398      -0.020
   1.0000000   0.0000000   0.0000000   1.0000000      -1.401      -0.005
   1.0000000   0.0000000   0.0000000   1.0000000      -1.357       0.002
   1.0000000   0.0000000   0.0000000   1.0000000      -1.350      -0.010
   1.0000000   0.0000000   0.0000000   1.0000000      -1.411       0.012
