Using model header to determine center coordinates:     0.5     0.5
                                        Deviations between transformed points on
                                         section and points on previous section
                                Mean     Max  @object & point #   X-Y Position
  10 points, section #   1       0.71     1.96    10     3       101.00   102.00
    Object  Point       position        deviation vector   angle   magnitude
        1.    2.    239.92    244.98     -0.05      0.58      95.      0.58
        2.    2.    357.80    219.72     -0.21      0.07     161.      0.22
        3.    2.    101.99    195.76      0.54     -0.52     -44.      0.75
        4.    2.    319.13    116.22      0.30     -0.80     -69.      0.85
        5.    2.     88.02    135.60     -0.36     -0.70    -117.      0.79
        6.    2.     86.38     76.07      0.03     -0.56     -87.      0.56
        7.    2.    279.91     36.19      0.38      0.41      47.      0.56
        8.    2.    330.52     66.22     -0.32      0.04     172.      0.32
        9.    2.    155.50     73.36     -0.09     -0.46    -101.      0.47
       10.    3.    101.00    102.00     -0.22      1.94      96.      1.96
   9 points, section #   2       0.46     0.71     1     3       241.35   244.23
    Object  Point       position        deviation vector   angle   magnitude
        1.    3.    241.35    244.23     -0.27     -0.66    -113.      0.71
        2.    3.    359.32    219.44     -0.01      0.42      92.      0.42
        3.    3.    103.06    195.74     -0.11      0.08     144.      0.13
        4.    3.    320.36    116.23      0.35      0.19      28.      0.40
        5.    3.     90.11    135.43      0.60      0.25      23.      0.65
        6.    3.     88.19     75.44     -0.01     -0.28     -93.      0.28
        7.    3.    281.25     34.53     -0.31     -0.56    -119.      0.64
        8.    3.    332.45     65.13      0.23      0.07      17.      0.24
        9.    3.    157.36     72.67     -0.46      0.49     133.      0.68
 less than           4  points for section #            3
 less than           4  points for section #            4
   8 points, section #   5       0.58     0.80     1     5       245.83   242.28
    Object  Point       position        deviation vector   angle   magnitude
        1.    5.    245.83    242.28     -0.80     -0.09    -174.      0.80
        2.    5.    364.62    217.36      0.48     -0.02      -2.      0.48
        3.    5.    107.61    193.31      0.38      0.50      53.      0.63
        5.    5.     94.51    132.08      0.33     -0.47     -55.      0.58
        6.    5.     92.54     73.21     -0.56     -0.41    -144.      0.70
        7.    5.    286.49     34.15     -0.01      0.43      91.      0.43
        8.    5.    337.33     63.53     -0.14     -0.43    -108.      0.46
        9.    5.    162.70     70.83      0.32      0.49      57.      0.59
   8 points, section #   6       0.60     0.84     1     6       247.73   241.97
    Object  Point       position        deviation vector   angle   magnitude
        1.    6.    247.73    241.97      0.80      0.23      16.      0.84
        2.    6.    365.05    216.52     -0.38     -0.45    -130.      0.59
        3.    6.    108.58    192.62     -0.57      0.39     146.      0.69
        5.    6.     95.57    132.14     -0.40     -0.49    -130.      0.63
        6.    6.     94.51     72.95      0.57     -0.10     -10.      0.58
        7.    6.    287.59     32.30     -0.38     -0.39    -134.      0.54
        8.    6.    338.47     62.52      0.22      0.59      69.      0.63
        9.    6.    163.67     69.45      0.14      0.22      58.      0.26
   9 points, section #   7       0.48     0.79     8     7       339.89    61.26
    Object  Point       position        deviation vector   angle   magnitude
        1.    7.    249.07    240.76     -0.33     -0.34    -135.      0.48
        2.    7.    367.54    216.08      0.12      0.55      78.      0.56
        3.    7.    111.11    191.27      0.00     -0.44     -90.      0.44
        4.    6.    328.40    112.23      0.17      0.11      35.      0.20
        5.    7.     97.75    131.75      0.51      0.59      49.      0.78
        6.    7.     95.54     72.26      0.07     -0.04     -29.      0.08
        7.    7.    289.51     32.04     -0.04      0.40      96.      0.40
        8.    7.    339.89     61.26      0.13     -0.78     -81.      0.79
        9.    7.    165.14     68.47     -0.62     -0.05    -176.      0.62

 FORMATTED  new  file opened: o.xf
