Using model header to determine center coordinates:     0.5     0.5
                                        Deviations between transformed points on
                                         section and points on previous section
                                Mean     Max  @object & point #   X-Y Position
  10 points, section #   1       0.75     2.20    10     3       101.00   102.00
    Object  Point       position        deviation vector   angle   magnitude
        1.    2.    239.92    244.98      0.20     -0.08     -22.      0.21
        2.    2.    357.80    219.72      0.11     -0.55     -79.      0.56
        3.    2.    101.99    195.76      0.56     -0.81     -55.      0.98
        4.    2.    319.13    116.22      0.40     -0.84     -65.      0.93
        5.    2.     88.02    135.60     -0.46     -0.66    -125.      0.80
        6.    2.     86.38     76.07     -0.18     -0.20    -133.      0.27
        7.    2.    279.91     36.19      0.29      0.83      71.      0.88
        8.    2.    330.52     66.22     -0.30      0.26     139.      0.40
        9.    2.    155.50     73.36     -0.23     -0.14    -149.      0.27
       10.    3.    101.00    102.00     -0.37      2.17     100.      2.20
   9 points, section #   2       0.60     1.13     5     3        90.11   135.43
    Object  Point       position        deviation vector   angle   magnitude
        1.    3.    241.35    244.23     -0.20     -1.02    -101.      1.04
        2.    3.    359.32    219.44     -0.23     -0.29    -128.      0.37
        3.    3.    103.06    195.74      0.22      0.32      55.      0.39
        4.    3.    320.36    116.23      0.11     -0.13     -50.      0.17
        5.    3.     90.11    135.43      0.89      0.69      38.      1.13
        6.    3.     88.19     75.44      0.22      0.31      54.      0.38
        7.    3.    281.25     34.53     -0.55     -0.54    -135.      0.77
        8.    3.    332.45     65.13     -0.09     -0.16    -118.      0.19
        9.    3.    157.36     72.67     -0.39      0.85     115.      0.93
 less than           1  points for section #            3
   1 points, section #   4       0.00     0.00    10     6       106.00    97.00
    Object  Point       position        deviation vector   angle   magnitude
       10.    6.    106.00     97.00      0.00      0.00       0.      0.00
   8 points, section #   5       0.70     1.07     7     5       286.49    34.15
    Object  Point       position        deviation vector   angle   magnitude
        1.    5.    245.83    242.28     -0.71     -0.48    -146.      0.85
        2.    5.    364.62    217.36      0.76      0.05       4.      0.76
        3.    5.    107.61    193.31      0.22     -0.10     -23.      0.24
        5.    5.     94.51    132.08      0.13     -0.85     -81.      0.86
        6.    5.     92.54     73.21     -0.78     -0.53    -146.      0.94
        7.    5.    286.49     34.15      0.09      1.07      85.      1.07
        8.    5.    337.33     63.53      0.05      0.22      77.      0.23
        9.    5.    162.70     70.83      0.22      0.60      69.      0.64
   8 points, section #   6       0.65     0.90     3     6       108.58   192.62
    Object  Point       position        deviation vector   angle   magnitude
        1.    6.    247.73    241.97      0.46      0.39      40.      0.60
        2.    6.    365.05    216.52     -0.69     -0.38    -151.      0.79
        3.    6.    108.58    192.62     -0.73      0.53     144.      0.90
        5.    6.     95.57    132.14     -0.38     -0.43    -131.      0.58
        6.    6.     94.51     72.95      0.77     -0.13     -10.      0.78
        7.    6.    287.59     32.30     -0.12     -0.56    -102.      0.58
        8.    6.    338.47     62.52      0.38      0.44      49.      0.58
        9.    6.    163.67     69.45      0.33      0.16      26.      0.36
   9 points, section #   7       0.51     0.77     8     7       339.89    61.26
    Object  Point       position        deviation vector   angle   magnitude
        1.    7.    249.07    240.76     -0.19     -0.46    -113.      0.49
        2.    7.    367.54    216.08      0.35      0.42      50.      0.55
        3.    7.    111.11    191.27     -0.04     -0.48     -95.      0.48
        4.    6.    328.40    112.23      0.25      0.10      22.      0.27
        5.    7.     97.75    131.75      0.39      0.61      58.      0.73
        6.    7.     95.54     72.26     -0.11      0.04     158.      0.12
        7.    7.    289.51     32.04     -0.08      0.47     100.      0.48
        8.    7.    339.89     61.26      0.17     -0.75     -77.      0.77
        9.    7.    165.14     68.47     -0.74      0.02     178.      0.74

 FORMATTED  new  file opened: o.xf
