
 RO image file on unit   1 : img8.mrc     Size=         10 K

 Number of columns, rows, sections .....      40      30       8
 Map mode ..............................    0   (bytes - signed in file)   
 Start cols, rows, sects, grid x,y,z ...    0     0     0      40     30      8
 Pixel spacing (Angstroms)..............   1.000      1.000      1.000    
 Cell angles ...........................   90.000   90.000   90.000
 Fast, medium, slow axes ...............    X    Y    Z
 Origin on x,y,z .......................    0.000       0.000       0.000    
 Minimum density .......................   0.0000     (  -128.00     in file)
 Maximum density .......................   254.00     (   126.00     in file)
 Mean density ..........................   127.05     ( -0.95428     in file)
 tilt angles (original,current) ........   0.0   0.0   0.0   0.0   0.0   0.0
 Space group,# extra bytes,idtype,lens .        0        0        0        0

     1 Titles :
raw2mrc: Converted to mrc format.                       25-Sep-26  02:35:52    

                                        Deviations between transformed points on
                                         section and points on previous section
                                Mean     Max  @object & point #   X-Y Position
  10 points, section #   1       0.71     1.96    10     3       101.00   102.00
   9 points, section #   2       0.46     0.71     1     3       241.35   244.23
 less than           4  points for section #            3
 less than           4  points for section #            4
   8 points, section #   5       0.58     0.80     1     5       245.83   242.28
   8 points, section #   6       0.60     0.84     1     6       247.73   241.97
   9 points, section #   7       0.48     0.79     8     7       339.89    61.26

 FORMATTED  new  file opened: o.xf
