
Opened NEW file: g1.tlt

Opened NEW file: g1.xf

Opened OLD file: g1.rawtlt

                        Variable mappings 
 View  Rotation     Tilt  (+ incr.)      Mag       Comp      Dmag      Skew
   1   rot    1   tilt   1              fixed      fixed      fixed      fixed 
   2   rot    2   t  1+  4            mag    2     fixed      fixed      fixed 
   3   rot    3   t  1+  4            mag    3     fixed      fixed      fixed 
   4   rot    4   tilt   4            mag    4     fixed      fixed      fixed 
   5   rot    5   t  4+  8            mag    5     fixed      fixed      fixed 
   6   rot    6   t  4+  8            mag    6     fixed      fixed      fixed 
   7   rot    7   t  4+  8            mag    7     fixed      fixed      fixed 
   8   rot    8   tilt   8            mag    8     fixed      fixed      fixed 
   9   rot    9   t  8+ 13            mag    9     fixed      fixed      fixed 
  10   rot   10   t  8+ 13            mag   10     fixed      fixed      fixed 
  11   rot   11   t  8+ 13            mag   11     fixed      fixed      fixed 
  12   rot   12   t  8+ 13            mag   12     fixed      fixed      fixed 
  13   rot   13   tilt  13            mag   13     fixed      fixed      fixed 
  14   rot   14   t 13+fix            mag   14     fixed      fixed      fixed 
  15   rot   15   t 13+fix            mag   15     fixed      fixed      fixed 
  16   rot   16   t 13+fix            mag   16     fixed      fixed      fixed 
  17   rot   17   t 13+fix            mag   17     fixed      fixed      fixed 
  18   rot   18     fixed             mag   18     fixed      fixed      fixed 
  19   rot   19   t 24+fix            mag   19     fixed      fixed      fixed 
  20   rot   20   t 24+fix            mag   20     fixed      fixed      fixed 
  21   rot   21   t 24+fix            mag   21     fixed      fixed      fixed 
  22   rot   22   t 24+fix            mag   22     fixed      fixed      fixed 
  23   rot   23   t 24+fix            mag   23     fixed      fixed      fixed 
  24   rot   24   tilt  24            mag   24     fixed      fixed      fixed 
  25   rot   25   t 24+ 29            mag   25     fixed      fixed      fixed 
  26   rot   26   t 24+ 29            mag   26     fixed      fixed      fixed 
  27   rot   27   t 24+ 29            mag   27     fixed      fixed      fixed 
  28   rot   28   t 24+ 29            mag   28     fixed      fixed      fixed 
  29   rot   29   tilt  29            mag   29     fixed      fixed      fixed 
  30   rot   30   t 29+ 34            mag   30     fixed      fixed      fixed 
  31   rot   31   t 29+ 34            mag   31     fixed      fixed      fixed 
  32   rot   32   t 29+ 34            mag   32     fixed      fixed      fixed 
  33   rot   33   t 29+ 34            mag   33     fixed      fixed      fixed 
  34   rot   34   tilt  34            mag   34     fixed      fixed      fixed 
  35   rot   35   t 34+ 38            mag   35     fixed      fixed      fixed 
  36   rot   36   t 34+ 38            mag   36     fixed      fixed      fixed 
  37   rot   37   t 34+ 38            mag   37     fixed      fixed      fixed 
  38   rot   38   tilt  38            mag   38     fixed      fixed      fixed 
  39   rot   39   t 38+ 41            mag   39     fixed      fixed      fixed 
  40   rot   40   t 38+ 41            mag   40     fixed      fixed      fixed 
  41   rot   41   tilt  41            mag   41     fixed      fixed      fixed 


 Variable Metric minimization                  Initial F:         1.027661
                                               Cycle   10         0.478395
                                               Cycle   20         0.440155
                                               Cycle   30         0.438508
                                               Cycle   40         0.438308
                                               Cycle   50         0.438197

 Number of cycles :    57                      Final   F :        0.438184

Starting robust fitting with    8 weight groups:   4 view groups in  2 rings
 Total cycles for robust fitting:   44         Final   F :        0.390226
 Final mean and max weight change  0.0045  0.0219
  1128 weights:    2 are 0,    8 are < .1,   15 are < .2,    32 ( 2.8%) are < .5

  41 views,   90 geometric variables,   30 3-D points,  1128 projection points
  Ratio of total measured values to all unknowns =  2256/ 257 =   8.78

 At minimum tilt, rotation angle is  -11.81

 view   rotation    tilt    deltilt     mag      dmag      skew    resid-pixels
   1     -12.0     -59.9      0.14    1.0000    0.0000      0.00      0.44
   2     -12.0     -57.0      0.03    1.0015    0.0000      0.00      0.44
   3     -12.0     -54.1     -0.08    1.0019    0.0000      0.00      0.33
   4     -12.0     -51.2     -0.18    1.0014    0.0000      0.00      0.47
   5     -12.0     -48.2     -0.18    0.9987    0.0000      0.00      0.32
   6     -12.0     -45.2     -0.18    1.0008    0.0000      0.00      0.37
   7     -12.0     -42.2     -0.18    0.9994    0.0000      0.00      0.36
   8     -12.0     -39.2     -0.17    1.0006    0.0000      0.00      0.55
   9     -11.9     -36.2     -0.17    0.9995    0.0000      0.00      0.48
  10     -11.9     -33.2     -0.17    0.9990    0.0000      0.00      0.35
  11     -11.9     -30.2     -0.16    1.0007    0.0000      0.00      0.41
  12     -11.9     -27.2     -0.16    1.0023    0.0000      0.00      0.37
  13     -11.9     -24.2     -0.16    1.0008    0.0000      0.00      0.38
  14     -11.9     -21.1     -0.13    0.9986    0.0000      0.00      0.38
  15     -11.9     -18.1     -0.09    0.9982    0.0000      0.00      0.52
  16     -11.8     -15.1     -0.06    0.9997    0.0000      0.00      0.33
  17     -11.8     -12.0     -0.03    0.9997    0.0000      0.00      0.31
  18     -11.9      -9.0      0.00    1.0009    0.0000      0.00      0.43
  19     -11.8      -6.0     -0.00    0.9989    0.0000      0.00      0.38
  20     -11.8      -3.0     -0.00    0.9995    0.0000      0.00      0.43
  21     -11.8      -0.0     -0.00    1.0014    0.0000      0.00      0.31
  22     -11.8       3.0     -0.00    1.0008    0.0000      0.00      0.43
  23     -11.8       6.0     -0.00    0.9980    0.0000      0.00      0.36
  24     -11.8       9.0     -0.00    0.9975    0.0000      0.00      0.33
  25     -11.8      12.0     -0.02    0.9986    0.0000      0.00      0.29
  26     -11.8      15.0     -0.04    0.9959    0.0000      0.00      0.36
  27     -11.8      17.9     -0.05    0.9957    0.0000      0.00      0.31
  28     -11.7      20.9     -0.07    0.9940    0.0000      0.00      0.36
  29     -11.7      23.9     -0.09    0.9945    0.0000      0.00      0.36
  30     -11.7      26.9     -0.06    0.9937    0.0000      0.00      0.31
  31     -11.7      30.0     -0.03    0.9939    0.0000      0.00      0.38
  32     -11.7      33.0     -0.01    0.9959    0.0000      0.00      0.40
  33     -11.7      36.0      0.02    0.9969    0.0000      0.00      0.42
  34     -11.7      39.0      0.04    0.9983    0.0000      0.00      0.29
  35     -11.7      42.0     -0.03    0.9990    0.0000      0.00      0.32
  36     -11.7      44.9     -0.10    0.9971    0.0000      0.00      0.33
  37     -11.7      47.8     -0.17    0.9973    0.0000      0.00      0.47
  38     -11.6      50.8     -0.24    0.9942    0.0000      0.00      0.31
  39     -11.6      53.9     -0.11    0.9942    0.0000      0.00      0.36
  40     -11.6      57.0      0.01    0.9951    0.0000      0.00      0.60
  41     -11.6      60.1      0.14    0.9919    0.0000      0.00      0.40


                     3-D point coordinates (with centroid zero)
   #       X         Y         Z      obj  cont  resid-pixels
   1   -111.84     20.50     69.46      1    1      0.3685
   2     33.97    320.96     78.45      1    2      0.3602
   3    364.85   -325.72    -43.00      1    3      0.3876
   4   -236.08   -287.58    -50.52      1    4      0.3895
   5   -159.81    154.09    -42.60      1    5      0.3936
   6    244.66   -454.77    -54.28      1    6      0.2612
   7     96.24    309.95    -51.62      1    7      0.3267
   8    388.28   -124.43     73.12      1    8      0.3972
   9    187.52    329.57    -46.06      1    9      0.3685
  10   -343.21    134.82    -50.40      1   10      0.3999
  11    249.33    314.68     68.11      1   11      0.3990
  12   -152.34    -14.36     76.70      1   12      0.3889
  13     22.15     73.51    -55.39      1   13      0.3953
  14    -20.64    -64.04    -51.58      1   14      0.3625
  15   -165.23   -458.65     71.08      1   15      0.4301
  16   -409.27    335.09    -46.90      1   16      0.4145
  17    140.08     94.82     75.65      1   17      0.3819
  18    101.88   -141.93    -43.62      1   18      0.3502
  19   -288.87    210.79    -48.98      1   19      0.3746
  20    227.58     -9.21     77.55      1   20      0.3799
  21   -342.33   -223.21    -50.89      1   21      0.3831
  22   -239.34    273.15     71.55      1   22      0.3771
  23    139.47    141.03    -53.83      1   23      0.3292
  24    251.70    -95.15     70.78      1   24      0.4345
  25   -113.54    373.95    -44.80      1   25      0.4162
  26   -100.32   -179.88    -48.89      1   26      0.3375
  27    348.84   -430.80    -43.33      1   27      0.4097
  28   -226.25   -292.08     71.19      1   28      0.3884
  29   -241.35   -311.93    -44.50      1   29      0.4197
  30    353.90    326.84     67.55      1   30      0.4477

 Midpoint of Z range relative to centroid in Z:   11.53

Opened NEW file: g1.resid

 Residual error mean and sd:     0.383   0.218 pixels
 Residual error weighted mean:   0.366         pixels

         Projection points with large residuals (in pixels)
 obj  cont  view   index coordinates      residuals        # of
   #     #     #      X         Y        X        Y        S.D.   Weights
   1    30     8    839.84    816.19     1.12    -1.03     5.22   0.0000
   1    29     9    336.59    260.05     1.09    -0.74     4.29   0.0534
   1    29     8    326.63    269.99    -0.76     1.07     4.28   0.0441
   1     4     8    339.89    293.16    -1.25     0.10     3.98   0.1004
   1     9    37    697.61    882.22     0.94    -0.68     3.58   0.0303
   1     5     1    548.81    689.57    -0.58     1.01     3.56   0.0312
   1    19    15    350.71    807.60    -1.14     0.15     3.51   0.0009
   1     2    18    627.54    836.54    -0.83     0.78     3.48   0.0000
   1    22    40    526.25    821.16     1.07     0.36     3.42   1.0000
   1    10    40    343.88    717.87     0.90     0.64     3.32   1.0000
   1    18     8    621.75    381.48    -0.67     0.82     3.10   0.1618
   1     5     4    532.17    728.24    -0.73     0.77     3.10   0.1127
   1    24     4    644.88    449.21     0.96     0.40     3.02   0.1345

Opened NEW file: g1fid.xyz

 SURFACE ANALYSIS:

 The following parameters are appropriate if fiducials are NOT on two surfaces:

 Fit of one plane to all fiducials:
 # of points =               30
 Mean residual =          54.70
 Adjusted slope =        0.0562
 X axis tilt needed =     -1.38
 Incremental tilt angle change =  -3.22
 Total tilt angle change =        -3.22
 
 The following parameters are appropriate if fiducials ARE on two surfaces,
 based on fit of two parallel planes to fiducials sorted onto two surfaces:

 On bottom surface:
 # of points =           18
 Mean residual =       3.59
 Z axis intercept =   -48.4

 On top surface:
 # of points =           12
 Mean residual =       3.07
 Z axis intercept =    72.6

 Overall mean residual =           3.38
 Thickness at Z intercepts =      121.0
 Adjusted slope =                0.0003
 X axis tilt needed =              0.03
 Incremental tilt angle change =  -0.02
 Total tilt angle change =        -0.02
 
 Unbinned thickness needed to contain centers of all fiducials =         134
 Incremental unbinned shift needed to center range of fiducials in Z =    11.6
 Total unbinned shift needed to center range of fiducials in Z =          11.6

Running 83 searches with points left out

 Global non-robust leave-out error (4258 pts): 0.4263 pixels  weighted 0.3735 pixels
 Global     robust leave-out error (4258 pts): 0.4288 pixels  weighted 0.3751 pixels
        Benefit from robust fitting: unweighted -0.0025   *weighted -0.0016 pixels*
