
Opened NEW file: g2.tlt

Opened NEW file: g2.xtilt

Opened NEW file: g2.xf

Opened OLD file: g2.rawtlt

                        Variable mappings 
 View  Rotation     Tilt  (+ incr.)      Mag       Comp      Dmag      Skew
   1   rot    1   tilt   1              fixed      fixed      fixed      fixed 
   2   rot    2   t  1+  4            mag    2     fixed      fixed      fixed 
   3   rot    3   t  1+  4            mag    3     fixed      fixed      fixed 
   4   rot    4   tilt   4            mag    4     fixed      fixed      fixed 
   5   rot    5   t  4+  7            mag    5     fixed      fixed      fixed 
   6   rot    6   t  4+  7            mag    6     fixed      fixed      fixed 
   7   rot    7   tilt   7            mag    7     fixed      fixed      fixed 
   8   rot    8   t  7+ 12            mag    8     fixed      fixed      fixed 
   9   rot    9   t  7+ 12            mag    9     fixed      fixed      fixed 
  10   rot   10   t  7+ 12            mag   10     fixed      fixed      fixed 
  11   rot   11   t  7+ 12            mag   11     fixed      fixed      fixed 
  12   rot   12   tilt  12            mag   12     fixed      fixed      fixed 
  13   rot   13   t 12+ 17            mag   13     fixed      fixed      fixed 
  14   rot   14   t 12+ 17            mag   14     fixed      fixed      fixed 
  15   rot   15   t 12+ 17            mag   15     fixed      fixed      fixed 
  16   rot   16   t 12+ 17            mag   16     fixed      fixed      fixed 
  17   rot   17   tilt  17            mag   17     fixed      fixed      fixed 
  18   rot   18   t 17+ 22            mag   18     fixed      fixed      fixed 
  19   rot   19   t 17+ 22            mag   19     fixed      fixed      fixed 
  20   rot   20   t 17+ 22            mag   20     fixed      fixed      fixed 
  21   rot   21   t 17+ 22            mag   21     fixed      fixed      fixed 
  22   rot   22   tilt  22            mag   22     fixed      fixed      fixed 
  23   rot   23   t 22+fix            mag   23     fixed      fixed      fixed 
  24   rot   24   t 22+fix            mag   24     fixed      fixed      fixed 
  25   rot   25   t 22+fix            mag   25     fixed      fixed      fixed 
  26   rot   26   t 22+fix            mag   26     fixed      fixed      fixed 
  27   rot   27   t 22+fix            mag   27     fixed      fixed      fixed 
  28   rot   28     fixed             mag   28     fixed      fixed      fixed 
  29   rot   29   t 34+fix            mag   29     fixed      fixed      fixed 
  30   rot   30   t 34+fix            mag   30     fixed      fixed      fixed 
  31   rot   31   t 34+fix            mag   31     fixed      fixed      fixed 
  32   rot   32   t 34+fix            mag   32     fixed      fixed      fixed 
  33   rot   33   t 34+fix            mag   33     fixed      fixed      fixed 
  34   rot   34   tilt  34            mag   34     fixed      fixed      fixed 
  35   rot   35   t 34+ 40            mag   35     fixed      fixed      fixed 
  36   rot   36   t 34+ 40            mag   36     fixed      fixed      fixed 
  37   rot   37   t 34+ 40            mag   37     fixed      fixed      fixed 
  38   rot   38   t 34+ 40            mag   38     fixed      fixed      fixed 
  39   rot   39   t 34+ 40            mag   39     fixed      fixed      fixed 
  40   rot   40   tilt  40            mag   40     fixed      fixed      fixed 
  41   rot   41   t 40+ 45            mag   41     fixed      fixed      fixed 
  42   rot   42   t 40+ 45            mag   42     fixed      fixed      fixed 
  43   rot   43   t 40+ 45            mag   43     fixed      fixed      fixed 
  44   rot   44   t 40+ 45            mag   44     fixed      fixed      fixed 
  45   rot   45   tilt  45            mag   45     fixed      fixed      fixed 
  46   rot   46   t 45+ 50            mag   46     fixed      fixed      fixed 
  47   rot   47   t 45+ 50            mag   47     fixed      fixed      fixed 
  48   rot   48   t 45+ 50            mag   48     fixed      fixed      fixed 
  49   rot   49   t 45+ 50            mag   49     fixed      fixed      fixed 
  50   rot   50   tilt  50            mag   50     fixed      fixed      fixed 
  51   rot   51   t 50+ 55            mag   51     fixed      fixed      fixed 
  52   rot   52   t 50+ 55            mag   52     fixed      fixed      fixed 
  53   rot   53   t 50+ 55            mag   53     fixed      fixed      fixed 
  54   rot   54   t 50+ 55            mag   54     fixed      fixed      fixed 
  55   rot   55   tilt  55            mag   55     fixed      fixed      fixed 
  56   rot   56   t 55+ 58            mag   56     fixed      fixed      fixed 
  57   rot   57   t 55+ 58            mag   57     fixed      fixed      fixed 
  58   rot   58   tilt  58            mag   58     fixed      fixed      fixed 
  59   rot   59   t 58+ 61            mag   59     fixed      fixed      fixed 
  60   rot   60   t 58+ 61            mag   60     fixed      fixed      fixed 
  61   rot   61   tilt  61            mag   61     fixed      fixed      fixed 


 Variable Metric minimization                  Initial F:         4.974692
                                               Cycle   10         0.972308
                                               Cycle   20         0.767271
                                               Cycle   30         0.738852
                                               Cycle   40         0.714778
                                               Cycle   50         0.708062
                                               Cycle   60         0.706723

 Number of cycles :    68                      Final   F :        0.706469

Starting robust fitting with   30 weight groups:  10 view groups in  3 rings
 Total cycles for robust fitting:   27         Final   F :        0.634598
 Final mean and max weight change  0.0032  0.0287
  3935 weights:    2 are 0,   14 are < .1,   26 are < .2,   112 ( 2.8%) are < .5

  61 views,  134 geometric variables,   70 3-D points,  3935 projection points
  Ratio of total measured values to all unknowns =  7870/ 461 =  17.07

 At minimum tilt, rotation angle is   78.30

 view   rotation    tilt    deltilt     mag      dmag      skew    resid-pixels
   1      78.0     -59.7      0.29    1.0000    0.0000      0.00      0.83
   2      78.0     -57.8      0.22    0.9983    0.0000      0.00      1.38
   3      78.0     -55.9      0.15    1.0009    0.0000      0.00      0.41
   4      78.0     -53.9      0.08    1.0007    0.0000      0.00      0.40
   5      78.0     -52.0      0.04    1.0007    0.0000      0.00      0.96
   6      78.1     -50.0      0.00    0.9999    0.0000      0.00      0.72
   7      78.1     -48.0     -0.03    1.0003    0.0000      0.00      0.43
   8      78.1     -46.0     -0.03    1.0011    0.0000      0.00      0.36
   9      78.1     -44.0     -0.02    1.0002    0.0000      0.00      0.40
  10      78.1     -42.0     -0.01    1.0026    0.0000      0.00      0.34
  11      78.1     -40.0     -0.01    1.0022    0.0000      0.00      0.36
  12      78.1     -38.0     -0.00    1.0005    0.0000      0.00      0.42
  13      78.1     -36.0      0.00    1.0000    0.0000      0.00      0.40
  14      78.1     -34.0      0.01    0.9997    0.0000      0.00      0.57
  15      78.1     -32.0      0.01    0.9975    0.0000      0.00      0.40
  16      78.2     -30.0      0.02    0.9955    0.0000      0.00      1.33
  17      78.2     -28.0      0.02    0.9989    0.0000      0.00      0.78
  18      78.2     -26.0      0.03    0.9945    0.0000      0.00      0.39
  19      78.2     -24.0      0.03    0.9940    0.0000      0.00      0.41
  20      78.2     -22.0      0.04    0.9942    0.0000      0.00      0.38
  21      78.2     -20.0      0.04    0.9935    0.0000      0.00      0.40
  22      78.2     -17.9      0.05    0.9945    0.0000      0.00      0.35
  23      78.2     -16.0      0.04    0.9921    0.0000      0.00      0.38
  24      78.2     -14.0      0.03    0.9932    0.0000      0.00      0.36
  25      78.2     -12.0      0.03    0.9922    0.0000      0.00      0.46
  26      78.2     -10.0      0.02    0.9929    0.0000      0.00      0.56
  27      78.3      -8.0      0.01    0.9919    0.0000      0.00      0.40
  28      78.3      -6.0      0.00    0.9914    0.0000      0.00      0.36
  29      78.3      -4.0      0.01    0.9904    0.0000      0.00      0.37
  30      78.3      -2.0      0.03    0.9909    0.0000      0.00      0.35
  31      78.3       0.0      0.04    0.9938    0.0000      0.00      0.39
  32      78.3       2.1      0.05    0.9953    0.0000      0.00      0.36
  33      78.3       4.1      0.07    0.9966    0.0000      0.00      0.67
  34      78.3       6.1      0.08    0.9971    0.0000      0.00      0.35
  35      78.3       8.0      0.05    0.9962    0.0000      0.00      0.42
  36      78.4      10.0      0.01    0.9970    0.0000      0.00      0.42
  37      78.4      12.0     -0.02    0.9994    0.0000      0.00      0.58
  38      78.4      13.9     -0.06    0.9979    0.0000      0.00      0.35
  39      78.4      15.9     -0.09    0.9988    0.0000      0.00      0.46
  40      78.4      17.9     -0.12    1.0006    0.0000      0.00      0.44
  41      78.4      19.9     -0.07    1.0001    0.0000      0.00      0.49
  42      78.4      22.0     -0.01    1.0023    0.0000      0.00      0.56
  43      78.4      24.0      0.04    1.0043    0.0000      0.00      0.68
  44      78.4      26.1      0.10    1.0058    0.0000      0.00      1.00
  45      78.4      28.2      0.15    1.0089    0.0000      0.00      0.36
  46      78.5      30.1      0.09    1.0113    0.0000      0.00      0.34
  47      78.5      32.0      0.04    1.0113    0.0000      0.00      0.44
  48      78.5      34.0     -0.02    1.0133    0.0000      0.00      0.59
  49      78.5      35.9     -0.08    1.0129    0.0000      0.00      0.40
  50      78.5      37.9     -0.14    1.0122    0.0000      0.00      1.08
  51      78.5      39.9     -0.09    1.0132    0.0000      0.00      0.81
  52      78.5      42.0     -0.05    1.0126    0.0000      0.00      0.71
  53      78.5      44.0     -0.00    1.0164    0.0000      0.00      0.92
  54      78.5      46.0      0.05    1.0149    0.0000      0.00      0.37
  55      78.5      48.1      0.09    1.0164    0.0000      0.00      0.99
  56      78.5      50.1      0.06    1.0149    0.0000      0.00      1.46
  57      78.6      52.0      0.03    1.0153    0.0000      0.00      1.04
  58      78.6      54.0     -0.00    1.0175    0.0000      0.00      0.42
  59      78.6      56.0     -0.02    1.0188    0.0000      0.00      1.26
  60      78.6      58.0     -0.03    1.0162    0.0000      0.00      0.42
  61      78.6      60.0     -0.05    1.0140    0.0000      0.00      0.61


                     3-D point coordinates (with centroid zero)
   #       X         Y         Z      obj  cont  resid-pixels
   1     42.11   -113.51    -55.20      1    1      0.4245
   2   -493.91   -361.53    -50.23      1    2      0.4968
   3   -453.92   -151.71     63.01      1    3      0.5987
   4    801.88   -346.05    -55.51      1    4      0.8309
   5    552.25   -713.39    -61.97      1    5      0.7072
   6    298.23   -448.96    -59.00      1    6      0.5105
   7    712.67     24.87     56.37      1    7      0.6446
   8   -790.54    764.72    -58.22      1    8      0.8141
   9     16.36   -212.39     64.08      1    9      0.4259
  10   -225.33    604.89     64.26      1   10      0.4396
  11    518.31   -724.62    -56.32      1   11      0.6665
  12   -261.14    419.50    -61.34      1   12      0.4722
  13   -813.98   -719.36     65.87      1   13      0.8466
  14   -186.82   -780.84     64.13      1   14      0.5918
  15   -592.69    521.73    -58.29      1   15      0.6159
  16   -797.37    591.87     55.43      1   16      0.7666
  17   -814.08    153.71    -51.35      1   17      0.6404
  18     77.55    327.32    -59.75      1   18      0.4135
  19   -424.21     76.77     55.16      1   19      0.5352
  20   -649.78   -536.63     64.44      1   20      0.7124
  21    513.54   -229.60    -57.25      1   21      0.5900
  22    745.02   -132.11     57.86      1   22      0.7307
  23    496.34   -694.43     60.97      1   23      0.5682
  24   -712.47   -290.73     64.47      1   24      0.7000
  25     95.54    727.52     62.21      2    1      0.4820
  26    353.12   -875.97    -57.92      2    2      0.6552
  27   -378.54    253.92    -61.83      2    3      0.5384
  28   -450.93   -862.02    -58.74      2    4      0.5828
  29    344.18   -354.94     65.63      2    5      0.5107
  30    457.59    683.87    -58.00      2    6      0.4900
  31    338.82   -304.64    -59.08      2    7      0.5173
  32   -340.11    687.56     68.39      2    8      0.6020
  33    275.26    729.47     58.46      2    9      0.4990
  34    511.49    495.52     68.56      2   10      0.5677
  35   -173.68    -67.24    -63.23      2   11      0.3453
  36   -394.95   -516.20    -62.79      2   12      0.4845
  37   -658.85   -727.85     62.73      2   13      0.7653
  38   -108.05    212.48     61.30      2   14      0.3947
  39   -504.25    541.98     58.82      2   15      0.6427
  40   -176.58    430.53     60.19      2   16      0.4928
  41    686.37    211.71    -56.70      2   17      0.5940
  42    562.57   -196.15     58.13      2   18      0.5899
  43    758.49    747.54    -52.26      2   19      0.7588
  44   -169.83   -492.87    -54.63      2   20      0.4319
  45    622.38   -366.31     63.73      2   21      0.6262
  46    706.11    570.70    -54.20      2   22      0.7855
  47      8.32    454.54    -58.78      2   23      0.5056
  48    186.70   -256.14    -61.71      3    1      0.4386
  49   -495.42   -303.56     59.04      3    2      0.5330
  50    -18.83    714.28    -54.35      3    3      0.5125
  51   -272.75   -484.92     64.40      3    4      0.5339
  52   -200.33   -118.26    -57.77      3    5      0.4619
  53    180.73   -522.45    -58.34      3    6      0.5042
  54   -174.01     44.39     68.34      3    7      0.4448
  55    589.07    427.03     58.58      3    8      0.6570
  56   -218.06   -365.74     66.29      3    9      0.4939
  57   -506.48    583.51    -64.17      3   10      0.5809
  58    -29.99    684.44    -62.14      3   11      0.5130
  59    331.18    633.28     52.02      3   12      0.5315
  60    697.44    222.32     66.81      3   13      0.5767
  61     48.94    760.50    -59.95      3   14      0.6174
  62    339.42    161.26     64.12      3   15      0.4768
  63     61.25   -886.41     65.99      3   16      0.5102
  64   -383.96   -416.16     58.57      3   17      0.5404
  65    637.31    -84.88     53.80      3   18      0.6229
  66    247.23    553.86    -57.35      3   19      0.5225
  67    369.25   -813.88    -55.34      3   20      0.5564
  68   -418.62    339.64    -63.58      3   21      0.5008
  69   -671.69   -182.83    -56.04      3   22      0.6196
  70   -220.86    298.08    -68.83      3   23      0.4500

 Midpoint of Z range relative to centroid in Z:   -0.13

Opened NEW file: g2.resid

Opened NEW file: g2.zfac

 Residual error mean and sd:     0.570   0.421 pixels    (Global)
 Residual error weighted mean:   0.547         pixels    (Global)

         Projection points with large residuals (in pixels)
 obj  cont  view   index coordinates      residuals        # of
   #     #     #      X         Y        X        Y        S.D.   Weights
   1    13    56   1555.69    439.55    -1.73    -2.93     6.74   0.4099
   2    22    56    447.29   1572.91     1.71     2.89     6.61   0.4311
   2    19    56    278.57   1643.95     1.62     2.42     5.57   0.6082
   1    13    59   1586.36    489.58     1.52     2.46     5.52   0.3725
   1    16    56    249.94    706.44     0.35    -2.81     5.37   0.6398
   1     8     2    118.90    825.81     0.27    -2.80     5.32   0.5720
   1     8    59     88.26    699.10    -0.60     2.61     5.01   0.4788
   2    22    50    465.48   1680.32     0.97     2.47     4.95   0.1755
   1    22     2   1144.14   1338.37     0.07     2.53     4.65   0.5988
   2    13    56   1583.35    533.70    -1.35    -2.13     4.62   0.7537
   1     4    50   1390.37   1569.48     0.45     2.47     4.62   0.2633
   1     4    56   1372.50   1448.69     0.54     2.42     4.54   0.7658
   3    13    16    848.17   1642.83     0.65     2.37     4.48   0.2516
   1    20    56   1394.60    579.22    -1.36    -2.01     4.41   0.7832
   1    16    57    256.87    716.68     0.22    -2.41     4.41   0.7610
   2    19    57    276.03   1612.20     1.87     1.49     4.33   0.7719
   2    13     2   1571.20    484.66    -1.08    -2.12     4.30   0.7357
   1     5    59   1714.18   1153.06     0.52    -2.32     4.30   0.6238
   1    22    56   1169.99   1542.07     0.42     2.33     4.27   0.7421
   1     4     1   1364.88   1422.33    -0.31    -2.32     4.20   0.8331
   1    22    16   1202.79   1615.12     0.71     2.22     4.18   0.3489
   2    13    59   1612.18    572.41     1.16     2.00     4.14   0.6536
   1     7     2    987.41   1355.49     0.19     2.30     4.14   0.6878
   1    17     2    712.25    680.83    -0.19    -2.29     4.11   0.7644
   1    13     2   1545.54    402.72    -1.39    -1.79     4.03   0.7757
   1    24     2   1137.86    545.82    -0.84    -2.10     4.02   0.7765
   1    22    59   1176.29   1477.07    -0.33    -2.20     3.94   0.6148
   1    16    16    224.50    466.52     1.04    -1.95     3.90   0.3213
   1    24    56   1141.57    588.74    -1.02    -1.96     3.89   0.8483
   2    13    55   1574.24    513.14     0.93     1.99     3.86   0.7767
   3    18    16   1138.20   1535.96     0.64     2.09     3.85   0.4608
   1    17    16    660.67    415.17    -0.25    -2.17     3.84   0.3439
   1    15     2    378.72    877.91    -0.38    -2.15     3.83   0.8027
   2    22    59    452.12   1503.93    -1.17    -1.83     3.81   0.7149
   1    13    50   1519.76    307.02    -1.15    -1.84     3.80   0.4974
   2    21     2   1358.59   1221.54    -0.25     2.15     3.80   0.7432
   3     8    16    630.40   1597.46     0.64     2.07     3.79   0.4791
   1     8    16     69.04    562.93     0.88    -1.96     3.76   0.3738
   2    13    44   1570.25    352.87    -1.34    -1.64     3.68   0.0717
   2    21    16   1409.17   1461.09     0.25     2.08     3.63   0.5365
   1     4     2   1379.19   1417.77     0.09     2.09     3.62   0.8291
   3    10     2    328.04    940.33     0.50    -2.03     3.61   0.8304
   1     4    59   1377.29   1371.71    -0.20    -2.07     3.60   0.7523
   2     2    44   1888.91   1163.06    -1.42     1.53     3.60   0.0934
   3    22    16   1014.74    468.69    -0.74    -1.94     3.58   0.5500
   2    19    55    280.13   1672.53    -0.94    -1.85     3.57   0.8265
   2    22     2    471.98   1557.11     1.22     1.67     3.56   0.8361
   3    22     2   1058.23    688.68    -0.96    -1.82     3.54   0.7818
   2    19     2    305.04   1619.22     0.91     1.85     3.54   0.8391
   3    18     2   1086.40   1295.97     0.50     1.99     3.51   0.7863
   1    24    59   1170.05    632.24     0.99     1.79     3.50   0.7688
   1     4    52   1386.51   1533.11     0.03     2.04     3.50   0.7415
   2    19    59    281.36   1570.52    -0.78    -1.88     3.49   0.7706
   2    18    16   1233.53   1448.12     0.08     2.03     3.48   0.5854
   1     4    16   1433.81   1674.84    -0.23     2.02     3.47   0.4845
   1     5    56   1705.83   1210.83    -0.72     1.89     3.46   0.8946
   1    24    53   1155.16    489.95     0.72     1.89     3.45   0.8021
   1    20    55   1385.29    559.19     0.86     1.83     3.45   0.8464
   2     8    56    215.43   1026.60     0.87    -1.82     3.42   0.8979
   2    19    53    320.64   1676.49    -1.41    -1.43     3.42   0.8088
   1     5    16   1749.51   1392.96    -1.48     1.35     3.41   0.5100
   1     8     5    124.76    778.63    -0.20     1.98     3.37   0.5312
   1    20    59   1422.56    617.80     1.12     1.65     3.37   0.7896
   1     7    57   1007.97   1523.43     0.61     1.87     3.32   0.8560
   2    10     2    502.75   1338.68     0.87     1.76     3.32   0.8128
   1    13    44   1534.00    218.49    -1.29    -1.48     3.30   0.1914
   3    10    16    296.84    768.50     0.49    -1.90     3.30   0.5500
   1    12    16    500.30    940.76    -0.05    -1.95     3.28   0.0000
   1    23    16   1707.80   1289.33    -0.68     1.81     3.24   0.5729
   1    16    59    278.42    755.18     0.09     1.93     3.23   0.8120
   1    16    51    242.18    609.38    -0.88     1.71     3.22   0.7355
   1     4    53   1414.74   1484.62    -0.32    -1.87     3.15   0.8543
   2    17    16    868.86   1692.18     0.94     1.64     3.14   0.6899
   3     8     2    579.92   1373.24     0.90     1.66     3.13   0.8386
   1    11    16   1753.64   1359.22    -1.25     1.41     3.12   0.6176
   2     2    56   1842.52   1054.20    -0.85     1.68     3.12   0.9258
   2    10    16    548.62   1541.56     0.93     1.62     3.08   0.7077
   1    11    59   1722.31   1135.91     0.72    -1.72     3.07   0.8360
   1    13    57   1562.78    449.51    -1.32    -1.31     3.07   0.9193
   1     7    16   1044.28   1621.12     0.70     1.70     3.01   0.7290
   1     3    56   1036.69    780.20    -1.18    -1.41     3.00   0.4048

Opened NEW file: g2fid.xyz

 SURFACE ANALYSIS:

 The following parameters are appropriate if fiducials are NOT on two surfaces:

 Fit of one plane to all fiducials:
 # of points =               70
 Mean residual =          59.72
 Adjusted slope =       -0.0044
 X axis tilt needed =      0.50
 Incremental tilt angle change =   0.25
 Total tilt angle change =         0.25
 
 The following parameters are appropriate if fiducials ARE on two surfaces,
 based on fit of two parallel planes to fiducials sorted onto two surfaces:

 On bottom surface:
 # of points =           36
 Mean residual =       2.98
 Z axis intercept =   -58.4

 On top surface:
 # of points =           34
 Mean residual =       3.50
 Z axis intercept =    61.8

 Overall mean residual =           3.23
 Thickness at Z intercepts =      120.1
 Adjusted slope =               -0.0000
 X axis tilt needed =              0.08
 Incremental tilt angle change =   0.00
 Total tilt angle change =         0.00
 
 Unbinned thickness needed to contain centers of all fiducials =         138
 Incremental unbinned shift needed to center range of fiducials in Z =     0.5
 Total unbinned shift needed to center range of fiducials in Z =           0.5

Running 51 searches with points left out

Minimization error #1 - DG > 0

Restarting with metro step factor of 0.250
Search succeeded with this step factor

Minimization error #1 - DG > 0

Restarting with metro step factor of 0.250
Search succeeded with this step factor

 Global non-robust leave-out error (11048 pts): 0.598 pixels  weighted 0.527 pixels
 Global     robust leave-out error (11048 pts): 0.600 pixels  weighted 0.526 pixels
        Benefit from robust fitting: unweighted -0.0017   *weighted 0.0003 pixels*

Opened NEW file: g2local.xf
Extent of fiducials is  1616 and  1651 pixels in X and Y
Doing  2 by  2 local areas, minimum size 1083 x 1107

                        Variable mappings for lower left local area
 View  Rotation     Tilt  (+ incr.)      Mag       Comp      Dmag      Skew
   1   rot    1   tilt   1            mag    1     fixed      fixed      fixed 
   2   r  1+  7   t  1+  4            m  1+  7     fixed      fixed      fixed 
   3   r  1+  7   t  1+  4            m  1+  7     fixed      fixed      fixed 
   4   r  1+  7   tilt   4            m  1+  7     fixed      fixed      fixed 
   5   r  1+  7   t  4+  9            m  1+  7     fixed      fixed      fixed 
   6   r  1+  7   t  4+  9            m  1+  7     fixed      fixed      fixed 
   7   rot    7   t  4+  9            mag    7     fixed      fixed      fixed 
   8   r  7+ 13   t  4+  9            m  7+ 14     fixed      fixed      fixed 
   9   r  7+ 13   tilt   9            m  7+ 14     fixed      fixed      fixed 
  10   r  7+ 13   t  9+ 14            m  7+ 14     fixed      fixed      fixed 
  11   r  7+ 13   t  9+ 14            m  7+ 14     fixed      fixed      fixed 
  12   r  7+ 13   t  9+ 14            m  7+ 14     fixed      fixed      fixed 
  13   rot   13   t  9+ 14            m  7+ 14     fixed      fixed      fixed 
  14   r 13+ 19   tilt  14            mag   14     fixed      fixed      fixed 
  15   r 13+ 19   t 14+ 21            m 14+ 21     fixed      fixed      fixed 
  16   r 13+ 19   t 14+ 21            m 14+ 21     fixed      fixed      fixed 
  17   r 13+ 19   t 14+ 21            m 14+ 21     fixed      fixed      fixed 
  18   r 13+ 19   t 14+ 21            m 14+ 21     fixed      fixed      fixed 
  19   rot   19   t 14+ 21            m 14+ 21     fixed      fixed      fixed 
  20   r 19+ 25   t 14+ 21            m 14+ 21     fixed      fixed      fixed 
  21   r 19+ 25   tilt  21            mag   21     fixed      fixed      fixed 
  22   r 19+ 25   t 21+ 28            m 21+ 28     fixed      fixed      fixed 
  23   r 19+ 25   t 21+ 28            m 21+ 28     fixed      fixed      fixed 
  24   r 19+ 25   t 21+ 28            m 21+ 28     fixed      fixed      fixed 
  25   rot   25   t 21+ 28            m 21+ 28     fixed      fixed      fixed 
  26   r 25+ 31   t 21+ 28            m 21+ 28     fixed      fixed      fixed 
  27   r 25+ 31   t 21+ 28            m 21+ 28     fixed      fixed      fixed 
  28   r 25+ 31   tilt  28            mag   28     fixed      fixed      fixed 
  29   r 25+ 31   t 28+ 35            m 28+ 34     fixed      fixed      fixed 
  30   r 25+ 31   t 28+ 35            m 28+ 34     fixed      fixed      fixed 
  31   rot   31   t 28+ 35            m 28+ 34     fixed      fixed      fixed 
  32   r 31+ 37   t 28+ 35            m 28+ 34     fixed      fixed      fixed 
  33   r 31+ 37   t 28+ 35            m 28+ 34     fixed      fixed      fixed 
  34   r 31+ 37   t 28+ 35            mag   34     fixed      fixed      fixed 
  35   r 31+ 37   tilt  35            m 34+ 41     fixed      fixed      fixed 
  36   r 31+ 37   t 35+ 41            m 34+ 41     fixed      fixed      fixed 
  37   rot   37   t 35+ 41            m 34+ 41     fixed      fixed      fixed 
  38   r 37+ 43   t 35+ 41            m 34+ 41     fixed      fixed      fixed 
  39   r 37+ 43   t 35+ 41            m 34+ 41     fixed      fixed      fixed 
  40   r 37+ 43   t 35+ 41            m 34+ 41     fixed      fixed      fixed 
  41   r 37+ 43   tilt  41            mag   41     fixed      fixed      fixed 
  42   r 37+ 43   t 41+ 48            m 41+ 48     fixed      fixed      fixed 
  43   rot   43   t 41+ 48            m 41+ 48     fixed      fixed      fixed 
  44   r 43+ 49   t 41+ 48            m 41+ 48     fixed      fixed      fixed 
  45   r 43+ 49   t 41+ 48            m 41+ 48     fixed      fixed      fixed 
  46   r 43+ 49   t 41+ 48            m 41+ 48     fixed      fixed      fixed 
  47   r 43+ 49   t 41+ 48            m 41+ 48     fixed      fixed      fixed 
  48   r 43+ 49   tilt  48            mag   48     fixed      fixed      fixed 
  49   rot   49   t 48+ 53            m 48+ 55     fixed      fixed      fixed 
  50   r 49+ 55   t 48+ 53            m 48+ 55     fixed      fixed      fixed 
  51   r 49+ 55   t 48+ 53            m 48+ 55     fixed      fixed      fixed 
  52   r 49+ 55   t 48+ 53            m 48+ 55     fixed      fixed      fixed 
  53   r 49+ 55   tilt  53            m 48+ 55     fixed      fixed      fixed 
  54   r 49+ 55   t 53+ 58            m 48+ 55     fixed      fixed      fixed 
  55   rot   55   t 53+ 58            mag   55     fixed      fixed      fixed 
  56   r 55+ 61   t 53+ 58            m 55+ 61     fixed      fixed      fixed 
  57   r 55+ 61   t 53+ 58            m 55+ 61     fixed      fixed      fixed 
  58   r 55+ 61   tilt  58            m 55+ 61     fixed      fixed      fixed 
  59   r 55+ 61   t 58+ 61            m 55+ 61     fixed      fixed      fixed 
  60   r 55+ 61   t 58+ 61            m 55+ 61     fixed      fixed      fixed 
  61   rot   61   tilt  61            mag   61     fixed      fixed      fixed 


 Doing local area  1  1, centered on  742  763, size 1083 1107,  26 fiducials
    ( 11 on bottom and 15 on top)

 Number of cycles :    19                      Final   F :        0.551850

Starting robust fitting with   15 weight groups:  15 view groups in  1 rings
 Total cycles for robust fitting:   55         Final   F :        0.483221
 Final mean and max weight change  0.0013  0.0045
  1464 weights:    2 are 0,    8 are < .1,    9 are < .2,    38 ( 2.6%) are < .5

  61 views,   33 geometric variables,   26 3-D points,  1464 projection points
  Ratio of total measured values to all unknowns =  2928/ 153 =  19.14

 view   rotation    tilt    deltilt     mag      dmag      skew    resid-pixels
   1      78.0     -59.7      0.31    0.9997    0.0000      0.00      0.46
   2      78.0     -57.8      0.25    0.9980    0.0000      0.00      0.95
   3      78.0     -55.8      0.18    1.0007    0.0000      0.00      0.40
   4      78.0     -53.9      0.12    1.0006    0.0000      0.00      0.39
   5      78.0     -51.9      0.07    1.0006    0.0000      0.00      0.54
   6      78.1     -50.0      0.02    0.9999    0.0000      0.00      0.50
   7      78.1     -48.0     -0.03    1.0004    0.0000      0.00      0.33
   8      78.1     -46.0     -0.04    1.0012    0.0000      0.00      0.37
   9      78.1     -44.0     -0.05    1.0003    0.0000      0.00      0.35
  10      78.1     -42.0     -0.03    1.0027    0.0000      0.00      0.34
  11      78.1     -40.0     -0.01    1.0023    0.0000      0.00      0.32
  12      78.1     -38.0      0.00    1.0005    0.0000      0.00      0.42
  13      78.1     -36.0      0.02    1.0001    0.0000      0.00      0.35
  14      78.1     -34.0      0.04    0.9998    0.0000      0.00      0.39
  15      78.1     -32.0      0.03    0.9976    0.0000      0.00      0.40
  16      78.2     -30.0      0.03    0.9956    0.0000      0.00      0.76
  17      78.2     -28.0      0.03    0.9989    0.0000      0.00      0.46
  18      78.2     -26.0      0.03    0.9945    0.0000      0.00      0.32
  19      78.2     -24.0      0.02    0.9940    0.0000      0.00      0.35
  20      78.2     -22.0      0.02    0.9942    0.0000      0.00      0.39
  21      78.2     -20.0      0.02    0.9935    0.0000      0.00      0.42
  22      78.2     -18.0      0.03    0.9945    0.0000      0.00      0.36
  23      78.2     -16.0      0.03    0.9921    0.0000      0.00      0.36
  24      78.2     -14.0      0.03    0.9932    0.0000      0.00      0.32
  25      78.2     -12.0      0.03    0.9922    0.0000      0.00      0.37
  26      78.2     -10.0      0.03    0.9929    0.0000      0.00      0.46
  27      78.3      -8.0      0.03    0.9919    0.0000      0.00      0.43
  28      78.3      -6.0      0.03    0.9914    0.0000      0.00      0.35
  29      78.3      -4.0      0.04    0.9904    0.0000      0.00      0.37
  30      78.3      -1.9      0.05    0.9909    0.0000      0.00      0.35
  31      78.3       0.1      0.06    0.9938    0.0000      0.00      0.40
  32      78.3       2.1      0.07    0.9953    0.0000      0.00      0.34
  33      78.3       4.1      0.08    0.9966    0.0000      0.00      0.64
  34      78.3       6.1      0.10    0.9971    0.0000      0.00      0.32
  35      78.3       8.1      0.06    0.9962    0.0000      0.00      0.42
  36      78.4      10.0      0.02    0.9970    0.0000      0.00      0.44
  37      78.4      12.0     -0.02    0.9994    0.0000      0.00      0.57
  38      78.4      13.9     -0.06    0.9979    0.0000      0.00      0.33
  39      78.4      15.9     -0.10    0.9987    0.0000      0.00      0.43
  40      78.4      17.9     -0.14    1.0005    0.0000      0.00      0.44
  41      78.4      19.9     -0.09    1.0000    0.0000      0.00      0.41
  42      78.4      22.0     -0.03    1.0022    0.0000      0.00      0.40
  43      78.4      24.0      0.03    1.0043    0.0000      0.00      0.60
  44      78.4      26.1      0.09    1.0058    0.0000      0.00      0.80
  45      78.4      28.1      0.15    1.0088    0.0000      0.00      0.35
  46      78.5      30.1      0.09    1.0112    0.0000      0.00      0.31
  47      78.5      32.0      0.04    1.0113    0.0000      0.00      0.39
  48      78.5      34.0     -0.01    1.0133    0.0000      0.00      0.53
  49      78.5      35.9     -0.08    1.0129    0.0000      0.00      0.34
  50      78.5      37.9     -0.14    1.0122    0.0000      0.00      0.73
  51      78.5      39.9     -0.11    1.0132    0.0000      0.00      0.57
  52      78.5      41.9     -0.07    1.0126    0.0000      0.00      0.59
  53      78.5      44.0     -0.03    1.0164    0.0000      0.00      0.58
  54      78.5      46.0      0.03    1.0149    0.0000      0.00      0.35
  55      78.5      48.1      0.09    1.0164    0.0000      0.00      0.73
  56      78.5      50.1      0.06    1.0149    0.0000      0.00      0.95
  57      78.6      52.0      0.04    1.0153    0.0000      0.00      0.74
  58      78.6      54.0      0.02    1.0177    0.0000      0.00      0.39
  59      78.6      56.0      0.01    1.0190    0.0000      0.00      0.92
  60      78.6      58.0     -0.00    1.0164    0.0000      0.00      0.43
  61      78.6      60.0     -0.01    1.0142    0.0000      0.00      0.45


 Residual error mean and sd:     0.466   0.300 pixels    (Local area   1   1)
 Residual error weighted mean:   0.443         pixels    (Local area   1   1)

         Projection points with large residuals (in pixels)
 obj  cont  view   index coordinates      residuals        # of
   #     #     #      X         Y        X        Y        S.D.   Weights
   1    13    56   1555.69    439.55    -1.08    -2.04     6.14   0.0431
   3    16     2   1804.76    820.76    -0.38     2.15     5.72   0.0000
   1    13    59   1586.36    489.58     1.10     1.85     5.63   0.0000
   3     1    56   1202.76   1070.73     0.91     1.84     5.29   0.1818
   1    17     2    712.25    680.83     0.50    -1.88     4.93   0.0197
   3     6    59   1482.61    985.59    -0.45    -1.84     4.76   0.0789
   1    17    16    660.67    415.17     0.35    -1.63     4.01   0.0381
   3     6    56   1468.12   1016.00     0.19     1.63     3.91   0.4974
   3     6    55   1464.39   1026.52     0.70    -1.46     3.84   0.5231
   2    13    55   1574.24    513.14     0.45     1.50     3.66   0.5657
   2    13    59   1612.18    572.41     0.73     1.35     3.56   0.3628
   1    24     2   1137.86    545.82    -0.22    -1.50     3.51   0.3580
   2    13     2   1571.20    484.66    -0.55    -1.41     3.49   0.3647
   3     1    44   1246.75   1139.75    -0.07     1.50     3.46   0.3706
   1     1    56   1043.33   1012.67     0.75     1.30     3.45   0.6064
   3     1    59   1217.02   1039.28    -0.76    -1.28     3.39   0.4077
   2    13    44   1570.25    352.87    -0.93    -1.13     3.31   0.4127
   3     6    44   1508.25   1082.25     0.05     1.46     3.30   0.4144
   2    13    56   1583.35    533.70    -0.69    -1.24     3.17   0.6681
   1    13     2   1545.54    402.72    -0.85    -1.12     3.14   0.4749
   3    22    16   1014.74    468.69    -0.13    -1.40     3.12   0.2505
   1    20    55   1385.29    559.19     0.38     1.34     3.11   0.6887
   1     1    57   1045.01    998.70     0.89     1.06     3.05   0.6726
   1     1    59   1058.60    992.78    -0.02    -1.37     3.03   0.5099
   2    11    56    967.93    878.40     0.95     0.99     3.01   0.7034

Running 29 searches with points left out

 Doing local area  2  1, centered on 1285  763, size 1083 1107,  30 fiducials
    ( 15 on bottom and 15 on top)

 Number of cycles :    18                      Final   F :        0.591208

Starting robust fitting with   20 weight groups:  20 view groups in  1 rings
 Total cycles for robust fitting:   49         Final   F :        0.514259
 Final mean and max weight change  0.0011  0.0048
  1686 weights:    5 are 0,    9 are < .1,   13 are < .2,    57 ( 3.4%) are < .5

  61 views,   33 geometric variables,   30 3-D points,  1686 projection points
  Ratio of total measured values to all unknowns =  3372/ 153 =  22.04

 view   rotation    tilt    deltilt     mag      dmag      skew    resid-pixels
   1      78.0     -59.7      0.32    0.9999    0.0000      0.00      0.61
   2      78.0     -57.8      0.24    0.9982    0.0000      0.00      1.05
   3      78.0     -55.8      0.16    1.0008    0.0000      0.00      0.46
   4      78.0     -53.9      0.08    1.0007    0.0000      0.00      0.44
   5      78.0     -52.0      0.04    1.0007    0.0000      0.00      0.68
   6      78.1     -50.0     -0.00    1.0000    0.0000      0.00      0.61
   7      78.1     -48.0     -0.04    1.0005    0.0000      0.00      0.40
   8      78.1     -46.0     -0.04    1.0012    0.0000      0.00      0.29
   9      78.1     -44.0     -0.04    1.0003    0.0000      0.00      0.37
  10      78.1     -42.0     -0.03    1.0027    0.0000      0.00      0.38
  11      78.1     -40.0     -0.02    1.0023    0.0000      0.00      0.35
  12      78.1     -38.0     -0.01    1.0005    0.0000      0.00      0.43
  13      78.1     -36.0      0.00    1.0000    0.0000      0.00      0.36
  14      78.1     -34.0      0.02    0.9996    0.0000      0.00      0.47
  15      78.1     -32.0      0.02    0.9975    0.0000      0.00      0.42
  16      78.2     -30.0      0.02    0.9955    0.0000      0.00      1.07
  17      78.2     -28.0      0.02    0.9988    0.0000      0.00      0.58
  18      78.2     -26.0      0.03    0.9945    0.0000      0.00      0.35
  19      78.2     -24.0      0.03    0.9941    0.0000      0.00      0.37
  20      78.2     -22.0      0.03    0.9942    0.0000      0.00      0.40
  21      78.2     -20.0      0.03    0.9936    0.0000      0.00      0.38
  22      78.2     -18.0      0.04    0.9945    0.0000      0.00      0.42
  23      78.2     -16.0      0.04    0.9921    0.0000      0.00      0.40
  24      78.2     -14.0      0.04    0.9932    0.0000      0.00      0.36
  25      78.2     -12.0      0.04    0.9922    0.0000      0.00      0.47
  26      78.3     -10.0      0.03    0.9929    0.0000      0.00      0.48
  27      78.3      -8.0      0.03    0.9919    0.0000      0.00      0.36
  28      78.3      -6.0      0.03    0.9914    0.0000      0.00      0.37
  29      78.3      -4.0      0.04    0.9904    0.0000      0.00      0.37
  30      78.3      -2.0      0.05    0.9909    0.0000      0.00      0.37
  31      78.3       0.1      0.05    0.9938    0.0000      0.00      0.37
  32      78.3       2.1      0.06    0.9953    0.0000      0.00      0.27
  33      78.3       4.1      0.07    0.9966    0.0000      0.00      0.64
  34      78.3       6.1      0.08    0.9971    0.0000      0.00      0.30
  35      78.3       8.0      0.04    0.9962    0.0000      0.00      0.37
  36      78.3      10.0      0.00    0.9970    0.0000      0.00      0.36
  37      78.4      12.0     -0.03    0.9994    0.0000      0.00      0.50
  38      78.4      13.9     -0.07    0.9979    0.0000      0.00      0.36
  39      78.4      15.9     -0.10    0.9987    0.0000      0.00      0.46
  40      78.4      17.9     -0.14    1.0006    0.0000      0.00      0.36
  41      78.4      19.9     -0.08    1.0001    0.0000      0.00      0.45
  42      78.4      22.0     -0.02    1.0022    0.0000      0.00      0.46
  43      78.4      24.0      0.04    1.0043    0.0000      0.00      0.58
  44      78.4      26.1      0.10    1.0058    0.0000      0.00      0.82
  45      78.4      28.2      0.16    1.0089    0.0000      0.00      0.35
  46      78.5      30.1      0.10    1.0113    0.0000      0.00      0.36
  47      78.5      32.0      0.05    1.0113    0.0000      0.00      0.42
  48      78.5      34.0     -0.01    1.0134    0.0000      0.00      0.49
  49      78.5      35.9     -0.08    1.0129    0.0000      0.00      0.37
  50      78.5      37.9     -0.14    1.0121    0.0000      0.00      0.91
  51      78.5      39.9     -0.10    1.0131    0.0000      0.00      0.65
  52      78.5      41.9     -0.06    1.0125    0.0000      0.00      0.60
  53      78.5      44.0     -0.03    1.0164    0.0000      0.00      0.59
  54      78.5      46.0      0.03    1.0148    0.0000      0.00      0.37
  55      78.5      48.1      0.08    1.0163    0.0000      0.00      0.75
  56      78.5      50.1      0.06    1.0148    0.0000      0.00      1.01
  57      78.6      52.0      0.04    1.0152    0.0000      0.00      0.71
  58      78.6      54.0      0.02    1.0176    0.0000      0.00      0.43
  59      78.6      56.0     -0.01    1.0189    0.0000      0.00      1.03
  60      78.6      58.0     -0.03    1.0163    0.0000      0.00      0.35
  61      78.6      59.9     -0.06    1.0142    0.0000      0.00      0.49


 Residual error mean and sd:     0.492   0.330 pixels    (Local area   2   1)
 Residual error weighted mean:   0.467         pixels    (Local area   2   1)

         Projection points with large residuals (in pixels)
 obj  cont  view   index coordinates      residuals        # of
   #     #     #      X         Y        X        Y        S.D.   Weights
   3     7    59    897.55   1004.12    -0.03     2.29     5.46   0.0000
   1     4    50   1390.37   1569.48     0.69     1.97     4.85   0.1661
   2    14    56    717.41   1072.96     0.67    -1.94     4.73   0.2277
   3     5     2   1046.62    947.91     0.22    -1.94     4.44   0.4676
   3     5    59   1036.19    852.62    -0.27     1.86     4.21   0.1318
   1     4    52   1386.51   1533.11     0.21     1.84     4.11   0.4687
   3     7    56    877.87   1002.24    -0.07    -1.84     4.08   0.3884
   1    14    56   1697.41    824.05    -1.16    -1.41     4.06   0.3957
   1     4    56   1372.50   1448.69     0.79     1.64     4.02   0.4059
   1    22    16   1202.79   1615.12     1.07     1.46     4.00   0.2878
   2    11    16    990.50    915.23    -0.01    -1.80     3.96   0.2964
   1     5    59   1714.18   1153.06     0.34    -1.71     3.78   0.2574
   1     4    41   1424.56   1693.79     0.77     1.55     3.75   0.0000
   3     4    50   1373.40    776.32    -1.00    -1.41     3.74   0.4414
   1    22     2   1144.14   1338.37     0.38     1.66     3.67   0.6294
   3     7    44    896.38    939.69     0.14    -1.69     3.66   0.0000
   3     4    59   1413.79    839.63     0.60     1.59     3.65   0.3023
   1     4     1   1364.88   1422.33    -0.42    -1.64     3.64   0.7156
   1    22    56   1169.99   1542.07     0.68     1.54     3.62   0.5099
   3    18    16   1138.20   1535.96     1.00     1.34     3.57   0.3988
   2    20    16   1405.74    827.06    -0.74    -1.49     3.57   0.4009
   3     4    52   1379.65    794.88    -0.20    -1.64     3.51   0.6114
   1    22    59   1176.29   1477.07    -0.54    -1.56     3.51   0.3496
   3     7    50    863.63    963.09     0.02    -1.63     3.46   0.5133
   1    14    59   1718.47    828.11     1.11     1.18     3.43   0.3760
   2    17    16    868.86   1692.18     1.32     0.90     3.35   0.4593
   2     2    44   1888.91   1163.06    -1.18     1.08     3.34   0.0000
   3     4     2   1376.24    732.75    -0.76    -1.33     3.16   0.7279
   1     4    59   1377.29   1371.71    -0.41    -1.46     3.11   0.4862
   3     9    43   1281.26    795.29     0.74     1.32     3.11   0.0043
   3     9    56   1279.59    889.53     0.10    -1.51     3.10   0.6408
   1     7     2    987.41   1355.49     0.51     1.42     3.09   0.7411

Running 29 searches with points left out

 Doing local area  1  2, centered on  742 1318, size 1083 1107,  32 fiducials
    ( 19 on bottom and 13 on top)

 Number of cycles :    21                      Final   F :        0.568039

Starting robust fitting with   20 weight groups:  20 view groups in  1 rings
 Total cycles for robust fitting:   64         Final   F :        0.495105
 Final mean and max weight change  0.0004  0.0018
  1808 weights:    1 are 0,    7 are < .1,   16 are < .2,    62 ( 3.4%) are < .5

  61 views,   33 geometric variables,   32 3-D points,  1808 projection points
  Ratio of total measured values to all unknowns =  3616/ 153 =  23.63

 view   rotation    tilt    deltilt     mag      dmag      skew    resid-pixels
   1      78.0     -59.7      0.34    0.9999    0.0000      0.00      0.50
   2      78.0     -57.8      0.25    0.9982    0.0000      0.00      1.05
   3      78.0     -55.8      0.16    1.0008    0.0000      0.00      0.40
   4      78.0     -53.9      0.07    1.0007    0.0000      0.00      0.39
   5      78.0     -52.0      0.03    1.0007    0.0000      0.00      0.71
   6      78.1     -50.0     -0.00    0.9999    0.0000      0.00      0.50
   7      78.1     -48.0     -0.04    1.0003    0.0000      0.00      0.36
   8      78.1     -46.0     -0.03    1.0011    0.0000      0.00      0.38
   9      78.1     -44.0     -0.03    1.0002    0.0000      0.00      0.31
  10      78.1     -42.0     -0.02    1.0026    0.0000      0.00      0.32
  11      78.1     -40.0     -0.01    1.0022    0.0000      0.00      0.35
  12      78.1     -38.0      0.00    1.0005    0.0000      0.00      0.42
  13      78.1     -36.0      0.01    1.0000    0.0000      0.00      0.38
  14      78.1     -34.0      0.03    0.9997    0.0000      0.00      0.44
  15      78.1     -32.0      0.03    0.9975    0.0000      0.00      0.38
  16      78.2     -30.0      0.03    0.9955    0.0000      0.00      0.82
  17      78.2     -28.0      0.03    0.9988    0.0000      0.00      0.66
  18      78.2     -26.0      0.03    0.9945    0.0000      0.00      0.39
  19      78.2     -24.0      0.03    0.9940    0.0000      0.00      0.41
  20      78.2     -22.0      0.03    0.9942    0.0000      0.00      0.37
  21      78.2     -20.0      0.03    0.9935    0.0000      0.00      0.45
  22      78.2     -18.0      0.04    0.9945    0.0000      0.00      0.33
  23      78.2     -16.0      0.04    0.9921    0.0000      0.00      0.34
  24      78.2     -14.0      0.04    0.9932    0.0000      0.00      0.32
  25      78.2     -12.0      0.03    0.9922    0.0000      0.00      0.43
  26      78.2     -10.0      0.03    0.9929    0.0000      0.00      0.42
  27      78.3      -8.0      0.03    0.9919    0.0000      0.00      0.41
  28      78.3      -6.0      0.03    0.9914    0.0000      0.00      0.35
  29      78.3      -4.0      0.03    0.9903    0.0000      0.00      0.38
  30      78.3      -2.0      0.04    0.9908    0.0000      0.00      0.35
  31      78.3       0.0      0.05    0.9937    0.0000      0.00      0.39
  32      78.3       2.1      0.05    0.9953    0.0000      0.00      0.37
  33      78.3       4.1      0.06    0.9965    0.0000      0.00      0.67
  34      78.3       6.1      0.07    0.9970    0.0000      0.00      0.40
  35      78.3       8.0      0.02    0.9962    0.0000      0.00      0.40
  36      78.4      10.0     -0.00    0.9969    0.0000      0.00      0.45
  37      78.4      12.0     -0.03    0.9994    0.0000      0.00      0.49
  38      78.4      13.9     -0.06    0.9979    0.0000      0.00      0.30
  39      78.4      15.9     -0.09    0.9988    0.0000      0.00      0.46
  40      78.4      17.9     -0.12    1.0006    0.0000      0.00      0.46
  41      78.4      19.9     -0.06    1.0002    0.0000      0.00      0.42
  42      78.4      22.0     -0.01    1.0023    0.0000      0.00      0.47
  43      78.4      24.0      0.05    1.0043    0.0000      0.00      0.52
  44      78.4      26.1      0.10    1.0058    0.0000      0.00      0.78
  45      78.4      28.2      0.15    1.0088    0.0000      0.00      0.39
  46      78.5      30.1      0.09    1.0112    0.0000      0.00      0.34
  47      78.5      32.0      0.03    1.0112    0.0000      0.00      0.42
  48      78.5      34.0     -0.03    1.0133    0.0000      0.00      0.51
  49      78.5      35.9     -0.10    1.0128    0.0000      0.00      0.41
  50      78.5      37.8     -0.16    1.0121    0.0000      0.00      0.74
  51      78.5      39.9     -0.12    1.0131    0.0000      0.00      0.52
  52      78.5      41.9     -0.09    1.0125    0.0000      0.00      0.63
  53      78.5      44.0     -0.05    1.0163    0.0000      0.00      0.53
  54      78.5      46.0      0.01    1.0148    0.0000      0.00      0.37
  55      78.5      48.1      0.07    1.0162    0.0000      0.00      0.66
  56      78.5      50.0      0.05    1.0148    0.0000      0.00      1.07
  57      78.6      52.0      0.03    1.0152    0.0000      0.00      0.78
  58      78.6      54.0      0.00    1.0175    0.0000      0.00      0.42
  59      78.6      56.0     -0.01    1.0189    0.0000      0.00      0.89
  60      78.6      58.0     -0.02    1.0163    0.0000      0.00      0.44
  61      78.6      60.0     -0.03    1.0141    0.0000      0.00      0.45


 Residual error mean and sd:     0.482   0.305 pixels    (Local area   1   2)
 Residual error weighted mean:   0.459         pixels    (Local area   1   2)

         Projection points with large residuals (in pixels)
 obj  cont  view   index coordinates      residuals        # of
   #     #     #      X         Y        X        Y        S.D.   Weights
   1    16    56    249.94    706.44     0.07    -2.16     5.52   0.0875
   1     8    59     88.26    699.10    -0.39     2.08     5.37   0.0000
   1     8     2    118.90    825.81     0.13    -2.05     5.15   0.0411
   3    19    56    404.59   1276.13     1.06     1.64     4.83   0.2269
   1    24    56   1141.57    588.74    -1.41    -1.34     4.79   0.2372
   1    16    57    256.87    716.68     0.09    -1.87     4.57   0.2724
   3    19     2    438.53   1318.50     1.01     1.58     4.57   0.1463
   3    14    56    172.73   1189.56     1.33     1.27     4.45   0.3211
   1    24     2   1137.86    545.82    -1.09    -1.44     4.35   0.1984
   3     3    56    210.67   1141.52     1.45     0.97     4.13   0.4009
   3     1    56   1202.76   1070.73    -0.05     1.71     4.04   0.4247
   2     1     2    230.90   1177.23     1.34     1.06     4.03   0.2794
   1     3    56   1036.69    780.20    -1.53    -0.75     4.01   0.4316
   1    17     2    712.25    680.83    -0.41    -1.64     3.97   0.2975
   3     1    57   1205.04   1053.16    -0.91     1.40     3.91   0.4406
   3    22     2   1058.23    688.68    -1.19    -1.17     3.90   0.3162
   1    24    59   1170.05    632.24     1.22     1.14     3.89   0.1957
   1     9    16   1152.70    982.38    -0.71     1.47     3.78   0.1803
   3     1    16   1238.69   1178.75    -1.12     1.19     3.78   0.1809
   3     1    44   1246.75   1139.75    -0.78     1.35     3.54   0.0521
   1    24    50   1110.21    471.98    -1.04    -1.15     3.52   0.1463
   3    19    50    408.49   1317.60     0.91     1.23     3.44   0.1710
   1     1    59   1058.60    992.78     0.82    -1.23     3.26   0.3910
   1    15     2    378.72    877.91    -0.52    -1.36     3.20   0.5145
   3    22    16   1014.74    468.69    -0.95    -1.10     3.19   0.3612
   1     8     5    124.76    778.63    -0.09     1.44     3.17   0.1544
   1    17    16    660.67    415.17    -0.46    -1.36     3.12   0.3853
   1    16    59    278.42    755.18     0.31     1.39     3.10   0.4402
   3    19    44    458.68   1358.63     0.47     1.35     3.10   0.1623
   1    16    16    224.50    466.52     0.84    -1.15     3.10   0.3940
   3    14    50    171.55   1202.65     1.00     0.98     3.02   0.3036
   1    18    59    622.83   1097.87    -0.42    -1.34     3.02   0.4688
   1    24    53   1155.16    489.95     0.74     1.19     3.02   0.4089

Running 29 searches with points left out

 Doing local area  2  2, centered on 1285 1318, size 1083 1107,  34 fiducials
    ( 18 on bottom and 16 on top)

 Number of cycles :    18                      Final   F :        0.590507

Starting robust fitting with   20 weight groups:  20 view groups in  1 rings
 Total cycles for robust fitting:   72         Final   F :        0.515966
 Final mean and max weight change  0.0009  0.0026
  1909 weights:    2 are 0,    6 are < .1,    9 are < .2,    56 ( 2.9%) are < .5

  61 views,   33 geometric variables,   34 3-D points,  1909 projection points
  Ratio of total measured values to all unknowns =  3818/ 153 =  24.95

 view   rotation    tilt    deltilt     mag      dmag      skew    resid-pixels
   1      78.0     -59.7      0.31    1.0000    0.0000      0.00      0.58
   2      78.0     -57.8      0.24    0.9982    0.0000      0.00      1.16
   3      78.0     -55.8      0.16    1.0008    0.0000      0.00      0.39
   4      78.0     -53.9      0.09    1.0006    0.0000      0.00      0.37
   5      78.0     -52.0      0.05    1.0006    0.0000      0.00      0.76
   6      78.1     -50.0      0.01    0.9998    0.0000      0.00      0.62
   7      78.1     -48.0     -0.03    1.0002    0.0000      0.00      0.40
   8      78.1     -46.0     -0.03    1.0010    0.0000      0.00      0.34
   9      78.1     -44.0     -0.03    1.0001    0.0000      0.00      0.33
  10      78.1     -42.0     -0.02    1.0026    0.0000      0.00      0.34
  11      78.1     -40.0     -0.01    1.0022    0.0000      0.00      0.37
  12      78.1     -38.0     -0.00    1.0005    0.0000      0.00      0.39
  13      78.1     -36.0      0.00    1.0001    0.0000      0.00      0.38
  14      78.1     -34.0      0.01    0.9998    0.0000      0.00      0.47
  15      78.1     -32.0      0.01    0.9976    0.0000      0.00      0.39
  16      78.2     -30.0      0.02    0.9956    0.0000      0.00      1.14
  17      78.2     -28.0      0.02    0.9989    0.0000      0.00      0.65
  18      78.2     -26.0      0.02    0.9945    0.0000      0.00      0.36
  19      78.2     -24.0      0.03    0.9941    0.0000      0.00      0.40
  20      78.2     -22.0      0.03    0.9942    0.0000      0.00      0.39
  21      78.2     -20.0      0.04    0.9935    0.0000      0.00      0.34
  22      78.2     -18.0      0.05    0.9945    0.0000      0.00      0.36
  23      78.2     -16.0      0.04    0.9921    0.0000      0.00      0.38
  24      78.2     -14.0      0.04    0.9932    0.0000      0.00      0.38
  25      78.2     -12.0      0.04    0.9922    0.0000      0.00      0.47
  26      78.2     -10.0      0.03    0.9929    0.0000      0.00      0.50
  27      78.3      -8.0      0.03    0.9919    0.0000      0.00      0.37
  28      78.3      -6.0      0.03    0.9914    0.0000      0.00      0.40
  29      78.3      -4.0      0.03    0.9904    0.0000      0.00      0.37
  30      78.3      -2.0      0.04    0.9909    0.0000      0.00      0.37
  31      78.3       0.0      0.05    0.9938    0.0000      0.00      0.38
  32      78.3       2.1      0.05    0.9954    0.0000      0.00      0.32
  33      78.3       4.1      0.06    0.9966    0.0000      0.00      0.65
  34      78.3       6.1      0.07    0.9971    0.0000      0.00      0.33
  35      78.3       8.0      0.02    0.9963    0.0000      0.00      0.41
  36      78.4      10.0     -0.01    0.9970    0.0000      0.00      0.44
  37      78.4      12.0     -0.03    0.9994    0.0000      0.00      0.46
  38      78.4      13.9     -0.06    0.9979    0.0000      0.00      0.35
  39      78.4      15.9     -0.09    0.9987    0.0000      0.00      0.46
  40      78.4      17.9     -0.12    1.0006    0.0000      0.00      0.40
  41      78.4      19.9     -0.06    1.0001    0.0000      0.00      0.41
  42      78.4      22.0     -0.01    1.0022    0.0000      0.00      0.46
  43      78.4      24.0      0.05    1.0043    0.0000      0.00      0.56
  44      78.4      26.1      0.10    1.0058    0.0000      0.00      0.72
  45      78.4      28.2      0.16    1.0088    0.0000      0.00      0.33
  46      78.5      30.1      0.10    1.0112    0.0000      0.00      0.29
  47      78.5      32.0      0.04    1.0112    0.0000      0.00      0.43
  48      78.5      34.0     -0.02    1.0133    0.0000      0.00      0.51
  49      78.5      35.9     -0.08    1.0129    0.0000      0.00      0.40
  50      78.5      37.9     -0.14    1.0121    0.0000      0.00      0.82
  51      78.5      39.9     -0.10    1.0132    0.0000      0.00      0.66
  52      78.5      41.9     -0.06    1.0126    0.0000      0.00      0.55
  53      78.5      44.0     -0.02    1.0164    0.0000      0.00      0.64
  54      78.5      46.0      0.04    1.0149    0.0000      0.00      0.35
  55      78.5      48.1      0.09    1.0164    0.0000      0.00      0.61
  56      78.5      50.1      0.06    1.0149    0.0000      0.00      1.12
  57      78.6      52.0      0.03    1.0152    0.0000      0.00      0.81
  58      78.6      54.0      0.00    1.0175    0.0000      0.00      0.46
  59      78.6      56.0     -0.01    1.0188    0.0000      0.00      0.94
  60      78.6      58.0     -0.03    1.0162    0.0000      0.00      0.40
  61      78.6      60.0     -0.04    1.0139    0.0000      0.00      0.47


 Residual error mean and sd:     0.492   0.329 pixels    (Local area   2   2)
 Residual error weighted mean:   0.469         pixels    (Local area   2   2)

         Projection points with large residuals (in pixels)
 obj  cont  view   index coordinates      residuals        # of
   #     #     #      X         Y        X        Y        S.D.   Weights
   2    22    56    447.29   1572.91     1.16     2.31     6.36   0.0102
   1    12    16    500.30    940.76    -0.50    -2.33     5.76   0.0386
   2    22    50    465.48   1680.32     0.60     2.10     5.15   0.0000
   3     7    59    897.55   1004.12     0.60     2.09     5.11   0.1770
   2    19    56    278.57   1643.95     1.08     1.86     5.04   0.2169
   1    22     2   1144.14   1338.37    -0.37     2.10     4.99   0.1445
   3    13    16    848.17   1642.83     0.25     2.00     4.65   0.2478
   3     7    56    877.87   1002.24    -0.95    -1.74     4.53   0.3381
   1     7     2    987.41   1355.49    -0.24     1.87     4.23   0.3178
   1    22    16   1202.79   1615.12     0.33     1.84     4.18   0.3638
   3    23     2    640.05   1032.71    -0.86    -1.61     4.07   0.3590
   2    14    56    717.41   1072.96    -0.22    -1.82     4.07   0.4532
   2    19    57    276.03   1612.20     1.53     0.99     4.06   0.4360
   1    22    59   1176.29   1477.07     0.08    -1.77     3.89   0.4616
   3    18    16   1138.20   1535.96     0.26     1.71     3.76   0.4717
   3     8    16    630.40   1597.46     0.22     1.71     3.76   0.4719
   3     5    59   1036.19    852.62     0.35     1.67     3.69   0.5102
   1    22    56   1169.99   1542.07    -0.13     1.69     3.67   0.5530
   2    18    16   1233.53   1448.12    -0.31     1.64     3.57   0.5207
   1    12     2    514.64   1030.72     0.22    -1.65     3.56   0.4904
   3     7    50    863.63    963.09    -0.63    -1.53     3.55   0.0926
   2    11    16    990.50    915.23    -0.75    -1.47     3.51   0.5368
   3     3     2    252.02   1212.07     0.52    -1.51     3.37   0.5378
   3     7    44    896.38    939.69    -0.49    -1.51     3.32   0.0000
   1     9    56   1157.40   1068.16    -1.09    -1.14     3.28   0.6466
   3     5     2   1046.62    947.91    -0.54    -1.47     3.26   0.5671
   2    22    59    452.12   1503.93    -0.75    -1.37     3.25   0.6165
   3    18     2   1086.40   1295.97     0.06     1.54     3.18   0.5845
   3    14     2    215.09   1261.35     0.79    -1.31     3.15   0.5939
   1    10     2    315.79    983.88    -0.00    -1.50     3.08   0.6106

Running 29 searches with points left out


Summary of robust weighting in local areas:
  6867 weights:   10 are 0,   30 are < .1,   47 are < .2,   213 ( 3.1%) are < .5

 Ratio of local measurements to unknowns, mean: 22.44  range 19.14 to 24.95
 Residual error local mean:      0.483    range   0.466 to   0.492 pixels

 Weighted error local mean:      0.459    range   0.443 to   0.469 pixels

 Local non-robust leave-out error (11162 pts): 0.4791 pixels  weighted 0.4133 pixels
 Local     robust leave-out error (11162 pts): 0.4790 pixels  weighted 0.4123 pixels
        Benefit from robust fitting: unweighted 0.0001   *weighted 0.0010 pixels*
