
Opened NEW file: g1.tlt

Opened NEW file: g1.xf

Opened OLD file: g1.rawtlt

                        Variable mappings 
 View  Rotation     Tilt  (+ incr.)      Mag       Comp      Dmag      Skew
   1   rot    1   tilt   1              fixed      fixed      fixed      fixed 
   2   rot    2   t  1+  4            mag    2     fixed      fixed      fixed 
   3   rot    3   t  1+  4            mag    3     fixed      fixed      fixed 
   4   rot    4   tilt   4            mag    4     fixed      fixed      fixed 
   5   rot    5   t  4+  8            mag    5     fixed      fixed      fixed 
   6   rot    6   t  4+  8            mag    6     fixed      fixed      fixed 
   7   rot    7   t  4+  8            mag    7     fixed      fixed      fixed 
   8   rot    8   tilt   8            mag    8     fixed      fixed      fixed 
   9   rot    9   t  8+ 13            mag    9     fixed      fixed      fixed 
  10   rot   10   t  8+ 13            mag   10     fixed      fixed      fixed 
  11   rot   11   t  8+ 13            mag   11     fixed      fixed      fixed 
  12   rot   12   t  8+ 13            mag   12     fixed      fixed      fixed 
  13   rot   13   tilt  13            mag   13     fixed      fixed      fixed 
  14   rot   14   t 13+fix            mag   14     fixed      fixed      fixed 
  15   rot   15   t 13+fix            mag   15     fixed      fixed      fixed 
  16   rot   16   t 13+fix            mag   16     fixed      fixed      fixed 
  17   rot   17   t 13+fix            mag   17     fixed      fixed      fixed 
  18   rot   18     fixed             mag   18     fixed      fixed      fixed 
  19   rot   19   t 24+fix            mag   19     fixed      fixed      fixed 
  20   rot   20   t 24+fix            mag   20     fixed      fixed      fixed 
  21   rot   21   t 24+fix            mag   21     fixed      fixed      fixed 
  22   rot   22   t 24+fix            mag   22     fixed      fixed      fixed 
  23   rot   23   t 24+fix            mag   23     fixed      fixed      fixed 
  24   rot   24   tilt  24            mag   24     fixed      fixed      fixed 
  25   rot   25   t 24+ 29            mag   25     fixed      fixed      fixed 
  26   rot   26   t 24+ 29            mag   26     fixed      fixed      fixed 
  27   rot   27   t 24+ 29            mag   27     fixed      fixed      fixed 
  28   rot   28   t 24+ 29            mag   28     fixed      fixed      fixed 
  29   rot   29   tilt  29            mag   29     fixed      fixed      fixed 
  30   rot   30   t 29+ 34            mag   30     fixed      fixed      fixed 
  31   rot   31   t 29+ 34            mag   31     fixed      fixed      fixed 
  32   rot   32   t 29+ 34            mag   32     fixed      fixed      fixed 
  33   rot   33   t 29+ 34            mag   33     fixed      fixed      fixed 
  34   rot   34   tilt  34            mag   34     fixed      fixed      fixed 
  35   rot   35   t 34+ 38            mag   35     fixed      fixed      fixed 
  36   rot   36   t 34+ 38            mag   36     fixed      fixed      fixed 
  37   rot   37   t 34+ 38            mag   37     fixed      fixed      fixed 
  38   rot   38   tilt  38            mag   38     fixed      fixed      fixed 
  39   rot   39   t 38+ 41            mag   39     fixed      fixed      fixed 
  40   rot   40   t 38+ 41            mag   40     fixed      fixed      fixed 
  41   rot   41   tilt  41            mag   41     fixed      fixed      fixed 


 Variable Metric minimization                  Initial F:         1.027661
                                               Cycle   10         0.492204
                                               Cycle   20         0.447007
                                               Cycle   30         0.439288
                                               Cycle   40         0.438354
                                               Cycle   50         0.438246

 Number of cycles :    51                      Final   F :        0.438246
  41 views,   90 geometric variables,   30 3-D points,  1128 projection points
  Ratio of total measured values to all unknowns =  2256/ 257 =   8.78

 At minimum tilt, rotation angle is  -11.81

 view   rotation    tilt    deltilt     mag      dmag      skew    resid-nm
   1     -12.0     -59.9      0.13    1.0000    0.0000      0.00      0.30
   2     -12.0     -57.0      0.03    1.0015    0.0000      0.00      0.30
   3     -12.0     -54.1     -0.08    1.0019    0.0000      0.00      0.23
   4     -12.0     -51.2     -0.19    1.0014    0.0000      0.00      0.32
   5     -12.0     -48.2     -0.19    0.9988    0.0000      0.00      0.22
   6     -12.0     -45.2     -0.20    1.0009    0.0000      0.00      0.26
   7     -11.9     -42.2     -0.20    0.9996    0.0000      0.00      0.23
   8     -12.0     -39.2     -0.20    1.0007    0.0000      0.00      0.36
   9     -11.9     -36.2     -0.19    0.9997    0.0000      0.00      0.34
  10     -11.9     -33.2     -0.18    0.9991    0.0000      0.00      0.24
  11     -11.9     -30.2     -0.17    1.0007    0.0000      0.00      0.28
  12     -11.9     -27.2     -0.17    1.0024    0.0000      0.00      0.26
  13     -11.9     -24.2     -0.16    1.0009    0.0000      0.00      0.26
  14     -11.9     -21.1     -0.13    0.9986    0.0000      0.00      0.26
  15     -11.9     -18.1     -0.10    0.9981    0.0000      0.00      0.35
  16     -11.8     -15.1     -0.06    0.9997    0.0000      0.00      0.23
  17     -11.8     -12.0     -0.03    0.9997    0.0000      0.00      0.21
  18     -11.9      -9.0      0.00    1.0009    0.0000      0.00      0.29
  19     -11.8      -6.0     -0.00    0.9989    0.0000      0.00      0.26
  20     -11.8      -3.0     -0.00    0.9996    0.0000      0.00      0.29
  21     -11.8      -0.0     -0.01    1.0014    0.0000      0.00      0.21
  22     -11.8       3.0     -0.01    1.0008    0.0000      0.00      0.29
  23     -11.8       6.0     -0.01    0.9980    0.0000      0.00      0.25
  24     -11.8       9.0     -0.01    0.9975    0.0000      0.00      0.22
  25     -11.8      12.0     -0.03    0.9987    0.0000      0.00      0.20
  26     -11.8      15.0     -0.05    0.9959    0.0000      0.00      0.25
  27     -11.8      17.9     -0.06    0.9957    0.0000      0.00      0.21
  28     -11.7      20.9     -0.08    0.9940    0.0000      0.00      0.24
  29     -11.7      23.9     -0.10    0.9945    0.0000      0.00      0.24
  30     -11.7      26.9     -0.07    0.9937    0.0000      0.00      0.21
  31     -11.7      30.0     -0.04    0.9940    0.0000      0.00      0.26
  32     -11.7      33.0     -0.01    0.9960    0.0000      0.00      0.27
  33     -11.7      36.0      0.01    0.9969    0.0000      0.00      0.28
  34     -11.7      39.0      0.04    0.9983    0.0000      0.00      0.20
  35     -11.7      42.0     -0.03    0.9990    0.0000      0.00      0.22
  36     -11.7      44.9     -0.09    0.9972    0.0000      0.00      0.22
  37     -11.7      47.8     -0.16    0.9974    0.0000      0.00      0.30
  38     -11.6      50.8     -0.23    0.9944    0.0000      0.00      0.21
  39     -11.6      53.9     -0.11    0.9943    0.0000      0.00      0.25
  40     -11.6      57.0      0.01    0.9951    0.0000      0.00      0.41
  41     -11.6      60.1      0.12    0.9919    0.0000      0.00      0.28


                     3-D point coordinates (with centroid zero)
   #       X         Y         Z      obj  cont  resid-nm
   1   -111.80     20.50     69.46      1    1      0.2543
   2     34.02    320.93     78.43      1    2      0.2411
   3    364.84   -325.72    -43.05      1    3      0.2686
   4   -236.06   -287.57    -50.52      1    4      0.2604
   5   -159.79    154.06    -42.66      1    5      0.2655
   6    244.63   -454.76    -54.29      1    6      0.1765
   7     96.22    309.95    -51.62      1    7      0.2248
   8    388.28   -124.43     73.05      1    8      0.2674
   9    187.49    329.58    -46.16      1    9      0.2582
  10   -343.22    134.81    -50.34      1   10      0.2720
  11    249.32    314.66     68.09      1   11      0.2641
  12   -152.35    -14.36     76.72      1   12      0.2630
  13     22.12     73.52    -55.35      1   13      0.2683
  14    -20.65    -64.03    -51.57      1   14      0.2457
  15   -165.24   -458.64     71.09      1   15      0.2946
  16   -409.27    335.08    -46.85      1   16      0.2873
  17    140.09     94.82     75.62      1   17      0.2580
  18    101.89   -141.93    -43.65      1   18      0.2362
  19   -288.81    210.80    -48.94      1   19      0.2587
  20    227.58     -9.23     77.48      1   20      0.2586
  21   -342.33   -223.21    -50.82      1   21      0.2630
  22   -239.32    273.14     71.60      1   22      0.2579
  23    139.50    141.03    -53.86      1   23      0.2221
  24    251.69    -95.16     70.83      1   24      0.2941
  25   -113.56    373.95    -44.81      1   25      0.2820
  26   -100.34   -179.86    -48.84      1   26      0.2317
  27    348.81   -430.79    -43.40      1   27      0.2907
  28   -226.25   -292.08     71.21      1   28      0.2669
  29   -241.39   -311.92    -44.47      1   29      0.2806
  30    353.89    326.86     67.64      1   30      0.3014

 Midpoint of Z range relative to centroid in Z:   11.54

Opened NEW file: g1.resid

 Residual error mean and sd:    0.2610   0.144 nm

         Projection points with large residuals (in pixels)
 obj  cont  view   index coordinates      residuals        # of
   #     #     #      X         Y        X        Y        S.D.
   1    29     9    336.59    260.05     1.01    -0.75     4.16
   1    30     8    839.84    816.19     0.83    -0.81     3.65
   1    22    40    526.25    821.16     1.09     0.35     3.60
   1    10    40    343.88    717.87     0.91     0.63     3.42
   1    29     8    326.63    269.99    -0.60     0.92     3.37
   1     5     1    548.81    689.57    -0.50     0.96     3.29
   1     2    18    627.54    836.54    -0.76     0.75     3.23
   1     9    37    697.61    882.22     0.87    -0.63     3.23
   1    19    15    350.71    807.60    -1.04     0.12     3.12
   1     4     8    339.89    293.16    -1.03    -0.06     3.08

Opened NEW file: g1fid.xyz

