
Opened NEW file: g1.tlt

Opened NEW file: g1.xf

Opened OLD file: g1.rawtlt

                        Variable mappings 
 View  Rotation     Tilt  (+ incr.)      Mag       Comp      Dmag      Skew
   1   rot    1   tilt   1              fixed      fixed      fixed      fixed 
   2   rot    2   t  1+  4            mag    2     fixed      fixed      fixed 
   3   rot    3   t  1+  4            mag    3     fixed      fixed      fixed 
   4   rot    4   tilt   4            mag    4     fixed      fixed      fixed 
   5   rot    5   t  4+  8            mag    5     fixed      fixed      fixed 
   6   rot    6   t  4+  8            mag    6     fixed      fixed      fixed 
   7   rot    7   t  4+  8            mag    7     fixed      fixed      fixed 
   8   rot    8   tilt   8            mag    8     fixed      fixed      fixed 
   9   rot    9   t  8+ 13            mag    9     fixed      fixed      fixed 
  10   rot   10   t  8+ 13            mag   10     fixed      fixed      fixed 
  11   rot   11   t  8+ 13            mag   11     fixed      fixed      fixed 
  12   rot   12   t  8+ 13            mag   12     fixed      fixed      fixed 
  13   rot   13   tilt  13            mag   13     fixed      fixed      fixed 
  14   rot   14   t 13+fix            mag   14     fixed      fixed      fixed 
  15   rot   15   t 13+fix            mag   15     fixed      fixed      fixed 
  16   rot   16   t 13+fix            mag   16     fixed      fixed      fixed 
  17   rot   17   t 13+fix            mag   17     fixed      fixed      fixed 
  18   rot   18     fixed             mag   18     fixed      fixed      fixed 
  19   rot   19   t 24+fix            mag   19     fixed      fixed      fixed 
  20   rot   20   t 24+fix            mag   20     fixed      fixed      fixed 
  21   rot   21   t 24+fix            mag   21     fixed      fixed      fixed 
  22   rot   22   t 24+fix            mag   22     fixed      fixed      fixed 
  23   rot   23   t 24+fix            mag   23     fixed      fixed      fixed 
  24   rot   24   tilt  24            mag   24     fixed      fixed      fixed 
  25   rot   25   t 24+ 29            mag   25     fixed      fixed      fixed 
  26   rot   26   t 24+ 29            mag   26     fixed      fixed      fixed 
  27   rot   27   t 24+ 29            mag   27     fixed      fixed      fixed 
  28   rot   28   t 24+ 29            mag   28     fixed      fixed      fixed 
  29   rot   29   tilt  29            mag   29     fixed      fixed      fixed 
  30   rot   30   t 29+ 34            mag   30     fixed      fixed      fixed 
  31   rot   31   t 29+ 34            mag   31     fixed      fixed      fixed 
  32   rot   32   t 29+ 34            mag   32     fixed      fixed      fixed 
  33   rot   33   t 29+ 34            mag   33     fixed      fixed      fixed 
  34   rot   34   tilt  34            mag   34     fixed      fixed      fixed 
  35   rot   35   t 34+ 38            mag   35     fixed      fixed      fixed 
  36   rot   36   t 34+ 38            mag   36     fixed      fixed      fixed 
  37   rot   37   t 34+ 38            mag   37     fixed      fixed      fixed 
  38   rot   38   tilt  38            mag   38     fixed      fixed      fixed 
  39   rot   39   t 38+ 41            mag   39     fixed      fixed      fixed 
  40   rot   40   t 38+ 41            mag   40     fixed      fixed      fixed 
  41   rot   41   tilt  41            mag   41     fixed      fixed      fixed 


 Variable Metric minimization                  Initial F:         1.027661

 Number of cycles :     3                      Final   F :        0.641431

WARNING: Minimization error #3 - Iteration limit exceeded

Skipping robust fitting because of minimization error

  41 views,   90 geometric variables,   30 3-D points,  1128 projection points
  Ratio of total measured values to all unknowns =  2256/ 257 =   8.78

 At minimum tilt, rotation angle is  -12.01

 view   rotation    tilt    deltilt     mag      dmag      skew    resid-pixels
   1     -12.0     -59.9      0.07    1.0000    0.0000      0.00      0.85
   2     -12.0     -57.0      0.01    1.0024    0.0000      0.00      0.84
   3     -12.0     -54.1     -0.05    1.0024    0.0000      0.00      0.79
   4     -12.0     -51.1     -0.11    1.0016    0.0000      0.00      0.82
   5     -12.0     -48.1     -0.12    0.9993    0.0000      0.00      0.74
   6     -12.0     -45.1     -0.12    1.0013    0.0000      0.00      0.60
   7     -12.0     -42.1     -0.13    1.0001    0.0000      0.00      0.70
   8     -12.1     -39.1     -0.13    1.0013    0.0000      0.00      0.77
   9     -12.0     -36.1     -0.11    1.0002    0.0000      0.00      0.66
  10     -12.0     -33.1     -0.08    0.9999    0.0000      0.00      0.57
  11     -12.0     -30.1     -0.05    1.0018    0.0000      0.00      0.44
  12     -12.0     -27.0     -0.03    1.0035    0.0000      0.00      0.56
  13     -12.0     -24.0      0.00    1.0021    0.0000      0.00      0.48
  14     -12.0     -21.0      0.00    0.9999    0.0000      0.00      0.44
  15     -12.0     -18.0      0.00    0.9995    0.0000      0.00      0.56
  16     -12.0     -15.0      0.00    1.0015    0.0000      0.00      0.39
  17     -12.0     -12.0      0.00    1.0017    0.0000      0.00      0.34
  18     -12.0      -9.0      0.00    1.0030    0.0000      0.00      0.54
  19     -12.0      -6.0      0.01    1.0008    0.0000      0.00      0.46
  20     -12.0      -3.0      0.01    1.0016    0.0000      0.00      0.48
  21     -12.0       0.0      0.02    1.0040    0.0000      0.00      0.48
  22     -12.0       3.0      0.02    1.0032    0.0000      0.00      0.49
  23     -12.0       6.0      0.03    1.0000    0.0000      0.00      0.43
  24     -12.0       9.0      0.03    0.9995    0.0000      0.00      0.42
  25     -12.0      12.0      0.05    1.0008    0.0000      0.00      0.34
  26     -12.0      15.1      0.06    0.9977    0.0000      0.00      0.42
  27     -12.0      18.1      0.07    0.9974    0.0000      0.00      0.53
  28     -12.0      21.1      0.08    0.9958    0.0000      0.00      0.49
  29     -12.0      24.1      0.10    0.9965    0.0000      0.00      0.62
  30     -12.0      27.1      0.07    0.9957    0.0000      0.00      0.54
  31     -12.0      30.0      0.04    0.9958    0.0000      0.00      0.54
  32     -12.0      33.0      0.02    0.9984    0.0000      0.00      0.51
  33     -12.0      36.0     -0.01    0.9992    0.0000      0.00      0.49
  34     -12.0      39.0     -0.03    1.0003    0.0000      0.00      0.46
  35     -11.9      41.9     -0.05    1.0012    0.0000      0.00      0.46
  36     -11.9      44.9     -0.07    1.0000    0.0000      0.00      0.50
  37     -12.0      47.9     -0.09    1.0005    0.0000      0.00      0.48
  38     -11.9      50.9     -0.11    0.9983    0.0000      0.00      0.69
  39     -11.9      54.0     -0.04    0.9978    0.0000      0.00      0.65
  40     -11.9      57.0      0.03    0.9981    0.0000      0.00      0.84
  41     -11.9      60.1      0.09    0.9952    0.0000      0.00      0.57


                     3-D point coordinates (with centroid zero)
   #       X         Y         Z      obj  cont  resid-pixels
   1   -111.81     20.25     69.42      1    1      0.4070
   2     32.53    320.56     77.13      1    2      0.4649
   3    365.49   -324.18    -42.26      1    3      0.6617
   4   -234.35   -287.74    -49.18      1    4      0.5502
   5   -159.99    153.35    -43.01      1    5      0.4273
   6    245.86   -453.64    -53.54      1    6      0.6255
   7     94.94    309.63    -52.78      1    7      0.5128
   8    387.84   -123.05     72.95      1    8      0.7494
   9    185.95    329.47    -47.51      1    9      0.5308
  10   -342.96    133.60    -50.37      1   10      0.6742
  11    247.57    314.86     66.25      1   11      0.6153
  12   -152.16    -14.65     76.84      1   12      0.4424
  13     21.91     73.43    -55.58      1   13      0.4261
  14    -20.25    -64.02    -51.27      1   14      0.3791
  15   -163.29   -458.17     72.84      1   15      0.6729
  16   -409.63    333.36    -47.54      1   16      0.8531
  17    139.31     95.11     75.17      1   17      0.4431
  18    102.32   -141.36    -43.15      1   18      0.4150
  19   -288.97    209.65    -49.33      1   19      0.6338
  20    227.01     -8.48     77.11      1   20      0.5436
  21   -340.71   -223.79    -49.57      1   21      0.5914
  22   -240.09    272.09     70.82      1   22      0.5439
  23    138.81    141.11    -54.47      1   23      0.3906
  24    251.39    -94.26     70.75      1   24      0.6285
  25   -114.64    372.64    -46.07      1   25      0.5917
  26    -99.33   -179.83    -48.02      1   26      0.3980
  27    349.91   -429.07    -42.26      1   27      0.7728
  28   -224.84   -292.26     72.35      1   28      0.5151
  29   -239.59   -312.05    -43.02      1   29      0.5546
  30    351.76    327.43     67.25      1   30      0.6324

 Midpoint of Z range relative to centroid in Z:   10.78

Opened NEW file: g1.resid

 Residual error mean and sd:     0.555   0.322 pixels

         Projection points with large residuals (in pixels)
 obj  cont  view   index coordinates      residuals        # of
   #     #     #      X         Y        X        Y        S.D.   Weights
   1    27     1    676.95     65.07    -0.26     1.90     4.22   1.0000
   1     3     2    690.62    158.84    -0.49     1.80     4.07   1.0000
   1    16     3    414.42    897.96    -0.29    -1.83     4.05   1.0000
   1    19     1    502.12    758.83     0.31    -1.81     3.97   1.0000
   1     8     5    720.07    374.47     1.14     1.35     3.76   1.0000
   1    16     2    417.34    894.19     0.47    -1.64     3.57   1.0000
   1    27     4    722.61     89.44     0.37     1.64     3.51   1.0000
   1    30     2    730.03    819.07    -1.18     1.16     3.42   1.0000
   1    24     4    644.88    449.21     1.21     1.12     3.40   1.0000
   1    16     4    418.69    938.19     0.31    -1.58     3.28   1.0000
   1    30    41    824.49    833.09     1.58     0.25     3.25   1.0000
   1     8     2    649.58    373.90    -0.23     1.56     3.17   1.0000
   1     3     1    706.06    166.37     0.09     1.57     3.16   1.0000
   1    27    38    638.49    112.05    -1.40    -0.66     3.08   1.0000
   1    10    40    343.88    717.87     1.21     0.95     3.05   1.0000
   1    16     5    384.36    915.28    -0.87    -1.27     3.05   1.0000

Opened NEW file: g1fid.xyz

WARNING: 1  Minimization errors occurred
