
Opened NEW file: g1.tlt

Opened NEW file: g1.xf

Opened OLD file: g1.rawtlt

                        Variable mappings 
 View  Rotation     Tilt  (+ incr.)      Mag       Comp      Dmag      Skew
   1   rot    1   tilt   1              fixed      fixed      fixed      fixed 
   2   rot    2   t  1+  4            mag    2     fixed      fixed      fixed 
   3   rot    3   t  1+  4            mag    3     fixed      fixed      fixed 
   4   rot    4   tilt   4            mag    4     fixed      fixed      fixed 
   5   rot    5   t  4+  8            mag    5     fixed      fixed      fixed 
   6   rot    6   t  4+  8            mag    6     fixed      fixed      fixed 
   7   rot    7   t  4+  8            mag    7     fixed      fixed      fixed 
   8   rot    8   tilt   8            mag    8     fixed      fixed      fixed 
   9   rot    9   t  8+ 13            mag    9     fixed      fixed      fixed 
  10   rot   10   t  8+ 13            mag   10     fixed      fixed      fixed 
  11   rot   11   t  8+ 13            mag   11     fixed      fixed      fixed 
  12   rot   12   t  8+ 13            mag   12     fixed      fixed      fixed 
  13   rot   13   tilt  13            mag   13     fixed      fixed      fixed 
  14   rot   14   t 13+fix            mag   14     fixed      fixed      fixed 
  15   rot   15   t 13+fix            mag   15     fixed      fixed      fixed 
  16   rot   16   t 13+fix            mag   16     fixed      fixed      fixed 
  17   rot   17   t 13+fix            mag   17     fixed      fixed      fixed 
  18   rot   18   t 13+fix            mag   18     fixed      fixed      fixed 
  19   rot   19     fixed             mag   19     fixed      fixed      fixed 
  20   rot   20   t 24+fix            mag   20     fixed      fixed      fixed 
  21   rot   21   t 24+fix            mag   21     fixed      fixed      fixed 
  22   rot   22   t 24+fix            mag   22     fixed      fixed      fixed 
  23   rot   23   t 24+fix            mag   23     fixed      fixed      fixed 
  24   rot   24   tilt  24            mag   24     fixed      fixed      fixed 
  25   rot   25   t 24+ 30            mag   25     fixed      fixed      fixed 
  26   rot   26   t 24+ 30            mag   26     fixed      fixed      fixed 
  27   rot   27   t 24+ 30            mag   27     fixed      fixed      fixed 
  28   rot   28   t 24+ 30            mag   28     fixed      fixed      fixed 
  29   rot   29   t 24+ 30            mag   29     fixed      fixed      fixed 
  30   rot   30   tilt  30            mag   30     fixed      fixed      fixed 
  31   rot   31   t 30+ 35            mag   31     fixed      fixed      fixed 
  32   rot   32   t 30+ 35            mag   32     fixed      fixed      fixed 
  33   rot   33   t 30+ 35            mag   33     fixed      fixed      fixed 
  34   rot   34   t 30+ 35            mag   34     fixed      fixed      fixed 
  35   rot   35   tilt  35            mag   35     fixed      fixed      fixed 
  36   rot   36   t 35+ 39            mag   36     fixed      fixed      fixed 
  37   rot   37   t 35+ 39            mag   37     fixed      fixed      fixed 
  38   rot   38   t 35+ 39            mag   38     fixed      fixed      fixed 
  39   rot   39   tilt  39            mag   39     fixed      fixed      fixed 
  40   rot   40   t 39+ 41            mag   40     fixed      fixed      fixed 
  41   rot   41   tilt  41            mag   41     fixed      fixed      fixed 


 Variable Metric minimization                  Initial F:         1.027662
                                               Cycle   10         0.476416
                                               Cycle   20         0.437909
                                               Cycle   30         0.436053
                                               Cycle   40         0.435919
                                               Cycle   50         0.435838
                                               Cycle   60         0.435822

 Number of cycles :    64                      Final   F :        0.435821
  41 views,   90 geometric variables,   30 3-D points,  1128 projection points
  Ratio of total measured values to all unknowns =  2256/ 257 =   8.78

 At minimum tilt, rotation angle is  -11.81

 view   rotation    tilt    deltilt     mag      dmag      skew    resid-pixels
   1     -12.0     -58.4      0.12    1.0000    0.0000      0.00      0.44
   2     -12.0     -55.5      0.01    1.0015    0.0000      0.00      0.45
   3     -12.0     -52.6     -0.10    1.0019    0.0000      0.00      0.34
   4     -12.0     -49.7     -0.21    1.0014    0.0000      0.00      0.47
   5     -12.0     -46.7     -0.21    0.9988    0.0000      0.00      0.33
   6     -12.0     -43.7     -0.21    1.0009    0.0000      0.00      0.38
   7     -11.9     -40.7     -0.21    0.9996    0.0000      0.00      0.34
   8     -12.0     -37.7     -0.21    1.0007    0.0000      0.00      0.53
   9     -11.9     -34.7     -0.20    0.9997    0.0000      0.00      0.50
  10     -11.9     -31.7     -0.20    0.9991    0.0000      0.00      0.36
  11     -11.9     -28.7     -0.19    1.0007    0.0000      0.00      0.41
  12     -11.9     -25.7     -0.18    1.0024    0.0000      0.00      0.38
  13     -11.9     -22.7     -0.17    1.0009    0.0000      0.00      0.38
  14     -11.9     -19.6     -0.14    0.9986    0.0000      0.00      0.38
  15     -11.9     -16.6     -0.11    0.9981    0.0000      0.00      0.51
  16     -11.8     -13.6     -0.08    0.9997    0.0000      0.00      0.33
  17     -11.8     -10.6     -0.06    0.9998    0.0000      0.00      0.31
  18     -11.9      -7.5     -0.03    1.0010    0.0000      0.00      0.44
  19     -11.8      -4.5      0.00    0.9989    0.0000      0.00      0.39
  20     -11.8      -1.5     -0.01    0.9996    0.0000      0.00      0.43
  21     -11.8       1.5     -0.02    1.0014    0.0000      0.00      0.31
  22     -11.8       4.5     -0.03    1.0008    0.0000      0.00      0.43
  23     -11.8       7.5     -0.04    0.9980    0.0000      0.00      0.37
  24     -11.8      10.4     -0.05    0.9975    0.0000      0.00      0.31
  25     -11.8      13.4     -0.05    0.9986    0.0000      0.00      0.29
  26     -11.8      16.4     -0.05    0.9959    0.0000      0.00      0.36
  27     -11.8      19.4     -0.06    0.9957    0.0000      0.00      0.31
  28     -11.7      22.4     -0.06    0.9941    0.0000      0.00      0.35
  29     -11.7      25.4     -0.06    0.9946    0.0000      0.00      0.39
  30     -11.7      28.4     -0.06    0.9938    0.0000      0.00      0.30
  31     -11.7      31.4     -0.05    0.9940    0.0000      0.00      0.38
  32     -11.7      34.5     -0.05    0.9959    0.0000      0.00      0.41
  33     -11.7      37.5     -0.04    0.9968    0.0000      0.00      0.40
  34     -11.7      40.5     -0.03    0.9981    0.0000      0.00      0.30
  35     -11.7      43.5     -0.02    0.9991    0.0000      0.00      0.33
  36     -11.7      46.4     -0.07    0.9974    0.0000      0.00      0.33
  37     -11.7      49.4     -0.13    0.9977    0.0000      0.00      0.38
  38     -11.6      52.3     -0.18    0.9947    0.0000      0.00      0.36
  39     -11.6      55.3     -0.23    0.9938    0.0000      0.00      0.42
  40     -11.6      58.5     -0.04    0.9950    0.0000      0.00      0.55
  41     -11.6      61.7      0.15    0.9921    0.0000      0.00      0.35


                     3-D point coordinates (with centroid zero)
   #       X         Y         Z      obj  cont  resid-pixels
   1   -113.57     20.50     66.53      1    1      0.3670
   2     31.97    320.93     79.27      1    2      0.3486
   3    365.83   -325.71    -33.56      1    3      0.4016
   4   -234.67   -287.57    -56.61      1    4      0.3997
   5   -158.63    154.05    -46.78      1    5      0.3897
   6    245.97   -454.76    -47.91      1    6      0.2660
   7     97.53    309.94    -49.11      1    7      0.3266
   8    386.26   -124.43     83.10      1    8      0.3872
   9    188.63    329.57    -41.29      1    9      0.3789
  10   -341.80    134.81    -59.23      1   10      0.4123
  11    247.47    314.66     74.52      1   11      0.3786
  12   -154.29    -14.36     72.74      1   12      0.3817
  13     23.54     73.52    -54.76      1   13      0.3900
  14    -19.30    -64.03    -52.08      1   14      0.3621
  15   -167.02   -458.63     66.80      1   15      0.4419
  16   -407.91    335.08    -57.44      1   16      0.4002
  17    138.08     94.82     79.22      1   17      0.3796
  18    102.99   -141.92    -40.98      1   18      0.3519
  19   -287.45    210.80    -56.41      1   19      0.3746
  20    225.50     -9.23     83.35      1   20      0.3766
  21   -340.91   -223.21    -59.71      1   21      0.3805
  22   -241.11    273.14     65.36      1   22      0.3755
  23    140.86    141.02    -50.22      1   23      0.3157
  24    249.77    -95.16     77.33      1   24      0.4353
  25   -112.36    373.94    -47.75      1   25      0.4046
  26    -99.04   -179.85    -51.42      1   26      0.3389
  27    349.83   -430.79    -34.33      1   27      0.4406
  28   -228.03   -292.07     65.30      1   28      0.3965
  29   -240.15   -311.92    -50.70      1   29      0.4011
  30    352.00    326.86     76.75      1   30      0.4460

 Midpoint of Z range relative to centroid in Z:   11.82

Opened NEW file: g1.resid

 Residual error mean and sd:     0.383   0.209 pixels

         Projection points with large residuals (in pixels)
 obj  cont  view   index coordinates      residuals        # of
   #     #     #      X         Y        X        Y        S.D.
   1    20    31    738.00    506.21     0.29     0.94     3.40
   1     2    18    627.54    836.54    -0.78     0.76     3.25
   1     5     4    532.17    728.24    -0.65     0.71     3.08
   1    24     4    644.88    449.21     0.87     0.41     3.07
   1    24    31    738.68    419.32    -0.64     0.65     3.03
   1    13    26    552.53    628.32     0.34    -0.81     2.95
   1     5     1    548.81    689.57    -0.51     0.96     2.85
   1    30     8    839.84    816.19     0.84    -0.81     2.76
   1    25    28    499.26    917.01     0.80    -0.13     2.76
   1    29     9    336.59    260.05     1.01    -0.75     2.75
   1    18    29    587.11    375.54    -0.50    -0.68     2.65
   1     9    37    697.61    882.22     0.75    -0.53     2.63
   1    15    35    381.44    123.24     0.31    -0.74     2.59
   1     1    32    469.83    566.81    -0.65     0.66     2.55
   1    27    38    638.49    112.05    -0.91     0.11     2.55
   1    13     6    609.29    592.12     0.86     0.15     2.52
   1    19    33    303.30    822.79    -0.84    -0.38     2.52
   1    29     8    326.63    269.99    -0.60     0.92     2.51
   1    30    13    921.35    798.70    -0.86     0.09     2.51
   1    10    18    242.35    727.27     0.90     0.23     2.51
   1    27     6    723.47     52.68    -0.85    -0.20     2.50

Opened NEW file: g1fid.xyz

 SURFACE ANALYSIS:

 The following parameters are appropriate if fiducials are NOT on two surfaces:

 Fit of one plane to all fiducials:
 # of points =               30
 Mean residual =          54.88
 Adjusted slope =        0.0806
 X axis tilt needed =     -1.37
 Incremental tilt angle change =  -4.61
 Total tilt angle change =        -3.11
 
 The following parameters are appropriate if fiducials ARE on two surfaces,
 based on fit of two parallel planes to fiducials sorted onto two surfaces:

 On bottom surface:
 # of points =           18
 Mean residual =       3.57
 Z axis intercept =   -48.4

 On top surface:
 # of points =           12
 Mean residual =       3.05
 Z axis intercept =    72.6

 Overall mean residual =           3.37
 Thickness at Z intercepts =      121.0
 Adjusted slope =                0.0261
 X axis tilt needed =              0.03
 Incremental tilt angle change =  -1.50
 Total tilt angle change =         0.00
 
 Unbinned thickness needed to contain centers of all fiducials =         134
 Incremental unbinned shift needed to center range of fiducials in Z =    -1.6
 Total unbinned shift needed to center range of fiducials in Z =          -1.6

