
Opened NEW file: g3.tlt

Opened NEW file: g3.xtilt

Opened NEW file: g3.xf

Opened OLD file: g3.rawtlt

                        Variable mappings 
 View  Rotation     Tilt  (+ incr.)      Mag       Comp      Dmag      Skew
   1   rot    1   tilt   1            mag    1     fixed    dmag   1     fixed 
   2   rot    2   t  1+  4            mag    2     fixed    dmag   1   s 11+fix
   3   rot    3   t  1+  4            mag    3     fixed    dmag   1   s 11+fix
   4   rot    4   tilt   4            mag    4     fixed    dmag   1   s 11+fix
   5   rot    5   t  4+  8            mag    5     fixed      fixed    s 11+fix
   6   rot    6   t  4+  8            mag    6     fixed      fixed    s 11+fix
   7   rot    7   t  4+  8            mag    7     fixed      fixed    s 11+fix
   8   rot    8   tilt   8            mag    8     fixed      fixed    s 11+fix
   9   rot    9   t  8+ 13            mag    9     fixed      fixed    s 11+fix
  10   rot   10   t  8+ 13            mag   10     fixed      fixed    s 11+fix
  11   rot   11   t  8+ 13            mag   11     fixed      fixed    skew  11
  12   rot   12   t  8+ 13            mag   12     fixed    dmag  12   s 11+ 21
  13   rot   13   tilt  13            mag   13     fixed    dmag  12   s 11+ 21
  14   rot   14   t 13+fix            mag   14     fixed    dmag  12   s 11+ 21
  15   rot   15   t 13+fix            mag   15     fixed    dmag  12   s 11+ 21
  16   rot   16   t 13+fix            mag   16     fixed    dmag  12   s 11+ 21
  17   rot   17   t 13+fix            mag   17     fixed    dmag  12   s 11+ 21
  18   rot   18     fixed             mag   18     fixed    dmag  12   s 11+ 21
  19   rot   19   t 24+fix            mag   19     fixed    dmag  12   s 11+ 21
  20   rot   20   t 24+fix            mag   20     fixed    dmag  12   s 11+ 21
  21   rot   21   t 24+fix              fixed      fixed    dmag  21   skew  21
  22   rot   22   t 24+fix            mag   22     fixed    dmag  21   s 21+ 31
  23   rot   23   t 24+fix            mag   23     fixed    dmag  21   s 21+ 31
  24   rot   24   tilt  24            mag   24     fixed    dmag  21   s 21+ 31
  25   rot   25   t 24+ 29            mag   25     fixed    dmag  21   s 21+ 31
  26   rot   26   t 24+ 29            mag   26     fixed    dmag  21   s 21+ 31
  27   rot   27   t 24+ 29            mag   27     fixed    dmag  21   s 21+ 31
  28   rot   28   t 24+ 29            mag   28     fixed    dmag  21   s 21+ 31
  29   rot   29   tilt  29            mag   29     fixed    dmag  21   s 21+ 31
  30   rot   30   t 29+ 34            mag   30     fixed    dmag  30   s 21+ 31
  31   rot   31   t 29+ 34            mag   31     fixed    dmag  30   skew  31
  32   rot   32   t 29+ 34            mag   32     fixed    dmag  30   s 31+ 41
  33   rot   33   t 29+ 34            mag   33     fixed    dmag  30   s 31+ 41
  34   rot   34   tilt  34            mag   34     fixed    dmag  30   s 31+ 41
  35   rot   35   t 34+ 38            mag   35     fixed    dmag  30   s 31+ 41
  36   rot   36   t 34+ 38            mag   36     fixed    dmag  30   s 31+ 41
  37   rot   37   t 34+ 38            mag   37     fixed    dmag  37   s 31+ 41
  38   rot   38   tilt  38            mag   38     fixed    dmag  37   s 31+ 41
  39   rot   39   t 38+ 41            mag   39     fixed    dmag  37   s 31+ 41
  40   rot   40   t 38+ 41            mag   40     fixed    dmag  37   s 31+ 41
  41   rot   41   tilt  41            mag   41     fixed    dmag  37   skew  41


 Variable Metric minimization                  Initial F:         1.527043
                                               Cycle   10         0.571754
                                               Cycle   20         0.514528
                                               Cycle   30         0.496154
                                               Cycle   40         0.486392
                                               Cycle   50         0.484718
                                               Cycle   60         0.483651
                                               Cycle   70         0.483401

 Number of cycles :    78                      Final   F :        0.483246
  41 views,   99 geometric variables,   24 3-D points,   916 projection points
  Ratio of total measured values to all unknowns =  1832/ 248 =   7.39

 At minimum tilt, rotation angle is    4.75

 view   rotation    tilt    deltilt     mag      dmag      skew    resid-pixels
   1       4.4     -59.9      0.09    1.0153    0.0037      0.00      0.49
   2       4.4     -56.9      0.08    1.0155    0.0037      0.02      0.55
   3       4.4     -53.9      0.08    1.0123    0.0037      0.03      0.62
   4       4.5     -50.9      0.08    1.0125    0.0037      0.05      0.40
   5       4.5     -47.9      0.13    1.0123    0.0000      0.07      0.44
   6       4.5     -44.8      0.17    1.0105    0.0000      0.08      0.40
   7       4.5     -41.8      0.22    1.0138    0.0000      0.10      0.56
   8       4.5     -38.7      0.26    1.0093    0.0000      0.11      0.35
   9       4.5     -35.7      0.25    1.0078    0.0000      0.13      0.43
  10       4.5     -32.8      0.24    1.0067    0.0000      0.15      0.32
  11       4.5     -29.8      0.23    1.0034    0.0000      0.16      0.37
  12       4.6     -26.8      0.22    1.0063   -0.0009      0.16      0.37
  13       4.6     -23.8      0.21    1.0029   -0.0009      0.16      0.42
  14       4.6     -20.8      0.17    1.0023   -0.0009      0.16      0.45
  15       4.6     -17.9      0.13    1.0014   -0.0009      0.15      0.45
  16       4.6     -14.9      0.09    1.0043   -0.0009      0.15      0.39
  17       4.7     -12.0      0.04    1.0013   -0.0009      0.15      0.42
  18       4.7      -9.0      0.00    1.0028   -0.0009      0.15      0.35
  19       4.7      -6.0      0.04    1.0012   -0.0009      0.14      0.39
  20       4.7      -2.9      0.08    1.0013   -0.0009      0.14      0.46
  21       4.7       0.1      0.13    1.0000    0.0000      0.14      0.44
  22       4.8       3.2      0.17    1.0010    0.0000      0.14      0.43
  23       4.8       6.2      0.21    0.9989    0.0000      0.14      0.37
  24       4.8       9.3      0.25    0.9995    0.0000      0.14      0.46
  25       4.8      12.2      0.24    0.9995    0.0000      0.14      0.31
  26       4.8      15.2      0.23    1.0022    0.0000      0.14      0.35
  27       4.8      18.2      0.21    0.9983    0.0000      0.14      0.38
  28       4.8      21.2      0.20    1.0015    0.0000      0.14      0.34
  29       4.8      24.2      0.19    1.0028    0.0000      0.15      0.33
  30       4.8      27.2      0.21    1.0019    0.0028      0.15      0.31
  31       4.8      30.2      0.24    1.0015    0.0028      0.15      0.41
  32       4.8      33.3      0.26    1.0024    0.0028      0.13      0.43
  33       4.8      36.3      0.29    1.0049    0.0028      0.11      0.42
  34       4.8      39.3      0.32    1.0034    0.0028      0.09      0.61
  35       4.8      42.3      0.30    1.0055    0.0028      0.07      0.69
  36       4.8      45.3      0.28    1.0030    0.0028      0.05      0.53
  37       4.8      48.3      0.26    1.0034    0.0010      0.03      0.33
  38       4.8      51.2      0.24    1.0034    0.0010      0.01      0.42
  39       4.9      54.3      0.30    1.0019    0.0010     -0.01      0.36
  40       4.9      57.4      0.36    1.0053    0.0010     -0.03      0.43
  41       4.9      60.4      0.42    1.0027    0.0010     -0.05      0.32


                     3-D point coordinates (with centroid zero)
   #       X         Y         Z      obj  cont  resid-pixels
   1     11.40   -264.10    -62.37      1    1      0.3965
   2    -12.92   -159.04     50.58      1    2      0.3907
   3   -127.83    -91.31     50.40      1    3      0.4018
   4   -155.82    -57.87     51.49      1    4      0.4299
   5    153.40     55.38    -69.81      1    5      0.4046
   6    359.82    244.50    -49.21      1    6      0.4042
   7    205.50    312.92     51.84      1    7      0.3720
   8   -294.83   -412.94    -66.39      1    8      0.4562
   9    -64.23     26.44    -60.73      1    9      0.3612
  10   -369.00    -53.86    -64.24      1   10      0.4590
  11    196.43   -178.57     49.61      1   11      0.3045
  12     28.90    135.37     52.80      1   12      0.3586
  13    114.03    347.79     51.48      1   13      0.4146
  14   -441.01    234.03     52.64      1   14      0.5109
  15    165.80    387.60    -60.41      1   15      0.4209
  16   -378.39    406.02     56.72      1   16      0.4456
  17    372.86   -156.49     54.21      1   17      0.5597
  18    309.42   -356.47    -66.94      1   18      0.3757
  19    367.67   -119.93    -54.94      1   19      0.5059
  20    -36.66   -347.88    -68.58      1   20      0.4124
  21   -198.78    -45.74     57.05      1   21      0.3924
  22    222.99   -135.86     58.00      1   22      0.4239
  23    -30.99    406.81    -61.53      1   23      0.4969
  24   -397.74   -176.79     48.31      1   24      0.4301

 Midpoint of Z range relative to centroid in Z:   -5.90

Opened NEW file: g3.resid

 Residual error mean and sd:     0.422   0.235 pixels

         Projection points with large residuals (in pixels)
 obj  cont  view   index coordinates      residuals        # of
   #     #     #      X         Y        X        Y        S.D.
   1    10     2    394.02    459.88     1.09    -0.62     3.54
   1    18    35    717.89    159.11    -0.88    -0.86     3.44
   1    22     3    602.92    395.88     0.78     0.90     3.26
   1    24    32    209.70    330.21     1.09    -0.46     3.25
   1    19     7    829.21    443.45    -0.81    -0.82     3.10
   1    19    35    749.45    399.11    -1.00     0.54     3.03
   1    17     7    762.73    400.67    -1.05    -0.43     3.01
   1    14    35    189.20    708.47     1.05     0.42     3.01

 SURFACE ANALYSIS:

 The following parameters are appropriate if fiducials are NOT on two surfaces:

 Fit of one plane to all fiducials:
 # of points =               24
 Mean residual =          53.85
 Adjusted slope =       -0.0379
 X axis tilt needed =     -2.28
 Incremental tilt angle change =   2.17
 Total tilt angle change =         2.17
 
 The following parameters are appropriate if fiducials ARE on two surfaces,
 based on fit of two parallel planes to fiducials sorted onto two surfaces:

 On bottom surface:
 # of points =           11
 Mean residual =       3.62
 Z axis intercept =   -62.3

 On top surface:
 # of points =           13
 Mean residual =       2.35
 Z axis intercept =    52.7

 Overall mean residual =           2.93
 Thickness at Z intercepts =      115.0
 Adjusted slope =                0.0054
 X axis tilt needed =             -0.41
 Incremental tilt angle change =  -0.31
 Total tilt angle change =        -0.31
 
 Unbinned thickness needed to contain centers of all fiducials =         129
 Incremental unbinned shift needed to center range of fiducials in Z =    -6.3
 Total unbinned shift needed to center range of fiducials in Z =          -6.3

