
Opened NEW file: g4.tlt

Opened NEW file: g4.xf

Opened OLD file: g4.rawtlt

                        Variable mappings 
 View  Rotation     Tilt  (+ incr.)      Mag       Comp      Dmag      Skew
   1     fixed      fixed               fixed      fixed      fixed      fixed 
   2     fixed      fixed               fixed      fixed      fixed      fixed 
   3     fixed      fixed               fixed      fixed      fixed      fixed 
   4     fixed      fixed               fixed      fixed      fixed      fixed 
   5     fixed      fixed               fixed      fixed      fixed      fixed 
   6     fixed      fixed               fixed      fixed      fixed      fixed 
   7     fixed      fixed               fixed      fixed      fixed      fixed 
   8     fixed      fixed               fixed      fixed      fixed      fixed 
   9     fixed      fixed               fixed      fixed      fixed      fixed 
  10     fixed      fixed               fixed      fixed      fixed      fixed 
  11     fixed      fixed               fixed      fixed      fixed      fixed 
  12     fixed      fixed               fixed      fixed      fixed      fixed 
  13     fixed      fixed               fixed      fixed      fixed      fixed 
  14     fixed      fixed               fixed      fixed      fixed      fixed 
  15     fixed      fixed               fixed      fixed      fixed      fixed 
  16     fixed      fixed               fixed      fixed      fixed      fixed 
  17     fixed      fixed               fixed      fixed      fixed      fixed 
  18     fixed      fixed               fixed      fixed      fixed      fixed 
  19     fixed      fixed               fixed      fixed      fixed      fixed 
  20     fixed      fixed               fixed      fixed      fixed      fixed 
  21     fixed      fixed               fixed      fixed      fixed      fixed 
  22     fixed      fixed               fixed      fixed      fixed      fixed 
  23     fixed      fixed               fixed      fixed      fixed      fixed 
  24     fixed      fixed               fixed      fixed      fixed      fixed 
  25     fixed      fixed               fixed      fixed      fixed      fixed 
  26     fixed      fixed               fixed      fixed      fixed      fixed 
  27     fixed      fixed               fixed      fixed      fixed      fixed 
  28     fixed      fixed               fixed      fixed      fixed      fixed 
  29     fixed      fixed               fixed      fixed      fixed      fixed 
  30     fixed      fixed               fixed      fixed      fixed      fixed 
  31     fixed      fixed               fixed      fixed      fixed      fixed 


 Variable Metric minimization                  Initial F:         0.796848

 Number of cycles :     1                      Final   F :        0.796848
  31 views,    0 geometric variables,   12 3-D points,   372 projection points
  Ratio of total measured values to all unknowns =   744/  93 =   8.00

 At minimum tilt, rotation angle is  -85.00

 view   rotation    tilt    deltilt     mag      dmag      skew    resid-pixels
   1     -85.0     -45.0      0.00    1.0000    0.0000      0.00      0.66
   2     -85.0     -42.0      0.00    1.0000    0.0000      0.00      1.05
   3     -85.0     -39.0      0.00    1.0000    0.0000      0.00      0.63
   4     -85.0     -36.0      0.00    1.0000    0.0000      0.00      0.64
   5     -85.0     -33.0      0.00    1.0000    0.0000      0.00      0.52
   6     -85.0     -30.0      0.00    1.0000    0.0000      0.00      0.66
   7     -85.0     -27.0      0.00    1.0000    0.0000      0.00      0.64
   8     -85.0     -24.0      0.00    1.0000    0.0000      0.00      0.87
   9     -85.0     -21.0      0.00    1.0000    0.0000      0.00      0.40
  10     -85.0     -18.0      0.00    1.0000    0.0000      0.00      0.56
  11     -85.0     -15.0      0.00    1.0000    0.0000      0.00      0.64
  12     -85.0     -12.0      0.00    1.0000    0.0000      0.00      0.92
  13     -85.0      -9.0      0.00    1.0000    0.0000      0.00      1.19
  14     -85.0      -6.0      0.00    1.0000    0.0000      0.00      1.02
  15     -85.0      -3.0      0.00    1.0000    0.0000      0.00      0.82
  16     -85.0       0.0      0.00    1.0000    0.0000      0.00      1.03
  17     -85.0       3.0     -0.00    1.0000    0.0000      0.00      0.93
  18     -85.0       6.0     -0.00    1.0000    0.0000      0.00      0.46
  19     -85.0       9.0     -0.00    1.0000    0.0000      0.00      0.38
  20     -85.0      12.0     -0.00    1.0000    0.0000      0.00      0.40
  21     -85.0      15.0     -0.00    1.0000    0.0000      0.00      0.90
  22     -85.0      18.0     -0.00    1.0000    0.0000      0.00      0.39
  23     -85.0      21.0     -0.00    1.0000    0.0000      0.00      0.48
  24     -85.0      24.0     -0.00    1.0000    0.0000      0.00      0.98
  25     -85.0      27.0     -0.00    1.0000    0.0000      0.00      0.57
  26     -85.0      30.0     -0.00    1.0000    0.0000      0.00      0.59
  27     -85.0      33.0     -0.00    1.0000    0.0000      0.00      0.76
  28     -85.0      36.0     -0.00    1.0000    0.0000      0.00      0.53
  29     -85.0      39.0     -0.00    1.0000    0.0000      0.00      0.49
  30     -85.0      42.0     -0.00    1.0000    0.0000      0.00      0.80
  31     -85.0      45.0     -0.00    1.0000    0.0000      0.00      0.47


                     3-D point coordinates (with centroid zero)
   #       X         Y         Z      obj  cont  resid-pixels
   1   -136.94    266.31    -53.22      1    1      0.6508
   2    316.03    -92.18    -43.27      1    2      0.6872
   3     51.12    285.87     72.84      1    3      0.5418
   4    114.65     98.31    -50.82      1    4      0.4872
   5   -334.65    326.81     72.01      1    5      0.8943
   6   -129.61    -59.02     74.09      1    6      0.4564
   7   -231.31   -473.54    -50.15      1    7      0.9009
   8     26.59   -381.95     68.98      1    8      0.6079
   9    284.51    154.24    -53.78      1    9      0.6913
  10    438.66   -206.46    -52.87      1   10      0.9510
  11    -68.63    287.42    -52.06      1   11      0.5173
  12   -330.41   -205.81     68.25      1   12      0.8998

 Midpoint of Z range relative to centroid in Z:   10.15

 Residual error mean and sd:     0.690   0.398 pixels

         Projection points with large residuals (in pixels)
 obj  cont  view   index coordinates      residuals        # of
   #     #     #      X         Y        X        Y        S.D.
   1     5    13    844.58    940.67     1.22     1.81     3.75
   1     7    13     61.15    751.78    -2.10     0.22     3.56
   1     7    21    101.85    817.43     2.06    -0.37     3.51
   1     5     2    879.96    888.62    -1.75    -1.14     3.51
   1    10     2    402.74    184.18     1.60     1.08     3.12

Opened NEW file: g4fid.xyz

 SURFACE ANALYSIS:

 The following parameters are appropriate if fiducials are NOT on two surfaces:

 Fit of one plane to all fiducials:
 # of points =               12
 Mean residual =          44.60
 Adjusted slope =       -0.1230
 X axis tilt needed =      0.62
 Incremental tilt angle change =   7.01
 Total tilt angle change =         7.01
 
 The following parameters are appropriate if fiducials ARE on two surfaces,
 based on fit of two parallel planes to fiducials sorted onto two surfaces:

 On bottom surface:
 # of points =            7
 Mean residual =       2.50
 Z axis intercept =   -51.1

 On top surface:
 # of points =            5
 Mean residual =       2.05
 Z axis intercept =    71.6

 Overall mean residual =           2.31
 Thickness at Z intercepts =      122.7
 Adjusted slope =                0.0025
 X axis tilt needed =             -0.01
 Incremental tilt angle change =  -0.14
 Total tilt angle change =        -0.14
 
 Unbinned thickness needed to contain centers of all fiducials =         129
 Incremental unbinned shift needed to center range of fiducials in Z =    10.0
 Total unbinned shift needed to center range of fiducials in Z =          10.0

