 Name of image file: 
 RO image file on unit   1 : f.mrc     Size=         19 K

 Number of columns, rows, sections .....      32      24       6
 Map mode ..............................    2   (32-bit float)             
 Start cols, rows, sects, grid x,y,z ...    0     0     0      32     24      6
 Pixel spacing (Angstroms)..............   1.000      1.000      1.000    
 Cell angles ...........................   90.000   90.000   90.000
 Fast, medium, slow axes ...............    X    Y    Z
 Origin on x,y,z .......................    0.000       0.000       0.000    
 Minimum density .......................   29.460    
 Maximum density .......................   165.07    
 Mean density ..........................   102.99    
 tilt angles (original,current) ........   0.0   0.0   0.0   0.0   0.0   0.0
 Space group,# extra bytes,idtype,lens .        0        0        0        0

     1 Titles :
raw2mrc: Converted to mrc format.                       25-Sep-26  01:20:31    

 First and last slice (Imod section # in flipped volume)
  to include in analysis:  Lower & upper X, lower & upper Y (in flipped volume) to include in analysis
  (/ for       3     28      0      5):  Maximum numbers of pixels to truncate at black and white in analyzed volume
  (/ for        4       4): Analyzing X:     3    28  Y:    19    22  Z:     0     5
Min and max densities in the analyzed volume are   66.469     and   162.20    
Min and max densities with truncation are   73.414     and   160.18    
Implied black and white contrast levels are  82 and 246
