 Name of image file: 
 RO image file on unit   1 : s.mrc     Size=         10 K

 Number of columns, rows, sections .....      32      24       6
 Map mode ..............................    1   (16-bit integer)           
 Start cols, rows, sects, grid x,y,z ...    0     0     0      32     24      6
 Pixel spacing (Angstroms)..............   1.000      1.000      1.000    
 Cell angles ...........................   90.000   90.000   90.000
 Fast, medium, slow axes ...............    X    Y    Z
 Origin on x,y,z .......................    0.000       0.000       0.000    
 Minimum density .......................   38.000    
 Maximum density .......................   445.00    
 Mean density ..........................   258.47    
 tilt angles (original,current) ........   0.0   0.0   0.0   0.0   0.0   0.0
 Space group,# extra bytes,idtype,lens .        0        0        0        0

     1 Titles :
raw2mrc: Converted to mrc format.                       25-Sep-26  01:20:31    

 First and last slice (Imod section # in flipped volume)
  to include in analysis:  Lower & upper X, lower & upper Y (in flipped volume) to include in analysis
  (/ for       3     28      0      5): 
ERROR: FINDCONTRAST - X or Y values outside range of volume
