
Input projection file:: t.ali
 Dimensions:     40     28     21   Pixel size:       3.1        3.1        3.1
Mode:  1               Min, max, mean:          152          504       212.89
raw2mrc: Converted to mrc format.                       25-Sep-26  01:52:41

 Output map is sectioned perpendicular to the tilt axis

 Data mode of output file is 1

 Cosine stretching, if any, will have interpolation order 3, sampling factor 2

 Thickness of reconstructed slice is 16 pixels.
 Tilt angles were entered from a tilt file

 NEW image file on unit   2 : o.rec

 Projection angles:

   -60.00   -54.00   -48.00   -42.00   -36.00   -30.00   -24.00   -18.00
   -12.00    -6.00     0.00     6.00    12.00    18.00    24.00    30.00
    36.00    42.00    48.00    54.00    60.00


Allocated 0 MB for main arrays

Exact filters reach highest point at mean frequency of  0.452 cycles/pixel
---------------------------
Total floats in main arrays       63772
  Radial weighting function        2066
  Output slice                      640
   28 Transposed projections      57848
  Stretching buffer                2066

Final reconstruction file: o.rec
 Dimensions:     40     16     28   Pixel size:       3.1        3.1        3.1
Mode:  1               Min, max, mean:      -213.02        918.8       55.547
raw2mrc: Converted to mrc format.                       25-Sep-26  01:52:41
TILT: Tomographic reconstruction                        25-Sep-26  01:54:26

 To scale output to bytes (10-245), use SCALE to add 261.181,  and scale by 0.20763

 To scale output to -15000 to 15000, use SCALE to add -352.888,  and scale by 26.506

 Reconstruction of 28 slices complete.
