
Input projection file:: t.ali
 Dimensions:     40     28     21   Pixel size:       3.1        3.1        3.1
Mode:  1               Min, max, mean:          152          504       212.89
raw2mrc: Converted to mrc format.                       25-Sep-26  01:52:41

 Output map is sectioned perpendicular to the tilt axis

 Data mode of output file is 1

 Thickness of reconstructed slice is 16 pixels.
 Tilt angles were entered from a tilt file

 NEW image file on unit   2 : o.rec

 Projection angles:

   -54.00   -48.00   -42.00   -36.00   -30.00   -24.00   -18.00   -12.00
    -6.00     0.00     6.00    12.00    18.00    24.00    30.00    36.00
    42.00    48.00    54.00


Allocated 0 MB for main arrays
---------------------------
Total floats in main arrays       55912
  Radial weighting function        1804
  Output slice                      640
   28 Transposed projections      50512
  Stretching buffer                1804

Final reconstruction file: o.rec
 Dimensions:     40     16     28   Pixel size:       3.1        3.1        3.1
Mode:  1               Min, max, mean:      -14.883       264.09       47.115
raw2mrc: Converted to mrc format.                       25-Sep-26  01:52:41
TILT: Tomographic reconstruction                        25-Sep-26  01:54:26

 To scale output to bytes (10-245), use SCALE to add 26.754,  and scale by 0.84239

 To scale output to -15000 to 15000, use SCALE to add -124.601,  and scale by 107.54

 Reconstruction of 28 slices complete.
