
Input projection file:: t.ali
 Dimensions:     40     28     21   Pixel size:       3.1        3.1        3.1
Mode:  1               Min, max, mean:          152          504       212.89
raw2mrc: Converted to mrc format.                       25-Sep-26  01:52:41

 Output map is sectioned perpendicular to the tilt axis

 Data mode of output file is 1

 Local tilt alignment information read from file

 Thickness of reconstructed slice is 16 pixels.
 Tilt angles were entered from a tilt file

 NEW image file on unit   2 : o.rec

 Projection angles:

   -60.00   -54.00   -48.00   -42.00   -36.00   -30.00   -24.00   -18.00
   -12.00    -6.00     0.00     6.00    12.00    18.00    24.00    30.00
    36.00    42.00    48.00    54.00    60.00


 Mask applied to edges of output slices with 0 extra pixels masked

Allocated 0 MB for main arrays
---------------------------
Total floats in main arrays       39550
  Radial weighting function        1302
  Output slice                      640
   28 Transposed projections      36456

Final reconstruction file: o.rec
 Dimensions:     40     16     28   Pixel size:       3.1        3.1        3.1
Mode:  1               Min, max, mean:      -167.79       652.79       47.421
raw2mrc: Converted to mrc format.                       25-Sep-26  01:52:41
TILT: Tomographic reconstruction                        25-Sep-26  01:54:26

 To scale output to bytes (10-245), use SCALE to add 202.709,  and scale by 0.28638

 To scale output to -15000 to 15000, use SCALE to add -242.499,  and scale by 36.56

 Reconstruction of 28 slices complete.
