
Input projection file:: t.ali
 Dimensions:     40     28     21   Pixel size:       3.1        3.1        3.1
Mode:  1               Min, max, mean:          152          504       212.89
raw2mrc: Converted to mrc format.                       25-Sep-26  01:52:41

 Output map densities incremented by 1.20 and then multiplied by 90.00

 Output map is sectioned perpendicular to the tilt axis

 Data mode of output file is 0

 Taking logarithm of input data plus 10.000

 Rows 5 to 21 of the projection planes will be reconstructed.

 Thickness of reconstructed slice is 12 pixels.
 Tilt angles were entered from a tilt file

 NEW image file on unit   2 : o.rec

 Projection angles:

   -60.00   -54.00   -48.00   -42.00   -36.00   -30.00   -24.00   -18.00
   -12.00    -6.00     0.00     6.00    12.00    18.00    24.00    30.00
    36.00    42.00    48.00    54.00    60.00


Allocated 0 MB for main arrays
---------------------------
Total floats in main arrays       38812
  Radial weighting function        1980
  Output slice                      480
   17 Transposed projections      33660
  Stretching buffer                1980

Final reconstruction file: o.rec
 Dimensions:     40     12     17   Pixel size:       3.1        3.1        3.1
Mode:  0               Min, max, mean:       109.81       226.66       150.95
raw2mrc: Converted to mrc format.                       25-Sep-26  01:52:41
TILT: Tomographic reconstruction                        25-Sep-26  01:54:25

 To scale output to bytes (10-245), use SCALE to add 0.035,  and scale by 181

 To scale output to -15000 to 15000, use SCALE to add -0.669,  and scale by 23107

 Reconstruction of 17 slices complete.
