
Input projection file:: t.ali
 Dimensions:     40     28     21   Pixel size:       3.1        3.1        3.1
Mode:  1               Min, max, mean:          152          504       212.89
raw2mrc: Converted to mrc format.                       25-Sep-26  01:52:41
 Output map is sectioned parallel to the zero tilt projection, inverting handedness

 Data mode of output file is 1

 Thickness of reconstructed slice is 16 pixels.
 Tilt angles were entered from a tilt file

 NEW image file on unit   2 : o.rec

 Projection angles:

   -60.00   -54.00   -48.00   -42.00   -36.00   -30.00   -24.00   -18.00
   -12.00    -6.00     0.00     6.00    12.00    18.00    24.00    30.00
    36.00    42.00    48.00    54.00    60.00


Allocated 0 MB for main arrays
---------------------------
Total floats in main arrays       81692
  Radial weighting function        2066
  Output slice                      640
   28 Transposed projections      57848
  Stretching buffer                2066
   28 Buffered output slices      17920
Finished slice 2 of 28
Finished slice 4 of 28
Finished slice 6 of 28
Finished slice 8 of 28
Finished slice 10 of 28
Finished slice 12 of 28
Finished slice 14 of 28
Finished slice 16 of 28
Finished slice 18 of 28
Finished slice 20 of 28
Finished slice 22 of 28
Finished slice 24 of 28
Finished slice 26 of 28
Finished slice 28 of 28

Final reconstruction file: o.rec
 Dimensions:     40     28     16   Pixel size:       3.1        3.1        3.1
Mode:  1               Min, max, mean:      -175.66       705.57       49.507
raw2mrc: Converted to mrc format.                       25-Sep-26  01:52:41
TILT: Tomographic reconstruction                        25-Sep-26  01:54:27

 To scale output to bytes (10-245), use SCALE to add 213.157,  and scale by 0.26667

 To scale output to -15000 to 15000, use SCALE to add -264.954,  and scale by 34.044

 Reconstruction of 28 slices complete.
