
Input projection file:: t.ali
 Dimensions:     40     28     21   Pixel size:       3.1        3.1        3.1
Mode:  1               Min, max, mean:          152          504       212.89
raw2mrc: Converted to mrc format.                       25-Sep-26  01:52:41

File to reproject:: t.rec
 Dimensions:     40     16     28   Pixel size:       3.1        3.1        3.1
Mode:  1               Min, max, mean:      -3513.2        14111       990.15
raw2mrc: Converted to mrc format.                       25-Sep-26  01:52:41
TILT: Tomographic reconstruction                        25-Sep-26  01:52:41

 Output map densities incremented by 0.00 and then multiplied by 20.00

 Output map is sectioned perpendicular to the tilt axis

 Output will be one or more reprojections

 Local tilt alignment information read from file
 Tilt angles were entered from a tilt file

 NEW image file on unit   2 : o.prj

 Projection angles:

   -20.00     5.00    40.00


Allocated 0 MB for main arrays

Final reprojection file: o.prj
 Dimensions:     40     28      3   Pixel size:       3.1        3.1        3.1
Mode:  2               Min, max, mean:      -40.279       388.81       49.456
raw2mrc: Converted to mrc format.                       25-Sep-26  01:52:41
TILT: Reprojection from tomogram                        25-Sep-26  01:54:27
