
Input projection file:: t.ali
 Dimensions:     40     28     21   Pixel size:       3.1        3.1        3.1
Mode:  1               Min, max, mean:          152          504       212.89
raw2mrc: Converted to mrc format.                       25-Sep-26  01:52:41

File to reproject:: t.rec
 Dimensions:     40     16     28   Pixel size:       3.1        3.1        3.1
Mode:  1               Min, max, mean:      -3513.2        14111       990.15
raw2mrc: Converted to mrc format.                       25-Sep-26  01:52:41
TILT: Tomographic reconstruction                        25-Sep-26  01:52:41

 Output map densities incremented by 0.00 and then multiplied by 20.00

 Output map is sectioned perpendicular to the tilt axis

 Data mode of output file is 1
 Tilt angles were entered from a tilt file

 NEW image file on unit   2 : o.prj

 Projection angles:

   -60.00   -54.00   -48.00   -42.00   -36.00   -30.00   -24.00   -18.00
   -12.00    -6.00     0.00     6.00    12.00    18.00    24.00    30.00
    36.00    42.00    48.00    54.00    60.00


Allocated 0 MB for main arrays

Final reprojection file: o.prj
 Dimensions:     40     28     21   Pixel size:       3.1        3.1        3.1
Mode:  1               Min, max, mean:      -43.286       397.56       56.238
raw2mrc: Converted to mrc format.                       25-Sep-26  01:52:41
TILT: Reprojection from tomogram                        25-Sep-26  01:54:27
