
Input projection file:: t.ali
 Dimensions:     40     28     21   Pixel size:       3.1        3.1        3.1
Mode:  1               Min, max, mean:          152          504       212.89
raw2mrc: Converted to mrc format.                       25-Sep-26  01:52:41

 Output map is sectioned perpendicular to the tilt axis

 Output will be one or more reprojections

 Thickness of reconstructed slice is 16 pixels.
 Tilt angles were entered from a tilt file

 NEW image file on unit   2 : o.rec

 Projection angles:

   -60.00   -54.00   -48.00   -42.00   -36.00   -30.00   -24.00   -18.00
   -12.00    -6.00     0.00     6.00    12.00    18.00    24.00    30.00
    36.00    42.00    48.00    54.00    60.00


Allocated 0 MB for main arrays
---------------------------
Total floats in main arrays       63772
  Radial weighting function        2066
  Output slice                      640
   28 Transposed projections      57848
  Stretching buffer                2066

Final reprojection file: o.rec
 Dimensions:     40     28      3   Pixel size:       3.1        3.1        3.1
Mode:  2               Min, max, mean:      -46.655       391.89       41.917
raw2mrc: Converted to mrc format.                       25-Sep-26  01:52:41
TILT: Tomographic reconstruction                        25-Sep-26  01:54:27
