
Input projection file:: t.ali
 Dimensions:     40     28     21   Pixel size:       3.1        3.1        3.1
Mode:  1               Min, max, mean:          152          504       212.89
raw2mrc: Converted to mrc format.                       25-Sep-26  01:52:41

 Output map is sectioned perpendicular to the tilt axis

 Data mode of output file is 1

 2 iterations of SIRT algorithm will be done

 Thickness of reconstructed slice is 16 pixels.
 Tilt angles were entered from a tilt file

 NEW image file on unit   2 : o.rec

 Projection angles:

   -60.00   -54.00   -48.00   -42.00   -36.00   -30.00   -24.00   -18.00
   -12.00    -6.00     0.00     6.00    12.00    18.00    24.00    30.00
    36.00    42.00    48.00    54.00    60.00


Allocated 0 MB for main arrays
---------------------------
Total floats in main arrays       42794
  Radial weighting function        2604
  Output slice                      640
    1 Slice(s) for SIRT             640
  Reprojection lines for SIRT      1302
   28 Transposed projections      36456

Final reconstruction file: o.rec
 Dimensions:     40     16     28   Pixel size:       3.1        3.1        3.1
Mode:  1               Min, max, mean:      -310.91       1564.8       191.75
raw2mrc: Converted to mrc format.                       25-Sep-26  01:52:41
TILT: Tomographic reconstruction                        25-Sep-26  01:54:26

Iter    1, slices      1     28, diff rec mean&sd:          12.625         275.574

Iter    2, slices      1     28, diff rec mean&sd:           3.696          92.718
