
Input projection file:: t.ali
 Dimensions:     40     28     21   Pixel size:       3.1        3.1        3.1
Mode:  1               Min, max, mean:          152          504       212.89
raw2mrc: Converted to mrc format.                       25-Sep-26  01:52:41

 Output map densities incremented by 0.00 and then multiplied by 500.00

 Output map is sectioned perpendicular to the tilt axis

 Data mode of output file is 1

 Taking logarithm of input data plus 0.000

 Global alpha tilt of 0.0 will be applied

 Thickness of reconstructed slice is 16 pixels.

 Full aligned stack will be assumed to be 40 by 28 pixels

 Aligned stack will be assumed to be a subset starting at 0 0
 Tilt angles were entered from a tilt file

 NEW image file on unit   2 : t.out

 Projection angles:

   -60.00   -54.00   -48.00   -42.00   -36.00   -30.00   -24.00   -18.00
   -12.00    -6.00     0.00     6.00    12.00    18.00    24.00    30.00
    36.00    42.00    48.00    54.00    60.00


 Radial weighting function Gaussian starts at cutoff = 0.3500  sigma = 0.0350

Allocated 0 MB for main arrays
---------------------------
Total floats in main arrays       63772
  Radial weighting function        2066
  Output slice                      640
   28 Transposed projections      57848
  Stretching buffer                2066

Final reconstruction file: t.out
 Dimensions:     40     16     28   Pixel size:       3.1        3.1        3.1
Mode:  1               Min, max, mean:     -0.73882       671.05       238.31
raw2mrc: Converted to mrc format.                       25-Sep-26  01:52:41
TILT: Tomographic reconstruction                        25-Sep-26  01:54:25

 To scale output to bytes (10-245), use SCALE to add 0.059,  and scale by 174.91

 To scale output to -15000 to 15000, use SCALE to add -0.670,  and scale by 22328

 Reconstruction of 28 slices complete.
