
Input projection file:: t.ali
 Dimensions:     40     28     21   Pixel size:       3.1        3.1        3.1
Mode:  1               Min, max, mean:          152          504       212.89
raw2mrc: Converted to mrc format.                       25-Sep-26  01:52:41

 Output map is sectioned perpendicular to the tilt axis

 Data mode of output file is 1

 Rows 6 to 16 of the projection planes will be reconstructed.

 Thickness of reconstructed slice is 12 pixels.
 Tilt angles were entered from a tilt file

 NEW image file on unit   2 : o.rec

 Projection angles:

   -60.00   -54.00   -48.00   -42.00   -36.00   -30.00   -24.00   -18.00
   -12.00    -6.00     0.00     6.00    12.00    18.00    24.00    30.00
    36.00    42.00    48.00    54.00    60.00


Allocated 0 MB for main arrays
---------------------------
Total floats in main arrays       39136
  Radial weighting function        1302
  Output slice                      480
  Super-sampled slice              7320
   11 Transposed projections      28182

Final reconstruction file: o.rec
 Dimensions:     40     12     11   Pixel size:       3.1        3.1        3.1
Mode:  1               Min, max, mean:      -193.35       641.48       45.776
raw2mrc: Converted to mrc format.                       25-Sep-26  01:52:41
TILT: Tomographic reconstruction                        25-Sep-26  01:54:26

 To scale output to bytes (10-245), use SCALE to add 228.875,  and scale by 0.28149

 To scale output to -15000 to 15000, use SCALE to add -224.067,  and scale by 35.935

 Reconstruction of 11 slices complete.
