
 RO image file on unit   1 : f.mrc     Size=         19 K

 OLD image file on unit   2 : b.mrc     Size=          5 K

 NEW image file on unit   3 : o.mrc

 Number of columns, rows, sections .....      32      24       6
 Map mode ..............................    2   (32-bit float)             
 Start cols, rows, sects, grid x,y,z ...    0     0     0      32     24      6
 Pixel spacing (Angstroms)..............   1.000      1.000      1.000    
 Cell angles ...........................   90.000   90.000   90.000
 Fast, medium, slow axes ...............    X    Y    Z
 Origin on x,y,z .......................    0.000       0.000       0.000    
 Minimum density .......................   29.460    
 Maximum density .......................   165.07    
 Mean density ..........................   102.99    
 tilt angles (original,current) ........   0.0   0.0   0.0   0.0   0.0   0.0
 Space group,# extra bytes,idtype,lens .        0        0        0        0

     1 Titles :
raw2mrc: Converted to mrc format.                       25-Sep-26  01:20:31    

 Volume 1: mean =     89.0863,  SD =     25.1747

 Number of columns, rows, sections .....      32      24       6
 Map mode ..............................    0   (bytes - signed in file)   
 Start cols, rows, sects, grid x,y,z ...    0     0     0      32     24      6
 Pixel spacing (Angstroms)..............   1.000      1.000      1.000    
 Cell angles ...........................   90.000   90.000   90.000
 Fast, medium, slow axes ...............    X    Y    Z
 Origin on x,y,z .......................    0.000       0.000       0.000    
 Minimum density .......................   29.000     (  -99.000     in file)
 Maximum density .......................   165.00     (   37.000     in file)
 Mean density ..........................   102.49     (  -25.508     in file)
 tilt angles (original,current) ........   0.0   0.0   0.0   0.0   0.0   0.0
 Space group,# extra bytes,idtype,lens .        0        0        0        0

     1 Titles :
raw2mrc: Converted to mrc format.                       25-Sep-26  01:20:31    

 Volume 2: mean =     88.5833,  SD =     25.1599
