
*** Entries to program tiltalign ***
  ModelFile = b25.fid
  ImageFile = stub.mrc
  UnbinnedPixelSize = 0.4716
  ImagesAreBinned = 1
  OutputModelFile = ts.3dmod
  OutputResidualFile = ts.resid
  OutputFilledInModel = ts_nogaps.fid
  OutputFidXYZFile = tsfid.xyz
  OutputTiltFile = ts.tlt
  OutputXAxisTiltFile = ts.xtilt
  OutputTransformFile = ts.tltxf
  RotationAngle = -90.0
  NoSeparateTiltGroups = 1
  TiltFile = ts.rawtlt
  AngleOffset = 0.
  BeamTiltOption = 0
  RotOption = 1
  RotDefaultGrouping = 5
  TiltOption = 5
  TiltDefaultGrouping = 5
  MagReferenceView = 1
  MagOption = 1
  MagDefaultGrouping = 4
  XStretchOption = 0
  XStretchDefaultGrouping = 7
  SkewOption = 0
  SkewDefaultGrouping = 11
  XTiltOption = 0
  XTiltDefaultGrouping = 2000
  ResidualReportCriterion = 3.0
  SurfacesToAnalyze = 1
  MetroFactor = .25
  MaximumCycles = 1000
  AxisZShift = 0.
  ShiftZFromOriginal = 1
  KFactorScaling = 1.
  CrossValidate = 1
  LocalAlignments = 1
  OutputLocalFile = tslocal.xf
  TargetPatchSizeXandY = 700,700
  MinSizeOrOverlapXandY = 0.5,0.5
  MinFidsTotalAndEachSurface = 10,4
  FixXYZCoordinates = 0
  LocalOutputOptions = 1,0,1
  LocalRotOption = 0
  LocalRotDefaultGrouping = 6
  LocalTiltOption = 0
  LocalTiltDefaultGrouping = 6
  LocalMagReferenceView = 1
  LocalMagOption = 0
  LocalMagDefaultGrouping = 7
  LocalXStretchOption = 0
  LocalXStretchDefaultGrouping = 7
  LocalSkewOption = 0
  LocalSkewDefaultGrouping = 11
  CreatedDayStamp = 2460
*** End of entries ***


Opened NEW file: ts.tlt

Opened NEW file: ts.xtilt

Opened NEW file: ts.tltxf

Opened OLD file: ts.rawtlt

                        Variable mappings 
 View  Rotation     Tilt  (+ incr.)      Mag       Comp      Dmag      Skew
   1   rot    1   tilt   1              fixed      fixed      fixed      fixed 
   2   rot    2   t  1+  5            mag    2     fixed      fixed      fixed 
   3   rot    3   t  1+  5            mag    3     fixed      fixed      fixed 
   4   rot    4   t  1+  5            mag    4     fixed      fixed      fixed 
   5   rot    5   tilt   5            mag    5     fixed      fixed      fixed 
   6   rot    6   t  5+ 10            mag    6     fixed      fixed      fixed 
   7   rot    7   t  5+ 10            mag    7     fixed      fixed      fixed 
   8   rot    8   t  5+ 10            mag    8     fixed      fixed      fixed 
   9   rot    9   t  5+ 10            mag    9     fixed      fixed      fixed 
  10   rot   10   tilt  10            mag   10     fixed      fixed      fixed 
  11   rot   11   t 10+fix            mag   11     fixed      fixed      fixed 
  12   rot   12   t 10+fix            mag   12     fixed      fixed      fixed 
  13   rot   13   t 10+fix            mag   13     fixed      fixed      fixed 
  14   rot   14   t 10+fix            mag   14     fixed      fixed      fixed 
  15   rot   15     fixed             mag   15     fixed      fixed      fixed 
  16   rot   16   t 21+fix            mag   16     fixed      fixed      fixed 
  17   rot   17   t 21+fix            mag   17     fixed      fixed      fixed 
  18   rot   18   t 21+fix            mag   18     fixed      fixed      fixed 
  19   rot   19   t 21+fix            mag   19     fixed      fixed      fixed 
  20   rot   20   t 21+fix            mag   20     fixed      fixed      fixed 
  21   rot   21   tilt  21            mag   21     fixed      fixed      fixed 
  22   rot   22   t 21+ 27            mag   22     fixed      fixed      fixed 
  23   rot   23   t 21+ 27            mag   23     fixed      fixed      fixed 
  24   rot   24   t 21+ 27            mag   24     fixed      fixed      fixed 
  25   rot   25   t 21+ 27            mag   25     fixed      fixed      fixed 
  26   rot   26   t 21+ 27            mag   26     fixed      fixed      fixed 
  27   rot   27   tilt  27            mag   27     fixed      fixed      fixed 
  28   rot   28   t 27+ 32            mag   28     fixed      fixed      fixed 
  29   rot   29   t 27+ 32            mag   29     fixed      fixed      fixed 
  30   rot   30   t 27+ 32            mag   30     fixed      fixed      fixed 
  31   rot   31   t 27+ 32            mag   31     fixed      fixed      fixed 
  32   rot   32   tilt  32            mag   32     fixed      fixed      fixed 
  33   rot   33   t 32+ 35            mag   33     fixed      fixed      fixed 
  34   rot   34   t 32+ 35            mag   34     fixed      fixed      fixed 
  35   rot   35   tilt  35            mag   35     fixed      fixed      fixed 


 Variable Metric minimization                  Initial F:         0.806757
                                               Cycle   10         0.521593
                                               Cycle   20         0.521424
                                               Cycle   30         0.521347
                                               Cycle   40         0.521269
                                               Cycle   50         0.521266

 Number of cycles :    53                      Final   F :        0.521266
  35 views,   76 geometric variables,   25 3-D points,   831 projection points
  Ratio of total measured values to all unknowns =  1662/ 216 =   7.69

 At minimum tilt, rotation angle is  -90.15

 view   rotation    tilt    deltilt     mag      dmag      skew    resid-nm
   1     -90.1     -51.0     -0.03    1.0000    0.0000      0.00      0.19
   2     -89.8     -48.0     -0.02    1.0017    0.0000      0.00      0.26
   3     -89.7     -45.0     -0.01    1.0005    0.0000      0.00      0.22
   4     -89.7     -42.0      0.00    1.0004    0.0000      0.00      0.17
   5     -89.9     -39.0      0.02    0.9984    0.0000      0.00      0.20
   6     -90.1     -36.0      0.01    0.9964    0.0000      0.00      0.22
   7     -90.3     -33.0      0.01    0.9989    0.0000      0.00      0.19
   8     -90.3     -30.0      0.01    1.0009    0.0000      0.00      0.20
   9     -90.3     -27.0      0.00    1.0014    0.0000      0.00      0.28
  10     -90.0     -24.0     -0.00    1.0009    0.0000      0.00      0.21
  11     -89.9     -21.0     -0.00    0.9985    0.0000      0.00      0.24
  12     -89.8     -18.0     -0.00    0.9966    0.0000      0.00      0.20
  13     -89.7     -15.0     -0.00    0.9991    0.0000      0.00      0.21
  14     -89.9     -12.0     -0.00    1.0012    0.0000      0.00      0.22
  15     -90.1      -9.0      0.00    1.0017    0.0000      0.00      0.20
  16     -90.3      -6.0      0.00    1.0012    0.0000      0.00      0.23
  17     -90.3      -3.0      0.01    0.9988    0.0000      0.00      0.21
  18     -90.1       0.0      0.01    0.9978    0.0000      0.00      0.21
  19     -90.1       3.0      0.01    0.9983    0.0000      0.00      0.25
  20     -89.9       6.0      0.02    0.9996    0.0000      0.00      0.23
  21     -89.7       9.0      0.02    1.0022    0.0000      0.00      0.24
  22     -89.8      12.0      0.04    1.0017    0.0000      0.00      0.18
  23     -89.9      15.1      0.06    0.9992    0.0000      0.00      0.22
  24     -90.2      18.1      0.08    0.9982    0.0000      0.00      0.22
  25     -90.3      21.1      0.10    0.9984    0.0000      0.00      0.22
  26     -90.3      24.1      0.12    0.9993    0.0000      0.00      0.24
  27     -90.2      27.1      0.14    1.0021    0.0000      0.00      0.23
  28     -90.0      30.1      0.11    1.0022    0.0000      0.00      0.22
  29     -89.8      33.1      0.07    1.0015    0.0000      0.00      0.23
  30     -89.7      36.0      0.04    0.9980    0.0000      0.00      0.23
  31     -89.7      39.0      0.00    0.9984    0.0000      0.00      0.24
  32     -89.9      42.0     -0.03    1.0003    0.0000      0.00      0.25
  33     -90.2      45.0      0.02    1.0001    0.0000      0.00      0.20
  34     -90.2      48.1      0.08    1.0026    0.0000      0.00      0.23
  35     -90.3      51.1      0.13    1.0015    0.0000      0.00      0.17


                     3-D point coordinates (with centroid zero)
   #       X         Y         Z      obj  cont  resid-nm
   1     24.47    -83.94    -31.77      1    1      0.2093
   2    111.81    110.74      4.37      1    2      0.1956
   3   -157.54      5.60      9.77      1    3      0.2725
   4    -41.27    134.40     -9.32      1    4      0.2260
   5     -8.09   -165.36      4.65      1    5      0.2492
   6     94.14     81.30    -19.76      1    6      0.1959
   7    184.26     76.99     -6.44      1    7      0.2047
   8    -46.68    100.70    -26.32      1    8      0.2246
   9     43.34     76.48      0.98      1    9      0.2169
  10    136.82    -23.69     -3.29      1   10      0.2059
  11    -98.73    156.65    -14.81      1   11      0.2213
  12     65.48    -47.49     34.42      1   12      0.2273
  13    166.70   -199.24     39.14      1   13      0.1954
  14     29.50   -181.60     -0.88      1   14      0.2130
  15   -192.94      8.28    -25.55      1   15      0.2208
  16    -65.37    -89.29      7.72      1   16      0.2133
  17    116.27    163.39    -14.16      1   17      0.2037
  18     15.44   -208.84    -10.83      1   18      0.2371
  19    171.79   -163.61     29.24      1   19      0.2293
  20     48.38    -93.58     21.82      1   20      0.2301
  21    -97.09    146.94    -34.08      1   21      0.2002
  22   -165.06     88.83     -4.35      1   22      0.2107
  23   -153.67     -5.72    -16.81      1   23      0.1875
  24      7.09     86.23     28.14      1   24      0.2319
  25   -189.03     25.82     38.12      1   25      0.2400

 Midpoint of Z range relative to centroid in Z:    2.53

Opened NEW file: ts.resid

 Residual error mean and sd:    0.2185   0.113 nm    (Global)

         Projection points with large residuals (in pixels)
 obj  cont  view   index coordinates      residuals        # of
   #     #     #      X         Y        X        Y        S.D.
   1     3    32    271.59    357.83     1.00    -0.92     3.74
   1    20    16    174.00    197.07    -0.82     0.89     3.14
   1    13     2     66.54    164.75     1.21     0.00     3.13
   1    25    29    293.77    383.10    -1.19    -0.11     3.05

Opened NEW file: tsfid.xyz

 SURFACE ANALYSIS:

 The following parameters are appropriate if fiducials are NOT on two surfaces:

 Fit of one plane to all fiducials:
 # of points =               25
 Mean residual =          15.67
 Adjusted slope =        0.0293
 X axis tilt needed =      3.71
 Incremental tilt angle change =  -1.68
 Total tilt angle change =        -1.68
 
 Unbinned thickness needed to contain centers of all fiducials =          83
 Incremental unbinned shift needed to center range of fiducials in Z =     4.2
 Total unbinned shift needed to center range of fiducials in Z =           4.2

Running 83 searches with points left out

 Global leave-out error (3313 pts): 0.2430 nm

Opened NEW file: tslocal.xf
Extent of fiducials is   377 and   372 pixels in X and Y
Doing  2 by  2 local areas, minimum size  258 x  254

                        Variable mappings for lower left local area
 View  Rotation     Tilt  (+ incr.)      Mag       Comp      Dmag      Skew
   1     fixed      fixed               fixed      fixed      fixed      fixed 
   2     fixed      fixed               fixed      fixed      fixed      fixed 
   3     fixed      fixed               fixed      fixed      fixed      fixed 
   4     fixed      fixed               fixed      fixed      fixed      fixed 
   5     fixed      fixed               fixed      fixed      fixed      fixed 
   6     fixed      fixed               fixed      fixed      fixed      fixed 
   7     fixed      fixed               fixed      fixed      fixed      fixed 
   8     fixed      fixed               fixed      fixed      fixed      fixed 
   9     fixed      fixed               fixed      fixed      fixed      fixed 
  10     fixed      fixed               fixed      fixed      fixed      fixed 
  11     fixed      fixed               fixed      fixed      fixed      fixed 
  12     fixed      fixed               fixed      fixed      fixed      fixed 
  13     fixed      fixed               fixed      fixed      fixed      fixed 
  14     fixed      fixed               fixed      fixed      fixed      fixed 
  15     fixed      fixed               fixed      fixed      fixed      fixed 
  16     fixed      fixed               fixed      fixed      fixed      fixed 
  17     fixed      fixed               fixed      fixed      fixed      fixed 
  18     fixed      fixed               fixed      fixed      fixed      fixed 
  19     fixed      fixed               fixed      fixed      fixed      fixed 
  20     fixed      fixed               fixed      fixed      fixed      fixed 
  21     fixed      fixed               fixed      fixed      fixed      fixed 
  22     fixed      fixed               fixed      fixed      fixed      fixed 
  23     fixed      fixed               fixed      fixed      fixed      fixed 
  24     fixed      fixed               fixed      fixed      fixed      fixed 
  25     fixed      fixed               fixed      fixed      fixed      fixed 
  26     fixed      fixed               fixed      fixed      fixed      fixed 
  27     fixed      fixed               fixed      fixed      fixed      fixed 
  28     fixed      fixed               fixed      fixed      fixed      fixed 
  29     fixed      fixed               fixed      fixed      fixed      fixed 
  30     fixed      fixed               fixed      fixed      fixed      fixed 
  31     fixed      fixed               fixed      fixed      fixed      fixed 
  32     fixed      fixed               fixed      fixed      fixed      fixed 
  33     fixed      fixed               fixed      fixed      fixed      fixed 
  34     fixed      fixed               fixed      fixed      fixed      fixed 
  35     fixed      fixed               fixed      fixed      fixed      fixed 


 Doing local area  1  1, centered on  199  180, size  258  254,  10 fiducials

 Number of cycles :     3                      Final   F :        0.532301
  35 views,    0 geometric variables,   10 3-D points,   328 projection points
  Ratio of total measured values to all unknowns =   656/  95 =   6.91

 view   rotation    tilt    deltilt     mag      dmag      skew    resid-nm
   1     -90.1     -51.0     -0.04    1.0000    0.0000      0.00      0.21
   2     -89.8     -48.0     -0.02    1.0017    0.0000      0.00      0.25
   3     -89.7     -45.0     -0.01    1.0005    0.0000      0.00      0.29
   4     -89.7     -42.0      0.00    1.0004    0.0000      0.00      0.17
   5     -89.9     -39.0      0.02    0.9984    0.0000      0.00      0.19
   6     -90.1     -36.0      0.01    0.9964    0.0000      0.00      0.22
   7     -90.3     -33.0      0.01    0.9989    0.0000      0.00      0.17
   8     -90.3     -30.0      0.01    1.0009    0.0000      0.00      0.13
   9     -90.3     -27.0      0.00    1.0014    0.0000      0.00      0.26
  10     -90.0     -24.0     -0.00    1.0009    0.0000      0.00      0.18
  11     -89.9     -21.0     -0.00    0.9985    0.0000      0.00      0.22
  12     -89.8     -18.0     -0.00    0.9966    0.0000      0.00      0.22
  13     -89.7     -15.0     -0.00    0.9991    0.0000      0.00      0.21
  14     -89.9     -12.0     -0.00    1.0012    0.0000      0.00      0.21
  15     -90.1      -9.0     -0.00    1.0017    0.0000      0.00      0.22
  16     -90.3      -6.0      0.00    1.0012    0.0000      0.00      0.27
  17     -90.3      -3.0      0.01    0.9988    0.0000      0.00      0.22
  18     -90.1       0.0      0.01    0.9978    0.0000      0.00      0.19
  19     -90.1       3.0      0.01    0.9983    0.0000      0.00      0.22
  20     -89.9       6.0      0.01    0.9996    0.0000      0.00      0.21
  21     -89.7       9.0      0.02    1.0022    0.0000      0.00      0.18
  22     -89.8      12.0      0.04    1.0017    0.0000      0.00      0.16
  23     -89.9      15.1      0.06    0.9992    0.0000      0.00      0.18
  24     -90.2      18.1      0.08    0.9982    0.0000      0.00      0.23
  25     -90.3      21.1      0.10    0.9984    0.0000      0.00      0.18
  26     -90.3      24.1      0.12    0.9993    0.0000      0.00      0.25
  27     -90.2      27.1      0.14    1.0021    0.0000      0.00      0.27
  28     -90.0      30.1      0.11    1.0022    0.0000      0.00      0.19
  29     -89.8      33.1      0.07    1.0015    0.0000      0.00      0.33
  30     -89.7      36.0      0.04    0.9980    0.0000      0.00      0.24
  31     -89.7      39.0      0.00    0.9984    0.0000      0.00      0.26
  32     -89.9      42.0     -0.03    1.0003    0.0000      0.00      0.29
  33     -90.2      45.0      0.02    1.0001    0.0000      0.00      0.24
  34     -90.2      48.1      0.08    1.0026    0.0000      0.00      0.27
  35     -90.3      51.1      0.13    1.0015    0.0000      0.00      0.18


 Residual error mean and sd:    0.2212   0.119 nm    (Local area   1   1)

         Projection points with large residuals (in pixels)
 obj  cont  view   index coordinates      residuals        # of
   #     #     #      X         Y        X        Y        S.D.
   1     3    32    271.59    357.83     0.99    -0.93     3.52
   1    20    16    174.00    197.07    -0.81     0.93     3.04

Running 83 searches with points left out

 Doing local area  2  1, centered on  329  180, size  258  254,  10 fiducials

 Number of cycles :     3                      Final   F :        0.519976
  35 views,    0 geometric variables,   10 3-D points,   332 projection points
  Ratio of total measured values to all unknowns =   664/  95 =   6.99

 view   rotation    tilt    deltilt     mag      dmag      skew    resid-nm
   1     -90.1     -51.0     -0.03    1.0000    0.0000      0.00      0.21
   2     -89.8     -48.0     -0.02    1.0017    0.0000      0.00      0.26
   3     -89.7     -45.0     -0.01    1.0005    0.0000      0.00      0.24
   4     -89.7     -42.0      0.01    1.0004    0.0000      0.00      0.13
   5     -89.9     -39.0      0.02    0.9984    0.0000      0.00      0.22
   6     -90.1     -36.0      0.01    0.9964    0.0000      0.00      0.23
   7     -90.3     -33.0      0.01    0.9989    0.0000      0.00      0.16
   8     -90.3     -30.0      0.01    1.0009    0.0000      0.00      0.19
   9     -90.3     -27.0      0.00    1.0014    0.0000      0.00      0.21
  10     -90.0     -24.0      0.00    1.0009    0.0000      0.00      0.20
  11     -89.9     -21.0      0.00    0.9985    0.0000      0.00      0.25
  12     -89.8     -18.0      0.00    0.9966    0.0000      0.00      0.22
  13     -89.7     -15.0      0.00    0.9991    0.0000      0.00      0.22
  14     -89.9     -12.0      0.00    1.0012    0.0000      0.00      0.23
  15     -90.1      -9.0      0.00    1.0017    0.0000      0.00      0.23
  16     -90.3      -6.0      0.00    1.0012    0.0000      0.00      0.28
  17     -90.3      -3.0      0.01    0.9988    0.0000      0.00      0.23
  18     -90.1       0.0      0.01    0.9978    0.0000      0.00      0.23
  19     -90.1       3.0      0.01    0.9983    0.0000      0.00      0.23
  20     -89.9       6.0      0.02    0.9996    0.0000      0.00      0.25
  21     -89.7       9.0      0.02    1.0022    0.0000      0.00      0.24
  22     -89.8      12.0      0.04    1.0017    0.0000      0.00      0.14
  23     -89.9      15.1      0.06    0.9992    0.0000      0.00      0.24
  24     -90.2      18.1      0.08    0.9982    0.0000      0.00      0.20
  25     -90.3      21.1      0.10    0.9984    0.0000      0.00      0.21
  26     -90.3      24.1      0.12    0.9993    0.0000      0.00      0.19
  27     -90.2      27.1      0.14    1.0021    0.0000      0.00      0.21
  28     -90.0      30.1      0.11    1.0022    0.0000      0.00      0.22
  29     -89.8      33.1      0.07    1.0015    0.0000      0.00      0.23
  30     -89.7      36.0      0.04    0.9980    0.0000      0.00      0.21
  31     -89.7      39.0      0.00    0.9984    0.0000      0.00      0.28
  32     -89.9      42.0     -0.03    1.0003    0.0000      0.00      0.23
  33     -90.2      45.0      0.02    1.0001    0.0000      0.00      0.19
  34     -90.2      48.1      0.08    1.0026    0.0000      0.00      0.23
  35     -90.3      51.1      0.13    1.0015    0.0000      0.00      0.18


 Residual error mean and sd:    0.2176   0.113 nm    (Local area   2   1)

         Projection points with large residuals (in pixels)
 obj  cont  view   index coordinates      residuals        # of
   #     #     #      X         Y        X        Y        S.D.
   1    20    16    174.00    197.07    -0.78     0.98     3.31
   1    18    30     59.33    237.37    -0.64     1.02     3.09

Running 83 searches with points left out

 Doing local area  1  2, centered on  199  309, size  258  254,  12 fiducials

 Number of cycles :     9                      Final   F :        0.521317
  35 views,    0 geometric variables,   12 3-D points,   401 projection points
  Ratio of total measured values to all unknowns =   802/ 101 =   7.94

 view   rotation    tilt    deltilt     mag      dmag      skew    resid-nm
   1     -90.1     -51.0     -0.03    1.0000    0.0000      0.00      0.23
   2     -89.8     -48.0     -0.02    1.0017    0.0000      0.00      0.26
   3     -89.7     -45.0     -0.01    1.0005    0.0000      0.00      0.20
   4     -89.7     -42.0      0.01    1.0004    0.0000      0.00      0.19
   5     -89.9     -39.0      0.02    0.9984    0.0000      0.00      0.19
   6     -90.1     -36.0      0.02    0.9964    0.0000      0.00      0.18
   7     -90.3     -33.0      0.01    0.9989    0.0000      0.00      0.23
   8     -90.3     -30.0      0.01    1.0009    0.0000      0.00      0.20
   9     -90.3     -27.0      0.00    1.0014    0.0000      0.00      0.32
  10     -90.0     -24.0      0.00    1.0009    0.0000      0.00      0.19
  11     -89.9     -21.0      0.00    0.9985    0.0000      0.00      0.25
  12     -89.8     -18.0      0.00    0.9966    0.0000      0.00      0.20
  13     -89.7     -15.0      0.00    0.9991    0.0000      0.00      0.20
  14     -89.9     -12.0      0.00    1.0012    0.0000      0.00      0.21
  15     -90.1      -9.0      0.00    1.0017    0.0000      0.00      0.22
  16     -90.3      -6.0      0.00    1.0012    0.0000      0.00      0.19
  17     -90.3      -3.0      0.01    0.9988    0.0000      0.00      0.23
  18     -90.1       0.0      0.01    0.9978    0.0000      0.00      0.19
  19     -90.1       3.0      0.01    0.9983    0.0000      0.00      0.25
  20     -89.9       6.0      0.02    0.9996    0.0000      0.00      0.20
  21     -89.7       9.0      0.02    1.0022    0.0000      0.00      0.23
  22     -89.8      12.0      0.04    1.0017    0.0000      0.00      0.18
  23     -89.9      15.1      0.06    0.9992    0.0000      0.00      0.20
  24     -90.2      18.1      0.08    0.9982    0.0000      0.00      0.22
  25     -90.3      21.1      0.10    0.9984    0.0000      0.00      0.21
  26     -90.3      24.1      0.12    0.9993    0.0000      0.00      0.26
  27     -90.2      27.1      0.14    1.0021    0.0000      0.00      0.24
  28     -90.0      30.1      0.11    1.0022    0.0000      0.00      0.22
  29     -89.8      33.1      0.07    1.0015    0.0000      0.00      0.25
  30     -89.7      36.0      0.04    0.9980    0.0000      0.00      0.23
  31     -89.7      39.0      0.00    0.9984    0.0000      0.00      0.22
  32     -89.9      42.0     -0.03    1.0003    0.0000      0.00      0.26
  33     -90.2      45.0      0.02    1.0001    0.0000      0.00      0.21
  34     -90.2      48.1      0.08    1.0026    0.0000      0.00      0.27
  35     -90.3      51.1      0.13    1.0015    0.0000      0.00      0.17


 Residual error mean and sd:    0.2199   0.110 nm    (Local area   1   2)

         Projection points with large residuals (in pixels)
 obj  cont  view   index coordinates      residuals        # of
   #     #     #      X         Y        X        Y        S.D.
   1     3    32    271.59    357.83     1.03    -0.81     3.61

Running 83 searches with points left out

 Doing local area  2  2, centered on  329  309, size  258  254,  11 fiducials

 Number of cycles :    10                      Final   F :        0.490823
  35 views,    0 geometric variables,   11 3-D points,   367 projection points
  Ratio of total measured values to all unknowns =   734/  98 =   7.49

 view   rotation    tilt    deltilt     mag      dmag      skew    resid-nm
   1     -90.1     -51.0     -0.03    1.0000    0.0000      0.00      0.18
   2     -89.8     -48.0     -0.02    1.0017    0.0000      0.00      0.16
   3     -89.7     -45.0     -0.01    1.0005    0.0000      0.00      0.16
   4     -89.7     -42.0      0.00    1.0004    0.0000      0.00      0.21
   5     -89.9     -39.0      0.02    0.9984    0.0000      0.00      0.20
   6     -90.1     -36.0      0.01    0.9964    0.0000      0.00      0.20
   7     -90.3     -33.0      0.01    0.9989    0.0000      0.00      0.21
   8     -90.3     -30.0      0.01    1.0009    0.0000      0.00      0.20
   9     -90.3     -27.0      0.00    1.0014    0.0000      0.00      0.27
  10     -90.0     -24.0     -0.00    1.0009    0.0000      0.00      0.22
  11     -89.9     -21.0     -0.00    0.9985    0.0000      0.00      0.24
  12     -89.8     -18.0     -0.00    0.9966    0.0000      0.00      0.19
  13     -89.7     -15.0     -0.00    0.9991    0.0000      0.00      0.23
  14     -89.9     -12.0     -0.00    1.0012    0.0000      0.00      0.25
  15     -90.1      -9.0      0.00    1.0017    0.0000      0.00      0.20
  16     -90.3      -6.0      0.00    1.0012    0.0000      0.00      0.19
  17     -90.3      -3.0      0.01    0.9988    0.0000      0.00      0.17
  18     -90.1       0.0      0.01    0.9978    0.0000      0.00      0.20
  19     -90.1       3.0      0.01    0.9983    0.0000      0.00      0.27
  20     -89.9       6.0      0.02    0.9996    0.0000      0.00      0.25
  21     -89.7       9.0      0.02    1.0022    0.0000      0.00      0.24
  22     -89.8      12.0      0.04    1.0017    0.0000      0.00      0.20
  23     -89.9      15.1      0.06    0.9992    0.0000      0.00      0.20
  24     -90.2      18.1      0.08    0.9982    0.0000      0.00      0.23
  25     -90.3      21.1      0.10    0.9984    0.0000      0.00      0.23
  26     -90.3      24.1      0.12    0.9993    0.0000      0.00      0.22
  27     -90.2      27.1      0.14    1.0021    0.0000      0.00      0.22
  28     -90.0      30.1      0.11    1.0022    0.0000      0.00      0.22
  29     -89.8      33.1      0.07    1.0015    0.0000      0.00      0.13
  30     -89.7      36.0      0.04    0.9980    0.0000      0.00      0.19
  31     -89.7      39.0      0.00    0.9984    0.0000      0.00      0.22
  32     -89.9      42.0     -0.03    1.0003    0.0000      0.00      0.24
  33     -90.2      45.0      0.02    1.0001    0.0000      0.00      0.16
  34     -90.2      48.1      0.08    1.0026    0.0000      0.00      0.20
  35     -90.3      51.1      0.13    1.0015    0.0000      0.00      0.18


 Residual error mean and sd:    0.2083   0.101 nm    (Local area   2   2)

         Projection points with large residuals (in pixels)
 obj  cont  view   index coordinates      residuals        # of
   #     #     #      X         Y        X        Y        S.D.

Running 83 searches with points left out


 Ratio of local measurements to unknowns, mean:  7.33  range  6.91 to  7.94
 Residual error local mean:     0.2167    range   0.208 to   0.221 nm

 Local leave-out error (5904 pts): 0.2350 nm

*** Entries to program xfproduct ***
  InputFile1 = ts.prexg
  InputFile2 = ts.tltxf
  OutputFile = ts_fid.xf
*** End of entries ***


 FORMATTED  ro  file opened: ts.prexg

 FORMATTED  ro  file opened: ts.tltxf
          35  transforms in first file
          35  transforms in second file

 FORMATTED  new  file opened: ts_fid.xf
          35  new transforms written
SUCCESSFULLY COMPLETED
